

================================================================
== Vitis HLS Report for 'cnn_predict_Pipeline_VITIS_LOOP_192_27'
================================================================
* Date:           Tue Nov 25 13:54:32 2025

* Version:        2022.2 (Build 3670227 on Oct 13 2022)
* Project:        cnn_hls
* Solution:       solution1 (Vivado IP Flow Target)
* Product family: zynquplus
* Target device:  xczu3eg-sbva484-1-i


================================================================
== Performance Estimates
================================================================
+ Timing: 
    * Summary: 
    +--------+----------+----------+------------+
    |  Clock |  Target  | Estimated| Uncertainty|
    +--------+----------+----------+------------+
    |ap_clk  |  10.00 ns|  6.507 ns|     2.70 ns|
    +--------+----------+----------+------------+

+ Latency: 
    * Summary: 
    +---------+---------+----------+----------+-----+-----+---------+
    |  Latency (cycles) |  Latency (absolute) |  Interval | Pipeline|
    |   min   |   max   |    min   |    max   | min | max |   Type  |
    +---------+---------+----------+----------+-----+-----+---------+
    |       71|       71|  0.710 us|  0.710 us|   71|   71|       no|
    +---------+---------+----------+----------+-----+-----+---------+

    + Detail: 
        * Instance: 
        N/A

        * Loop: 
        +---------------------+---------+---------+----------+-----------+-----------+------+----------+
        |                     |  Latency (cycles) | Iteration|  Initiation Interval  | Trip |          |
        |      Loop Name      |   min   |   max   |  Latency |  achieved |   target  | Count| Pipelined|
        +---------------------+---------+---------+----------+-----------+-----------+------+----------+
        |- VITIS_LOOP_192_27  |       69|       69|        10|          4|          1|    16|       yes|
        +---------------------+---------+---------+----------+-----------+-----------+------+----------+

============================================================
+ Verbose Summary: Synthesis Manager
============================================================
InlineROM: 1
ExposeGlobal: 0
============================================================
+ Verbose Summary: CDFG Model
============================================================
IsTopModel: 0
ResetActiveHigh: 1
IsCombinational: 0
IsDatapathOnly: 0
HasWiredReturn: 1
HasMFsm: 2
HasVarLatency: 1
IsPipeline: 0
IsRtlPipelined: 0
IsInstanceOverlapped: 0
IsDontTouch: 0
HasImplIP: 0
IsGatedGlobalClock: 0

+ Individual pipeline summary: 
  * Pipeline-0: initiation interval (II) = 4, depth = 10


============================================================
+ Verbose Summary: Schedule
============================================================
* Number of FSM states : 10
* Pipeline : 1
  Pipeline-0 : II = 4, D = 10, States = { 1 2 3 4 5 6 7 8 9 10 }
* Dataflow Pipeline: 0

* FSM state transitions: 
1 --> 2 
2 --> 3 
3 --> 4 
4 --> 5 
5 --> 6 
6 --> 7 
7 --> 8 
8 --> 9 
9 --> 10 
10 --> 

* FSM state operations: 

State 1 <SV = 0> <Delay = 1.36>
ST_1 : Operation 13 [1/1] (0.00ns)   --->   "%final_sum = alloca i32 1"   --->   Operation 13 'alloca' 'final_sum' <Predicate = true> <Delay = 0.00>
ST_1 : Operation 14 [1/1] (0.00ns)   --->   "%j = alloca i32 1"   --->   Operation 14 'alloca' 'j' <Predicate = true> <Delay = 0.00>
ST_1 : Operation 15 [1/1] (0.48ns)   --->   "%store_ln0 = store i5 0, i5 %j"   --->   Operation 15 'store' 'store_ln0' <Predicate = true> <Delay = 0.48>
ST_1 : Operation 16 [1/1] (0.48ns)   --->   "%store_ln0 = store i32 0.0147291, i32 %final_sum"   --->   Operation 16 'store' 'store_ln0' <Predicate = true> <Delay = 0.48>
ST_1 : Operation 17 [1/1] (0.00ns)   --->   "%br_ln0 = br void %for.inc321"   --->   Operation 17 'br' 'br_ln0' <Predicate = true> <Delay = 0.00>
ST_1 : Operation 18 [1/1] (0.00ns)   --->   "%w_idx = load i5 %j" [cnn.cpp:192]   --->   Operation 18 'load' 'w_idx' <Predicate = true> <Delay = 0.00>
ST_1 : Operation 19 [1/1] (0.00ns)   --->   "%specpipeline_ln0 = specpipeline void @_ssdm_op_SpecPipeline, i32 4294967295, i32 0, i32 1, i32 0, void @p_str"   --->   Operation 19 'specpipeline' 'specpipeline_ln0' <Predicate = true> <Delay = 0.00>
ST_1 : Operation 20 [1/1] (0.87ns)   --->   "%icmp_ln192 = icmp_eq  i5 %w_idx, i5 16" [cnn.cpp:192]   --->   Operation 20 'icmp' 'icmp_ln192' <Predicate = true> <Delay = 0.87> <CoreInst = "Cmp">   --->   Core 9 'Cmp' <Latency = 0> <II = 1> <Delay = 0.87> <FuncUnit> <Opcode : 'icmp'> <InPorts = 2> <OutPorts = 1>
ST_1 : Operation 21 [1/1] (0.00ns)   --->   "%empty = speclooptripcount i32 @_ssdm_op_SpecLoopTripCount, i64 16, i64 16, i64 16"   --->   Operation 21 'speclooptripcount' 'empty' <Predicate = true> <Delay = 0.00>
ST_1 : Operation 22 [1/1] (0.87ns)   --->   "%add_ln192 = add i5 %w_idx, i5 1" [cnn.cpp:192]   --->   Operation 22 'add' 'add_ln192' <Predicate = true> <Delay = 0.87> <CoreInst = "Adder">   --->   Core 1 'Adder' <Latency = 0> <II = 1> <Delay = 0.87> <FuncUnit> <Opcode : 'add' 'sub'> <InPorts = 2> <OutPorts = 1>
ST_1 : Operation 23 [1/1] (0.00ns)   --->   "%br_ln192 = br i1 %icmp_ln192, void %for.inc321.split, void %for.end323.exitStub" [cnn.cpp:192]   --->   Operation 23 'br' 'br_ln192' <Predicate = true> <Delay = 0.00>
ST_1 : Operation 24 [1/1] (0.00ns)   --->   "%w_idx_cast = zext i5 %w_idx" [cnn.cpp:192]   --->   Operation 24 'zext' 'w_idx_cast' <Predicate = (!icmp_ln192)> <Delay = 0.00>
ST_1 : Operation 25 [1/1] (0.00ns)   --->   "%dense_addr = getelementptr i32 %dense, i64 0, i64 %w_idx_cast" [cnn.cpp:194]   --->   Operation 25 'getelementptr' 'dense_addr' <Predicate = (!icmp_ln192)> <Delay = 0.00>
ST_1 : Operation 26 [2/2] (0.79ns)   --->   "%dense_load = load i4 %dense_addr" [cnn.cpp:194]   --->   Operation 26 'load' 'dense_load' <Predicate = (!icmp_ln192)> <Delay = 0.79> <CoreInst = "RAM">   --->   Core 83 'RAM' <Latency = 1> <II = 1> <Delay = 0.79> <Storage> <Opcode : 'load' 'store'> <Ports = 2> <Width = 32> <Depth = 16> <RAM>
ST_1 : Operation 27 [1/1] (0.00ns)   --->   "%output_w_addr = getelementptr i32 %output_w, i64 0, i64 %w_idx_cast" [cnn.cpp:194]   --->   Operation 27 'getelementptr' 'output_w_addr' <Predicate = (!icmp_ln192)> <Delay = 0.00>
ST_1 : Operation 28 [2/2] (0.79ns)   --->   "%output_w_load = load i4 %output_w_addr" [cnn.cpp:194]   --->   Operation 28 'load' 'output_w_load' <Predicate = (!icmp_ln192)> <Delay = 0.79> <CoreInst = "ROM">   --->   Core 101 'ROM' <Latency = 1> <II = 1> <Delay = 0.79> <Storage> <Opcode : 'load'> <Ports = 0> <Width = 32> <Depth = 16> <ROM>
ST_1 : Operation 29 [1/1] (0.48ns)   --->   "%store_ln192 = store i5 %add_ln192, i5 %j" [cnn.cpp:192]   --->   Operation 29 'store' 'store_ln192' <Predicate = (!icmp_ln192)> <Delay = 0.48>

State 2 <SV = 1> <Delay = 5.46>
ST_2 : Operation 30 [1/2] (0.79ns)   --->   "%dense_load = load i4 %dense_addr" [cnn.cpp:194]   --->   Operation 30 'load' 'dense_load' <Predicate = (!icmp_ln192)> <Delay = 0.79> <CoreInst = "RAM">   --->   Core 83 'RAM' <Latency = 1> <II = 1> <Delay = 0.79> <Storage> <Opcode : 'load' 'store'> <Ports = 2> <Width = 32> <Depth = 16> <RAM>
ST_2 : Operation 31 [1/2] (0.79ns)   --->   "%output_w_load = load i4 %output_w_addr" [cnn.cpp:194]   --->   Operation 31 'load' 'output_w_load' <Predicate = (!icmp_ln192)> <Delay = 0.79> <CoreInst = "ROM">   --->   Core 101 'ROM' <Latency = 1> <II = 1> <Delay = 0.79> <Storage> <Opcode : 'load'> <Ports = 0> <Width = 32> <Depth = 16> <ROM>
ST_2 : Operation 32 [4/4] (4.67ns)   --->   "%mul1 = fmul i32 %dense_load, i32 %output_w_load" [cnn.cpp:194]   --->   Operation 32 'fmul' 'mul1' <Predicate = (!icmp_ln192)> <Delay = 4.67> <CoreInst = "FMul_maxdsp">   --->   Core 30 'FMul_maxdsp' <Latency = 3> <II = 1> <Delay = 4.67> <FuncUnit> <Opcode : 'fmul'> <InPorts = 2> <OutPorts = 1>

State 3 <SV = 2> <Delay = 4.67>
ST_3 : Operation 33 [3/4] (4.67ns)   --->   "%mul1 = fmul i32 %dense_load, i32 %output_w_load" [cnn.cpp:194]   --->   Operation 33 'fmul' 'mul1' <Predicate = (!icmp_ln192)> <Delay = 4.67> <CoreInst = "FMul_maxdsp">   --->   Core 30 'FMul_maxdsp' <Latency = 3> <II = 1> <Delay = 4.67> <FuncUnit> <Opcode : 'fmul'> <InPorts = 2> <OutPorts = 1>

State 4 <SV = 3> <Delay = 4.67>
ST_4 : Operation 34 [2/4] (4.67ns)   --->   "%mul1 = fmul i32 %dense_load, i32 %output_w_load" [cnn.cpp:194]   --->   Operation 34 'fmul' 'mul1' <Predicate = (!icmp_ln192)> <Delay = 4.67> <CoreInst = "FMul_maxdsp">   --->   Core 30 'FMul_maxdsp' <Latency = 3> <II = 1> <Delay = 4.67> <FuncUnit> <Opcode : 'fmul'> <InPorts = 2> <OutPorts = 1>

State 5 <SV = 4> <Delay = 4.67>
ST_5 : Operation 35 [1/4] (4.67ns)   --->   "%mul1 = fmul i32 %dense_load, i32 %output_w_load" [cnn.cpp:194]   --->   Operation 35 'fmul' 'mul1' <Predicate = true> <Delay = 4.67> <CoreInst = "FMul_maxdsp">   --->   Core 30 'FMul_maxdsp' <Latency = 3> <II = 1> <Delay = 4.67> <FuncUnit> <Opcode : 'fmul'> <InPorts = 2> <OutPorts = 1>

State 6 <SV = 5> <Delay = 6.01>
ST_6 : Operation 36 [1/1] (0.00ns)   --->   "%final_sum_load = load i32 %final_sum" [cnn.cpp:194]   --->   Operation 36 'load' 'final_sum_load' <Predicate = true> <Delay = 0.00>
ST_6 : Operation 37 [5/5] (6.01ns)   --->   "%final_sum_1 = fadd i32 %final_sum_load, i32 %mul1" [cnn.cpp:194]   --->   Operation 37 'fadd' 'final_sum_1' <Predicate = true> <Delay = 6.01> <CoreInst = "FAddSub_fulldsp">   --->   Core 18 'FAddSub_fulldsp' <Latency = 4> <II = 1> <Delay = 6.01> <FuncUnit> <Opcode : 'fadd' 'fsub'> <InPorts = 2> <OutPorts = 1>
ST_6 : Operation 45 [1/1] (0.00ns)   --->   "%final_sum_load_1 = load i32 %final_sum"   --->   Operation 45 'load' 'final_sum_load_1' <Predicate = (icmp_ln192)> <Delay = 0.00>
ST_6 : Operation 46 [1/1] (0.00ns)   --->   "%write_ln0 = write void @_ssdm_op_Write.ap_auto.floatP0A, i32 %final_sum_out, i32 %final_sum_load_1"   --->   Operation 46 'write' 'write_ln0' <Predicate = (icmp_ln192)> <Delay = 0.00>
ST_6 : Operation 47 [1/1] (0.00ns)   --->   "%ret_ln0 = ret"   --->   Operation 47 'ret' 'ret_ln0' <Predicate = (icmp_ln192)> <Delay = 0.00>

State 7 <SV = 6> <Delay = 6.01>
ST_7 : Operation 38 [4/5] (6.01ns)   --->   "%final_sum_1 = fadd i32 %final_sum_load, i32 %mul1" [cnn.cpp:194]   --->   Operation 38 'fadd' 'final_sum_1' <Predicate = true> <Delay = 6.01> <CoreInst = "FAddSub_fulldsp">   --->   Core 18 'FAddSub_fulldsp' <Latency = 4> <II = 1> <Delay = 6.01> <FuncUnit> <Opcode : 'fadd' 'fsub'> <InPorts = 2> <OutPorts = 1>

State 8 <SV = 7> <Delay = 6.01>
ST_8 : Operation 39 [3/5] (6.01ns)   --->   "%final_sum_1 = fadd i32 %final_sum_load, i32 %mul1" [cnn.cpp:194]   --->   Operation 39 'fadd' 'final_sum_1' <Predicate = true> <Delay = 6.01> <CoreInst = "FAddSub_fulldsp">   --->   Core 18 'FAddSub_fulldsp' <Latency = 4> <II = 1> <Delay = 6.01> <FuncUnit> <Opcode : 'fadd' 'fsub'> <InPorts = 2> <OutPorts = 1>

State 9 <SV = 8> <Delay = 6.01>
ST_9 : Operation 40 [2/5] (6.01ns)   --->   "%final_sum_1 = fadd i32 %final_sum_load, i32 %mul1" [cnn.cpp:194]   --->   Operation 40 'fadd' 'final_sum_1' <Predicate = true> <Delay = 6.01> <CoreInst = "FAddSub_fulldsp">   --->   Core 18 'FAddSub_fulldsp' <Latency = 4> <II = 1> <Delay = 6.01> <FuncUnit> <Opcode : 'fadd' 'fsub'> <InPorts = 2> <OutPorts = 1>

State 10 <SV = 9> <Delay = 6.50>
ST_10 : Operation 41 [1/1] (0.00ns)   --->   "%specloopname_ln193 = specloopname void @_ssdm_op_SpecLoopName, void @empty_13" [cnn.cpp:193]   --->   Operation 41 'specloopname' 'specloopname_ln193' <Predicate = true> <Delay = 0.00>
ST_10 : Operation 42 [1/5] (6.01ns)   --->   "%final_sum_1 = fadd i32 %final_sum_load, i32 %mul1" [cnn.cpp:194]   --->   Operation 42 'fadd' 'final_sum_1' <Predicate = true> <Delay = 6.01> <CoreInst = "FAddSub_fulldsp">   --->   Core 18 'FAddSub_fulldsp' <Latency = 4> <II = 1> <Delay = 6.01> <FuncUnit> <Opcode : 'fadd' 'fsub'> <InPorts = 2> <OutPorts = 1>
ST_10 : Operation 43 [1/1] (0.48ns)   --->   "%store_ln192 = store i32 %final_sum_1, i32 %final_sum" [cnn.cpp:192]   --->   Operation 43 'store' 'store_ln192' <Predicate = true> <Delay = 0.48>
ST_10 : Operation 44 [1/1] (0.00ns)   --->   "%br_ln192 = br void %for.inc321" [cnn.cpp:192]   --->   Operation 44 'br' 'br_ln192' <Predicate = true> <Delay = 0.00>


============================================================
+ Verbose Summary: Timing violations
============================================================
Target clock period: 10ns, clock uncertainty: 2.7ns.

 <State 1>: 1.37ns
The critical path consists of the following:
	'alloca' operation ('j') [5]  (0 ns)
	'load' operation ('w_idx', cnn.cpp:192) on local variable 'j' [10]  (0 ns)
	'add' operation ('add_ln192', cnn.cpp:192) [14]  (0.878 ns)
	'store' operation ('store_ln192', cnn.cpp:192) of variable 'add_ln192', cnn.cpp:192 on local variable 'j' [26]  (0.489 ns)

 <State 2>: 5.46ns
The critical path consists of the following:
	'load' operation ('dense_load', cnn.cpp:194) on array 'dense' [21]  (0.79 ns)
	'fmul' operation ('mul1', cnn.cpp:194) [24]  (4.67 ns)

 <State 3>: 4.67ns
The critical path consists of the following:
	'fmul' operation ('mul1', cnn.cpp:194) [24]  (4.67 ns)

 <State 4>: 4.67ns
The critical path consists of the following:
	'fmul' operation ('mul1', cnn.cpp:194) [24]  (4.67 ns)

 <State 5>: 4.67ns
The critical path consists of the following:
	'fmul' operation ('mul1', cnn.cpp:194) [24]  (4.67 ns)

 <State 6>: 6.02ns
The critical path consists of the following:
	'load' operation ('final_sum_load', cnn.cpp:194) on local variable 'final_sum' [17]  (0 ns)
	'fadd' operation ('final_sum', cnn.cpp:194) [25]  (6.02 ns)

 <State 7>: 6.02ns
The critical path consists of the following:
	'fadd' operation ('final_sum', cnn.cpp:194) [25]  (6.02 ns)

 <State 8>: 6.02ns
The critical path consists of the following:
	'fadd' operation ('final_sum', cnn.cpp:194) [25]  (6.02 ns)

 <State 9>: 6.02ns
The critical path consists of the following:
	'fadd' operation ('final_sum', cnn.cpp:194) [25]  (6.02 ns)

 <State 10>: 6.51ns
The critical path consists of the following:
	'fadd' operation ('final_sum', cnn.cpp:194) [25]  (6.02 ns)
	'store' operation ('store_ln192', cnn.cpp:192) of variable 'final_sum', cnn.cpp:194 on local variable 'final_sum' [27]  (0.489 ns)


============================================================
+ Verbose Summary: Binding
============================================================
N/A
* FSMD analyzer results:
  - Output states:
 - Input state : 
  - Chain level:
	State 1
	State 2
	State 3
	State 4
	State 5
	State 6
	State 7
	State 8
	State 9
	State 10


============================================================
+ Verbose Summary: Datapath Resource usage 
============================================================
N/A
