

================================================================
== Vitis HLS Report for 'cnn_predict_Pipeline_VITIS_LOOP_38_1'
================================================================
* Date:           Tue Nov 25 13:54:28 2025

* Version:        2022.2 (Build 3670227 on Oct 13 2022)
* Project:        cnn_hls
* Solution:       solution1 (Vivado IP Flow Target)
* Product family: zynquplus
* Target device:  xczu3eg-sbva484-1-i


================================================================
== Performance Estimates
================================================================
+ Timing: 
    * Summary: 
    +--------+----------+----------+------------+
    |  Clock |  Target  | Estimated| Uncertainty|
    +--------+----------+----------+------------+
    |ap_clk  |  10.00 ns|  7.300 ns|     2.70 ns|
    +--------+----------+----------+------------+

+ Latency: 
    * Summary: 
    +---------+---------+-----------+-----------+------+------+---------+
    |  Latency (cycles) |   Latency (absolute)  |   Interval  | Pipeline|
    |   min   |   max   |    min    |    max    |  min |  max |   Type  |
    +---------+---------+-----------+-----------+------+------+---------+
    |     4099|     4099|  40.990 us|  40.990 us|  4099|  4099|       no|
    +---------+---------+-----------+-----------+------+------+---------+

    + Detail: 
        * Instance: 
        N/A

        * Loop: 
        +-------------------+---------+---------+----------+-----------+-----------+------+----------+
        |                   |  Latency (cycles) | Iteration|  Initiation Interval  | Trip |          |
        |     Loop Name     |   min   |   max   |  Latency |  achieved |   target  | Count| Pipelined|
        +-------------------+---------+---------+----------+-----------+-----------+------+----------+
        |- VITIS_LOOP_38_1  |     4097|     4097|        18|         16|          1|   256|       yes|
        +-------------------+---------+---------+----------+-----------+-----------+------+----------+

============================================================
+ Verbose Summary: Synthesis Manager
============================================================
InlineROM: 1
ExposeGlobal: 0
============================================================
+ Verbose Summary: CDFG Model
============================================================
IsTopModel: 0
ResetActiveHigh: 1
IsCombinational: 0
IsDatapathOnly: 0
HasWiredReturn: 1
HasMFsm: 2
HasVarLatency: 1
IsPipeline: 0
IsRtlPipelined: 0
IsInstanceOverlapped: 0
IsDontTouch: 0
HasImplIP: 0
IsGatedGlobalClock: 0

+ Individual pipeline summary: 
  * Pipeline-0: initiation interval (II) = 16, depth = 18


============================================================
+ Verbose Summary: Schedule
============================================================
* Number of FSM states : 18
* Pipeline : 1
  Pipeline-0 : II = 16, D = 18, States = { 1 2 3 4 5 6 7 8 9 10 11 12 13 14 15 16 17 18 }
* Dataflow Pipeline: 0

* FSM state transitions: 
1 --> 2 
2 --> 3 
3 --> 4 
4 --> 5 
5 --> 6 
6 --> 7 
7 --> 8 
8 --> 9 
9 --> 10 
10 --> 11 
11 --> 12 
12 --> 13 
13 --> 14 
14 --> 15 
15 --> 16 
16 --> 17 
17 --> 18 
18 --> 

* FSM state operations: 

State 1 <SV = 0> <Delay = 0.48>
ST_1 : Operation 21 [1/1] (0.00ns)   --->   "%i = alloca i32 1"   --->   Operation 21 'alloca' 'i' <Predicate = true> <Delay = 0.00>
ST_1 : Operation 22 [1/1] (0.00ns)   --->   "%sext_ln38_read = read i62 @_ssdm_op_Read.ap_auto.i62, i62 %sext_ln38"   --->   Operation 22 'read' 'sext_ln38_read' <Predicate = true> <Delay = 0.00>
ST_1 : Operation 23 [1/1] (0.00ns)   --->   "%sext_ln38_cast = sext i62 %sext_ln38_read"   --->   Operation 23 'sext' 'sext_ln38_cast' <Predicate = true> <Delay = 0.00>
ST_1 : Operation 24 [1/1] (0.00ns)   --->   "%specmemcore_ln0 = specmemcore void @_ssdm_op_SpecMemCore, i32 %img_read, i64 666, i64 22, i64 18446744073709551615"   --->   Operation 24 'specmemcore' 'specmemcore_ln0' <Predicate = true> <Delay = 0.00>
ST_1 : Operation 25 [1/1] (0.00ns)   --->   "%specinterface_ln0 = specinterface void @_ssdm_op_SpecInterface, i32 %gmem, void @empty_14, i32 0, i32 0, void @empty_8, i32 0, i32 4096, void @empty_15, void @empty_11, void @empty_8, i32 16, i32 16, i32 16, i32 16, void @empty_8, void @empty_8, i32 4294967295, i32 0"   --->   Operation 25 'specinterface' 'specinterface_ln0' <Predicate = true> <Delay = 0.00>
ST_1 : Operation 26 [1/1] (0.48ns)   --->   "%store_ln0 = store i13 0, i13 %i"   --->   Operation 26 'store' 'store_ln0' <Predicate = true> <Delay = 0.48>
ST_1 : Operation 27 [1/1] (0.00ns)   --->   "%br_ln0 = br void %for.inc.i"   --->   Operation 27 'br' 'br_ln0' <Predicate = true> <Delay = 0.00>
ST_1 : Operation 28 [1/1] (0.00ns)   --->   "%i_1 = load i13 %i"   --->   Operation 28 'load' 'i_1' <Predicate = true> <Delay = 0.00>
ST_1 : Operation 29 [1/1] (0.00ns)   --->   "%specbitsmap_ln0 = specbitsmap void @_ssdm_op_SpecBitsMap, i32 %gmem"   --->   Operation 29 'specbitsmap' 'specbitsmap_ln0' <Predicate = true> <Delay = 0.00>
ST_1 : Operation 30 [1/1] (0.00ns)   --->   "%gmem_addr = getelementptr i32 %gmem, i64 %sext_ln38_cast" [cnn.cpp:38]   --->   Operation 30 'getelementptr' 'gmem_addr' <Predicate = true> <Delay = 0.00>
ST_1 : Operation 31 [1/1] (0.00ns)   --->   "%specpipeline_ln0 = specpipeline void @_ssdm_op_SpecPipeline, i32 4294967295, i32 0, i32 1, i32 0, void @p_str"   --->   Operation 31 'specpipeline' 'specpipeline_ln0' <Predicate = true> <Delay = 0.00>
ST_1 : Operation 32 [1/1] (0.00ns)   --->   "%tmp = bitselect i1 @_ssdm_op_BitSelect.i1.i13.i32, i13 %i_1, i32 12" [cnn.cpp:38]   --->   Operation 32 'bitselect' 'tmp' <Predicate = true> <Delay = 0.00>
ST_1 : Operation 33 [1/1] (0.00ns)   --->   "%empty = speclooptripcount i32 @_ssdm_op_SpecLoopTripCount, i64 256, i64 256, i64 256"   --->   Operation 33 'speclooptripcount' 'empty' <Predicate = true> <Delay = 0.00>
ST_1 : Operation 34 [1/1] (0.00ns)   --->   "%br_ln38 = br i1 %tmp, void %for.inc.i.split, void %VITIS_LOOP_77_2.preheader.exitStub" [cnn.cpp:38]   --->   Operation 34 'br' 'br_ln38' <Predicate = true> <Delay = 0.00>

State 2 <SV = 1> <Delay = 7.30>
ST_2 : Operation 35 [1/1] (7.30ns)   --->   "%gmem_addr_read = read i32 @_ssdm_op_Read.m_axi.p1i32, i32 %gmem_addr" [cnn.cpp:40]   --->   Operation 35 'read' 'gmem_addr_read' <Predicate = (!tmp)> <Delay = 7.30> <CoreInst = "m_axi">   --->   Core 121 'm_axi' <Latency = 0> <II = 1> <Delay = 1.00> <Adapter> <Opcode : 'read' 'write' 'readreq' 'writereq' 'writeresp'>
ST_2 : Operation 135 [1/1] (0.00ns)   --->   "%ret_ln0 = ret"   --->   Operation 135 'ret' 'ret_ln0' <Predicate = (tmp)> <Delay = 0.00>

State 3 <SV = 2> <Delay = 7.30>
ST_3 : Operation 36 [1/1] (0.00ns)   --->   "%i_cast9 = zext i13 %i_1"   --->   Operation 36 'zext' 'i_cast9' <Predicate = (!tmp)> <Delay = 0.00>
ST_3 : Operation 37 [1/1] (0.00ns)   --->   "%bitcast_ln40 = bitcast i32 %gmem_addr_read" [cnn.cpp:40]   --->   Operation 37 'bitcast' 'bitcast_ln40' <Predicate = (!tmp)> <Delay = 0.00>
ST_3 : Operation 38 [1/1] (7.30ns)   --->   "%gmem_addr_read_1 = read i32 @_ssdm_op_Read.m_axi.p1i32, i32 %gmem_addr" [cnn.cpp:40]   --->   Operation 38 'read' 'gmem_addr_read_1' <Predicate = (!tmp)> <Delay = 7.30> <CoreInst = "m_axi">   --->   Core 121 'm_axi' <Latency = 0> <II = 1> <Delay = 1.00> <Adapter> <Opcode : 'read' 'write' 'readreq' 'writereq' 'writeresp'>
ST_3 : Operation 39 [1/1] (0.00ns)   --->   "%img_read_addr = getelementptr i32 %img_read, i64 0, i64 %i_cast9" [cnn.cpp:40]   --->   Operation 39 'getelementptr' 'img_read_addr' <Predicate = (!tmp)> <Delay = 0.00>
ST_3 : Operation 40 [1/1] (1.35ns)   --->   "%store_ln40 = store i32 %bitcast_ln40, i12 %img_read_addr" [cnn.cpp:40]   --->   Operation 40 'store' 'store_ln40' <Predicate = (!tmp)> <Delay = 1.35> <CoreInst = "RAM_2P_BRAM">   --->   Core 94 'RAM_2P_BRAM' <Latency = 1> <II = 1> <Delay = 1.35> <Storage> <Opcode : 'load' 'store'> <Ports = 2> <Width = 32> <Depth = 4096> <RAM>

State 4 <SV = 3> <Delay = 7.30>
ST_4 : Operation 41 [1/1] (0.00ns)   --->   "%empty_30 = trunc i13 %i_1"   --->   Operation 41 'trunc' 'empty_30' <Predicate = (!tmp)> <Delay = 0.00>
ST_4 : Operation 42 [1/1] (0.00ns)   --->   "%or_ln40 = or i12 %empty_30, i12 1" [cnn.cpp:40]   --->   Operation 42 'or' 'or_ln40' <Predicate = (!tmp)> <Delay = 0.00>
ST_4 : Operation 43 [1/1] (0.00ns)   --->   "%zext_ln40 = zext i12 %or_ln40" [cnn.cpp:40]   --->   Operation 43 'zext' 'zext_ln40' <Predicate = (!tmp)> <Delay = 0.00>
ST_4 : Operation 44 [1/1] (0.00ns)   --->   "%bitcast_ln40_1 = bitcast i32 %gmem_addr_read_1" [cnn.cpp:40]   --->   Operation 44 'bitcast' 'bitcast_ln40_1' <Predicate = (!tmp)> <Delay = 0.00>
ST_4 : Operation 45 [1/1] (7.30ns)   --->   "%gmem_addr_read_2 = read i32 @_ssdm_op_Read.m_axi.p1i32, i32 %gmem_addr" [cnn.cpp:40]   --->   Operation 45 'read' 'gmem_addr_read_2' <Predicate = (!tmp)> <Delay = 7.30> <CoreInst = "m_axi">   --->   Core 121 'm_axi' <Latency = 0> <II = 1> <Delay = 1.00> <Adapter> <Opcode : 'read' 'write' 'readreq' 'writereq' 'writeresp'>
ST_4 : Operation 46 [1/1] (0.00ns)   --->   "%img_read_addr_1 = getelementptr i32 %img_read, i64 0, i64 %zext_ln40" [cnn.cpp:40]   --->   Operation 46 'getelementptr' 'img_read_addr_1' <Predicate = (!tmp)> <Delay = 0.00>
ST_4 : Operation 47 [1/1] (1.35ns)   --->   "%store_ln40 = store i32 %bitcast_ln40_1, i12 %img_read_addr_1" [cnn.cpp:40]   --->   Operation 47 'store' 'store_ln40' <Predicate = (!tmp)> <Delay = 1.35> <CoreInst = "RAM_2P_BRAM">   --->   Core 94 'RAM_2P_BRAM' <Latency = 1> <II = 1> <Delay = 1.35> <Storage> <Opcode : 'load' 'store'> <Ports = 2> <Width = 32> <Depth = 4096> <RAM>

State 5 <SV = 4> <Delay = 7.30>
ST_5 : Operation 48 [1/1] (0.00ns)   --->   "%or_ln40_1 = or i12 %empty_30, i12 2" [cnn.cpp:40]   --->   Operation 48 'or' 'or_ln40_1' <Predicate = (!tmp)> <Delay = 0.00>
ST_5 : Operation 49 [1/1] (0.00ns)   --->   "%zext_ln40_1 = zext i12 %or_ln40_1" [cnn.cpp:40]   --->   Operation 49 'zext' 'zext_ln40_1' <Predicate = (!tmp)> <Delay = 0.00>
ST_5 : Operation 50 [1/1] (0.00ns)   --->   "%bitcast_ln40_2 = bitcast i32 %gmem_addr_read_2" [cnn.cpp:40]   --->   Operation 50 'bitcast' 'bitcast_ln40_2' <Predicate = (!tmp)> <Delay = 0.00>
ST_5 : Operation 51 [1/1] (7.30ns)   --->   "%gmem_addr_read_3 = read i32 @_ssdm_op_Read.m_axi.p1i32, i32 %gmem_addr" [cnn.cpp:40]   --->   Operation 51 'read' 'gmem_addr_read_3' <Predicate = (!tmp)> <Delay = 7.30> <CoreInst = "m_axi">   --->   Core 121 'm_axi' <Latency = 0> <II = 1> <Delay = 1.00> <Adapter> <Opcode : 'read' 'write' 'readreq' 'writereq' 'writeresp'>
ST_5 : Operation 52 [1/1] (0.00ns)   --->   "%img_read_addr_2 = getelementptr i32 %img_read, i64 0, i64 %zext_ln40_1" [cnn.cpp:40]   --->   Operation 52 'getelementptr' 'img_read_addr_2' <Predicate = (!tmp)> <Delay = 0.00>
ST_5 : Operation 53 [1/1] (1.35ns)   --->   "%store_ln40 = store i32 %bitcast_ln40_2, i12 %img_read_addr_2" [cnn.cpp:40]   --->   Operation 53 'store' 'store_ln40' <Predicate = (!tmp)> <Delay = 1.35> <CoreInst = "RAM_2P_BRAM">   --->   Core 94 'RAM_2P_BRAM' <Latency = 1> <II = 1> <Delay = 1.35> <Storage> <Opcode : 'load' 'store'> <Ports = 2> <Width = 32> <Depth = 4096> <RAM>

State 6 <SV = 5> <Delay = 7.30>
ST_6 : Operation 54 [1/1] (0.00ns)   --->   "%or_ln40_2 = or i12 %empty_30, i12 3" [cnn.cpp:40]   --->   Operation 54 'or' 'or_ln40_2' <Predicate = (!tmp)> <Delay = 0.00>
ST_6 : Operation 55 [1/1] (0.00ns)   --->   "%zext_ln40_2 = zext i12 %or_ln40_2" [cnn.cpp:40]   --->   Operation 55 'zext' 'zext_ln40_2' <Predicate = (!tmp)> <Delay = 0.00>
ST_6 : Operation 56 [1/1] (0.00ns)   --->   "%bitcast_ln40_3 = bitcast i32 %gmem_addr_read_3" [cnn.cpp:40]   --->   Operation 56 'bitcast' 'bitcast_ln40_3' <Predicate = (!tmp)> <Delay = 0.00>
ST_6 : Operation 57 [1/1] (7.30ns)   --->   "%gmem_addr_read_4 = read i32 @_ssdm_op_Read.m_axi.p1i32, i32 %gmem_addr" [cnn.cpp:40]   --->   Operation 57 'read' 'gmem_addr_read_4' <Predicate = (!tmp)> <Delay = 7.30> <CoreInst = "m_axi">   --->   Core 121 'm_axi' <Latency = 0> <II = 1> <Delay = 1.00> <Adapter> <Opcode : 'read' 'write' 'readreq' 'writereq' 'writeresp'>
ST_6 : Operation 58 [1/1] (0.00ns)   --->   "%img_read_addr_3 = getelementptr i32 %img_read, i64 0, i64 %zext_ln40_2" [cnn.cpp:40]   --->   Operation 58 'getelementptr' 'img_read_addr_3' <Predicate = (!tmp)> <Delay = 0.00>
ST_6 : Operation 59 [1/1] (1.35ns)   --->   "%store_ln40 = store i32 %bitcast_ln40_3, i12 %img_read_addr_3" [cnn.cpp:40]   --->   Operation 59 'store' 'store_ln40' <Predicate = (!tmp)> <Delay = 1.35> <CoreInst = "RAM_2P_BRAM">   --->   Core 94 'RAM_2P_BRAM' <Latency = 1> <II = 1> <Delay = 1.35> <Storage> <Opcode : 'load' 'store'> <Ports = 2> <Width = 32> <Depth = 4096> <RAM>

State 7 <SV = 6> <Delay = 7.30>
ST_7 : Operation 60 [1/1] (0.00ns)   --->   "%or_ln40_3 = or i12 %empty_30, i12 4" [cnn.cpp:40]   --->   Operation 60 'or' 'or_ln40_3' <Predicate = (!tmp)> <Delay = 0.00>
ST_7 : Operation 61 [1/1] (0.00ns)   --->   "%zext_ln40_3 = zext i12 %or_ln40_3" [cnn.cpp:40]   --->   Operation 61 'zext' 'zext_ln40_3' <Predicate = (!tmp)> <Delay = 0.00>
ST_7 : Operation 62 [1/1] (0.00ns)   --->   "%bitcast_ln40_4 = bitcast i32 %gmem_addr_read_4" [cnn.cpp:40]   --->   Operation 62 'bitcast' 'bitcast_ln40_4' <Predicate = (!tmp)> <Delay = 0.00>
ST_7 : Operation 63 [1/1] (7.30ns)   --->   "%gmem_addr_read_5 = read i32 @_ssdm_op_Read.m_axi.p1i32, i32 %gmem_addr" [cnn.cpp:40]   --->   Operation 63 'read' 'gmem_addr_read_5' <Predicate = (!tmp)> <Delay = 7.30> <CoreInst = "m_axi">   --->   Core 121 'm_axi' <Latency = 0> <II = 1> <Delay = 1.00> <Adapter> <Opcode : 'read' 'write' 'readreq' 'writereq' 'writeresp'>
ST_7 : Operation 64 [1/1] (0.00ns)   --->   "%img_read_addr_4 = getelementptr i32 %img_read, i64 0, i64 %zext_ln40_3" [cnn.cpp:40]   --->   Operation 64 'getelementptr' 'img_read_addr_4' <Predicate = (!tmp)> <Delay = 0.00>
ST_7 : Operation 65 [1/1] (1.35ns)   --->   "%store_ln40 = store i32 %bitcast_ln40_4, i12 %img_read_addr_4" [cnn.cpp:40]   --->   Operation 65 'store' 'store_ln40' <Predicate = (!tmp)> <Delay = 1.35> <CoreInst = "RAM_2P_BRAM">   --->   Core 94 'RAM_2P_BRAM' <Latency = 1> <II = 1> <Delay = 1.35> <Storage> <Opcode : 'load' 'store'> <Ports = 2> <Width = 32> <Depth = 4096> <RAM>

State 8 <SV = 7> <Delay = 7.30>
ST_8 : Operation 66 [1/1] (0.00ns)   --->   "%or_ln40_4 = or i12 %empty_30, i12 5" [cnn.cpp:40]   --->   Operation 66 'or' 'or_ln40_4' <Predicate = (!tmp)> <Delay = 0.00>
ST_8 : Operation 67 [1/1] (0.00ns)   --->   "%zext_ln40_4 = zext i12 %or_ln40_4" [cnn.cpp:40]   --->   Operation 67 'zext' 'zext_ln40_4' <Predicate = (!tmp)> <Delay = 0.00>
ST_8 : Operation 68 [1/1] (0.00ns)   --->   "%bitcast_ln40_5 = bitcast i32 %gmem_addr_read_5" [cnn.cpp:40]   --->   Operation 68 'bitcast' 'bitcast_ln40_5' <Predicate = (!tmp)> <Delay = 0.00>
ST_8 : Operation 69 [1/1] (7.30ns)   --->   "%gmem_addr_read_6 = read i32 @_ssdm_op_Read.m_axi.p1i32, i32 %gmem_addr" [cnn.cpp:40]   --->   Operation 69 'read' 'gmem_addr_read_6' <Predicate = (!tmp)> <Delay = 7.30> <CoreInst = "m_axi">   --->   Core 121 'm_axi' <Latency = 0> <II = 1> <Delay = 1.00> <Adapter> <Opcode : 'read' 'write' 'readreq' 'writereq' 'writeresp'>
ST_8 : Operation 70 [1/1] (0.00ns)   --->   "%img_read_addr_5 = getelementptr i32 %img_read, i64 0, i64 %zext_ln40_4" [cnn.cpp:40]   --->   Operation 70 'getelementptr' 'img_read_addr_5' <Predicate = (!tmp)> <Delay = 0.00>
ST_8 : Operation 71 [1/1] (1.35ns)   --->   "%store_ln40 = store i32 %bitcast_ln40_5, i12 %img_read_addr_5" [cnn.cpp:40]   --->   Operation 71 'store' 'store_ln40' <Predicate = (!tmp)> <Delay = 1.35> <CoreInst = "RAM_2P_BRAM">   --->   Core 94 'RAM_2P_BRAM' <Latency = 1> <II = 1> <Delay = 1.35> <Storage> <Opcode : 'load' 'store'> <Ports = 2> <Width = 32> <Depth = 4096> <RAM>

State 9 <SV = 8> <Delay = 7.30>
ST_9 : Operation 72 [1/1] (0.00ns)   --->   "%or_ln40_5 = or i12 %empty_30, i12 6" [cnn.cpp:40]   --->   Operation 72 'or' 'or_ln40_5' <Predicate = (!tmp)> <Delay = 0.00>
ST_9 : Operation 73 [1/1] (0.00ns)   --->   "%zext_ln40_5 = zext i12 %or_ln40_5" [cnn.cpp:40]   --->   Operation 73 'zext' 'zext_ln40_5' <Predicate = (!tmp)> <Delay = 0.00>
ST_9 : Operation 74 [1/1] (0.00ns)   --->   "%bitcast_ln40_6 = bitcast i32 %gmem_addr_read_6" [cnn.cpp:40]   --->   Operation 74 'bitcast' 'bitcast_ln40_6' <Predicate = (!tmp)> <Delay = 0.00>
ST_9 : Operation 75 [1/1] (7.30ns)   --->   "%gmem_addr_read_7 = read i32 @_ssdm_op_Read.m_axi.p1i32, i32 %gmem_addr" [cnn.cpp:40]   --->   Operation 75 'read' 'gmem_addr_read_7' <Predicate = (!tmp)> <Delay = 7.30> <CoreInst = "m_axi">   --->   Core 121 'm_axi' <Latency = 0> <II = 1> <Delay = 1.00> <Adapter> <Opcode : 'read' 'write' 'readreq' 'writereq' 'writeresp'>
ST_9 : Operation 76 [1/1] (0.00ns)   --->   "%img_read_addr_6 = getelementptr i32 %img_read, i64 0, i64 %zext_ln40_5" [cnn.cpp:40]   --->   Operation 76 'getelementptr' 'img_read_addr_6' <Predicate = (!tmp)> <Delay = 0.00>
ST_9 : Operation 77 [1/1] (1.35ns)   --->   "%store_ln40 = store i32 %bitcast_ln40_6, i12 %img_read_addr_6" [cnn.cpp:40]   --->   Operation 77 'store' 'store_ln40' <Predicate = (!tmp)> <Delay = 1.35> <CoreInst = "RAM_2P_BRAM">   --->   Core 94 'RAM_2P_BRAM' <Latency = 1> <II = 1> <Delay = 1.35> <Storage> <Opcode : 'load' 'store'> <Ports = 2> <Width = 32> <Depth = 4096> <RAM>

State 10 <SV = 9> <Delay = 7.30>
ST_10 : Operation 78 [1/1] (0.00ns)   --->   "%or_ln40_6 = or i12 %empty_30, i12 7" [cnn.cpp:40]   --->   Operation 78 'or' 'or_ln40_6' <Predicate = (!tmp)> <Delay = 0.00>
ST_10 : Operation 79 [1/1] (0.00ns)   --->   "%zext_ln40_6 = zext i12 %or_ln40_6" [cnn.cpp:40]   --->   Operation 79 'zext' 'zext_ln40_6' <Predicate = (!tmp)> <Delay = 0.00>
ST_10 : Operation 80 [1/1] (0.00ns)   --->   "%bitcast_ln40_7 = bitcast i32 %gmem_addr_read_7" [cnn.cpp:40]   --->   Operation 80 'bitcast' 'bitcast_ln40_7' <Predicate = (!tmp)> <Delay = 0.00>
ST_10 : Operation 81 [1/1] (7.30ns)   --->   "%gmem_addr_read_8 = read i32 @_ssdm_op_Read.m_axi.p1i32, i32 %gmem_addr" [cnn.cpp:40]   --->   Operation 81 'read' 'gmem_addr_read_8' <Predicate = (!tmp)> <Delay = 7.30> <CoreInst = "m_axi">   --->   Core 121 'm_axi' <Latency = 0> <II = 1> <Delay = 1.00> <Adapter> <Opcode : 'read' 'write' 'readreq' 'writereq' 'writeresp'>
ST_10 : Operation 82 [1/1] (0.00ns)   --->   "%img_read_addr_7 = getelementptr i32 %img_read, i64 0, i64 %zext_ln40_6" [cnn.cpp:40]   --->   Operation 82 'getelementptr' 'img_read_addr_7' <Predicate = (!tmp)> <Delay = 0.00>
ST_10 : Operation 83 [1/1] (1.35ns)   --->   "%store_ln40 = store i32 %bitcast_ln40_7, i12 %img_read_addr_7" [cnn.cpp:40]   --->   Operation 83 'store' 'store_ln40' <Predicate = (!tmp)> <Delay = 1.35> <CoreInst = "RAM_2P_BRAM">   --->   Core 94 'RAM_2P_BRAM' <Latency = 1> <II = 1> <Delay = 1.35> <Storage> <Opcode : 'load' 'store'> <Ports = 2> <Width = 32> <Depth = 4096> <RAM>

State 11 <SV = 10> <Delay = 7.30>
ST_11 : Operation 84 [1/1] (0.00ns)   --->   "%or_ln40_7 = or i12 %empty_30, i12 8" [cnn.cpp:40]   --->   Operation 84 'or' 'or_ln40_7' <Predicate = (!tmp)> <Delay = 0.00>
ST_11 : Operation 85 [1/1] (0.00ns)   --->   "%zext_ln40_7 = zext i12 %or_ln40_7" [cnn.cpp:40]   --->   Operation 85 'zext' 'zext_ln40_7' <Predicate = (!tmp)> <Delay = 0.00>
ST_11 : Operation 86 [1/1] (0.00ns)   --->   "%bitcast_ln40_8 = bitcast i32 %gmem_addr_read_8" [cnn.cpp:40]   --->   Operation 86 'bitcast' 'bitcast_ln40_8' <Predicate = (!tmp)> <Delay = 0.00>
ST_11 : Operation 87 [1/1] (7.30ns)   --->   "%gmem_addr_read_9 = read i32 @_ssdm_op_Read.m_axi.p1i32, i32 %gmem_addr" [cnn.cpp:40]   --->   Operation 87 'read' 'gmem_addr_read_9' <Predicate = (!tmp)> <Delay = 7.30> <CoreInst = "m_axi">   --->   Core 121 'm_axi' <Latency = 0> <II = 1> <Delay = 1.00> <Adapter> <Opcode : 'read' 'write' 'readreq' 'writereq' 'writeresp'>
ST_11 : Operation 88 [1/1] (0.00ns)   --->   "%img_read_addr_8 = getelementptr i32 %img_read, i64 0, i64 %zext_ln40_7" [cnn.cpp:40]   --->   Operation 88 'getelementptr' 'img_read_addr_8' <Predicate = (!tmp)> <Delay = 0.00>
ST_11 : Operation 89 [1/1] (1.35ns)   --->   "%store_ln40 = store i32 %bitcast_ln40_8, i12 %img_read_addr_8" [cnn.cpp:40]   --->   Operation 89 'store' 'store_ln40' <Predicate = (!tmp)> <Delay = 1.35> <CoreInst = "RAM_2P_BRAM">   --->   Core 94 'RAM_2P_BRAM' <Latency = 1> <II = 1> <Delay = 1.35> <Storage> <Opcode : 'load' 'store'> <Ports = 2> <Width = 32> <Depth = 4096> <RAM>

State 12 <SV = 11> <Delay = 7.30>
ST_12 : Operation 90 [1/1] (0.00ns)   --->   "%or_ln40_8 = or i12 %empty_30, i12 9" [cnn.cpp:40]   --->   Operation 90 'or' 'or_ln40_8' <Predicate = (!tmp)> <Delay = 0.00>
ST_12 : Operation 91 [1/1] (0.00ns)   --->   "%zext_ln40_8 = zext i12 %or_ln40_8" [cnn.cpp:40]   --->   Operation 91 'zext' 'zext_ln40_8' <Predicate = (!tmp)> <Delay = 0.00>
ST_12 : Operation 92 [1/1] (0.00ns)   --->   "%bitcast_ln40_9 = bitcast i32 %gmem_addr_read_9" [cnn.cpp:40]   --->   Operation 92 'bitcast' 'bitcast_ln40_9' <Predicate = (!tmp)> <Delay = 0.00>
ST_12 : Operation 93 [1/1] (7.30ns)   --->   "%gmem_addr_read_10 = read i32 @_ssdm_op_Read.m_axi.p1i32, i32 %gmem_addr" [cnn.cpp:40]   --->   Operation 93 'read' 'gmem_addr_read_10' <Predicate = (!tmp)> <Delay = 7.30> <CoreInst = "m_axi">   --->   Core 121 'm_axi' <Latency = 0> <II = 1> <Delay = 1.00> <Adapter> <Opcode : 'read' 'write' 'readreq' 'writereq' 'writeresp'>
ST_12 : Operation 94 [1/1] (0.00ns)   --->   "%img_read_addr_9 = getelementptr i32 %img_read, i64 0, i64 %zext_ln40_8" [cnn.cpp:40]   --->   Operation 94 'getelementptr' 'img_read_addr_9' <Predicate = (!tmp)> <Delay = 0.00>
ST_12 : Operation 95 [1/1] (1.35ns)   --->   "%store_ln40 = store i32 %bitcast_ln40_9, i12 %img_read_addr_9" [cnn.cpp:40]   --->   Operation 95 'store' 'store_ln40' <Predicate = (!tmp)> <Delay = 1.35> <CoreInst = "RAM_2P_BRAM">   --->   Core 94 'RAM_2P_BRAM' <Latency = 1> <II = 1> <Delay = 1.35> <Storage> <Opcode : 'load' 'store'> <Ports = 2> <Width = 32> <Depth = 4096> <RAM>

State 13 <SV = 12> <Delay = 7.30>
ST_13 : Operation 96 [1/1] (0.00ns)   --->   "%or_ln40_9 = or i12 %empty_30, i12 10" [cnn.cpp:40]   --->   Operation 96 'or' 'or_ln40_9' <Predicate = (!tmp)> <Delay = 0.00>
ST_13 : Operation 97 [1/1] (0.00ns)   --->   "%zext_ln40_9 = zext i12 %or_ln40_9" [cnn.cpp:40]   --->   Operation 97 'zext' 'zext_ln40_9' <Predicate = (!tmp)> <Delay = 0.00>
ST_13 : Operation 98 [1/1] (0.00ns)   --->   "%bitcast_ln40_10 = bitcast i32 %gmem_addr_read_10" [cnn.cpp:40]   --->   Operation 98 'bitcast' 'bitcast_ln40_10' <Predicate = (!tmp)> <Delay = 0.00>
ST_13 : Operation 99 [1/1] (7.30ns)   --->   "%gmem_addr_read_11 = read i32 @_ssdm_op_Read.m_axi.p1i32, i32 %gmem_addr" [cnn.cpp:40]   --->   Operation 99 'read' 'gmem_addr_read_11' <Predicate = (!tmp)> <Delay = 7.30> <CoreInst = "m_axi">   --->   Core 121 'm_axi' <Latency = 0> <II = 1> <Delay = 1.00> <Adapter> <Opcode : 'read' 'write' 'readreq' 'writereq' 'writeresp'>
ST_13 : Operation 100 [1/1] (0.00ns)   --->   "%img_read_addr_10 = getelementptr i32 %img_read, i64 0, i64 %zext_ln40_9" [cnn.cpp:40]   --->   Operation 100 'getelementptr' 'img_read_addr_10' <Predicate = (!tmp)> <Delay = 0.00>
ST_13 : Operation 101 [1/1] (1.35ns)   --->   "%store_ln40 = store i32 %bitcast_ln40_10, i12 %img_read_addr_10" [cnn.cpp:40]   --->   Operation 101 'store' 'store_ln40' <Predicate = (!tmp)> <Delay = 1.35> <CoreInst = "RAM_2P_BRAM">   --->   Core 94 'RAM_2P_BRAM' <Latency = 1> <II = 1> <Delay = 1.35> <Storage> <Opcode : 'load' 'store'> <Ports = 2> <Width = 32> <Depth = 4096> <RAM>

State 14 <SV = 13> <Delay = 7.30>
ST_14 : Operation 102 [1/1] (0.00ns)   --->   "%or_ln40_10 = or i12 %empty_30, i12 11" [cnn.cpp:40]   --->   Operation 102 'or' 'or_ln40_10' <Predicate = (!tmp)> <Delay = 0.00>
ST_14 : Operation 103 [1/1] (0.00ns)   --->   "%zext_ln40_10 = zext i12 %or_ln40_10" [cnn.cpp:40]   --->   Operation 103 'zext' 'zext_ln40_10' <Predicate = (!tmp)> <Delay = 0.00>
ST_14 : Operation 104 [1/1] (0.00ns)   --->   "%bitcast_ln40_11 = bitcast i32 %gmem_addr_read_11" [cnn.cpp:40]   --->   Operation 104 'bitcast' 'bitcast_ln40_11' <Predicate = (!tmp)> <Delay = 0.00>
ST_14 : Operation 105 [1/1] (7.30ns)   --->   "%gmem_addr_read_12 = read i32 @_ssdm_op_Read.m_axi.p1i32, i32 %gmem_addr" [cnn.cpp:40]   --->   Operation 105 'read' 'gmem_addr_read_12' <Predicate = (!tmp)> <Delay = 7.30> <CoreInst = "m_axi">   --->   Core 121 'm_axi' <Latency = 0> <II = 1> <Delay = 1.00> <Adapter> <Opcode : 'read' 'write' 'readreq' 'writereq' 'writeresp'>
ST_14 : Operation 106 [1/1] (0.00ns)   --->   "%img_read_addr_11 = getelementptr i32 %img_read, i64 0, i64 %zext_ln40_10" [cnn.cpp:40]   --->   Operation 106 'getelementptr' 'img_read_addr_11' <Predicate = (!tmp)> <Delay = 0.00>
ST_14 : Operation 107 [1/1] (1.35ns)   --->   "%store_ln40 = store i32 %bitcast_ln40_11, i12 %img_read_addr_11" [cnn.cpp:40]   --->   Operation 107 'store' 'store_ln40' <Predicate = (!tmp)> <Delay = 1.35> <CoreInst = "RAM_2P_BRAM">   --->   Core 94 'RAM_2P_BRAM' <Latency = 1> <II = 1> <Delay = 1.35> <Storage> <Opcode : 'load' 'store'> <Ports = 2> <Width = 32> <Depth = 4096> <RAM>

State 15 <SV = 14> <Delay = 7.30>
ST_15 : Operation 108 [1/1] (0.00ns)   --->   "%or_ln40_11 = or i12 %empty_30, i12 12" [cnn.cpp:40]   --->   Operation 108 'or' 'or_ln40_11' <Predicate = (!tmp)> <Delay = 0.00>
ST_15 : Operation 109 [1/1] (0.00ns)   --->   "%zext_ln40_11 = zext i12 %or_ln40_11" [cnn.cpp:40]   --->   Operation 109 'zext' 'zext_ln40_11' <Predicate = (!tmp)> <Delay = 0.00>
ST_15 : Operation 110 [1/1] (0.00ns)   --->   "%bitcast_ln40_12 = bitcast i32 %gmem_addr_read_12" [cnn.cpp:40]   --->   Operation 110 'bitcast' 'bitcast_ln40_12' <Predicate = (!tmp)> <Delay = 0.00>
ST_15 : Operation 111 [1/1] (7.30ns)   --->   "%gmem_addr_read_13 = read i32 @_ssdm_op_Read.m_axi.p1i32, i32 %gmem_addr" [cnn.cpp:40]   --->   Operation 111 'read' 'gmem_addr_read_13' <Predicate = (!tmp)> <Delay = 7.30> <CoreInst = "m_axi">   --->   Core 121 'm_axi' <Latency = 0> <II = 1> <Delay = 1.00> <Adapter> <Opcode : 'read' 'write' 'readreq' 'writereq' 'writeresp'>
ST_15 : Operation 112 [1/1] (0.00ns)   --->   "%img_read_addr_12 = getelementptr i32 %img_read, i64 0, i64 %zext_ln40_11" [cnn.cpp:40]   --->   Operation 112 'getelementptr' 'img_read_addr_12' <Predicate = (!tmp)> <Delay = 0.00>
ST_15 : Operation 113 [1/1] (1.35ns)   --->   "%store_ln40 = store i32 %bitcast_ln40_12, i12 %img_read_addr_12" [cnn.cpp:40]   --->   Operation 113 'store' 'store_ln40' <Predicate = (!tmp)> <Delay = 1.35> <CoreInst = "RAM_2P_BRAM">   --->   Core 94 'RAM_2P_BRAM' <Latency = 1> <II = 1> <Delay = 1.35> <Storage> <Opcode : 'load' 'store'> <Ports = 2> <Width = 32> <Depth = 4096> <RAM>

State 16 <SV = 15> <Delay = 7.30>
ST_16 : Operation 114 [1/1] (0.00ns)   --->   "%or_ln40_12 = or i12 %empty_30, i12 13" [cnn.cpp:40]   --->   Operation 114 'or' 'or_ln40_12' <Predicate = (!tmp)> <Delay = 0.00>
ST_16 : Operation 115 [1/1] (0.00ns)   --->   "%zext_ln40_12 = zext i12 %or_ln40_12" [cnn.cpp:40]   --->   Operation 115 'zext' 'zext_ln40_12' <Predicate = (!tmp)> <Delay = 0.00>
ST_16 : Operation 116 [1/1] (0.00ns)   --->   "%bitcast_ln40_13 = bitcast i32 %gmem_addr_read_13" [cnn.cpp:40]   --->   Operation 116 'bitcast' 'bitcast_ln40_13' <Predicate = (!tmp)> <Delay = 0.00>
ST_16 : Operation 117 [1/1] (7.30ns)   --->   "%gmem_addr_read_14 = read i32 @_ssdm_op_Read.m_axi.p1i32, i32 %gmem_addr" [cnn.cpp:40]   --->   Operation 117 'read' 'gmem_addr_read_14' <Predicate = (!tmp)> <Delay = 7.30> <CoreInst = "m_axi">   --->   Core 121 'm_axi' <Latency = 0> <II = 1> <Delay = 1.00> <Adapter> <Opcode : 'read' 'write' 'readreq' 'writereq' 'writeresp'>
ST_16 : Operation 118 [1/1] (0.00ns)   --->   "%img_read_addr_13 = getelementptr i32 %img_read, i64 0, i64 %zext_ln40_12" [cnn.cpp:40]   --->   Operation 118 'getelementptr' 'img_read_addr_13' <Predicate = (!tmp)> <Delay = 0.00>
ST_16 : Operation 119 [1/1] (1.35ns)   --->   "%store_ln40 = store i32 %bitcast_ln40_13, i12 %img_read_addr_13" [cnn.cpp:40]   --->   Operation 119 'store' 'store_ln40' <Predicate = (!tmp)> <Delay = 1.35> <CoreInst = "RAM_2P_BRAM">   --->   Core 94 'RAM_2P_BRAM' <Latency = 1> <II = 1> <Delay = 1.35> <Storage> <Opcode : 'load' 'store'> <Ports = 2> <Width = 32> <Depth = 4096> <RAM>
ST_16 : Operation 120 [1/1] (0.97ns)   --->   "%add_ln38 = add i13 %i_1, i13 16" [cnn.cpp:38]   --->   Operation 120 'add' 'add_ln38' <Predicate = (!tmp)> <Delay = 0.97> <CoreInst = "Adder">   --->   Core 1 'Adder' <Latency = 0> <II = 1> <Delay = 0.97> <FuncUnit> <Opcode : 'add' 'sub'> <InPorts = 2> <OutPorts = 1>
ST_16 : Operation 121 [1/1] (0.48ns)   --->   "%store_ln38 = store i13 %add_ln38, i13 %i" [cnn.cpp:38]   --->   Operation 121 'store' 'store_ln38' <Predicate = (!tmp)> <Delay = 0.48>

State 17 <SV = 16> <Delay = 7.30>
ST_17 : Operation 122 [1/1] (0.00ns)   --->   "%or_ln40_13 = or i12 %empty_30, i12 14" [cnn.cpp:40]   --->   Operation 122 'or' 'or_ln40_13' <Predicate = true> <Delay = 0.00>
ST_17 : Operation 123 [1/1] (0.00ns)   --->   "%zext_ln40_13 = zext i12 %or_ln40_13" [cnn.cpp:40]   --->   Operation 123 'zext' 'zext_ln40_13' <Predicate = true> <Delay = 0.00>
ST_17 : Operation 124 [1/1] (0.00ns)   --->   "%bitcast_ln40_14 = bitcast i32 %gmem_addr_read_14" [cnn.cpp:40]   --->   Operation 124 'bitcast' 'bitcast_ln40_14' <Predicate = true> <Delay = 0.00>
ST_17 : Operation 125 [1/1] (7.30ns)   --->   "%gmem_addr_read_15 = read i32 @_ssdm_op_Read.m_axi.p1i32, i32 %gmem_addr" [cnn.cpp:40]   --->   Operation 125 'read' 'gmem_addr_read_15' <Predicate = true> <Delay = 7.30> <CoreInst = "m_axi">   --->   Core 121 'm_axi' <Latency = 0> <II = 1> <Delay = 1.00> <Adapter> <Opcode : 'read' 'write' 'readreq' 'writereq' 'writeresp'>
ST_17 : Operation 126 [1/1] (0.00ns)   --->   "%img_read_addr_14 = getelementptr i32 %img_read, i64 0, i64 %zext_ln40_13" [cnn.cpp:40]   --->   Operation 126 'getelementptr' 'img_read_addr_14' <Predicate = true> <Delay = 0.00>
ST_17 : Operation 127 [1/1] (1.35ns)   --->   "%store_ln40 = store i32 %bitcast_ln40_14, i12 %img_read_addr_14" [cnn.cpp:40]   --->   Operation 127 'store' 'store_ln40' <Predicate = true> <Delay = 1.35> <CoreInst = "RAM_2P_BRAM">   --->   Core 94 'RAM_2P_BRAM' <Latency = 1> <II = 1> <Delay = 1.35> <Storage> <Opcode : 'load' 'store'> <Ports = 2> <Width = 32> <Depth = 4096> <RAM>

State 18 <SV = 17> <Delay = 1.35>
ST_18 : Operation 128 [1/1] (0.00ns)   --->   "%specloopname_ln38 = specloopname void @_ssdm_op_SpecLoopName, void @empty_0" [cnn.cpp:38]   --->   Operation 128 'specloopname' 'specloopname_ln38' <Predicate = true> <Delay = 0.00>
ST_18 : Operation 129 [1/1] (0.00ns)   --->   "%or_ln40_14 = or i12 %empty_30, i12 15" [cnn.cpp:40]   --->   Operation 129 'or' 'or_ln40_14' <Predicate = true> <Delay = 0.00>
ST_18 : Operation 130 [1/1] (0.00ns)   --->   "%zext_ln40_14 = zext i12 %or_ln40_14" [cnn.cpp:40]   --->   Operation 130 'zext' 'zext_ln40_14' <Predicate = true> <Delay = 0.00>
ST_18 : Operation 131 [1/1] (0.00ns)   --->   "%bitcast_ln40_15 = bitcast i32 %gmem_addr_read_15" [cnn.cpp:40]   --->   Operation 131 'bitcast' 'bitcast_ln40_15' <Predicate = true> <Delay = 0.00>
ST_18 : Operation 132 [1/1] (0.00ns)   --->   "%img_read_addr_15 = getelementptr i32 %img_read, i64 0, i64 %zext_ln40_14" [cnn.cpp:40]   --->   Operation 132 'getelementptr' 'img_read_addr_15' <Predicate = true> <Delay = 0.00>
ST_18 : Operation 133 [1/1] (1.35ns)   --->   "%store_ln40 = store i32 %bitcast_ln40_15, i12 %img_read_addr_15" [cnn.cpp:40]   --->   Operation 133 'store' 'store_ln40' <Predicate = true> <Delay = 1.35> <CoreInst = "RAM_2P_BRAM">   --->   Core 94 'RAM_2P_BRAM' <Latency = 1> <II = 1> <Delay = 1.35> <Storage> <Opcode : 'load' 'store'> <Ports = 2> <Width = 32> <Depth = 4096> <RAM>
ST_18 : Operation 134 [1/1] (0.00ns)   --->   "%br_ln38 = br void %for.inc.i" [cnn.cpp:38]   --->   Operation 134 'br' 'br_ln38' <Predicate = true> <Delay = 0.00>


============================================================
+ Verbose Summary: Timing violations
============================================================
Target clock period: 10ns, clock uncertainty: 2.7ns.

 <State 1>: 0.489ns
The critical path consists of the following:
	'store' operation ('store_ln0') of constant 0 on local variable 'i' [9]  (0.489 ns)

 <State 2>: 7.3ns
The critical path consists of the following:
	bus read operation ('gmem_addr_read', cnn.cpp:40) on port 'gmem' (cnn.cpp:40) [53]  (7.3 ns)

 <State 3>: 7.3ns
The critical path consists of the following:
	bus read operation ('gmem_addr_read_1', cnn.cpp:40) on port 'gmem' (cnn.cpp:40) [55]  (7.3 ns)

 <State 4>: 7.3ns
The critical path consists of the following:
	bus read operation ('gmem_addr_read_2', cnn.cpp:40) on port 'gmem' (cnn.cpp:40) [57]  (7.3 ns)

 <State 5>: 7.3ns
The critical path consists of the following:
	bus read operation ('gmem_addr_read_3', cnn.cpp:40) on port 'gmem' (cnn.cpp:40) [59]  (7.3 ns)

 <State 6>: 7.3ns
The critical path consists of the following:
	bus read operation ('gmem_addr_read_4', cnn.cpp:40) on port 'gmem' (cnn.cpp:40) [61]  (7.3 ns)

 <State 7>: 7.3ns
The critical path consists of the following:
	bus read operation ('gmem_addr_read_5', cnn.cpp:40) on port 'gmem' (cnn.cpp:40) [63]  (7.3 ns)

 <State 8>: 7.3ns
The critical path consists of the following:
	bus read operation ('gmem_addr_read_6', cnn.cpp:40) on port 'gmem' (cnn.cpp:40) [65]  (7.3 ns)

 <State 9>: 7.3ns
The critical path consists of the following:
	bus read operation ('gmem_addr_read_7', cnn.cpp:40) on port 'gmem' (cnn.cpp:40) [67]  (7.3 ns)

 <State 10>: 7.3ns
The critical path consists of the following:
	bus read operation ('gmem_addr_read_8', cnn.cpp:40) on port 'gmem' (cnn.cpp:40) [69]  (7.3 ns)

 <State 11>: 7.3ns
The critical path consists of the following:
	bus read operation ('gmem_addr_read_9', cnn.cpp:40) on port 'gmem' (cnn.cpp:40) [71]  (7.3 ns)

 <State 12>: 7.3ns
The critical path consists of the following:
	bus read operation ('gmem_addr_read_10', cnn.cpp:40) on port 'gmem' (cnn.cpp:40) [73]  (7.3 ns)

 <State 13>: 7.3ns
The critical path consists of the following:
	bus read operation ('gmem_addr_read_11', cnn.cpp:40) on port 'gmem' (cnn.cpp:40) [75]  (7.3 ns)

 <State 14>: 7.3ns
The critical path consists of the following:
	bus read operation ('gmem_addr_read_12', cnn.cpp:40) on port 'gmem' (cnn.cpp:40) [77]  (7.3 ns)

 <State 15>: 7.3ns
The critical path consists of the following:
	bus read operation ('gmem_addr_read_13', cnn.cpp:40) on port 'gmem' (cnn.cpp:40) [79]  (7.3 ns)

 <State 16>: 7.3ns
The critical path consists of the following:
	bus read operation ('gmem_addr_read_14', cnn.cpp:40) on port 'gmem' (cnn.cpp:40) [81]  (7.3 ns)

 <State 17>: 7.3ns
The critical path consists of the following:
	bus read operation ('gmem_addr_read_15', cnn.cpp:40) on port 'gmem' (cnn.cpp:40) [83]  (7.3 ns)

 <State 18>: 1.35ns
The critical path consists of the following:
	'or' operation ('or_ln40_14', cnn.cpp:40) [51]  (0 ns)
	'getelementptr' operation ('img_read_addr_15', cnn.cpp:40) [115]  (0 ns)
	'store' operation ('store_ln40', cnn.cpp:40) of variable 'bitcast_ln40_15', cnn.cpp:40 on array 'img_read' [116]  (1.35 ns)


============================================================
+ Verbose Summary: Binding
============================================================
N/A
* FSMD analyzer results:
  - Output states:
 - Input state : 
  - Chain level:
	State 1
	State 2
	State 3
	State 4
	State 5
	State 6
	State 7
	State 8
	State 9
	State 10
	State 11
	State 12
	State 13
	State 14
	State 15
	State 16
	State 17
	State 18


============================================================
+ Verbose Summary: Datapath Resource usage 
============================================================
N/A
