

================================================================
== Vitis HLS Report for 'cnn_predict_Pipeline_VITIS_LOOP_180_26'
================================================================
* Date:           Tue Nov 25 13:54:32 2025

* Version:        2022.2 (Build 3670227 on Oct 13 2022)
* Project:        cnn_hls
* Solution:       solution1 (Vivado IP Flow Target)
* Product family: zynquplus
* Target device:  xczu3eg-sbva484-1-i


================================================================
== Performance Estimates
================================================================
+ Timing: 
    * Summary: 
    +--------+----------+----------+------------+
    |  Clock |  Target  | Estimated| Uncertainty|
    +--------+----------+----------+------------+
    |ap_clk  |  10.00 ns|  6.507 ns|     2.70 ns|
    +--------+----------+----------+------------+

+ Latency: 
    * Summary: 
    +---------+---------+-----------+-----------+------+------+---------+
    |  Latency (cycles) |   Latency (absolute)  |   Interval  | Pipeline|
    |   min   |   max   |    min    |    max    |  min |  max |   Type  |
    +---------+---------+-----------+-----------+------+------+---------+
    |     6281|     6281|  62.810 us|  62.810 us|  6281|  6281|       no|
    +---------+---------+-----------+-----------+------+------+---------+

    + Detail: 
        * Instance: 
        N/A

        * Loop: 
        +---------------------+---------+---------+----------+-----------+-----------+------+----------+
        |                     |  Latency (cycles) | Iteration|  Initiation Interval  | Trip |          |
        |      Loop Name      |   min   |   max   |  Latency |  achieved |   target  | Count| Pipelined|
        +---------------------+---------+---------+----------+-----------+-----------+------+----------+
        |- VITIS_LOOP_180_26  |     6279|     6279|        12|          4|          1|  1568|       yes|
        +---------------------+---------+---------+----------+-----------+-----------+------+----------+

============================================================
+ Verbose Summary: Synthesis Manager
============================================================
InlineROM: 1
ExposeGlobal: 0
============================================================
+ Verbose Summary: CDFG Model
============================================================
IsTopModel: 0
ResetActiveHigh: 1
IsCombinational: 0
IsDatapathOnly: 0
HasWiredReturn: 1
HasMFsm: 2
HasVarLatency: 1
IsPipeline: 0
IsRtlPipelined: 0
IsInstanceOverlapped: 0
IsDontTouch: 0
HasImplIP: 0
IsGatedGlobalClock: 0

+ Individual pipeline summary: 
  * Pipeline-0: initiation interval (II) = 4, depth = 12


============================================================
+ Verbose Summary: Schedule
============================================================
* Number of FSM states : 12
* Pipeline : 1
  Pipeline-0 : II = 4, D = 12, States = { 1 2 3 4 5 6 7 8 9 10 11 12 }
* Dataflow Pipeline: 0

* FSM state transitions: 
1 --> 2 
2 --> 3 
3 --> 4 
4 --> 5 
5 --> 6 
6 --> 7 
7 --> 8 
8 --> 9 
9 --> 10 
10 --> 11 
11 --> 12 
12 --> 

* FSM state operations: 

State 1 <SV = 0> <Delay = 1.80>
ST_1 : Operation 15 [1/1] (0.00ns)   --->   "%sum = alloca i32 1"   --->   Operation 15 'alloca' 'sum' <Predicate = true> <Delay = 0.00>
ST_1 : Operation 16 [1/1] (0.00ns)   --->   "%j_1 = alloca i32 1"   --->   Operation 16 'alloca' 'j_1' <Predicate = true> <Delay = 0.00>
ST_1 : Operation 17 [1/1] (0.00ns)   --->   "%zext_ln178_1_read = read i4 @_ssdm_op_Read.ap_auto.i4, i4 %zext_ln178_1"   --->   Operation 17 'read' 'zext_ln178_1_read' <Predicate = true> <Delay = 0.00>
ST_1 : Operation 18 [1/1] (0.00ns)   --->   "%zext_ln178_read = read i4 @_ssdm_op_Read.ap_auto.i4, i4 %zext_ln178"   --->   Operation 18 'read' 'zext_ln178_read' <Predicate = true> <Delay = 0.00>
ST_1 : Operation 19 [1/1] (0.00ns)   --->   "%sum_1_read = read i32 @_ssdm_op_Read.ap_auto.float, i32 %sum_1"   --->   Operation 19 'read' 'sum_1_read' <Predicate = true> <Delay = 0.00>
ST_1 : Operation 20 [1/1] (0.00ns)   --->   "%zext_ln178_cast = zext i4 %zext_ln178_read"   --->   Operation 20 'zext' 'zext_ln178_cast' <Predicate = true> <Delay = 0.00>
ST_1 : Operation 21 [1/1] (0.48ns)   --->   "%store_ln0 = store i11 0, i11 %j_1"   --->   Operation 21 'store' 'store_ln0' <Predicate = true> <Delay = 0.48>
ST_1 : Operation 22 [1/1] (0.48ns)   --->   "%store_ln0 = store i32 %sum_1_read, i32 %sum"   --->   Operation 22 'store' 'store_ln0' <Predicate = true> <Delay = 0.48>
ST_1 : Operation 23 [1/1] (0.00ns)   --->   "%br_ln0 = br void %for.inc298"   --->   Operation 23 'br' 'br_ln0' <Predicate = true> <Delay = 0.00>
ST_1 : Operation 24 [1/1] (0.00ns)   --->   "%j = load i11 %j_1" [cnn.cpp:182]   --->   Operation 24 'load' 'j' <Predicate = true> <Delay = 0.00>
ST_1 : Operation 25 [1/1] (0.00ns)   --->   "%dense_addr = getelementptr i32 %dense, i64 0, i64 %zext_ln178_cast" [cnn.cpp:185]   --->   Operation 25 'getelementptr' 'dense_addr' <Predicate = true> <Delay = 0.00>
ST_1 : Operation 26 [1/1] (0.00ns)   --->   "%specpipeline_ln0 = specpipeline void @_ssdm_op_SpecPipeline, i32 4294967295, i32 0, i32 1, i32 0, void @p_str"   --->   Operation 26 'specpipeline' 'specpipeline_ln0' <Predicate = true> <Delay = 0.00>
ST_1 : Operation 27 [1/1] (0.85ns)   --->   "%icmp_ln180 = icmp_eq  i11 %j, i11 1568" [cnn.cpp:180]   --->   Operation 27 'icmp' 'icmp_ln180' <Predicate = true> <Delay = 0.85> <CoreInst = "Cmp">   --->   Core 9 'Cmp' <Latency = 0> <II = 1> <Delay = 0.85> <FuncUnit> <Opcode : 'icmp'> <InPorts = 2> <OutPorts = 1>
ST_1 : Operation 28 [1/1] (0.00ns)   --->   "%empty = speclooptripcount i32 @_ssdm_op_SpecLoopTripCount, i64 1568, i64 1568, i64 1568"   --->   Operation 28 'speclooptripcount' 'empty' <Predicate = true> <Delay = 0.00>
ST_1 : Operation 29 [1/1] (0.94ns)   --->   "%add_ln180 = add i11 %j, i11 1" [cnn.cpp:180]   --->   Operation 29 'add' 'add_ln180' <Predicate = true> <Delay = 0.94> <CoreInst = "Adder">   --->   Core 1 'Adder' <Latency = 0> <II = 1> <Delay = 0.94> <FuncUnit> <Opcode : 'add' 'sub'> <InPorts = 2> <OutPorts = 1>
ST_1 : Operation 30 [1/1] (0.00ns)   --->   "%br_ln180 = br i1 %icmp_ln180, void %for.inc298.split, void %for.inc304.exitStub" [cnn.cpp:180]   --->   Operation 30 'br' 'br_ln180' <Predicate = true> <Delay = 0.00>
ST_1 : Operation 31 [1/1] (0.00ns)   --->   "%j_1_cast25 = zext i11 %j" [cnn.cpp:182]   --->   Operation 31 'zext' 'j_1_cast25' <Predicate = (!icmp_ln180)> <Delay = 0.00>
ST_1 : Operation 32 [1/1] (0.00ns)   --->   "%add_ln = bitconcatenate i15 @_ssdm_op_BitConcatenate.i15.i11.i4, i11 %j, i4 %zext_ln178_1_read" [cnn.cpp:182]   --->   Operation 32 'bitconcatenate' 'add_ln' <Predicate = (!icmp_ln180)> <Delay = 0.00>
ST_1 : Operation 33 [1/1] (0.00ns)   --->   "%zext_ln183 = zext i15 %add_ln" [cnn.cpp:183]   --->   Operation 33 'zext' 'zext_ln183' <Predicate = (!icmp_ln180)> <Delay = 0.00>
ST_1 : Operation 34 [1/1] (0.00ns)   --->   "%flat_addr = getelementptr i32 %flat, i64 0, i64 %j_1_cast25" [cnn.cpp:183]   --->   Operation 34 'getelementptr' 'flat_addr' <Predicate = (!icmp_ln180)> <Delay = 0.00>
ST_1 : Operation 35 [2/2] (1.35ns)   --->   "%flat_load = load i11 %flat_addr" [cnn.cpp:183]   --->   Operation 35 'load' 'flat_load' <Predicate = (!icmp_ln180)> <Delay = 1.35> <CoreInst = "RAM">   --->   Core 83 'RAM' <Latency = 1> <II = 1> <Delay = 1.35> <Storage> <Opcode : 'load' 'store'> <Ports = 2> <Width = 32> <Depth = 1568> <RAM>
ST_1 : Operation 36 [1/1] (0.00ns)   --->   "%dense1_w_addr = getelementptr i32 %dense1_w, i64 0, i64 %zext_ln183" [cnn.cpp:183]   --->   Operation 36 'getelementptr' 'dense1_w_addr' <Predicate = (!icmp_ln180)> <Delay = 0.00>
ST_1 : Operation 37 [2/2] (1.35ns)   --->   "%dense1_w_load = load i15 %dense1_w_addr" [cnn.cpp:183]   --->   Operation 37 'load' 'dense1_w_load' <Predicate = (!icmp_ln180)> <Delay = 1.35> <CoreInst = "ROM">   --->   Core 101 'ROM' <Latency = 1> <II = 1> <Delay = 1.35> <Storage> <Opcode : 'load'> <Ports = 0> <Width = 32> <Depth = 25088> <ROM>
ST_1 : Operation 38 [1/1] (0.85ns)   --->   "%ifzero = icmp_eq  i11 %add_ln180, i11 1568" [cnn.cpp:180]   --->   Operation 38 'icmp' 'ifzero' <Predicate = (!icmp_ln180)> <Delay = 0.85> <CoreInst = "Cmp">   --->   Core 9 'Cmp' <Latency = 0> <II = 1> <Delay = 0.85> <FuncUnit> <Opcode : 'icmp'> <InPorts = 2> <OutPorts = 1>
ST_1 : Operation 39 [1/1] (0.00ns)   --->   "%br_ln180 = br i1 %ifzero, void %ifFalse, void %ifTrue" [cnn.cpp:180]   --->   Operation 39 'br' 'br_ln180' <Predicate = (!icmp_ln180)> <Delay = 0.00>
ST_1 : Operation 40 [1/1] (0.48ns)   --->   "%store_ln180 = store i11 %add_ln180, i11 %j_1" [cnn.cpp:180]   --->   Operation 40 'store' 'store_ln180' <Predicate = (!icmp_ln180)> <Delay = 0.48>

State 2 <SV = 1> <Delay = 6.02>
ST_2 : Operation 41 [1/2] (1.35ns)   --->   "%flat_load = load i11 %flat_addr" [cnn.cpp:183]   --->   Operation 41 'load' 'flat_load' <Predicate = (!icmp_ln180)> <Delay = 1.35> <CoreInst = "RAM">   --->   Core 83 'RAM' <Latency = 1> <II = 1> <Delay = 1.35> <Storage> <Opcode : 'load' 'store'> <Ports = 2> <Width = 32> <Depth = 1568> <RAM>
ST_2 : Operation 42 [1/2] (1.35ns)   --->   "%dense1_w_load = load i15 %dense1_w_addr" [cnn.cpp:183]   --->   Operation 42 'load' 'dense1_w_load' <Predicate = (!icmp_ln180)> <Delay = 1.35> <CoreInst = "ROM">   --->   Core 101 'ROM' <Latency = 1> <II = 1> <Delay = 1.35> <Storage> <Opcode : 'load'> <Ports = 0> <Width = 32> <Depth = 25088> <ROM>
ST_2 : Operation 43 [4/4] (4.67ns)   --->   "%mul2 = fmul i32 %flat_load, i32 %dense1_w_load" [cnn.cpp:183]   --->   Operation 43 'fmul' 'mul2' <Predicate = (!icmp_ln180)> <Delay = 4.67> <CoreInst = "FMul_maxdsp">   --->   Core 30 'FMul_maxdsp' <Latency = 3> <II = 1> <Delay = 4.67> <FuncUnit> <Opcode : 'fmul'> <InPorts = 2> <OutPorts = 1>

State 3 <SV = 2> <Delay = 4.67>
ST_3 : Operation 44 [3/4] (4.67ns)   --->   "%mul2 = fmul i32 %flat_load, i32 %dense1_w_load" [cnn.cpp:183]   --->   Operation 44 'fmul' 'mul2' <Predicate = (!icmp_ln180)> <Delay = 4.67> <CoreInst = "FMul_maxdsp">   --->   Core 30 'FMul_maxdsp' <Latency = 3> <II = 1> <Delay = 4.67> <FuncUnit> <Opcode : 'fmul'> <InPorts = 2> <OutPorts = 1>

State 4 <SV = 3> <Delay = 4.67>
ST_4 : Operation 45 [2/4] (4.67ns)   --->   "%mul2 = fmul i32 %flat_load, i32 %dense1_w_load" [cnn.cpp:183]   --->   Operation 45 'fmul' 'mul2' <Predicate = (!icmp_ln180)> <Delay = 4.67> <CoreInst = "FMul_maxdsp">   --->   Core 30 'FMul_maxdsp' <Latency = 3> <II = 1> <Delay = 4.67> <FuncUnit> <Opcode : 'fmul'> <InPorts = 2> <OutPorts = 1>

State 5 <SV = 4> <Delay = 4.67>
ST_5 : Operation 46 [1/4] (4.67ns)   --->   "%mul2 = fmul i32 %flat_load, i32 %dense1_w_load" [cnn.cpp:183]   --->   Operation 46 'fmul' 'mul2' <Predicate = true> <Delay = 4.67> <CoreInst = "FMul_maxdsp">   --->   Core 30 'FMul_maxdsp' <Latency = 3> <II = 1> <Delay = 4.67> <FuncUnit> <Opcode : 'fmul'> <InPorts = 2> <OutPorts = 1>

State 6 <SV = 5> <Delay = 6.01>
ST_6 : Operation 47 [1/1] (0.00ns)   --->   "%sum_load = load i32 %sum" [cnn.cpp:183]   --->   Operation 47 'load' 'sum_load' <Predicate = true> <Delay = 0.00>
ST_6 : Operation 48 [5/5] (6.01ns)   --->   "%sum_2 = fadd i32 %sum_load, i32 %mul2" [cnn.cpp:183]   --->   Operation 48 'fadd' 'sum_2' <Predicate = true> <Delay = 6.01> <CoreInst = "FAddSub_fulldsp">   --->   Core 18 'FAddSub_fulldsp' <Latency = 4> <II = 1> <Delay = 6.01> <FuncUnit> <Opcode : 'fadd' 'fsub'> <InPorts = 2> <OutPorts = 1>

State 7 <SV = 6> <Delay = 6.01>
ST_7 : Operation 49 [4/5] (6.01ns)   --->   "%sum_2 = fadd i32 %sum_load, i32 %mul2" [cnn.cpp:183]   --->   Operation 49 'fadd' 'sum_2' <Predicate = true> <Delay = 6.01> <CoreInst = "FAddSub_fulldsp">   --->   Core 18 'FAddSub_fulldsp' <Latency = 4> <II = 1> <Delay = 6.01> <FuncUnit> <Opcode : 'fadd' 'fsub'> <InPorts = 2> <OutPorts = 1>

State 8 <SV = 7> <Delay = 6.01>
ST_8 : Operation 50 [3/5] (6.01ns)   --->   "%sum_2 = fadd i32 %sum_load, i32 %mul2" [cnn.cpp:183]   --->   Operation 50 'fadd' 'sum_2' <Predicate = true> <Delay = 6.01> <CoreInst = "FAddSub_fulldsp">   --->   Core 18 'FAddSub_fulldsp' <Latency = 4> <II = 1> <Delay = 6.01> <FuncUnit> <Opcode : 'fadd' 'fsub'> <InPorts = 2> <OutPorts = 1>
ST_8 : Operation 68 [1/1] (0.00ns)   --->   "%ret_ln0 = ret"   --->   Operation 68 'ret' 'ret_ln0' <Predicate = (icmp_ln180)> <Delay = 0.00>

State 9 <SV = 8> <Delay = 6.01>
ST_9 : Operation 51 [2/5] (6.01ns)   --->   "%sum_2 = fadd i32 %sum_load, i32 %mul2" [cnn.cpp:183]   --->   Operation 51 'fadd' 'sum_2' <Predicate = true> <Delay = 6.01> <CoreInst = "FAddSub_fulldsp">   --->   Core 18 'FAddSub_fulldsp' <Latency = 4> <II = 1> <Delay = 6.01> <FuncUnit> <Opcode : 'fadd' 'fsub'> <InPorts = 2> <OutPorts = 1>

State 10 <SV = 9> <Delay = 6.50>
ST_10 : Operation 52 [1/1] (0.00ns)   --->   "%specloopname_ln179 = specloopname void @_ssdm_op_SpecLoopName, void @empty_12" [cnn.cpp:179]   --->   Operation 52 'specloopname' 'specloopname_ln179' <Predicate = true> <Delay = 0.00>
ST_10 : Operation 53 [1/5] (6.01ns)   --->   "%sum_2 = fadd i32 %sum_load, i32 %mul2" [cnn.cpp:183]   --->   Operation 53 'fadd' 'sum_2' <Predicate = true> <Delay = 6.01> <CoreInst = "FAddSub_fulldsp">   --->   Core 18 'FAddSub_fulldsp' <Latency = 4> <II = 1> <Delay = 6.01> <FuncUnit> <Opcode : 'fadd' 'fsub'> <InPorts = 2> <OutPorts = 1>
ST_10 : Operation 54 [1/1] (0.48ns)   --->   "%store_ln183 = store i32 %sum_2, i32 %sum" [cnn.cpp:183]   --->   Operation 54 'store' 'store_ln183' <Predicate = true> <Delay = 0.48>
ST_10 : Operation 55 [1/1] (0.00ns)   --->   "%br_ln0 = br void %for.inc298"   --->   Operation 55 'br' 'br_ln0' <Predicate = true> <Delay = 0.00>

State 11 <SV = 10> <Delay = 3.34>
ST_11 : Operation 56 [2/2] (3.34ns)   --->   "%tmp_4 = fcmp_ogt  i32 %sum_2, i32 0" [cnn.cpp:29]   --->   Operation 56 'fcmp' 'tmp_4' <Predicate = (ifzero)> <Delay = 3.34> <CoreInst = "FCompare">   --->   Core 19 'FCompare' <Latency = 1> <II = 1> <Delay = 3.34> <FuncUnit> <Opcode : 'fcmp'> <InPorts = 2> <OutPorts = 1>

State 12 <SV = 11> <Delay = 4.66>
ST_12 : Operation 57 [1/1] (0.00ns)   --->   "%bitcast_ln29 = bitcast i32 %sum_2" [cnn.cpp:29]   --->   Operation 57 'bitcast' 'bitcast_ln29' <Predicate = (ifzero)> <Delay = 0.00>
ST_12 : Operation 58 [1/1] (0.00ns)   --->   "%tmp_s = partselect i8 @_ssdm_op_PartSelect.i8.i32.i32.i32, i32 %bitcast_ln29, i32 23, i32 30" [cnn.cpp:29]   --->   Operation 58 'partselect' 'tmp_s' <Predicate = (ifzero)> <Delay = 0.00>
ST_12 : Operation 59 [1/1] (0.00ns)   --->   "%trunc_ln29 = trunc i32 %bitcast_ln29" [cnn.cpp:29]   --->   Operation 59 'trunc' 'trunc_ln29' <Predicate = (ifzero)> <Delay = 0.00>
ST_12 : Operation 60 [1/1] (0.85ns)   --->   "%icmp_ln29 = icmp_ne  i8 %tmp_s, i8 255" [cnn.cpp:29]   --->   Operation 60 'icmp' 'icmp_ln29' <Predicate = (ifzero)> <Delay = 0.85> <CoreInst = "Cmp">   --->   Core 9 'Cmp' <Latency = 0> <II = 1> <Delay = 0.85> <FuncUnit> <Opcode : 'icmp'> <InPorts = 2> <OutPorts = 1>
ST_12 : Operation 61 [1/1] (0.97ns)   --->   "%icmp_ln29_2 = icmp_eq  i23 %trunc_ln29, i23 0" [cnn.cpp:29]   --->   Operation 61 'icmp' 'icmp_ln29_2' <Predicate = (ifzero)> <Delay = 0.97> <CoreInst = "Cmp">   --->   Core 9 'Cmp' <Latency = 0> <II = 1> <Delay = 0.97> <FuncUnit> <Opcode : 'icmp'> <InPorts = 2> <OutPorts = 1>
ST_12 : Operation 62 [1/1] (0.00ns) (grouped into LUT with out node select_ln29)   --->   "%or_ln29 = or i1 %icmp_ln29_2, i1 %icmp_ln29" [cnn.cpp:29]   --->   Operation 62 'or' 'or_ln29' <Predicate = (ifzero)> <Delay = 0.00> <CoreInst = "LogicGate">   --->   Core 74 'LogicGate' <Latency = 0> <II = 1> <Delay = 0.33> <FuncUnit> <Opcode : 'and' 'or' 'xor'> <InPorts = 2> <OutPorts = 1>
ST_12 : Operation 63 [1/2] (3.34ns)   --->   "%tmp_4 = fcmp_ogt  i32 %sum_2, i32 0" [cnn.cpp:29]   --->   Operation 63 'fcmp' 'tmp_4' <Predicate = (ifzero)> <Delay = 3.34> <CoreInst = "FCompare">   --->   Core 19 'FCompare' <Latency = 1> <II = 1> <Delay = 3.34> <FuncUnit> <Opcode : 'fcmp'> <InPorts = 2> <OutPorts = 1>
ST_12 : Operation 64 [1/1] (0.00ns) (grouped into LUT with out node select_ln29)   --->   "%and_ln29 = and i1 %or_ln29, i1 %tmp_4" [cnn.cpp:29]   --->   Operation 64 'and' 'and_ln29' <Predicate = (ifzero)> <Delay = 0.00> <CoreInst = "LogicGate">   --->   Core 74 'LogicGate' <Latency = 0> <II = 1> <Delay = 0.33> <FuncUnit> <Opcode : 'and' 'or' 'xor'> <InPorts = 2> <OutPorts = 1>
ST_12 : Operation 65 [1/1] (0.52ns) (out node of the LUT)   --->   "%select_ln29 = select i1 %and_ln29, i32 %sum_2, i32 0" [cnn.cpp:29]   --->   Operation 65 'select' 'select_ln29' <Predicate = (ifzero)> <Delay = 0.52> <CoreInst = "Sel">   --->   Core 73 'Sel' <Latency = 0> <II = 1> <Delay = 0.52> <FuncUnit> <Opcode : 'select'> <InPorts = 3> <OutPorts = 1>
ST_12 : Operation 66 [1/1] (0.79ns)   --->   "%store_ln185 = store i32 %select_ln29, i4 %dense_addr" [cnn.cpp:185]   --->   Operation 66 'store' 'store_ln185' <Predicate = (ifzero)> <Delay = 0.79> <CoreInst = "RAM">   --->   Core 83 'RAM' <Latency = 1> <II = 1> <Delay = 0.79> <Storage> <Opcode : 'load' 'store'> <Ports = 2> <Width = 32> <Depth = 16> <RAM>
ST_12 : Operation 67 [1/1] (0.00ns)   --->   "%br_ln0 = br void %ifFalse"   --->   Operation 67 'br' 'br_ln0' <Predicate = (ifzero)> <Delay = 0.00>


============================================================
+ Verbose Summary: Timing violations
============================================================
Target clock period: 10ns, clock uncertainty: 2.7ns.

 <State 1>: 1.81ns
The critical path consists of the following:
	'alloca' operation ('j') [8]  (0 ns)
	'load' operation ('j', cnn.cpp:182) on local variable 'j' [17]  (0 ns)
	'add' operation ('add_ln180', cnn.cpp:180) [22]  (0.948 ns)
	'icmp' operation ('ifzero', cnn.cpp:180) [36]  (0.86 ns)

 <State 2>: 6.02ns
The critical path consists of the following:
	'load' operation ('flat_load', cnn.cpp:183) on array 'flat' [31]  (1.35 ns)
	'fmul' operation ('mul2', cnn.cpp:183) [34]  (4.67 ns)

 <State 3>: 4.67ns
The critical path consists of the following:
	'fmul' operation ('mul2', cnn.cpp:183) [34]  (4.67 ns)

 <State 4>: 4.67ns
The critical path consists of the following:
	'fmul' operation ('mul2', cnn.cpp:183) [34]  (4.67 ns)

 <State 5>: 4.67ns
The critical path consists of the following:
	'fmul' operation ('mul2', cnn.cpp:183) [34]  (4.67 ns)

 <State 6>: 6.02ns
The critical path consists of the following:
	'load' operation ('sum_load', cnn.cpp:183) on local variable 'sum' [25]  (0 ns)
	'fadd' operation ('sum', cnn.cpp:183) [35]  (6.02 ns)

 <State 7>: 6.02ns
The critical path consists of the following:
	'fadd' operation ('sum', cnn.cpp:183) [35]  (6.02 ns)

 <State 8>: 6.02ns
The critical path consists of the following:
	'fadd' operation ('sum', cnn.cpp:183) [35]  (6.02 ns)

 <State 9>: 6.02ns
The critical path consists of the following:
	'fadd' operation ('sum', cnn.cpp:183) [35]  (6.02 ns)

 <State 10>: 6.51ns
The critical path consists of the following:
	'fadd' operation ('sum', cnn.cpp:183) [35]  (6.02 ns)
	'store' operation ('store_ln183', cnn.cpp:183) of variable 'sum', cnn.cpp:183 on local variable 'sum' [52]  (0.489 ns)

 <State 11>: 3.35ns
The critical path consists of the following:
	'fcmp' operation ('tmp_4', cnn.cpp:29) [45]  (3.35 ns)

 <State 12>: 4.66ns
The critical path consists of the following:
	'fcmp' operation ('tmp_4', cnn.cpp:29) [45]  (3.35 ns)
	'and' operation ('and_ln29', cnn.cpp:29) [46]  (0 ns)
	'select' operation ('select_ln29', cnn.cpp:29) [47]  (0.525 ns)
	'store' operation ('store_ln185', cnn.cpp:185) of variable 'select_ln29', cnn.cpp:29 on array 'dense' [48]  (0.79 ns)


============================================================
+ Verbose Summary: Binding
============================================================
N/A
* FSMD analyzer results:
  - Output states:
 - Input state : 
  - Chain level:
	State 1
	State 2
	State 3
	State 4
	State 5
	State 6
	State 7
	State 8
	State 9
	State 10
	State 11
	State 12


============================================================
+ Verbose Summary: Datapath Resource usage 
============================================================
N/A
