

================================================================
== Vitis HLS Report for 'cnn_predict_Pipeline_VITIS_LOOP_103_6_VITIS_LOOP_104_7_VITIS_LOOP_105_8'
================================================================
* Date:           Tue Nov 25 13:54:29 2025

* Version:        2022.2 (Build 3670227 on Oct 13 2022)
* Project:        cnn_hls
* Solution:       solution1 (Vivado IP Flow Target)
* Product family: zynquplus
* Target device:  xczu3eg-sbva484-1-i


================================================================
== Performance Estimates
================================================================
+ Timing: 
    * Summary: 
    +--------+----------+----------+------------+
    |  Clock |  Target  | Estimated| Uncertainty|
    +--------+----------+----------+------------+
    |ap_clk  |  10.00 ns|  7.221 ns|     2.70 ns|
    +--------+----------+----------+------------+

+ Latency: 
    * Summary: 
    +---------+---------+-----------+-----------+------+------+---------+
    |  Latency (cycles) |   Latency (absolute)  |   Interval  | Pipeline|
    |   min   |   max   |    min    |    max    |  min |  max |   Type  |
    +---------+---------+-----------+-----------+------+------+---------+
    |     3852|     3852|  38.520 us|  38.520 us|  3852|  3852|       no|
    +---------+---------+-----------+-----------+------+------+---------+

    + Detail: 
        * Instance: 
        N/A

        * Loop: 
        +------------------------------------------------------+---------+---------+----------+-----------+-----------+------+----------+
        |                                                      |  Latency (cycles) | Iteration|  Initiation Interval  | Trip |          |
        |                       Loop Name                      |   min   |   max   |  Latency |  achieved |   target  | Count| Pipelined|
        +------------------------------------------------------+---------+---------+----------+-----------+-----------+------+----------+
        |- VITIS_LOOP_103_6_VITIS_LOOP_104_7_VITIS_LOOP_105_8  |     3850|     3850|         8|          1|          1|  3844|       yes|
        +------------------------------------------------------+---------+---------+----------+-----------+-----------+------+----------+

============================================================
+ Verbose Summary: Synthesis Manager
============================================================
InlineROM: 1
ExposeGlobal: 0
============================================================
+ Verbose Summary: CDFG Model
============================================================
IsTopModel: 0
ResetActiveHigh: 1
IsCombinational: 0
IsDatapathOnly: 0
HasWiredReturn: 1
HasMFsm: 2
HasVarLatency: 1
IsPipeline: 0
IsRtlPipelined: 0
IsInstanceOverlapped: 0
IsDontTouch: 0
HasImplIP: 0
IsGatedGlobalClock: 0

+ Individual pipeline summary: 
  * Pipeline-0: initiation interval (II) = 1, depth = 9


============================================================
+ Verbose Summary: Schedule
============================================================
* Number of FSM states : 9
* Pipeline : 1
  Pipeline-0 : II = 1, D = 9, States = { 1 2 3 4 5 6 7 8 9 }
* Dataflow Pipeline: 0

* FSM state transitions: 
1 --> 2 
2 --> 3 
3 --> 4 
4 --> 5 
5 --> 6 
6 --> 7 
7 --> 8 
8 --> 9 
9 --> 

* FSM state operations: 

State 1 <SV = 0> <Delay = 0.48>
ST_1 : Operation 11 [1/1] (0.00ns)   --->   "%c = alloca i32 1"   --->   Operation 11 'alloca' 'c' <Predicate = true> <Delay = 0.00>
ST_1 : Operation 12 [1/1] (0.00ns)   --->   "%r_1 = alloca i32 1"   --->   Operation 12 'alloca' 'r_1' <Predicate = true> <Delay = 0.00>
ST_1 : Operation 13 [1/1] (0.00ns)   --->   "%indvar_flatten15 = alloca i32 1"   --->   Operation 13 'alloca' 'indvar_flatten15' <Predicate = true> <Delay = 0.00>
ST_1 : Operation 14 [1/1] (0.00ns)   --->   "%f = alloca i32 1"   --->   Operation 14 'alloca' 'f' <Predicate = true> <Delay = 0.00>
ST_1 : Operation 15 [1/1] (0.00ns)   --->   "%indvar_flatten39 = alloca i32 1"   --->   Operation 15 'alloca' 'indvar_flatten39' <Predicate = true> <Delay = 0.00>
ST_1 : Operation 16 [1/1] (0.48ns)   --->   "%store_ln0 = store i12 0, i12 %indvar_flatten39"   --->   Operation 16 'store' 'store_ln0' <Predicate = true> <Delay = 0.48>
ST_1 : Operation 17 [1/1] (0.48ns)   --->   "%store_ln0 = store i3 0, i3 %f"   --->   Operation 17 'store' 'store_ln0' <Predicate = true> <Delay = 0.48>
ST_1 : Operation 18 [1/1] (0.48ns)   --->   "%store_ln0 = store i10 0, i10 %indvar_flatten15"   --->   Operation 18 'store' 'store_ln0' <Predicate = true> <Delay = 0.48>
ST_1 : Operation 19 [1/1] (0.48ns)   --->   "%store_ln0 = store i5 0, i5 %r_1"   --->   Operation 19 'store' 'store_ln0' <Predicate = true> <Delay = 0.48>
ST_1 : Operation 20 [1/1] (0.48ns)   --->   "%store_ln0 = store i5 0, i5 %c"   --->   Operation 20 'store' 'store_ln0' <Predicate = true> <Delay = 0.48>
ST_1 : Operation 21 [1/1] (0.00ns)   --->   "%br_ln0 = br void %VITIS_LOOP_107_9"   --->   Operation 21 'br' 'br_ln0' <Predicate = true> <Delay = 0.00>

State 2 <SV = 1> <Delay = 6.92>
ST_2 : Operation 22 [1/1] (0.00ns)   --->   "%r = load i5 %r_1"   --->   Operation 22 'load' 'r' <Predicate = true> <Delay = 0.00>
ST_2 : Operation 23 [1/1] (0.00ns)   --->   "%indvar_flatten39_load = load i12 %indvar_flatten39" [cnn.cpp:103]   --->   Operation 23 'load' 'indvar_flatten39_load' <Predicate = true> <Delay = 0.00>
ST_2 : Operation 24 [1/1] (0.00ns)   --->   "%tmp_29 = bitconcatenate i6 @_ssdm_op_BitConcatenate.i6.i5.i1, i5 %r, i1 0"   --->   Operation 24 'bitconcatenate' 'tmp_29' <Predicate = true> <Delay = 0.00>
ST_2 : Operation 25 [1/1] (0.00ns)   --->   "%empty = or i6 %tmp_29, i6 1"   --->   Operation 25 'or' 'empty' <Predicate = true> <Delay = 0.00>
ST_2 : Operation 26 [1/1] (0.00ns)   --->   "%specpipeline_ln0 = specpipeline void @_ssdm_op_SpecPipeline, i32 4294967295, i32 0, i32 1, i32 0, void @p_str"   --->   Operation 26 'specpipeline' 'specpipeline_ln0' <Predicate = true> <Delay = 0.00>
ST_2 : Operation 27 [1/1] (0.86ns)   --->   "%icmp_ln103 = icmp_eq  i12 %indvar_flatten39_load, i12 3844" [cnn.cpp:103]   --->   Operation 27 'icmp' 'icmp_ln103' <Predicate = true> <Delay = 0.86> <CoreInst = "Cmp">   --->   Core 9 'Cmp' <Latency = 0> <II = 1> <Delay = 0.86> <FuncUnit> <Opcode : 'icmp'> <InPorts = 2> <OutPorts = 1>
ST_2 : Operation 28 [1/1] (0.96ns)   --->   "%add_ln103_1 = add i12 %indvar_flatten39_load, i12 1" [cnn.cpp:103]   --->   Operation 28 'add' 'add_ln103_1' <Predicate = true> <Delay = 0.96> <CoreInst = "Adder">   --->   Core 1 'Adder' <Latency = 0> <II = 1> <Delay = 0.96> <FuncUnit> <Opcode : 'add' 'sub'> <InPorts = 2> <OutPorts = 1>
ST_2 : Operation 29 [1/1] (0.00ns)   --->   "%br_ln103 = br i1 %icmp_ln103, void %for.inc102, void %VITIS_LOOP_126_14.preheader.exitStub" [cnn.cpp:103]   --->   Operation 29 'br' 'br_ln103' <Predicate = true> <Delay = 0.00>
ST_2 : Operation 30 [1/1] (0.00ns)   --->   "%c_load = load i5 %c" [cnn.cpp:105]   --->   Operation 30 'load' 'c_load' <Predicate = (!icmp_ln103)> <Delay = 0.00>
ST_2 : Operation 31 [1/1] (0.00ns)   --->   "%indvar_flatten15_load = load i10 %indvar_flatten15" [cnn.cpp:104]   --->   Operation 31 'load' 'indvar_flatten15_load' <Predicate = (!icmp_ln103)> <Delay = 0.00>
ST_2 : Operation 32 [1/1] (0.00ns)   --->   "%f_load = load i3 %f" [cnn.cpp:103]   --->   Operation 32 'load' 'f_load' <Predicate = (!icmp_ln103)> <Delay = 0.00>
ST_2 : Operation 33 [1/1] (0.74ns)   --->   "%add_ln103 = add i3 %f_load, i3 1" [cnn.cpp:103]   --->   Operation 33 'add' 'add_ln103' <Predicate = (!icmp_ln103)> <Delay = 0.74> <CoreInst = "Adder">   --->   Core 1 'Adder' <Latency = 0> <II = 1> <Delay = 0.74> <FuncUnit> <Opcode : 'add' 'sub'> <InPorts = 2> <OutPorts = 1>
ST_2 : Operation 34 [1/1] (0.85ns)   --->   "%icmp_ln104 = icmp_eq  i10 %indvar_flatten15_load, i10 961" [cnn.cpp:104]   --->   Operation 34 'icmp' 'icmp_ln104' <Predicate = (!icmp_ln103)> <Delay = 0.85> <CoreInst = "Cmp">   --->   Core 9 'Cmp' <Latency = 0> <II = 1> <Delay = 0.85> <FuncUnit> <Opcode : 'icmp'> <InPorts = 2> <OutPorts = 1>
ST_2 : Operation 35 [1/1] (0.48ns)   --->   "%select_ln103 = select i1 %icmp_ln104, i5 0, i5 %r" [cnn.cpp:103]   --->   Operation 35 'select' 'select_ln103' <Predicate = (!icmp_ln103)> <Delay = 0.48> <CoreInst = "Sel">   --->   Core 73 'Sel' <Latency = 0> <II = 1> <Delay = 0.48> <FuncUnit> <Opcode : 'select'> <InPorts = 3> <OutPorts = 1>
ST_2 : Operation 36 [1/1] (0.27ns)   --->   "%select_ln103_1 = select i1 %icmp_ln104, i3 %add_ln103, i3 %f_load" [cnn.cpp:103]   --->   Operation 36 'select' 'select_ln103_1' <Predicate = (!icmp_ln103)> <Delay = 0.27> <CoreInst = "Sel">   --->   Core 73 'Sel' <Latency = 0> <II = 1> <Delay = 0.27> <FuncUnit> <Opcode : 'select'> <InPorts = 3> <OutPorts = 1>
ST_2 : Operation 37 [1/1] (0.00ns)   --->   "%zext_ln103 = zext i3 %select_ln103_1" [cnn.cpp:103]   --->   Operation 37 'zext' 'zext_ln103' <Predicate = (!icmp_ln103)> <Delay = 0.00>
ST_2 : Operation 38 [1/1] (0.00ns)   --->   "%zext_ln103_1 = zext i3 %select_ln103_1" [cnn.cpp:103]   --->   Operation 38 'zext' 'zext_ln103_1' <Predicate = (!icmp_ln103)> <Delay = 0.00>
ST_2 : Operation 39 [1/1] (0.00ns) (grouped into LUT with out node select_ln104_2)   --->   "%select_ln103_2 = select i1 %icmp_ln104, i6 0, i6 %tmp_29" [cnn.cpp:103]   --->   Operation 39 'select' 'select_ln103_2' <Predicate = (!icmp_ln103)> <Delay = 0.00> <CoreInst = "Sel">   --->   Core 73 'Sel' <Latency = 0> <II = 1> <Delay = 0.44> <FuncUnit> <Opcode : 'select'> <InPorts = 3> <OutPorts = 1>
ST_2 : Operation 40 [1/1] (0.00ns) (grouped into LUT with out node select_ln104_3)   --->   "%select_ln103_3 = select i1 %icmp_ln104, i6 1, i6 %empty" [cnn.cpp:103]   --->   Operation 40 'select' 'select_ln103_3' <Predicate = (!icmp_ln103)> <Delay = 0.00> <CoreInst = "Sel">   --->   Core 73 'Sel' <Latency = 0> <II = 1> <Delay = 0.44> <FuncUnit> <Opcode : 'select'> <InPorts = 3> <OutPorts = 1>
ST_2 : Operation 41 [1/1] (0.00ns) (grouped into LUT with out node and_ln103)   --->   "%xor_ln103 = xor i1 %icmp_ln104, i1 1" [cnn.cpp:103]   --->   Operation 41 'xor' 'xor_ln103' <Predicate = (!icmp_ln103)> <Delay = 0.00> <CoreInst = "LogicGate">   --->   Core 74 'LogicGate' <Latency = 0> <II = 1> <Delay = 0.33> <FuncUnit> <Opcode : 'and' 'or' 'xor'> <InPorts = 2> <OutPorts = 1>
ST_2 : Operation 42 [1/1] (0.87ns)   --->   "%icmp_ln105 = icmp_eq  i5 %c_load, i5 31" [cnn.cpp:105]   --->   Operation 42 'icmp' 'icmp_ln105' <Predicate = (!icmp_ln103)> <Delay = 0.87> <CoreInst = "Cmp">   --->   Core 9 'Cmp' <Latency = 0> <II = 1> <Delay = 0.87> <FuncUnit> <Opcode : 'icmp'> <InPorts = 2> <OutPorts = 1>
ST_2 : Operation 43 [1/1] (0.33ns) (out node of the LUT)   --->   "%and_ln103 = and i1 %icmp_ln105, i1 %xor_ln103" [cnn.cpp:103]   --->   Operation 43 'and' 'and_ln103' <Predicate = (!icmp_ln103)> <Delay = 0.33> <CoreInst = "LogicGate">   --->   Core 74 'LogicGate' <Latency = 0> <II = 1> <Delay = 0.33> <FuncUnit> <Opcode : 'and' 'or' 'xor'> <InPorts = 2> <OutPorts = 1>
ST_2 : Operation 44 [1/1] (0.87ns)   --->   "%add_ln104 = add i5 %select_ln103, i5 1" [cnn.cpp:104]   --->   Operation 44 'add' 'add_ln104' <Predicate = (!icmp_ln103)> <Delay = 0.87> <CoreInst = "Adder">   --->   Core 1 'Adder' <Latency = 0> <II = 1> <Delay = 0.87> <FuncUnit> <Opcode : 'add' 'sub'> <InPorts = 2> <OutPorts = 1>
ST_2 : Operation 45 [1/1] (0.00ns) (grouped into LUT with out node select_ln104)   --->   "%or_ln104 = or i1 %and_ln103, i1 %icmp_ln104" [cnn.cpp:104]   --->   Operation 45 'or' 'or_ln104' <Predicate = (!icmp_ln103)> <Delay = 0.00> <CoreInst = "LogicGate">   --->   Core 74 'LogicGate' <Latency = 0> <II = 1> <Delay = 0.33> <FuncUnit> <Opcode : 'and' 'or' 'xor'> <InPorts = 2> <OutPorts = 1>
ST_2 : Operation 46 [1/1] (0.48ns) (out node of the LUT)   --->   "%select_ln104 = select i1 %or_ln104, i5 0, i5 %c_load" [cnn.cpp:104]   --->   Operation 46 'select' 'select_ln104' <Predicate = (!icmp_ln103)> <Delay = 0.48> <CoreInst = "Sel">   --->   Core 73 'Sel' <Latency = 0> <II = 1> <Delay = 0.48> <FuncUnit> <Opcode : 'select'> <InPorts = 3> <OutPorts = 1>
ST_2 : Operation 47 [1/1] (0.48ns)   --->   "%select_ln104_1 = select i1 %and_ln103, i5 %add_ln104, i5 %select_ln103" [cnn.cpp:104]   --->   Operation 47 'select' 'select_ln104_1' <Predicate = (!icmp_ln103)> <Delay = 0.48> <CoreInst = "Sel">   --->   Core 73 'Sel' <Latency = 0> <II = 1> <Delay = 0.48> <FuncUnit> <Opcode : 'select'> <InPorts = 3> <OutPorts = 1>
ST_2 : Operation 48 [1/1] (0.00ns)   --->   "%zext_ln113 = zext i5 %select_ln104_1" [cnn.cpp:113]   --->   Operation 48 'zext' 'zext_ln113' <Predicate = (!icmp_ln103)> <Delay = 0.00>
ST_2 : Operation 49 [1/1] (0.00ns)   --->   "%tmp = bitconcatenate i10 @_ssdm_op_BitConcatenate.i10.i5.i5, i5 %select_ln104_1, i5 0" [cnn.cpp:113]   --->   Operation 49 'bitconcatenate' 'tmp' <Predicate = (!icmp_ln103)> <Delay = 0.00>
ST_2 : Operation 50 [1/1] (0.00ns) (grouped into TernaryAdder)   --->   "%sub_ln113 = sub i10 %tmp, i10 %zext_ln113" [cnn.cpp:113]   --->   Operation 50 'sub' 'sub_ln113' <Predicate = (!icmp_ln103)> <Delay = 0.00> <CoreInst = "TAddSub">   --->   Core 10 'TAddSub' <Latency = 0> <II = 1> <Delay = 0.56> <IPBlock> <Opcode : 'add' 'sub'> <InPorts = 3> <OutPorts = 1> <Sync> <CReg>
ST_2 : Operation 51 [1/1] (0.00ns)   --->   "%p_mid = bitconcatenate i6 @_ssdm_op_BitConcatenate.i6.i5.i1, i5 %add_ln104, i1 0" [cnn.cpp:104]   --->   Operation 51 'bitconcatenate' 'p_mid' <Predicate = (!icmp_ln103)> <Delay = 0.00>
ST_2 : Operation 52 [1/1] (0.44ns) (out node of the LUT)   --->   "%select_ln104_2 = select i1 %and_ln103, i6 %p_mid, i6 %select_ln103_2" [cnn.cpp:104]   --->   Operation 52 'select' 'select_ln104_2' <Predicate = (!icmp_ln103)> <Delay = 0.44> <CoreInst = "Sel">   --->   Core 73 'Sel' <Latency = 0> <II = 1> <Delay = 0.44> <FuncUnit> <Opcode : 'select'> <InPorts = 3> <OutPorts = 1>
ST_2 : Operation 53 [1/1] (0.00ns)   --->   "%tmp_13 = bitconcatenate i12 @_ssdm_op_BitConcatenate.i12.i6.i6, i6 %select_ln104_2, i6 0" [cnn.cpp:109]   --->   Operation 53 'bitconcatenate' 'tmp_13' <Predicate = (!icmp_ln103)> <Delay = 0.00>
ST_2 : Operation 54 [1/1] (0.00ns)   --->   "%zext_ln109 = zext i12 %tmp_13" [cnn.cpp:109]   --->   Operation 54 'zext' 'zext_ln109' <Predicate = (!icmp_ln103)> <Delay = 0.00>
ST_2 : Operation 55 [1/1] (0.00ns)   --->   "%tmp_14 = bitconcatenate i7 @_ssdm_op_BitConcatenate.i7.i6.i1, i6 %select_ln104_2, i1 0" [cnn.cpp:109]   --->   Operation 55 'bitconcatenate' 'tmp_14' <Predicate = (!icmp_ln103)> <Delay = 0.00>
ST_2 : Operation 56 [1/1] (0.00ns)   --->   "%zext_ln109_1 = zext i7 %tmp_14" [cnn.cpp:109]   --->   Operation 56 'zext' 'zext_ln109_1' <Predicate = (!icmp_ln103)> <Delay = 0.00>
ST_2 : Operation 57 [1/1] (0.96ns)   --->   "%sub_ln109 = sub i62 %zext_ln109, i62 %zext_ln109_1" [cnn.cpp:109]   --->   Operation 57 'sub' 'sub_ln109' <Predicate = (!icmp_ln103)> <Delay = 0.96> <CoreInst = "Adder">   --->   Core 1 'Adder' <Latency = 0> <II = 1> <Delay = 0.96> <FuncUnit> <Opcode : 'add' 'sub'> <InPorts = 2> <OutPorts = 1>
ST_2 : Operation 58 [1/1] (0.00ns) (grouped into LUT with out node select_ln104_3)   --->   "%p_mid113 = or i6 %p_mid, i6 1" [cnn.cpp:104]   --->   Operation 58 'or' 'p_mid113' <Predicate = (!icmp_ln103)> <Delay = 0.00>
ST_2 : Operation 59 [1/1] (0.44ns) (out node of the LUT)   --->   "%select_ln104_3 = select i1 %and_ln103, i6 %p_mid113, i6 %select_ln103_3" [cnn.cpp:104]   --->   Operation 59 'select' 'select_ln104_3' <Predicate = (!icmp_ln103)> <Delay = 0.44> <CoreInst = "Sel">   --->   Core 73 'Sel' <Latency = 0> <II = 1> <Delay = 0.44> <FuncUnit> <Opcode : 'select'> <InPorts = 3> <OutPorts = 1>
ST_2 : Operation 60 [1/1] (0.00ns)   --->   "%tmp_15 = bitconcatenate i12 @_ssdm_op_BitConcatenate.i12.i6.i6, i6 %select_ln104_3, i6 0" [cnn.cpp:109]   --->   Operation 60 'bitconcatenate' 'tmp_15' <Predicate = (!icmp_ln103)> <Delay = 0.00>
ST_2 : Operation 61 [1/1] (0.00ns)   --->   "%zext_ln109_2 = zext i12 %tmp_15" [cnn.cpp:109]   --->   Operation 61 'zext' 'zext_ln109_2' <Predicate = (!icmp_ln103)> <Delay = 0.00>
ST_2 : Operation 62 [1/1] (0.00ns)   --->   "%tmp_16 = bitconcatenate i7 @_ssdm_op_BitConcatenate.i7.i6.i1, i6 %select_ln104_3, i1 0" [cnn.cpp:109]   --->   Operation 62 'bitconcatenate' 'tmp_16' <Predicate = (!icmp_ln103)> <Delay = 0.00>
ST_2 : Operation 63 [1/1] (0.00ns)   --->   "%zext_ln109_3 = zext i7 %tmp_16" [cnn.cpp:109]   --->   Operation 63 'zext' 'zext_ln109_3' <Predicate = (!icmp_ln103)> <Delay = 0.00>
ST_2 : Operation 64 [1/1] (0.96ns)   --->   "%sub_ln109_1 = sub i62 %zext_ln109_2, i62 %zext_ln109_3" [cnn.cpp:109]   --->   Operation 64 'sub' 'sub_ln109_1' <Predicate = (!icmp_ln103)> <Delay = 0.96> <CoreInst = "Adder">   --->   Core 1 'Adder' <Latency = 0> <II = 1> <Delay = 0.96> <FuncUnit> <Opcode : 'add' 'sub'> <InPorts = 2> <OutPorts = 1>
ST_2 : Operation 65 [1/1] (0.00ns)   --->   "%zext_ln113_1 = zext i5 %select_ln104" [cnn.cpp:113]   --->   Operation 65 'zext' 'zext_ln113_1' <Predicate = (!icmp_ln103)> <Delay = 0.00>
ST_2 : Operation 66 [1/1] (1.12ns) (root node of TernaryAdder)   --->   "%add_ln113 = add i10 %sub_ln113, i10 %zext_ln113_1" [cnn.cpp:113]   --->   Operation 66 'add' 'add_ln113' <Predicate = (!icmp_ln103)> <Delay = 1.12> <CoreInst = "TAddSub">   --->   Core 10 'TAddSub' <Latency = 0> <II = 1> <Delay = 0.56> <IPBlock> <Opcode : 'add' 'sub'> <InPorts = 3> <OutPorts = 1> <Sync> <CReg>
ST_2 : Operation 67 [1/1] (0.00ns)   --->   "%tmp_33 = bitconcatenate i12 @_ssdm_op_BitConcatenate.i12.i10.i2, i10 %add_ln113, i2 0" [cnn.cpp:113]   --->   Operation 67 'bitconcatenate' 'tmp_33' <Predicate = (!icmp_ln103)> <Delay = 0.00>
ST_2 : Operation 68 [1/1] (0.96ns)   --->   "%add_ln113_1 = add i12 %tmp_33, i12 %zext_ln103_1" [cnn.cpp:113]   --->   Operation 68 'add' 'add_ln113_1' <Predicate = (!icmp_ln103)> <Delay = 0.96> <CoreInst = "Adder">   --->   Core 1 'Adder' <Latency = 0> <II = 1> <Delay = 0.96> <FuncUnit> <Opcode : 'add' 'sub'> <InPorts = 2> <OutPorts = 1>
ST_2 : Operation 69 [1/1] (0.00ns)   --->   "%tmp_34 = bitconcatenate i6 @_ssdm_op_BitConcatenate.i6.i5.i1, i5 %select_ln104, i1 0" [cnn.cpp:104]   --->   Operation 69 'bitconcatenate' 'tmp_34' <Predicate = (!icmp_ln103)> <Delay = 0.00>
ST_2 : Operation 70 [1/1] (0.00ns)   --->   "%zext_ln109_4 = zext i6 %tmp_34" [cnn.cpp:109]   --->   Operation 70 'zext' 'zext_ln109_4' <Predicate = (!icmp_ln103)> <Delay = 0.00>
ST_2 : Operation 71 [1/1] (0.97ns)   --->   "%add_ln109 = add i62 %sub_ln109, i62 %zext_ln109_4" [cnn.cpp:109]   --->   Operation 71 'add' 'add_ln109' <Predicate = (!icmp_ln103)> <Delay = 0.97> <CoreInst = "Adder">   --->   Core 1 'Adder' <Latency = 0> <II = 1> <Delay = 0.97> <FuncUnit> <Opcode : 'add' 'sub'> <InPorts = 2> <OutPorts = 1>
ST_2 : Operation 72 [1/1] (0.00ns)   --->   "%tmp_40_cast = partselect i11 @_ssdm_op_PartSelect.i11.i62.i32.i32, i62 %add_ln109, i32 1, i32 11" [cnn.cpp:109]   --->   Operation 72 'partselect' 'tmp_40_cast' <Predicate = (!icmp_ln103)> <Delay = 0.00>
ST_2 : Operation 73 [1/1] (0.00ns)   --->   "%tmp_35 = bitconcatenate i14 @_ssdm_op_BitConcatenate.i14.i11.i3, i11 %tmp_40_cast, i3 %select_ln103_1" [cnn.cpp:109]   --->   Operation 73 'bitconcatenate' 'tmp_35' <Predicate = (!icmp_ln103)> <Delay = 0.00>
ST_2 : Operation 74 [1/1] (0.00ns)   --->   "%zext_ln109_5 = zext i14 %tmp_35" [cnn.cpp:109]   --->   Operation 74 'zext' 'zext_ln109_5' <Predicate = (!icmp_ln103)> <Delay = 0.00>
ST_2 : Operation 75 [1/1] (0.00ns)   --->   "%layer1_conv_addr = getelementptr i32 %layer1_conv, i64 0, i64 %zext_ln109_5" [cnn.cpp:109]   --->   Operation 75 'getelementptr' 'layer1_conv_addr' <Predicate = (!icmp_ln103)> <Delay = 0.00>
ST_2 : Operation 76 [1/1] (0.97ns)   --->   "%add_ln109_1 = add i62 %sub_ln109_1, i62 %zext_ln109_4" [cnn.cpp:109]   --->   Operation 76 'add' 'add_ln109_1' <Predicate = (!icmp_ln103)> <Delay = 0.97> <CoreInst = "Adder">   --->   Core 1 'Adder' <Latency = 0> <II = 1> <Delay = 0.97> <FuncUnit> <Opcode : 'add' 'sub'> <InPorts = 2> <OutPorts = 1>
ST_2 : Operation 77 [1/1] (0.00ns)   --->   "%tmp_44_cast = partselect i11 @_ssdm_op_PartSelect.i11.i62.i32.i32, i62 %add_ln109_1, i32 1, i32 11" [cnn.cpp:109]   --->   Operation 77 'partselect' 'tmp_44_cast' <Predicate = (!icmp_ln103)> <Delay = 0.00>
ST_2 : Operation 78 [1/1] (0.00ns)   --->   "%tmp_36 = bitconcatenate i14 @_ssdm_op_BitConcatenate.i14.i11.i3, i11 %tmp_44_cast, i3 %select_ln103_1" [cnn.cpp:109]   --->   Operation 78 'bitconcatenate' 'tmp_36' <Predicate = (!icmp_ln103)> <Delay = 0.00>
ST_2 : Operation 79 [1/1] (0.00ns)   --->   "%zext_ln109_6 = zext i14 %tmp_36" [cnn.cpp:109]   --->   Operation 79 'zext' 'zext_ln109_6' <Predicate = (!icmp_ln103)> <Delay = 0.00>
ST_2 : Operation 80 [1/1] (0.00ns)   --->   "%layer1_conv_addr_1 = getelementptr i32 %layer1_conv, i64 0, i64 %zext_ln109_6" [cnn.cpp:109]   --->   Operation 80 'getelementptr' 'layer1_conv_addr_1' <Predicate = (!icmp_ln103)> <Delay = 0.00>
ST_2 : Operation 81 [2/2] (1.35ns)   --->   "%layer1_conv_load = load i14 %layer1_conv_addr" [cnn.cpp:109]   --->   Operation 81 'load' 'layer1_conv_load' <Predicate = (!icmp_ln103)> <Delay = 1.35> <CoreInst = "RAM_1WnR">   --->   Core 84 'RAM_1WnR' <Latency = 1> <II = 1> <Delay = 1.35> <Storage> <Opcode : 'load' 'store'> <Ports = 17> <Width = 32> <Depth = 15376> <RAM>
ST_2 : Operation 82 [1/1] (0.00ns)   --->   "%or_ln109 = or i6 %tmp_34, i6 1" [cnn.cpp:109]   --->   Operation 82 'or' 'or_ln109' <Predicate = (!icmp_ln103)> <Delay = 0.00>
ST_2 : Operation 83 [1/1] (0.00ns)   --->   "%trunc_ln109 = trunc i62 %sub_ln109" [cnn.cpp:109]   --->   Operation 83 'trunc' 'trunc_ln109' <Predicate = (!icmp_ln103)> <Delay = 0.00>
ST_2 : Operation 84 [1/1] (0.00ns)   --->   "%zext_ln109_7 = zext i6 %or_ln109" [cnn.cpp:109]   --->   Operation 84 'zext' 'zext_ln109_7' <Predicate = (!icmp_ln103)> <Delay = 0.00>
ST_2 : Operation 85 [1/1] (0.96ns)   --->   "%add_ln109_2 = add i12 %trunc_ln109, i12 %zext_ln109_7" [cnn.cpp:109]   --->   Operation 85 'add' 'add_ln109_2' <Predicate = (!icmp_ln103)> <Delay = 0.96> <CoreInst = "Adder">   --->   Core 1 'Adder' <Latency = 0> <II = 1> <Delay = 0.96> <FuncUnit> <Opcode : 'add' 'sub'> <InPorts = 2> <OutPorts = 1>
ST_2 : Operation 86 [1/1] (0.00ns)   --->   "%tmp_37 = bitconcatenate i14 @_ssdm_op_BitConcatenate.i14.i12.i2, i12 %add_ln109_2, i2 0" [cnn.cpp:109]   --->   Operation 86 'bitconcatenate' 'tmp_37' <Predicate = (!icmp_ln103)> <Delay = 0.00>
ST_2 : Operation 87 [1/1] (0.98ns)   --->   "%add_ln109_3 = add i14 %tmp_37, i14 %zext_ln103" [cnn.cpp:109]   --->   Operation 87 'add' 'add_ln109_3' <Predicate = (!icmp_ln103)> <Delay = 0.98> <CoreInst = "Adder">   --->   Core 1 'Adder' <Latency = 0> <II = 1> <Delay = 0.98> <FuncUnit> <Opcode : 'add' 'sub'> <InPorts = 2> <OutPorts = 1>
ST_2 : Operation 88 [1/1] (0.00ns)   --->   "%zext_ln109_8 = zext i14 %add_ln109_3" [cnn.cpp:109]   --->   Operation 88 'zext' 'zext_ln109_8' <Predicate = (!icmp_ln103)> <Delay = 0.00>
ST_2 : Operation 89 [1/1] (0.00ns)   --->   "%layer1_conv_addr_2 = getelementptr i32 %layer1_conv, i64 0, i64 %zext_ln109_8" [cnn.cpp:109]   --->   Operation 89 'getelementptr' 'layer1_conv_addr_2' <Predicate = (!icmp_ln103)> <Delay = 0.00>
ST_2 : Operation 90 [1/1] (0.00ns)   --->   "%trunc_ln109_1 = trunc i62 %sub_ln109_1" [cnn.cpp:109]   --->   Operation 90 'trunc' 'trunc_ln109_1' <Predicate = (!icmp_ln103)> <Delay = 0.00>
ST_2 : Operation 91 [1/1] (0.00ns)   --->   "%zext_ln109_9 = zext i6 %or_ln109" [cnn.cpp:109]   --->   Operation 91 'zext' 'zext_ln109_9' <Predicate = (!icmp_ln103)> <Delay = 0.00>
ST_2 : Operation 92 [1/1] (0.96ns)   --->   "%add_ln109_4 = add i12 %trunc_ln109_1, i12 %zext_ln109_9" [cnn.cpp:109]   --->   Operation 92 'add' 'add_ln109_4' <Predicate = (!icmp_ln103)> <Delay = 0.96> <CoreInst = "Adder">   --->   Core 1 'Adder' <Latency = 0> <II = 1> <Delay = 0.96> <FuncUnit> <Opcode : 'add' 'sub'> <InPorts = 2> <OutPorts = 1>
ST_2 : Operation 93 [1/1] (0.00ns)   --->   "%tmp_38 = bitconcatenate i14 @_ssdm_op_BitConcatenate.i14.i12.i2, i12 %add_ln109_4, i2 0" [cnn.cpp:109]   --->   Operation 93 'bitconcatenate' 'tmp_38' <Predicate = (!icmp_ln103)> <Delay = 0.00>
ST_2 : Operation 94 [1/1] (0.98ns)   --->   "%add_ln109_5 = add i14 %tmp_38, i14 %zext_ln103" [cnn.cpp:109]   --->   Operation 94 'add' 'add_ln109_5' <Predicate = (!icmp_ln103)> <Delay = 0.98> <CoreInst = "Adder">   --->   Core 1 'Adder' <Latency = 0> <II = 1> <Delay = 0.98> <FuncUnit> <Opcode : 'add' 'sub'> <InPorts = 2> <OutPorts = 1>
ST_2 : Operation 95 [1/1] (0.00ns)   --->   "%zext_ln109_10 = zext i14 %add_ln109_5" [cnn.cpp:109]   --->   Operation 95 'zext' 'zext_ln109_10' <Predicate = (!icmp_ln103)> <Delay = 0.00>
ST_2 : Operation 96 [1/1] (0.00ns)   --->   "%layer1_conv_addr_3 = getelementptr i32 %layer1_conv, i64 0, i64 %zext_ln109_10" [cnn.cpp:109]   --->   Operation 96 'getelementptr' 'layer1_conv_addr_3' <Predicate = (!icmp_ln103)> <Delay = 0.00>
ST_2 : Operation 97 [2/2] (1.35ns)   --->   "%layer1_conv_load_1 = load i14 %layer1_conv_addr_2" [cnn.cpp:109]   --->   Operation 97 'load' 'layer1_conv_load_1' <Predicate = (!icmp_ln103)> <Delay = 1.35> <CoreInst = "RAM_1WnR">   --->   Core 84 'RAM_1WnR' <Latency = 1> <II = 1> <Delay = 1.35> <Storage> <Opcode : 'load' 'store'> <Ports = 17> <Width = 32> <Depth = 15376> <RAM>
ST_2 : Operation 98 [2/2] (1.35ns)   --->   "%layer1_conv_load_2 = load i14 %layer1_conv_addr_1" [cnn.cpp:109]   --->   Operation 98 'load' 'layer1_conv_load_2' <Predicate = (!icmp_ln103)> <Delay = 1.35> <CoreInst = "RAM_1WnR">   --->   Core 84 'RAM_1WnR' <Latency = 1> <II = 1> <Delay = 1.35> <Storage> <Opcode : 'load' 'store'> <Ports = 17> <Width = 32> <Depth = 15376> <RAM>
ST_2 : Operation 99 [2/2] (1.35ns)   --->   "%layer1_conv_load_3 = load i14 %layer1_conv_addr_3" [cnn.cpp:109]   --->   Operation 99 'load' 'layer1_conv_load_3' <Predicate = (!icmp_ln103)> <Delay = 1.35> <CoreInst = "RAM_1WnR">   --->   Core 84 'RAM_1WnR' <Latency = 1> <II = 1> <Delay = 1.35> <Storage> <Opcode : 'load' 'store'> <Ports = 17> <Width = 32> <Depth = 15376> <RAM>
ST_2 : Operation 100 [1/1] (0.87ns)   --->   "%add_ln105 = add i5 %select_ln104, i5 1" [cnn.cpp:105]   --->   Operation 100 'add' 'add_ln105' <Predicate = (!icmp_ln103)> <Delay = 0.87> <CoreInst = "Adder">   --->   Core 1 'Adder' <Latency = 0> <II = 1> <Delay = 0.87> <FuncUnit> <Opcode : 'add' 'sub'> <InPorts = 2> <OutPorts = 1>
ST_2 : Operation 101 [1/1] (0.93ns)   --->   "%add_ln104_1 = add i10 %indvar_flatten15_load, i10 1" [cnn.cpp:104]   --->   Operation 101 'add' 'add_ln104_1' <Predicate = (!icmp_ln103)> <Delay = 0.93> <CoreInst = "Adder">   --->   Core 1 'Adder' <Latency = 0> <II = 1> <Delay = 0.93> <FuncUnit> <Opcode : 'add' 'sub'> <InPorts = 2> <OutPorts = 1>
ST_2 : Operation 102 [1/1] (0.47ns)   --->   "%select_ln104_4 = select i1 %icmp_ln104, i10 1, i10 %add_ln104_1" [cnn.cpp:104]   --->   Operation 102 'select' 'select_ln104_4' <Predicate = (!icmp_ln103)> <Delay = 0.47> <CoreInst = "Sel">   --->   Core 73 'Sel' <Latency = 0> <II = 1> <Delay = 0.47> <FuncUnit> <Opcode : 'select'> <InPorts = 3> <OutPorts = 1>
ST_2 : Operation 103 [1/1] (0.48ns)   --->   "%store_ln105 = store i12 %add_ln103_1, i12 %indvar_flatten39" [cnn.cpp:105]   --->   Operation 103 'store' 'store_ln105' <Predicate = (!icmp_ln103)> <Delay = 0.48>
ST_2 : Operation 104 [1/1] (0.48ns)   --->   "%store_ln105 = store i3 %select_ln103_1, i3 %f" [cnn.cpp:105]   --->   Operation 104 'store' 'store_ln105' <Predicate = (!icmp_ln103)> <Delay = 0.48>
ST_2 : Operation 105 [1/1] (0.48ns)   --->   "%store_ln105 = store i10 %select_ln104_4, i10 %indvar_flatten15" [cnn.cpp:105]   --->   Operation 105 'store' 'store_ln105' <Predicate = (!icmp_ln103)> <Delay = 0.48>
ST_2 : Operation 106 [1/1] (0.48ns)   --->   "%store_ln105 = store i5 %select_ln104_1, i5 %r_1" [cnn.cpp:105]   --->   Operation 106 'store' 'store_ln105' <Predicate = (!icmp_ln103)> <Delay = 0.48>
ST_2 : Operation 107 [1/1] (0.48ns)   --->   "%store_ln105 = store i5 %add_ln105, i5 %c" [cnn.cpp:105]   --->   Operation 107 'store' 'store_ln105' <Predicate = (!icmp_ln103)> <Delay = 0.48>

State 3 <SV = 2> <Delay = 4.70>
ST_3 : Operation 108 [1/2] (1.35ns)   --->   "%layer1_conv_load = load i14 %layer1_conv_addr" [cnn.cpp:109]   --->   Operation 108 'load' 'layer1_conv_load' <Predicate = true> <Delay = 1.35> <CoreInst = "RAM_1WnR">   --->   Core 84 'RAM_1WnR' <Latency = 1> <II = 1> <Delay = 1.35> <Storage> <Opcode : 'load' 'store'> <Ports = 17> <Width = 32> <Depth = 15376> <RAM>
ST_3 : Operation 109 [2/2] (3.34ns)   --->   "%tmp_4 = fcmp_ogt  i32 %layer1_conv_load, i32 -1e+09" [cnn.cpp:110]   --->   Operation 109 'fcmp' 'tmp_4' <Predicate = true> <Delay = 3.34> <CoreInst = "FCompare">   --->   Core 19 'FCompare' <Latency = 1> <II = 1> <Delay = 3.34> <FuncUnit> <Opcode : 'fcmp'> <InPorts = 2> <OutPorts = 1>
ST_3 : Operation 110 [1/2] (1.35ns)   --->   "%layer1_conv_load_1 = load i14 %layer1_conv_addr_2" [cnn.cpp:109]   --->   Operation 110 'load' 'layer1_conv_load_1' <Predicate = true> <Delay = 1.35> <CoreInst = "RAM_1WnR">   --->   Core 84 'RAM_1WnR' <Latency = 1> <II = 1> <Delay = 1.35> <Storage> <Opcode : 'load' 'store'> <Ports = 17> <Width = 32> <Depth = 15376> <RAM>
ST_3 : Operation 111 [1/2] (1.35ns)   --->   "%layer1_conv_load_2 = load i14 %layer1_conv_addr_1" [cnn.cpp:109]   --->   Operation 111 'load' 'layer1_conv_load_2' <Predicate = true> <Delay = 1.35> <CoreInst = "RAM_1WnR">   --->   Core 84 'RAM_1WnR' <Latency = 1> <II = 1> <Delay = 1.35> <Storage> <Opcode : 'load' 'store'> <Ports = 17> <Width = 32> <Depth = 15376> <RAM>
ST_3 : Operation 112 [1/2] (1.35ns)   --->   "%layer1_conv_load_3 = load i14 %layer1_conv_addr_3" [cnn.cpp:109]   --->   Operation 112 'load' 'layer1_conv_load_3' <Predicate = true> <Delay = 1.35> <CoreInst = "RAM_1WnR">   --->   Core 84 'RAM_1WnR' <Latency = 1> <II = 1> <Delay = 1.35> <Storage> <Opcode : 'load' 'store'> <Ports = 17> <Width = 32> <Depth = 15376> <RAM>

State 4 <SV = 3> <Delay = 7.22>
ST_4 : Operation 113 [1/1] (0.00ns)   --->   "%bitcast_ln110 = bitcast i32 %layer1_conv_load" [cnn.cpp:110]   --->   Operation 113 'bitcast' 'bitcast_ln110' <Predicate = true> <Delay = 0.00>
ST_4 : Operation 114 [1/1] (0.00ns)   --->   "%tmp_3 = partselect i8 @_ssdm_op_PartSelect.i8.i32.i32.i32, i32 %bitcast_ln110, i32 23, i32 30" [cnn.cpp:110]   --->   Operation 114 'partselect' 'tmp_3' <Predicate = true> <Delay = 0.00>
ST_4 : Operation 115 [1/1] (0.00ns)   --->   "%trunc_ln110 = trunc i32 %bitcast_ln110" [cnn.cpp:110]   --->   Operation 115 'trunc' 'trunc_ln110' <Predicate = true> <Delay = 0.00>
ST_4 : Operation 116 [1/1] (0.85ns)   --->   "%icmp_ln110 = icmp_ne  i8 %tmp_3, i8 255" [cnn.cpp:110]   --->   Operation 116 'icmp' 'icmp_ln110' <Predicate = true> <Delay = 0.85> <CoreInst = "Cmp">   --->   Core 9 'Cmp' <Latency = 0> <II = 1> <Delay = 0.85> <FuncUnit> <Opcode : 'icmp'> <InPorts = 2> <OutPorts = 1>
ST_4 : Operation 117 [1/1] (0.97ns)   --->   "%icmp_ln110_1 = icmp_eq  i23 %trunc_ln110, i23 0" [cnn.cpp:110]   --->   Operation 117 'icmp' 'icmp_ln110_1' <Predicate = true> <Delay = 0.97> <CoreInst = "Cmp">   --->   Core 9 'Cmp' <Latency = 0> <II = 1> <Delay = 0.97> <FuncUnit> <Opcode : 'icmp'> <InPorts = 2> <OutPorts = 1>
ST_4 : Operation 118 [1/1] (0.00ns) (grouped into LUT with out node select_ln110)   --->   "%or_ln110 = or i1 %icmp_ln110_1, i1 %icmp_ln110" [cnn.cpp:110]   --->   Operation 118 'or' 'or_ln110' <Predicate = true> <Delay = 0.00> <CoreInst = "LogicGate">   --->   Core 74 'LogicGate' <Latency = 0> <II = 1> <Delay = 0.33> <FuncUnit> <Opcode : 'and' 'or' 'xor'> <InPorts = 2> <OutPorts = 1>
ST_4 : Operation 119 [1/2] (3.34ns)   --->   "%tmp_4 = fcmp_ogt  i32 %layer1_conv_load, i32 -1e+09" [cnn.cpp:110]   --->   Operation 119 'fcmp' 'tmp_4' <Predicate = true> <Delay = 3.34> <CoreInst = "FCompare">   --->   Core 19 'FCompare' <Latency = 1> <II = 1> <Delay = 3.34> <FuncUnit> <Opcode : 'fcmp'> <InPorts = 2> <OutPorts = 1>
ST_4 : Operation 120 [1/1] (0.00ns) (grouped into LUT with out node select_ln110)   --->   "%and_ln110 = and i1 %or_ln110, i1 %tmp_4" [cnn.cpp:110]   --->   Operation 120 'and' 'and_ln110' <Predicate = true> <Delay = 0.00> <CoreInst = "LogicGate">   --->   Core 74 'LogicGate' <Latency = 0> <II = 1> <Delay = 0.33> <FuncUnit> <Opcode : 'and' 'or' 'xor'> <InPorts = 2> <OutPorts = 1>
ST_4 : Operation 121 [1/1] (0.52ns) (out node of the LUT)   --->   "%select_ln110 = select i1 %and_ln110, i32 %layer1_conv_load, i32 -1e+09" [cnn.cpp:110]   --->   Operation 121 'select' 'select_ln110' <Predicate = true> <Delay = 0.52> <CoreInst = "Sel">   --->   Core 73 'Sel' <Latency = 0> <II = 1> <Delay = 0.52> <FuncUnit> <Opcode : 'select'> <InPorts = 3> <OutPorts = 1>
ST_4 : Operation 122 [2/2] (3.34ns)   --->   "%tmp_7 = fcmp_ogt  i32 %layer1_conv_load_1, i32 %select_ln110" [cnn.cpp:110]   --->   Operation 122 'fcmp' 'tmp_7' <Predicate = true> <Delay = 3.34> <CoreInst = "FCompare">   --->   Core 19 'FCompare' <Latency = 1> <II = 1> <Delay = 3.34> <FuncUnit> <Opcode : 'fcmp'> <InPorts = 2> <OutPorts = 1>

State 5 <SV = 4> <Delay = 4.20>
ST_5 : Operation 123 [1/1] (0.00ns)   --->   "%bitcast_ln110_1 = bitcast i32 %layer1_conv_load_1" [cnn.cpp:110]   --->   Operation 123 'bitcast' 'bitcast_ln110_1' <Predicate = true> <Delay = 0.00>
ST_5 : Operation 124 [1/1] (0.00ns)   --->   "%tmp_5 = partselect i8 @_ssdm_op_PartSelect.i8.i32.i32.i32, i32 %bitcast_ln110_1, i32 23, i32 30" [cnn.cpp:110]   --->   Operation 124 'partselect' 'tmp_5' <Predicate = true> <Delay = 0.00>
ST_5 : Operation 125 [1/1] (0.00ns)   --->   "%trunc_ln110_1 = trunc i32 %bitcast_ln110_1" [cnn.cpp:110]   --->   Operation 125 'trunc' 'trunc_ln110_1' <Predicate = true> <Delay = 0.00>
ST_5 : Operation 126 [1/1] (0.00ns)   --->   "%bitcast_ln110_2 = bitcast i32 %select_ln110" [cnn.cpp:110]   --->   Operation 126 'bitcast' 'bitcast_ln110_2' <Predicate = true> <Delay = 0.00>
ST_5 : Operation 127 [1/1] (0.00ns)   --->   "%tmp_6 = partselect i8 @_ssdm_op_PartSelect.i8.i32.i32.i32, i32 %bitcast_ln110_2, i32 23, i32 30" [cnn.cpp:110]   --->   Operation 127 'partselect' 'tmp_6' <Predicate = true> <Delay = 0.00>
ST_5 : Operation 128 [1/1] (0.00ns)   --->   "%trunc_ln110_2 = trunc i32 %bitcast_ln110_2" [cnn.cpp:110]   --->   Operation 128 'trunc' 'trunc_ln110_2' <Predicate = true> <Delay = 0.00>
ST_5 : Operation 129 [1/1] (0.85ns)   --->   "%icmp_ln110_2 = icmp_ne  i8 %tmp_5, i8 255" [cnn.cpp:110]   --->   Operation 129 'icmp' 'icmp_ln110_2' <Predicate = true> <Delay = 0.85> <CoreInst = "Cmp">   --->   Core 9 'Cmp' <Latency = 0> <II = 1> <Delay = 0.85> <FuncUnit> <Opcode : 'icmp'> <InPorts = 2> <OutPorts = 1>
ST_5 : Operation 130 [1/1] (0.97ns)   --->   "%icmp_ln110_3 = icmp_eq  i23 %trunc_ln110_1, i23 0" [cnn.cpp:110]   --->   Operation 130 'icmp' 'icmp_ln110_3' <Predicate = true> <Delay = 0.97> <CoreInst = "Cmp">   --->   Core 9 'Cmp' <Latency = 0> <II = 1> <Delay = 0.97> <FuncUnit> <Opcode : 'icmp'> <InPorts = 2> <OutPorts = 1>
ST_5 : Operation 131 [1/1] (0.00ns) (grouped into LUT with out node and_ln110_2)   --->   "%or_ln110_1 = or i1 %icmp_ln110_3, i1 %icmp_ln110_2" [cnn.cpp:110]   --->   Operation 131 'or' 'or_ln110_1' <Predicate = true> <Delay = 0.00> <CoreInst = "LogicGate">   --->   Core 74 'LogicGate' <Latency = 0> <II = 1> <Delay = 0.33> <FuncUnit> <Opcode : 'and' 'or' 'xor'> <InPorts = 2> <OutPorts = 1>
ST_5 : Operation 132 [1/1] (0.85ns)   --->   "%icmp_ln110_4 = icmp_ne  i8 %tmp_6, i8 255" [cnn.cpp:110]   --->   Operation 132 'icmp' 'icmp_ln110_4' <Predicate = true> <Delay = 0.85> <CoreInst = "Cmp">   --->   Core 9 'Cmp' <Latency = 0> <II = 1> <Delay = 0.85> <FuncUnit> <Opcode : 'icmp'> <InPorts = 2> <OutPorts = 1>
ST_5 : Operation 133 [1/1] (0.97ns)   --->   "%icmp_ln110_5 = icmp_eq  i23 %trunc_ln110_2, i23 0" [cnn.cpp:110]   --->   Operation 133 'icmp' 'icmp_ln110_5' <Predicate = true> <Delay = 0.97> <CoreInst = "Cmp">   --->   Core 9 'Cmp' <Latency = 0> <II = 1> <Delay = 0.97> <FuncUnit> <Opcode : 'icmp'> <InPorts = 2> <OutPorts = 1>
ST_5 : Operation 134 [1/1] (0.00ns) (grouped into LUT with out node and_ln110_2)   --->   "%or_ln110_2 = or i1 %icmp_ln110_5, i1 %icmp_ln110_4" [cnn.cpp:110]   --->   Operation 134 'or' 'or_ln110_2' <Predicate = true> <Delay = 0.00> <CoreInst = "LogicGate">   --->   Core 74 'LogicGate' <Latency = 0> <II = 1> <Delay = 0.33> <FuncUnit> <Opcode : 'and' 'or' 'xor'> <InPorts = 2> <OutPorts = 1>
ST_5 : Operation 135 [1/1] (0.00ns) (grouped into LUT with out node and_ln110_2)   --->   "%and_ln110_1 = and i1 %or_ln110_1, i1 %or_ln110_2" [cnn.cpp:110]   --->   Operation 135 'and' 'and_ln110_1' <Predicate = true> <Delay = 0.00> <CoreInst = "LogicGate">   --->   Core 74 'LogicGate' <Latency = 0> <II = 1> <Delay = 0.33> <FuncUnit> <Opcode : 'and' 'or' 'xor'> <InPorts = 2> <OutPorts = 1>
ST_5 : Operation 136 [1/2] (3.34ns)   --->   "%tmp_7 = fcmp_ogt  i32 %layer1_conv_load_1, i32 %select_ln110" [cnn.cpp:110]   --->   Operation 136 'fcmp' 'tmp_7' <Predicate = true> <Delay = 3.34> <CoreInst = "FCompare">   --->   Core 19 'FCompare' <Latency = 1> <II = 1> <Delay = 3.34> <FuncUnit> <Opcode : 'fcmp'> <InPorts = 2> <OutPorts = 1>
ST_5 : Operation 137 [1/1] (0.33ns) (out node of the LUT)   --->   "%and_ln110_2 = and i1 %and_ln110_1, i1 %tmp_7" [cnn.cpp:110]   --->   Operation 137 'and' 'and_ln110_2' <Predicate = true> <Delay = 0.33> <CoreInst = "LogicGate">   --->   Core 74 'LogicGate' <Latency = 0> <II = 1> <Delay = 0.33> <FuncUnit> <Opcode : 'and' 'or' 'xor'> <InPorts = 2> <OutPorts = 1>
ST_5 : Operation 138 [1/1] (0.52ns) (out node of the LUT)   --->   "%select_ln110_1 = select i1 %and_ln110_2, i32 %layer1_conv_load_1, i32 %select_ln110" [cnn.cpp:110]   --->   Operation 138 'select' 'select_ln110_1' <Predicate = true> <Delay = 0.52> <CoreInst = "Sel">   --->   Core 73 'Sel' <Latency = 0> <II = 1> <Delay = 0.52> <FuncUnit> <Opcode : 'select'> <InPorts = 3> <OutPorts = 1>

State 6 <SV = 5> <Delay = 3.34>
ST_6 : Operation 139 [2/2] (3.34ns)   --->   "%tmp_s = fcmp_ogt  i32 %layer1_conv_load_2, i32 %select_ln110_1" [cnn.cpp:110]   --->   Operation 139 'fcmp' 'tmp_s' <Predicate = true> <Delay = 3.34> <CoreInst = "FCompare">   --->   Core 19 'FCompare' <Latency = 1> <II = 1> <Delay = 3.34> <FuncUnit> <Opcode : 'fcmp'> <InPorts = 2> <OutPorts = 1>

State 7 <SV = 6> <Delay = 4.20>
ST_7 : Operation 140 [1/1] (0.00ns)   --->   "%bitcast_ln110_3 = bitcast i32 %layer1_conv_load_2" [cnn.cpp:110]   --->   Operation 140 'bitcast' 'bitcast_ln110_3' <Predicate = true> <Delay = 0.00>
ST_7 : Operation 141 [1/1] (0.00ns)   --->   "%tmp_8 = partselect i8 @_ssdm_op_PartSelect.i8.i32.i32.i32, i32 %bitcast_ln110_3, i32 23, i32 30" [cnn.cpp:110]   --->   Operation 141 'partselect' 'tmp_8' <Predicate = true> <Delay = 0.00>
ST_7 : Operation 142 [1/1] (0.00ns)   --->   "%trunc_ln110_3 = trunc i32 %bitcast_ln110_3" [cnn.cpp:110]   --->   Operation 142 'trunc' 'trunc_ln110_3' <Predicate = true> <Delay = 0.00>
ST_7 : Operation 143 [1/1] (0.00ns)   --->   "%bitcast_ln110_4 = bitcast i32 %select_ln110_1" [cnn.cpp:110]   --->   Operation 143 'bitcast' 'bitcast_ln110_4' <Predicate = true> <Delay = 0.00>
ST_7 : Operation 144 [1/1] (0.00ns)   --->   "%tmp_9 = partselect i8 @_ssdm_op_PartSelect.i8.i32.i32.i32, i32 %bitcast_ln110_4, i32 23, i32 30" [cnn.cpp:110]   --->   Operation 144 'partselect' 'tmp_9' <Predicate = true> <Delay = 0.00>
ST_7 : Operation 145 [1/1] (0.00ns)   --->   "%trunc_ln110_4 = trunc i32 %bitcast_ln110_4" [cnn.cpp:110]   --->   Operation 145 'trunc' 'trunc_ln110_4' <Predicate = true> <Delay = 0.00>
ST_7 : Operation 146 [1/1] (0.85ns)   --->   "%icmp_ln110_6 = icmp_ne  i8 %tmp_8, i8 255" [cnn.cpp:110]   --->   Operation 146 'icmp' 'icmp_ln110_6' <Predicate = true> <Delay = 0.85> <CoreInst = "Cmp">   --->   Core 9 'Cmp' <Latency = 0> <II = 1> <Delay = 0.85> <FuncUnit> <Opcode : 'icmp'> <InPorts = 2> <OutPorts = 1>
ST_7 : Operation 147 [1/1] (0.97ns)   --->   "%icmp_ln110_7 = icmp_eq  i23 %trunc_ln110_3, i23 0" [cnn.cpp:110]   --->   Operation 147 'icmp' 'icmp_ln110_7' <Predicate = true> <Delay = 0.97> <CoreInst = "Cmp">   --->   Core 9 'Cmp' <Latency = 0> <II = 1> <Delay = 0.97> <FuncUnit> <Opcode : 'icmp'> <InPorts = 2> <OutPorts = 1>
ST_7 : Operation 148 [1/1] (0.00ns) (grouped into LUT with out node and_ln110_4)   --->   "%or_ln110_3 = or i1 %icmp_ln110_7, i1 %icmp_ln110_6" [cnn.cpp:110]   --->   Operation 148 'or' 'or_ln110_3' <Predicate = true> <Delay = 0.00> <CoreInst = "LogicGate">   --->   Core 74 'LogicGate' <Latency = 0> <II = 1> <Delay = 0.33> <FuncUnit> <Opcode : 'and' 'or' 'xor'> <InPorts = 2> <OutPorts = 1>
ST_7 : Operation 149 [1/1] (0.85ns)   --->   "%icmp_ln110_8 = icmp_ne  i8 %tmp_9, i8 255" [cnn.cpp:110]   --->   Operation 149 'icmp' 'icmp_ln110_8' <Predicate = true> <Delay = 0.85> <CoreInst = "Cmp">   --->   Core 9 'Cmp' <Latency = 0> <II = 1> <Delay = 0.85> <FuncUnit> <Opcode : 'icmp'> <InPorts = 2> <OutPorts = 1>
ST_7 : Operation 150 [1/1] (0.97ns)   --->   "%icmp_ln110_9 = icmp_eq  i23 %trunc_ln110_4, i23 0" [cnn.cpp:110]   --->   Operation 150 'icmp' 'icmp_ln110_9' <Predicate = true> <Delay = 0.97> <CoreInst = "Cmp">   --->   Core 9 'Cmp' <Latency = 0> <II = 1> <Delay = 0.97> <FuncUnit> <Opcode : 'icmp'> <InPorts = 2> <OutPorts = 1>
ST_7 : Operation 151 [1/1] (0.00ns) (grouped into LUT with out node and_ln110_4)   --->   "%or_ln110_4 = or i1 %icmp_ln110_9, i1 %icmp_ln110_8" [cnn.cpp:110]   --->   Operation 151 'or' 'or_ln110_4' <Predicate = true> <Delay = 0.00> <CoreInst = "LogicGate">   --->   Core 74 'LogicGate' <Latency = 0> <II = 1> <Delay = 0.33> <FuncUnit> <Opcode : 'and' 'or' 'xor'> <InPorts = 2> <OutPorts = 1>
ST_7 : Operation 152 [1/1] (0.00ns) (grouped into LUT with out node and_ln110_4)   --->   "%and_ln110_3 = and i1 %or_ln110_3, i1 %or_ln110_4" [cnn.cpp:110]   --->   Operation 152 'and' 'and_ln110_3' <Predicate = true> <Delay = 0.00> <CoreInst = "LogicGate">   --->   Core 74 'LogicGate' <Latency = 0> <II = 1> <Delay = 0.33> <FuncUnit> <Opcode : 'and' 'or' 'xor'> <InPorts = 2> <OutPorts = 1>
ST_7 : Operation 153 [1/2] (3.34ns)   --->   "%tmp_s = fcmp_ogt  i32 %layer1_conv_load_2, i32 %select_ln110_1" [cnn.cpp:110]   --->   Operation 153 'fcmp' 'tmp_s' <Predicate = true> <Delay = 3.34> <CoreInst = "FCompare">   --->   Core 19 'FCompare' <Latency = 1> <II = 1> <Delay = 3.34> <FuncUnit> <Opcode : 'fcmp'> <InPorts = 2> <OutPorts = 1>
ST_7 : Operation 154 [1/1] (0.33ns) (out node of the LUT)   --->   "%and_ln110_4 = and i1 %and_ln110_3, i1 %tmp_s" [cnn.cpp:110]   --->   Operation 154 'and' 'and_ln110_4' <Predicate = true> <Delay = 0.33> <CoreInst = "LogicGate">   --->   Core 74 'LogicGate' <Latency = 0> <II = 1> <Delay = 0.33> <FuncUnit> <Opcode : 'and' 'or' 'xor'> <InPorts = 2> <OutPorts = 1>
ST_7 : Operation 155 [1/1] (0.52ns) (out node of the LUT)   --->   "%select_ln110_2 = select i1 %and_ln110_4, i32 %layer1_conv_load_2, i32 %select_ln110_1" [cnn.cpp:110]   --->   Operation 155 'select' 'select_ln110_2' <Predicate = true> <Delay = 0.52> <CoreInst = "Sel">   --->   Core 73 'Sel' <Latency = 0> <II = 1> <Delay = 0.52> <FuncUnit> <Opcode : 'select'> <InPorts = 3> <OutPorts = 1>

State 8 <SV = 7> <Delay = 3.34>
ST_8 : Operation 156 [2/2] (3.34ns)   --->   "%tmp_12 = fcmp_ogt  i32 %layer1_conv_load_3, i32 %select_ln110_2" [cnn.cpp:110]   --->   Operation 156 'fcmp' 'tmp_12' <Predicate = true> <Delay = 3.34> <CoreInst = "FCompare">   --->   Core 19 'FCompare' <Latency = 1> <II = 1> <Delay = 3.34> <FuncUnit> <Opcode : 'fcmp'> <InPorts = 2> <OutPorts = 1>
ST_8 : Operation 183 [1/1] (0.00ns)   --->   "%ret_ln0 = ret"   --->   Operation 183 'ret' 'ret_ln0' <Predicate = (icmp_ln103)> <Delay = 0.00>

State 9 <SV = 8> <Delay = 5.55>
ST_9 : Operation 157 [1/1] (0.00ns)   --->   "%specloopname_ln0 = specloopname void @_ssdm_op_SpecLoopName, void @VITIS_LOOP_103_6_VITIS_LOOP_104_7_VITIS_LOOP_105_8_str"   --->   Operation 157 'specloopname' 'specloopname_ln0' <Predicate = true> <Delay = 0.00>
ST_9 : Operation 158 [1/1] (0.00ns)   --->   "%empty_36 = speclooptripcount i32 @_ssdm_op_SpecLoopTripCount, i64 3844, i64 3844, i64 3844"   --->   Operation 158 'speclooptripcount' 'empty_36' <Predicate = true> <Delay = 0.00>
ST_9 : Operation 159 [1/1] (0.00ns)   --->   "%specpipeline_ln0 = specpipeline void @_ssdm_op_SpecPipeline, i32 4294967295, i32 0, i32 1, i32 0, void @p_str"   --->   Operation 159 'specpipeline' 'specpipeline_ln0' <Predicate = true> <Delay = 0.00>
ST_9 : Operation 160 [1/1] (0.00ns)   --->   "%specloopname_ln0 = specloopname void @_ssdm_op_SpecLoopName, void @VITIS_LOOP_104_7_VITIS_LOOP_105_8_str"   --->   Operation 160 'specloopname' 'specloopname_ln0' <Predicate = true> <Delay = 0.00>
ST_9 : Operation 161 [1/1] (0.00ns)   --->   "%specpipeline_ln0 = specpipeline void @_ssdm_op_SpecPipeline, i32 4294967295, i32 0, i32 1, i32 0, void @p_str"   --->   Operation 161 'specpipeline' 'specpipeline_ln0' <Predicate = true> <Delay = 0.00>
ST_9 : Operation 162 [1/1] (0.00ns)   --->   "%zext_ln113_2 = zext i12 %add_ln113_1" [cnn.cpp:113]   --->   Operation 162 'zext' 'zext_ln113_2' <Predicate = true> <Delay = 0.00>
ST_9 : Operation 163 [1/1] (0.00ns)   --->   "%layer1_pool_addr = getelementptr i32 %layer1_pool, i64 0, i64 %zext_ln113_2" [cnn.cpp:113]   --->   Operation 163 'getelementptr' 'layer1_pool_addr' <Predicate = true> <Delay = 0.00>
ST_9 : Operation 164 [1/1] (0.00ns)   --->   "%specloopname_ln106 = specloopname void @_ssdm_op_SpecLoopName, void @empty_17" [cnn.cpp:106]   --->   Operation 164 'specloopname' 'specloopname_ln106' <Predicate = true> <Delay = 0.00>
ST_9 : Operation 165 [1/1] (0.00ns)   --->   "%bitcast_ln110_5 = bitcast i32 %layer1_conv_load_3" [cnn.cpp:110]   --->   Operation 165 'bitcast' 'bitcast_ln110_5' <Predicate = true> <Delay = 0.00>
ST_9 : Operation 166 [1/1] (0.00ns)   --->   "%tmp_10 = partselect i8 @_ssdm_op_PartSelect.i8.i32.i32.i32, i32 %bitcast_ln110_5, i32 23, i32 30" [cnn.cpp:110]   --->   Operation 166 'partselect' 'tmp_10' <Predicate = true> <Delay = 0.00>
ST_9 : Operation 167 [1/1] (0.00ns)   --->   "%trunc_ln110_5 = trunc i32 %bitcast_ln110_5" [cnn.cpp:110]   --->   Operation 167 'trunc' 'trunc_ln110_5' <Predicate = true> <Delay = 0.00>
ST_9 : Operation 168 [1/1] (0.00ns)   --->   "%bitcast_ln110_6 = bitcast i32 %select_ln110_2" [cnn.cpp:110]   --->   Operation 168 'bitcast' 'bitcast_ln110_6' <Predicate = true> <Delay = 0.00>
ST_9 : Operation 169 [1/1] (0.00ns)   --->   "%tmp_11 = partselect i8 @_ssdm_op_PartSelect.i8.i32.i32.i32, i32 %bitcast_ln110_6, i32 23, i32 30" [cnn.cpp:110]   --->   Operation 169 'partselect' 'tmp_11' <Predicate = true> <Delay = 0.00>
ST_9 : Operation 170 [1/1] (0.00ns)   --->   "%trunc_ln110_6 = trunc i32 %bitcast_ln110_6" [cnn.cpp:110]   --->   Operation 170 'trunc' 'trunc_ln110_6' <Predicate = true> <Delay = 0.00>
ST_9 : Operation 171 [1/1] (0.85ns)   --->   "%icmp_ln110_10 = icmp_ne  i8 %tmp_10, i8 255" [cnn.cpp:110]   --->   Operation 171 'icmp' 'icmp_ln110_10' <Predicate = true> <Delay = 0.85> <CoreInst = "Cmp">   --->   Core 9 'Cmp' <Latency = 0> <II = 1> <Delay = 0.85> <FuncUnit> <Opcode : 'icmp'> <InPorts = 2> <OutPorts = 1>
ST_9 : Operation 172 [1/1] (0.97ns)   --->   "%icmp_ln110_11 = icmp_eq  i23 %trunc_ln110_5, i23 0" [cnn.cpp:110]   --->   Operation 172 'icmp' 'icmp_ln110_11' <Predicate = true> <Delay = 0.97> <CoreInst = "Cmp">   --->   Core 9 'Cmp' <Latency = 0> <II = 1> <Delay = 0.97> <FuncUnit> <Opcode : 'icmp'> <InPorts = 2> <OutPorts = 1>
ST_9 : Operation 173 [1/1] (0.00ns) (grouped into LUT with out node and_ln110_6)   --->   "%or_ln110_5 = or i1 %icmp_ln110_11, i1 %icmp_ln110_10" [cnn.cpp:110]   --->   Operation 173 'or' 'or_ln110_5' <Predicate = true> <Delay = 0.00> <CoreInst = "LogicGate">   --->   Core 74 'LogicGate' <Latency = 0> <II = 1> <Delay = 0.33> <FuncUnit> <Opcode : 'and' 'or' 'xor'> <InPorts = 2> <OutPorts = 1>
ST_9 : Operation 174 [1/1] (0.85ns)   --->   "%icmp_ln110_12 = icmp_ne  i8 %tmp_11, i8 255" [cnn.cpp:110]   --->   Operation 174 'icmp' 'icmp_ln110_12' <Predicate = true> <Delay = 0.85> <CoreInst = "Cmp">   --->   Core 9 'Cmp' <Latency = 0> <II = 1> <Delay = 0.85> <FuncUnit> <Opcode : 'icmp'> <InPorts = 2> <OutPorts = 1>
ST_9 : Operation 175 [1/1] (0.97ns)   --->   "%icmp_ln110_13 = icmp_eq  i23 %trunc_ln110_6, i23 0" [cnn.cpp:110]   --->   Operation 175 'icmp' 'icmp_ln110_13' <Predicate = true> <Delay = 0.97> <CoreInst = "Cmp">   --->   Core 9 'Cmp' <Latency = 0> <II = 1> <Delay = 0.97> <FuncUnit> <Opcode : 'icmp'> <InPorts = 2> <OutPorts = 1>
ST_9 : Operation 176 [1/1] (0.00ns) (grouped into LUT with out node and_ln110_6)   --->   "%or_ln110_6 = or i1 %icmp_ln110_13, i1 %icmp_ln110_12" [cnn.cpp:110]   --->   Operation 176 'or' 'or_ln110_6' <Predicate = true> <Delay = 0.00> <CoreInst = "LogicGate">   --->   Core 74 'LogicGate' <Latency = 0> <II = 1> <Delay = 0.33> <FuncUnit> <Opcode : 'and' 'or' 'xor'> <InPorts = 2> <OutPorts = 1>
ST_9 : Operation 177 [1/1] (0.00ns) (grouped into LUT with out node and_ln110_6)   --->   "%and_ln110_5 = and i1 %or_ln110_5, i1 %or_ln110_6" [cnn.cpp:110]   --->   Operation 177 'and' 'and_ln110_5' <Predicate = true> <Delay = 0.00> <CoreInst = "LogicGate">   --->   Core 74 'LogicGate' <Latency = 0> <II = 1> <Delay = 0.33> <FuncUnit> <Opcode : 'and' 'or' 'xor'> <InPorts = 2> <OutPorts = 1>
ST_9 : Operation 178 [1/2] (3.34ns)   --->   "%tmp_12 = fcmp_ogt  i32 %layer1_conv_load_3, i32 %select_ln110_2" [cnn.cpp:110]   --->   Operation 178 'fcmp' 'tmp_12' <Predicate = true> <Delay = 3.34> <CoreInst = "FCompare">   --->   Core 19 'FCompare' <Latency = 1> <II = 1> <Delay = 3.34> <FuncUnit> <Opcode : 'fcmp'> <InPorts = 2> <OutPorts = 1>
ST_9 : Operation 179 [1/1] (0.33ns) (out node of the LUT)   --->   "%and_ln110_6 = and i1 %and_ln110_5, i1 %tmp_12" [cnn.cpp:110]   --->   Operation 179 'and' 'and_ln110_6' <Predicate = true> <Delay = 0.33> <CoreInst = "LogicGate">   --->   Core 74 'LogicGate' <Latency = 0> <II = 1> <Delay = 0.33> <FuncUnit> <Opcode : 'and' 'or' 'xor'> <InPorts = 2> <OutPorts = 1>
ST_9 : Operation 180 [1/1] (0.52ns) (out node of the LUT)   --->   "%select_ln110_3 = select i1 %and_ln110_6, i32 %layer1_conv_load_3, i32 %select_ln110_2" [cnn.cpp:110]   --->   Operation 180 'select' 'select_ln110_3' <Predicate = true> <Delay = 0.52> <CoreInst = "Sel">   --->   Core 73 'Sel' <Latency = 0> <II = 1> <Delay = 0.52> <FuncUnit> <Opcode : 'select'> <InPorts = 3> <OutPorts = 1>
ST_9 : Operation 181 [1/1] (1.35ns)   --->   "%store_ln113 = store i32 %select_ln110_3, i12 %layer1_pool_addr" [cnn.cpp:113]   --->   Operation 181 'store' 'store_ln113' <Predicate = true> <Delay = 1.35> <CoreInst = "RAM_1WnR">   --->   Core 84 'RAM_1WnR' <Latency = 1> <II = 1> <Delay = 1.35> <Storage> <Opcode : 'load' 'store'> <Ports = 17> <Width = 32> <Depth = 3844> <RAM>
ST_9 : Operation 182 [1/1] (0.00ns)   --->   "%br_ln105 = br void %VITIS_LOOP_107_9" [cnn.cpp:105]   --->   Operation 182 'br' 'br_ln105' <Predicate = true> <Delay = 0.00>


============================================================
+ Verbose Summary: Timing violations
============================================================
Target clock period: 10ns, clock uncertainty: 2.7ns.

 <State 1>: 0.489ns
The critical path consists of the following:
	'alloca' operation ('indvar_flatten39') [7]  (0 ns)
	'store' operation ('store_ln0') of constant 0 on local variable 'indvar_flatten39' [8]  (0.489 ns)

 <State 2>: 6.92ns
The critical path consists of the following:
	'load' operation ('indvar_flatten15_load', cnn.cpp:104) on local variable 'indvar_flatten15' [25]  (0 ns)
	'icmp' operation ('icmp_ln104', cnn.cpp:104) [30]  (0.859 ns)
	'select' operation ('select_ln103', cnn.cpp:103) [31]  (0.48 ns)
	'add' operation ('add_ln104', cnn.cpp:104) [41]  (0.878 ns)
	'select' operation ('select_ln104_2', cnn.cpp:104) [50]  (0.44 ns)
	'sub' operation ('sub_ln109', cnn.cpp:109) [55]  (0.962 ns)
	'add' operation ('add_ln109_2', cnn.cpp:109) [96]  (0.962 ns)
	'add' operation ('add_ln109_3', cnn.cpp:109) [98]  (0.989 ns)
	'getelementptr' operation ('layer1_conv_addr_2', cnn.cpp:109) [100]  (0 ns)
	'load' operation ('layer1_conv_load_1', cnn.cpp:109) on array 'layer1_conv' [108]  (1.35 ns)

 <State 3>: 4.7ns
The critical path consists of the following:
	'load' operation ('layer1_conv_load', cnn.cpp:109) on array 'layer1_conv' [83]  (1.35 ns)
	'fcmp' operation ('tmp_4', cnn.cpp:110) [90]  (3.35 ns)

 <State 4>: 7.22ns
The critical path consists of the following:
	'fcmp' operation ('tmp_4', cnn.cpp:110) [90]  (3.35 ns)
	'and' operation ('and_ln110', cnn.cpp:110) [91]  (0 ns)
	'select' operation ('select_ln110', cnn.cpp:110) [92]  (0.525 ns)
	'fcmp' operation ('tmp_7', cnn.cpp:110) [122]  (3.35 ns)

 <State 5>: 4.2ns
The critical path consists of the following:
	'fcmp' operation ('tmp_7', cnn.cpp:110) [122]  (3.35 ns)
	'and' operation ('and_ln110_2', cnn.cpp:110) [123]  (0.331 ns)
	'select' operation ('select_ln110_1', cnn.cpp:110) [124]  (0.525 ns)

 <State 6>: 3.35ns
The critical path consists of the following:
	'fcmp' operation ('tmp_s', cnn.cpp:110) [139]  (3.35 ns)

 <State 7>: 4.2ns
The critical path consists of the following:
	'fcmp' operation ('tmp_s', cnn.cpp:110) [139]  (3.35 ns)
	'and' operation ('and_ln110_4', cnn.cpp:110) [140]  (0.331 ns)
	'select' operation ('select_ln110_2', cnn.cpp:110) [141]  (0.525 ns)

 <State 8>: 3.35ns
The critical path consists of the following:
	'fcmp' operation ('tmp_12', cnn.cpp:110) [156]  (3.35 ns)

 <State 9>: 5.56ns
The critical path consists of the following:
	'fcmp' operation ('tmp_12', cnn.cpp:110) [156]  (3.35 ns)
	'and' operation ('and_ln110_6', cnn.cpp:110) [157]  (0.331 ns)
	'select' operation ('select_ln110_3', cnn.cpp:110) [158]  (0.525 ns)
	'store' operation ('store_ln113', cnn.cpp:113) of variable 'select_ln110_3', cnn.cpp:110 on array 'layer1_pool' [159]  (1.35 ns)


============================================================
+ Verbose Summary: Binding
============================================================
N/A
* FSMD analyzer results:
  - Output states:
 - Input state : 
  - Chain level:
	State 1
	State 2
	State 3
	State 4
	State 5
	State 6
	State 7
	State 8
	State 9


============================================================
+ Verbose Summary: Datapath Resource usage 
============================================================
N/A
