

================================================================
== Vitis HLS Report for 'cnn_predict'
================================================================
* Date:           Tue Nov 25 13:54:32 2025

* Version:        2022.2 (Build 3670227 on Oct 13 2022)
* Project:        cnn_hls
* Solution:       solution1 (Vivado IP Flow Target)
* Product family: zynquplus
* Target device:  xczu3eg-sbva484-1-i


================================================================
== Performance Estimates
================================================================
+ Timing: 
    * Summary: 
    +--------+----------+----------+------------+
    |  Clock |  Target  | Estimated| Uncertainty|
    +--------+----------+----------+------------+
    |ap_clk  |  10.00 ns|  7.300 ns|     2.70 ns|
    +--------+----------+----------+------------+

+ Latency: 
    * Summary: 
    +---------+---------+----------+----------+--------+--------+---------+
    |  Latency (cycles) |  Latency (absolute) |     Interval    | Pipeline|
    |   min   |   max   |    min   |    max   |   min  |   max  |   Type  |
    +---------+---------+----------+----------+--------+--------+---------+
    |   209225|   209225|  2.092 ms|  2.092 ms|  209226|  209226|       no|
    +---------+---------+----------+----------+--------+--------+---------+

    + Detail: 
        * Instance: 
        N/A

        * Loop: 
        +---------------------+---------+---------+----------+-----------+-----------+------+----------+
        |                     |  Latency (cycles) | Iteration|  Initiation Interval  | Trip |          |
        |      Loop Name      |   min   |   max   |  Latency |  achieved |   target  | Count| Pipelined|
        +---------------------+---------+---------+----------+-----------+-----------+------+----------+
        |- VITIS_LOOP_76_1    |    77100|    77100|     19275|          -|          -|     4|        no|
        |- VITIS_LOOP_178_25  |   100544|   100544|      6284|          -|          -|    16|        no|
        +---------------------+---------+---------+----------+-----------+-----------+------+----------+

============================================================
+ Verbose Summary: Synthesis Manager
============================================================
InlineROM: 1
ExposeGlobal: 0
============================================================
+ Verbose Summary: CDFG Model
============================================================
IsTopModel: 1
ResetActiveHigh: 1
IsCombinational: 0
IsDatapathOnly: 0
HasWiredReturn: 1
HasMFsm: 0
HasVarLatency: 1
IsPipeline: 0
IsRtlPipelined: 0
IsInstanceOverlapped: 0
IsDontTouch: 0
HasImplIP: 0
IsGatedGlobalClock: 0


============================================================
+ Verbose Summary: Schedule
============================================================
* Number of FSM states : 48
* Pipeline : 0
* Dataflow Pipeline: 0

* FSM state transitions: 
1 --> 2 
2 --> 3 
3 --> 4 
4 --> 5 
5 --> 6 
6 --> 7 
7 --> 8 
8 --> 9 
9 --> 10 
10 --> 11 
11 --> 12 14 
12 --> 13 
13 --> 11 
14 --> 15 
15 --> 16 
16 --> 17 
17 --> 18 
18 --> 19 
19 --> 20 
20 --> 21 
21 --> 22 24 
22 --> 23 
23 --> 21 
24 --> 25 
25 --> 26 
26 --> 27 
27 --> 28 
28 --> 29 
29 --> 30 
30 --> 31 
31 --> 32 
32 --> 33 
33 --> 34 
34 --> 35 
35 --> 36 
36 --> 37 
37 --> 38 
38 --> 39 
39 --> 40 
40 --> 41 
41 --> 42 
42 --> 43 
43 --> 44 
44 --> 45 
45 --> 46 
46 --> 47 
47 --> 48 
48 --> 

* FSM state operations: 

State 1 <SV = 0> <Delay = 1.00>
ST_1 : Operation 49 [1/1] (0.00ns)   --->   "%f = alloca i32 1"   --->   Operation 49 'alloca' 'f' <Predicate = true> <Delay = 0.00>
ST_1 : Operation 50 [1/1] (1.00ns)   --->   "%img_in_read = read i64 @_ssdm_op_Read.s_axilite.i64, i64 %img_in"   --->   Operation 50 'read' 'img_in_read' <Predicate = true> <Delay = 1.00> <CoreInst = "s_axilite">   --->   Core 122 's_axilite' <Latency = 0> <II = 1> <Delay = 1.00> <Adapter> <Opcode : 'read' 'write'>
ST_1 : Operation 51 [1/1] (0.00ns)   --->   "%final_sum_loc = alloca i64 1"   --->   Operation 51 'alloca' 'final_sum_loc' <Predicate = true> <Delay = 0.00>
ST_1 : Operation 52 [1/1] (0.00ns)   --->   "%layer1_conv = alloca i64 1" [cnn.cpp:61]   --->   Operation 52 'alloca' 'layer1_conv' <Predicate = true> <Delay = 0.00>
ST_1 : Operation 53 [1/1] (0.00ns)   --->   "%layer1_pool = alloca i64 1" [cnn.cpp:62]   --->   Operation 53 'alloca' 'layer1_pool' <Predicate = true> <Delay = 0.00>
ST_1 : Operation 54 [1/1] (0.00ns)   --->   "%layer2_conv = alloca i64 1" [cnn.cpp:64]   --->   Operation 54 'alloca' 'layer2_conv' <Predicate = true> <Delay = 0.00>
ST_1 : Operation 55 [1/1] (0.00ns)   --->   "%layer2_pool = alloca i64 1" [cnn.cpp:65]   --->   Operation 55 'alloca' 'layer2_pool' <Predicate = true> <Delay = 0.00>
ST_1 : Operation 56 [1/1] (0.00ns)   --->   "%flat = alloca i64 1" [cnn.cpp:67]   --->   Operation 56 'alloca' 'flat' <Predicate = true> <Delay = 0.00>
ST_1 : Operation 57 [1/1] (0.00ns)   --->   "%dense = alloca i64 1" [cnn.cpp:68]   --->   Operation 57 'alloca' 'dense' <Predicate = true> <Delay = 0.00>
ST_1 : Operation 58 [1/1] (0.00ns)   --->   "%trunc_ln = partselect i62 @_ssdm_op_PartSelect.i62.i64.i32.i32, i64 %img_in_read, i32 2, i32 63" [cnn.cpp:38]   --->   Operation 58 'partselect' 'trunc_ln' <Predicate = true> <Delay = 0.00>
ST_1 : Operation 59 [1/1] (0.48ns)   --->   "%store_ln76 = store i3 0, i3 %f" [cnn.cpp:76]   --->   Operation 59 'store' 'store_ln76' <Predicate = true> <Delay = 0.48>

State 2 <SV = 1> <Delay = 7.30>
ST_2 : Operation 60 [1/1] (0.00ns)   --->   "%sext_ln38 = sext i62 %trunc_ln" [cnn.cpp:38]   --->   Operation 60 'sext' 'sext_ln38' <Predicate = true> <Delay = 0.00>
ST_2 : Operation 61 [1/1] (0.00ns)   --->   "%gmem_addr = getelementptr i32 %gmem, i64 %sext_ln38" [cnn.cpp:38]   --->   Operation 61 'getelementptr' 'gmem_addr' <Predicate = true> <Delay = 0.00>
ST_2 : Operation 62 [7/7] (7.30ns)   --->   "%empty = readreq i1 @_ssdm_op_ReadReq.m_axi.p1i32, i32 %gmem_addr, i32 4096" [cnn.cpp:38]   --->   Operation 62 'readreq' 'empty' <Predicate = true> <Delay = 7.30> <CoreInst = "m_axi">   --->   Core 121 'm_axi' <Latency = 0> <II = 1> <Delay = 1.00> <Adapter> <Opcode : 'read' 'write' 'readreq' 'writereq' 'writeresp'>

State 3 <SV = 2> <Delay = 7.30>
ST_3 : Operation 63 [6/7] (7.30ns)   --->   "%empty = readreq i1 @_ssdm_op_ReadReq.m_axi.p1i32, i32 %gmem_addr, i32 4096" [cnn.cpp:38]   --->   Operation 63 'readreq' 'empty' <Predicate = true> <Delay = 7.30> <CoreInst = "m_axi">   --->   Core 121 'm_axi' <Latency = 0> <II = 1> <Delay = 1.00> <Adapter> <Opcode : 'read' 'write' 'readreq' 'writereq' 'writeresp'>

State 4 <SV = 3> <Delay = 7.30>
ST_4 : Operation 64 [5/7] (7.30ns)   --->   "%empty = readreq i1 @_ssdm_op_ReadReq.m_axi.p1i32, i32 %gmem_addr, i32 4096" [cnn.cpp:38]   --->   Operation 64 'readreq' 'empty' <Predicate = true> <Delay = 7.30> <CoreInst = "m_axi">   --->   Core 121 'm_axi' <Latency = 0> <II = 1> <Delay = 1.00> <Adapter> <Opcode : 'read' 'write' 'readreq' 'writereq' 'writeresp'>

State 5 <SV = 4> <Delay = 7.30>
ST_5 : Operation 65 [4/7] (7.30ns)   --->   "%empty = readreq i1 @_ssdm_op_ReadReq.m_axi.p1i32, i32 %gmem_addr, i32 4096" [cnn.cpp:38]   --->   Operation 65 'readreq' 'empty' <Predicate = true> <Delay = 7.30> <CoreInst = "m_axi">   --->   Core 121 'm_axi' <Latency = 0> <II = 1> <Delay = 1.00> <Adapter> <Opcode : 'read' 'write' 'readreq' 'writereq' 'writeresp'>

State 6 <SV = 5> <Delay = 7.30>
ST_6 : Operation 66 [3/7] (7.30ns)   --->   "%empty = readreq i1 @_ssdm_op_ReadReq.m_axi.p1i32, i32 %gmem_addr, i32 4096" [cnn.cpp:38]   --->   Operation 66 'readreq' 'empty' <Predicate = true> <Delay = 7.30> <CoreInst = "m_axi">   --->   Core 121 'm_axi' <Latency = 0> <II = 1> <Delay = 1.00> <Adapter> <Opcode : 'read' 'write' 'readreq' 'writereq' 'writeresp'>

State 7 <SV = 6> <Delay = 7.30>
ST_7 : Operation 67 [2/7] (7.30ns)   --->   "%empty = readreq i1 @_ssdm_op_ReadReq.m_axi.p1i32, i32 %gmem_addr, i32 4096" [cnn.cpp:38]   --->   Operation 67 'readreq' 'empty' <Predicate = true> <Delay = 7.30> <CoreInst = "m_axi">   --->   Core 121 'm_axi' <Latency = 0> <II = 1> <Delay = 1.00> <Adapter> <Opcode : 'read' 'write' 'readreq' 'writereq' 'writeresp'>

State 8 <SV = 7> <Delay = 7.30>
ST_8 : Operation 68 [1/7] (7.30ns)   --->   "%empty = readreq i1 @_ssdm_op_ReadReq.m_axi.p1i32, i32 %gmem_addr, i32 4096" [cnn.cpp:38]   --->   Operation 68 'readreq' 'empty' <Predicate = true> <Delay = 7.30> <CoreInst = "m_axi">   --->   Core 121 'm_axi' <Latency = 0> <II = 1> <Delay = 1.00> <Adapter> <Opcode : 'read' 'write' 'readreq' 'writereq' 'writeresp'>

State 9 <SV = 8> <Delay = 0.00>
ST_9 : Operation 69 [2/2] (0.00ns)   --->   "%call_ln38 = call void @cnn_predict_Pipeline_VITIS_LOOP_38_1, i32 %gmem, i62 %trunc_ln, i32 %img_read" [cnn.cpp:38]   --->   Operation 69 'call' 'call_ln38' <Predicate = true> <Delay = 0.00> <CoreType = "Generic">   --->   Core 0 '' <Latency = 0> <II = 1> <Delay = 1.00> <Generic> <Opcode : >

State 10 <SV = 9> <Delay = 0.00>
ST_10 : Operation 70 [1/1] (0.00ns)   --->   "%spectopmodule_ln46 = spectopmodule void @_ssdm_op_SpecTopModule, void @empty" [cnn.cpp:46]   --->   Operation 70 'spectopmodule' 'spectopmodule_ln46' <Predicate = true> <Delay = 0.00>
ST_10 : Operation 71 [1/1] (0.00ns)   --->   "%specinterface_ln0 = specinterface void @_ssdm_op_SpecInterface, i32 %gmem, void @empty_14, i32 0, i32 0, void @empty_8, i32 0, i32 4096, void @empty_15, void @empty_11, void @empty_8, i32 16, i32 16, i32 16, i32 16, void @empty_8, void @empty_8, i32 4294967295, i32 0"   --->   Operation 71 'specinterface' 'specinterface_ln0' <Predicate = true> <Delay = 0.00>
ST_10 : Operation 72 [1/1] (0.00ns)   --->   "%specbitsmap_ln0 = specbitsmap void @_ssdm_op_SpecBitsMap, i32 %gmem"   --->   Operation 72 'specbitsmap' 'specbitsmap_ln0' <Predicate = true> <Delay = 0.00>
ST_10 : Operation 73 [1/1] (0.00ns)   --->   "%specinterface_ln0 = specinterface void @_ssdm_op_SpecInterface, i64 %img_in, void @empty_10, i32 0, i32 0, void @empty_8, i32 0, i32 0, void @empty_5, void @empty_4, void @empty_8, i32 0, i32 0, i32 0, i32 0, void @empty_8, void @empty_3, i32 4294967295, i32 0"   --->   Operation 73 'specinterface' 'specinterface_ln0' <Predicate = true> <Delay = 0.00>
ST_10 : Operation 74 [1/1] (0.00ns)   --->   "%specinterface_ln0 = specinterface void @_ssdm_op_SpecInterface, i64 %img_in, void @empty_2, i32 0, i32 0, void @empty_8, i32 0, i32 0, void @empty_8, void @empty_8, void @empty_8, i32 0, i32 0, i32 0, i32 0, void @empty_8, void @empty_3, i32 4294967295, i32 0"   --->   Operation 74 'specinterface' 'specinterface_ln0' <Predicate = true> <Delay = 0.00>
ST_10 : Operation 75 [1/1] (0.00ns)   --->   "%specbitsmap_ln0 = specbitsmap void @_ssdm_op_SpecBitsMap, i32 %steering_out"   --->   Operation 75 'specbitsmap' 'specbitsmap_ln0' <Predicate = true> <Delay = 0.00>
ST_10 : Operation 76 [1/1] (0.00ns)   --->   "%specinterface_ln0 = specinterface void @_ssdm_op_SpecInterface, i32 %steering_out, void @empty_10, i32 0, i32 0, void @empty_8, i32 0, i32 0, void @empty_5, void @empty_19, void @empty_8, i32 0, i32 0, i32 0, i32 0, void @empty_8, void @empty_8, i32 4294967295, i32 0"   --->   Operation 76 'specinterface' 'specinterface_ln0' <Predicate = true> <Delay = 0.00>
ST_10 : Operation 77 [1/1] (0.00ns)   --->   "%specinterface_ln0 = specinterface void @_ssdm_op_SpecInterface, i32 %steering_out, void @empty_2, i32 0, i32 0, void @empty_8, i32 0, i32 0, void @empty_8, void @empty_8, void @empty_8, i32 0, i32 0, i32 0, i32 0, void @empty_8, void @empty_8, i32 4294967295, i32 0"   --->   Operation 77 'specinterface' 'specinterface_ln0' <Predicate = true> <Delay = 0.00>
ST_10 : Operation 78 [1/1] (0.00ns)   --->   "%specinterface_ln0 = specinterface void @_ssdm_op_SpecInterface, i32 0, void @empty_10, i32 0, i32 0, void @empty_8, i32 0, i32 0, void @empty_5, void @empty_8, void @empty_8, i32 0, i32 0, i32 0, i32 0, void @empty_8, void @empty_8, i32 4294967295, i32 0"   --->   Operation 78 'specinterface' 'specinterface_ln0' <Predicate = true> <Delay = 0.00>
ST_10 : Operation 79 [1/1] (0.00ns)   --->   "%specmemcore_ln51 = specmemcore void @_ssdm_op_SpecMemCore, i32 %img_read, i64 666, i64 22, i64 18446744073709551615" [cnn.cpp:51]   --->   Operation 79 'specmemcore' 'specmemcore_ln51' <Predicate = true> <Delay = 0.00>
ST_10 : Operation 80 [1/2] (0.00ns)   --->   "%call_ln38 = call void @cnn_predict_Pipeline_VITIS_LOOP_38_1, i32 %gmem, i62 %trunc_ln, i32 %img_read" [cnn.cpp:38]   --->   Operation 80 'call' 'call_ln38' <Predicate = true> <Delay = 0.00> <CoreType = "Generic">   --->   Core 0 '' <Latency = 0> <II = 1> <Delay = 1.00> <Generic> <Opcode : >
ST_10 : Operation 81 [1/1] (0.00ns)   --->   "%br_ln76 = br void %VITIS_LOOP_77_2" [cnn.cpp:76]   --->   Operation 81 'br' 'br_ln76' <Predicate = true> <Delay = 0.00>

State 11 <SV = 10> <Delay = 2.22>
ST_11 : Operation 82 [1/1] (0.00ns)   --->   "%f_1 = load i3 %f" [cnn.cpp:76]   --->   Operation 82 'load' 'f_1' <Predicate = true> <Delay = 0.00>
ST_11 : Operation 83 [1/1] (0.69ns)   --->   "%icmp_ln76 = icmp_eq  i3 %f_1, i3 4" [cnn.cpp:76]   --->   Operation 83 'icmp' 'icmp_ln76' <Predicate = true> <Delay = 0.69> <CoreInst = "Cmp">   --->   Core 9 'Cmp' <Latency = 0> <II = 1> <Delay = 0.69> <FuncUnit> <Opcode : 'icmp'> <InPorts = 2> <OutPorts = 1>
ST_11 : Operation 84 [1/1] (0.00ns)   --->   "%empty_37 = speclooptripcount i32 @_ssdm_op_SpecLoopTripCount, i64 4, i64 4, i64 4"   --->   Operation 84 'speclooptripcount' 'empty_37' <Predicate = true> <Delay = 0.00>
ST_11 : Operation 85 [1/1] (0.74ns)   --->   "%add_ln76 = add i3 %f_1, i3 1" [cnn.cpp:76]   --->   Operation 85 'add' 'add_ln76' <Predicate = true> <Delay = 0.74> <CoreInst = "Adder">   --->   Core 1 'Adder' <Latency = 0> <II = 1> <Delay = 0.74> <FuncUnit> <Opcode : 'add' 'sub'> <InPorts = 2> <OutPorts = 1>
ST_11 : Operation 86 [1/1] (0.00ns)   --->   "%br_ln76 = br i1 %icmp_ln76, void %VITIS_LOOP_77_2.split, void %VITIS_LOOP_107_9.preheader" [cnn.cpp:76]   --->   Operation 86 'br' 'br_ln76' <Predicate = true> <Delay = 0.00>
ST_11 : Operation 87 [1/1] (0.00ns)   --->   "%zext_ln76 = zext i3 %f_1" [cnn.cpp:76]   --->   Operation 87 'zext' 'zext_ln76' <Predicate = (!icmp_ln76)> <Delay = 0.00>
ST_11 : Operation 88 [1/1] (0.00ns)   --->   "%trunc_ln76 = trunc i3 %f_1" [cnn.cpp:76]   --->   Operation 88 'trunc' 'trunc_ln76' <Predicate = (!icmp_ln76)> <Delay = 0.00>
ST_11 : Operation 89 [1/1] (0.00ns)   --->   "%zext_ln76_1 = zext i3 %f_1" [cnn.cpp:76]   --->   Operation 89 'zext' 'zext_ln76_1' <Predicate = (!icmp_ln76)> <Delay = 0.00>
ST_11 : Operation 90 [1/1] (0.00ns)   --->   "%conv1_w_addr = getelementptr i32 %conv1_w, i64 0, i64 %zext_ln76" [cnn.cpp:92]   --->   Operation 90 'getelementptr' 'conv1_w_addr' <Predicate = (!icmp_ln76)> <Delay = 0.00>
ST_11 : Operation 91 [2/2] (1.35ns)   --->   "%conv1_w_load = load i6 %conv1_w_addr" [cnn.cpp:92]   --->   Operation 91 'load' 'conv1_w_load' <Predicate = (!icmp_ln76)> <Delay = 1.35> <CoreInst = "ROM">   --->   Core 101 'ROM' <Latency = 1> <II = 1> <Delay = 1.35> <Storage> <Opcode : 'load'> <Ports = 0> <Width = 32> <Depth = 36> <ROM>
ST_11 : Operation 92 [1/1] (0.19ns)   --->   "%xor_ln87 = xor i3 %f_1, i3 4" [cnn.cpp:87]   --->   Operation 92 'xor' 'xor_ln87' <Predicate = (!icmp_ln76)> <Delay = 0.19> <CoreInst = "LogicGate">   --->   Core 74 'LogicGate' <Latency = 0> <II = 1> <Delay = 0.19> <FuncUnit> <Opcode : 'and' 'or' 'xor'> <InPorts = 2> <OutPorts = 1>
ST_11 : Operation 93 [1/1] (0.00ns)   --->   "%zext_ln92 = zext i3 %xor_ln87" [cnn.cpp:92]   --->   Operation 93 'zext' 'zext_ln92' <Predicate = (!icmp_ln76)> <Delay = 0.00>
ST_11 : Operation 94 [1/1] (0.00ns)   --->   "%conv1_w_addr_1 = getelementptr i32 %conv1_w, i64 0, i64 %zext_ln92" [cnn.cpp:92]   --->   Operation 94 'getelementptr' 'conv1_w_addr_1' <Predicate = (!icmp_ln76)> <Delay = 0.00>
ST_11 : Operation 95 [2/2] (1.35ns)   --->   "%conv1_w_load_1 = load i6 %conv1_w_addr_1" [cnn.cpp:92]   --->   Operation 95 'load' 'conv1_w_load_1' <Predicate = (!icmp_ln76)> <Delay = 1.35> <CoreInst = "ROM">   --->   Core 101 'ROM' <Latency = 1> <II = 1> <Delay = 1.35> <Storage> <Opcode : 'load'> <Ports = 0> <Width = 32> <Depth = 36> <ROM>
ST_11 : Operation 96 [1/1] (0.00ns)   --->   "%zext_ln92_1_cast = bitconcatenate i4 @_ssdm_op_BitConcatenate.i4.i1.i3, i1 1, i3 %f_1" [cnn.cpp:92]   --->   Operation 96 'bitconcatenate' 'zext_ln92_1_cast' <Predicate = (!icmp_ln76)> <Delay = 0.00>
ST_11 : Operation 97 [1/1] (0.00ns)   --->   "%zext_ln92_9 = zext i4 %zext_ln92_1_cast" [cnn.cpp:92]   --->   Operation 97 'zext' 'zext_ln92_9' <Predicate = (!icmp_ln76)> <Delay = 0.00>
ST_11 : Operation 98 [1/1] (0.00ns)   --->   "%conv1_w_addr_2 = getelementptr i32 %conv1_w, i64 0, i64 %zext_ln92_9" [cnn.cpp:92]   --->   Operation 98 'getelementptr' 'conv1_w_addr_2' <Predicate = (!icmp_ln76)> <Delay = 0.00>
ST_11 : Operation 99 [2/2] (1.35ns)   --->   "%conv1_w_load_2 = load i6 %conv1_w_addr_2" [cnn.cpp:92]   --->   Operation 99 'load' 'conv1_w_load_2' <Predicate = (!icmp_ln76)> <Delay = 1.35> <CoreInst = "ROM">   --->   Core 101 'ROM' <Latency = 1> <II = 1> <Delay = 1.35> <Storage> <Opcode : 'load'> <Ports = 0> <Width = 32> <Depth = 36> <ROM>
ST_11 : Operation 100 [1/1] (0.00ns)   --->   "%sext_ln92 = sext i3 %xor_ln87" [cnn.cpp:92]   --->   Operation 100 'sext' 'sext_ln92' <Predicate = (!icmp_ln76)> <Delay = 0.00>
ST_11 : Operation 101 [1/1] (0.00ns)   --->   "%zext_ln92_10 = zext i4 %sext_ln92" [cnn.cpp:92]   --->   Operation 101 'zext' 'zext_ln92_10' <Predicate = (!icmp_ln76)> <Delay = 0.00>
ST_11 : Operation 102 [1/1] (0.00ns)   --->   "%conv1_w_addr_3 = getelementptr i32 %conv1_w, i64 0, i64 %zext_ln92_10" [cnn.cpp:92]   --->   Operation 102 'getelementptr' 'conv1_w_addr_3' <Predicate = (!icmp_ln76)> <Delay = 0.00>
ST_11 : Operation 103 [2/2] (1.35ns)   --->   "%conv1_w_load_3 = load i6 %conv1_w_addr_3" [cnn.cpp:92]   --->   Operation 103 'load' 'conv1_w_load_3' <Predicate = (!icmp_ln76)> <Delay = 1.35> <CoreInst = "ROM">   --->   Core 101 'ROM' <Latency = 1> <II = 1> <Delay = 1.35> <Storage> <Opcode : 'load'> <Ports = 0> <Width = 32> <Depth = 36> <ROM>
ST_11 : Operation 104 [1/1] (0.00ns)   --->   "%zext_ln92_3_cast = bitconcatenate i5 @_ssdm_op_BitConcatenate.i5.i2.i3, i2 2, i3 %f_1" [cnn.cpp:92]   --->   Operation 104 'bitconcatenate' 'zext_ln92_3_cast' <Predicate = (!icmp_ln76)> <Delay = 0.00>
ST_11 : Operation 105 [1/1] (0.00ns)   --->   "%zext_ln92_11 = zext i5 %zext_ln92_3_cast" [cnn.cpp:92]   --->   Operation 105 'zext' 'zext_ln92_11' <Predicate = (!icmp_ln76)> <Delay = 0.00>
ST_11 : Operation 106 [1/1] (0.00ns)   --->   "%conv1_w_addr_4 = getelementptr i32 %conv1_w, i64 0, i64 %zext_ln92_11" [cnn.cpp:92]   --->   Operation 106 'getelementptr' 'conv1_w_addr_4' <Predicate = (!icmp_ln76)> <Delay = 0.00>
ST_11 : Operation 107 [2/2] (1.35ns)   --->   "%conv1_w_load_4 = load i6 %conv1_w_addr_4" [cnn.cpp:92]   --->   Operation 107 'load' 'conv1_w_load_4' <Predicate = (!icmp_ln76)> <Delay = 1.35> <CoreInst = "ROM">   --->   Core 101 'ROM' <Latency = 1> <II = 1> <Delay = 1.35> <Storage> <Opcode : 'load'> <Ports = 0> <Width = 32> <Depth = 36> <ROM>
ST_11 : Operation 108 [1/1] (0.87ns)   --->   "%add_ln87 = add i5 %zext_ln76_1, i5 20" [cnn.cpp:87]   --->   Operation 108 'add' 'add_ln87' <Predicate = (!icmp_ln76)> <Delay = 0.87> <CoreInst = "Adder">   --->   Core 1 'Adder' <Latency = 0> <II = 1> <Delay = 0.87> <FuncUnit> <Opcode : 'add' 'sub'> <InPorts = 2> <OutPorts = 1>
ST_11 : Operation 109 [1/1] (0.00ns)   --->   "%zext_ln92_4 = zext i5 %add_ln87" [cnn.cpp:92]   --->   Operation 109 'zext' 'zext_ln92_4' <Predicate = (!icmp_ln76)> <Delay = 0.00>
ST_11 : Operation 110 [1/1] (0.00ns)   --->   "%conv1_w_addr_5 = getelementptr i32 %conv1_w, i64 0, i64 %zext_ln92_4" [cnn.cpp:92]   --->   Operation 110 'getelementptr' 'conv1_w_addr_5' <Predicate = (!icmp_ln76)> <Delay = 0.00>
ST_11 : Operation 111 [2/2] (1.35ns)   --->   "%conv1_w_load_5 = load i6 %conv1_w_addr_5" [cnn.cpp:92]   --->   Operation 111 'load' 'conv1_w_load_5' <Predicate = (!icmp_ln76)> <Delay = 1.35> <CoreInst = "ROM">   --->   Core 101 'ROM' <Latency = 1> <II = 1> <Delay = 1.35> <Storage> <Opcode : 'load'> <Ports = 0> <Width = 32> <Depth = 36> <ROM>
ST_11 : Operation 112 [1/1] (0.00ns)   --->   "%sext_ln92_1 = sext i4 %zext_ln92_1_cast" [cnn.cpp:92]   --->   Operation 112 'sext' 'sext_ln92_1' <Predicate = (!icmp_ln76)> <Delay = 0.00>
ST_11 : Operation 113 [1/1] (0.00ns)   --->   "%zext_ln92_12 = zext i5 %sext_ln92_1" [cnn.cpp:92]   --->   Operation 113 'zext' 'zext_ln92_12' <Predicate = (!icmp_ln76)> <Delay = 0.00>
ST_11 : Operation 114 [1/1] (0.00ns)   --->   "%conv1_w_addr_6 = getelementptr i32 %conv1_w, i64 0, i64 %zext_ln92_12" [cnn.cpp:92]   --->   Operation 114 'getelementptr' 'conv1_w_addr_6' <Predicate = (!icmp_ln76)> <Delay = 0.00>
ST_11 : Operation 115 [2/2] (1.35ns)   --->   "%conv1_w_load_6 = load i6 %conv1_w_addr_6" [cnn.cpp:92]   --->   Operation 115 'load' 'conv1_w_load_6' <Predicate = (!icmp_ln76)> <Delay = 1.35> <CoreInst = "ROM">   --->   Core 101 'ROM' <Latency = 1> <II = 1> <Delay = 1.35> <Storage> <Opcode : 'load'> <Ports = 0> <Width = 32> <Depth = 36> <ROM>
ST_11 : Operation 116 [1/1] (0.00ns)   --->   "%sext_ln92_2 = sext i3 %xor_ln87" [cnn.cpp:92]   --->   Operation 116 'sext' 'sext_ln92_2' <Predicate = (!icmp_ln76)> <Delay = 0.00>
ST_11 : Operation 117 [1/1] (0.00ns)   --->   "%zext_ln92_13 = zext i5 %sext_ln92_2" [cnn.cpp:92]   --->   Operation 117 'zext' 'zext_ln92_13' <Predicate = (!icmp_ln76)> <Delay = 0.00>
ST_11 : Operation 118 [1/1] (0.00ns)   --->   "%conv1_w_addr_7 = getelementptr i32 %conv1_w, i64 0, i64 %zext_ln92_13" [cnn.cpp:92]   --->   Operation 118 'getelementptr' 'conv1_w_addr_7' <Predicate = (!icmp_ln76)> <Delay = 0.00>
ST_11 : Operation 119 [2/2] (1.35ns)   --->   "%conv1_w_load_7 = load i6 %conv1_w_addr_7" [cnn.cpp:92]   --->   Operation 119 'load' 'conv1_w_load_7' <Predicate = (!icmp_ln76)> <Delay = 1.35> <CoreInst = "ROM">   --->   Core 101 'ROM' <Latency = 1> <II = 1> <Delay = 1.35> <Storage> <Opcode : 'load'> <Ports = 0> <Width = 32> <Depth = 36> <ROM>
ST_11 : Operation 120 [1/1] (0.00ns)   --->   "%zext_ln92_7_cast = bitconcatenate i6 @_ssdm_op_BitConcatenate.i6.i3.i3, i3 4, i3 %f_1" [cnn.cpp:92]   --->   Operation 120 'bitconcatenate' 'zext_ln92_7_cast' <Predicate = (!icmp_ln76)> <Delay = 0.00>
ST_11 : Operation 121 [1/1] (0.00ns)   --->   "%zext_ln92_14 = zext i6 %zext_ln92_7_cast" [cnn.cpp:92]   --->   Operation 121 'zext' 'zext_ln92_14' <Predicate = (!icmp_ln76)> <Delay = 0.00>
ST_11 : Operation 122 [1/1] (0.00ns)   --->   "%conv1_w_addr_8 = getelementptr i32 %conv1_w, i64 0, i64 %zext_ln92_14" [cnn.cpp:92]   --->   Operation 122 'getelementptr' 'conv1_w_addr_8' <Predicate = (!icmp_ln76)> <Delay = 0.00>
ST_11 : Operation 123 [2/2] (1.35ns)   --->   "%conv1_w_load_8 = load i6 %conv1_w_addr_8" [cnn.cpp:92]   --->   Operation 123 'load' 'conv1_w_load_8' <Predicate = (!icmp_ln76)> <Delay = 1.35> <CoreInst = "ROM">   --->   Core 101 'ROM' <Latency = 1> <II = 1> <Delay = 1.35> <Storage> <Opcode : 'load'> <Ports = 0> <Width = 32> <Depth = 36> <ROM>
ST_11 : Operation 124 [1/1] (0.48ns)   --->   "%store_ln76 = store i3 %add_ln76, i3 %f" [cnn.cpp:76]   --->   Operation 124 'store' 'store_ln76' <Predicate = (!icmp_ln76)> <Delay = 0.48>
ST_11 : Operation 125 [1/1] (0.00ns)   --->   "%i_1 = alloca i32 1"   --->   Operation 125 'alloca' 'i_1' <Predicate = (icmp_ln76)> <Delay = 0.00>
ST_11 : Operation 126 [2/2] (0.00ns)   --->   "%call_ln0 = call void @cnn_predict_Pipeline_VITIS_LOOP_103_6_VITIS_LOOP_104_7_VITIS_LOOP_105_8, i32 %layer1_pool, i32 %layer1_conv"   --->   Operation 126 'call' 'call_ln0' <Predicate = (icmp_ln76)> <Delay = 0.00> <CoreType = "Generic">   --->   Core 0 '' <Latency = 0> <II = 1> <Delay = 1.00> <Generic> <Opcode : >
ST_11 : Operation 127 [1/1] (0.48ns)   --->   "%store_ln178 = store i5 0, i5 %i_1" [cnn.cpp:178]   --->   Operation 127 'store' 'store_ln178' <Predicate = (icmp_ln76)> <Delay = 0.48>

State 12 <SV = 11> <Delay = 1.35>
ST_12 : Operation 128 [1/1] (0.51ns)   --->   "%icmp_ln9 = icmp_eq  i2 %trunc_ln76, i2 0" [aesl_mux_load.4floatP0A.i2:9]   --->   Operation 128 'icmp' 'icmp_ln9' <Predicate = true> <Delay = 0.51> <CoreInst = "Cmp">   --->   Core 9 'Cmp' <Latency = 0> <II = 1> <Delay = 0.51> <FuncUnit> <Opcode : 'icmp'> <InPorts = 2> <OutPorts = 1>
ST_12 : Operation 129 [1/1] (0.00ns) (grouped into LUT with out node sum)   --->   "%select_ln9 = select i1 %icmp_ln9, i32 0.0576085, i32 0.0152193" [aesl_mux_load.4floatP0A.i2:9]   --->   Operation 129 'select' 'select_ln9' <Predicate = true> <Delay = 0.00> <CoreInst = "Sel">   --->   Core 73 'Sel' <Latency = 0> <II = 1> <Delay = 0.52> <FuncUnit> <Opcode : 'select'> <InPorts = 3> <OutPorts = 1>
ST_12 : Operation 130 [1/1] (0.51ns)   --->   "%icmp_ln9_1 = icmp_eq  i2 %trunc_ln76, i2 1" [aesl_mux_load.4floatP0A.i2:9]   --->   Operation 130 'icmp' 'icmp_ln9_1' <Predicate = true> <Delay = 0.51> <CoreInst = "Cmp">   --->   Core 9 'Cmp' <Latency = 0> <II = 1> <Delay = 0.51> <FuncUnit> <Opcode : 'icmp'> <InPorts = 2> <OutPorts = 1>
ST_12 : Operation 131 [1/1] (0.51ns)   --->   "%icmp_ln9_2 = icmp_eq  i2 %trunc_ln76, i2 2" [aesl_mux_load.4floatP0A.i2:9]   --->   Operation 131 'icmp' 'icmp_ln9_2' <Predicate = true> <Delay = 0.51> <CoreInst = "Cmp">   --->   Core 9 'Cmp' <Latency = 0> <II = 1> <Delay = 0.51> <FuncUnit> <Opcode : 'icmp'> <InPorts = 2> <OutPorts = 1>
ST_12 : Operation 132 [1/1] (0.00ns) (grouped into LUT with out node sum)   --->   "%select_ln9_1_i = select i1 %icmp_ln9_2, i32 -0.0694619, i32 0.0361614" [aesl_mux_load.4floatP0A.i2:9]   --->   Operation 132 'select' 'select_ln9_1_i' <Predicate = true> <Delay = 0.00> <CoreInst = "Sel">   --->   Core 73 'Sel' <Latency = 0> <II = 1> <Delay = 0.52> <FuncUnit> <Opcode : 'select'> <InPorts = 3> <OutPorts = 1>
ST_12 : Operation 133 [1/1] (0.00ns) (grouped into LUT with out node sum)   --->   "%empty_38 = or i1 %icmp_ln9_2, i1 %icmp_ln9_1" [aesl_mux_load.4floatP0A.i2:9]   --->   Operation 133 'or' 'empty_38' <Predicate = true> <Delay = 0.00> <CoreInst = "LogicGate">   --->   Core 74 'LogicGate' <Latency = 0> <II = 1> <Delay = 0.33> <FuncUnit> <Opcode : 'and' 'or' 'xor'> <InPorts = 2> <OutPorts = 1>
ST_12 : Operation 134 [1/1] (0.52ns) (out node of the LUT)   --->   "%sum = select i1 %empty_38, i32 %select_ln9_1_i, i32 %select_ln9" [aesl_mux_load.4floatP0A.i2:9]   --->   Operation 134 'select' 'sum' <Predicate = true> <Delay = 0.52> <CoreInst = "Sel">   --->   Core 73 'Sel' <Latency = 0> <II = 1> <Delay = 0.52> <FuncUnit> <Opcode : 'select'> <InPorts = 3> <OutPorts = 1>
ST_12 : Operation 135 [1/2] (1.35ns)   --->   "%conv1_w_load = load i6 %conv1_w_addr" [cnn.cpp:92]   --->   Operation 135 'load' 'conv1_w_load' <Predicate = true> <Delay = 1.35> <CoreInst = "ROM">   --->   Core 101 'ROM' <Latency = 1> <II = 1> <Delay = 1.35> <Storage> <Opcode : 'load'> <Ports = 0> <Width = 32> <Depth = 36> <ROM>
ST_12 : Operation 136 [1/2] (1.35ns)   --->   "%conv1_w_load_1 = load i6 %conv1_w_addr_1" [cnn.cpp:92]   --->   Operation 136 'load' 'conv1_w_load_1' <Predicate = true> <Delay = 1.35> <CoreInst = "ROM">   --->   Core 101 'ROM' <Latency = 1> <II = 1> <Delay = 1.35> <Storage> <Opcode : 'load'> <Ports = 0> <Width = 32> <Depth = 36> <ROM>
ST_12 : Operation 137 [1/2] (1.35ns)   --->   "%conv1_w_load_2 = load i6 %conv1_w_addr_2" [cnn.cpp:92]   --->   Operation 137 'load' 'conv1_w_load_2' <Predicate = true> <Delay = 1.35> <CoreInst = "ROM">   --->   Core 101 'ROM' <Latency = 1> <II = 1> <Delay = 1.35> <Storage> <Opcode : 'load'> <Ports = 0> <Width = 32> <Depth = 36> <ROM>
ST_12 : Operation 138 [1/2] (1.35ns)   --->   "%conv1_w_load_3 = load i6 %conv1_w_addr_3" [cnn.cpp:92]   --->   Operation 138 'load' 'conv1_w_load_3' <Predicate = true> <Delay = 1.35> <CoreInst = "ROM">   --->   Core 101 'ROM' <Latency = 1> <II = 1> <Delay = 1.35> <Storage> <Opcode : 'load'> <Ports = 0> <Width = 32> <Depth = 36> <ROM>
ST_12 : Operation 139 [1/2] (1.35ns)   --->   "%conv1_w_load_4 = load i6 %conv1_w_addr_4" [cnn.cpp:92]   --->   Operation 139 'load' 'conv1_w_load_4' <Predicate = true> <Delay = 1.35> <CoreInst = "ROM">   --->   Core 101 'ROM' <Latency = 1> <II = 1> <Delay = 1.35> <Storage> <Opcode : 'load'> <Ports = 0> <Width = 32> <Depth = 36> <ROM>
ST_12 : Operation 140 [1/2] (1.35ns)   --->   "%conv1_w_load_5 = load i6 %conv1_w_addr_5" [cnn.cpp:92]   --->   Operation 140 'load' 'conv1_w_load_5' <Predicate = true> <Delay = 1.35> <CoreInst = "ROM">   --->   Core 101 'ROM' <Latency = 1> <II = 1> <Delay = 1.35> <Storage> <Opcode : 'load'> <Ports = 0> <Width = 32> <Depth = 36> <ROM>
ST_12 : Operation 141 [1/2] (1.35ns)   --->   "%conv1_w_load_6 = load i6 %conv1_w_addr_6" [cnn.cpp:92]   --->   Operation 141 'load' 'conv1_w_load_6' <Predicate = true> <Delay = 1.35> <CoreInst = "ROM">   --->   Core 101 'ROM' <Latency = 1> <II = 1> <Delay = 1.35> <Storage> <Opcode : 'load'> <Ports = 0> <Width = 32> <Depth = 36> <ROM>
ST_12 : Operation 142 [1/2] (1.35ns)   --->   "%conv1_w_load_7 = load i6 %conv1_w_addr_7" [cnn.cpp:92]   --->   Operation 142 'load' 'conv1_w_load_7' <Predicate = true> <Delay = 1.35> <CoreInst = "ROM">   --->   Core 101 'ROM' <Latency = 1> <II = 1> <Delay = 1.35> <Storage> <Opcode : 'load'> <Ports = 0> <Width = 32> <Depth = 36> <ROM>
ST_12 : Operation 143 [1/2] (1.35ns)   --->   "%conv1_w_load_8 = load i6 %conv1_w_addr_8" [cnn.cpp:92]   --->   Operation 143 'load' 'conv1_w_load_8' <Predicate = true> <Delay = 1.35> <CoreInst = "ROM">   --->   Core 101 'ROM' <Latency = 1> <II = 1> <Delay = 1.35> <Storage> <Opcode : 'load'> <Ports = 0> <Width = 32> <Depth = 36> <ROM>
ST_12 : Operation 144 [2/2] (0.00ns)   --->   "%call_ln76 = call void @cnn_predict_Pipeline_VITIS_LOOP_77_2_VITIS_LOOP_78_3, i2 %trunc_ln76, i32 %layer1_conv, i32 %conv1_w_load, i32 %sum, i32 %conv1_w_load_1, i32 %conv1_w_load_2, i32 %conv1_w_load_3, i32 %conv1_w_load_4, i32 %conv1_w_load_5, i32 %conv1_w_load_6, i32 %conv1_w_load_7, i32 %conv1_w_load_8, i32 %img_read" [cnn.cpp:76]   --->   Operation 144 'call' 'call_ln76' <Predicate = true> <Delay = 0.00> <CoreType = "Generic">   --->   Core 0 '' <Latency = 0> <II = 1> <Delay = 1.00> <Generic> <Opcode : >

State 13 <SV = 12> <Delay = 0.00>
ST_13 : Operation 145 [1/1] (0.00ns)   --->   "%specloopname_ln76 = specloopname void @_ssdm_op_SpecLoopName, void @empty_7" [cnn.cpp:76]   --->   Operation 145 'specloopname' 'specloopname_ln76' <Predicate = true> <Delay = 0.00>
ST_13 : Operation 146 [1/2] (0.00ns)   --->   "%call_ln76 = call void @cnn_predict_Pipeline_VITIS_LOOP_77_2_VITIS_LOOP_78_3, i2 %trunc_ln76, i32 %layer1_conv, i32 %conv1_w_load, i32 %sum, i32 %conv1_w_load_1, i32 %conv1_w_load_2, i32 %conv1_w_load_3, i32 %conv1_w_load_4, i32 %conv1_w_load_5, i32 %conv1_w_load_6, i32 %conv1_w_load_7, i32 %conv1_w_load_8, i32 %img_read" [cnn.cpp:76]   --->   Operation 146 'call' 'call_ln76' <Predicate = true> <Delay = 0.00> <CoreType = "Generic">   --->   Core 0 '' <Latency = 0> <II = 1> <Delay = 1.00> <Generic> <Opcode : >
ST_13 : Operation 147 [1/1] (0.00ns)   --->   "%br_ln76 = br void %VITIS_LOOP_77_2" [cnn.cpp:76]   --->   Operation 147 'br' 'br_ln76' <Predicate = true> <Delay = 0.00>

State 14 <SV = 11> <Delay = 0.00>
ST_14 : Operation 148 [1/2] (0.00ns)   --->   "%call_ln0 = call void @cnn_predict_Pipeline_VITIS_LOOP_103_6_VITIS_LOOP_104_7_VITIS_LOOP_105_8, i32 %layer1_pool, i32 %layer1_conv"   --->   Operation 148 'call' 'call_ln0' <Predicate = true> <Delay = 0.00> <CoreType = "Generic">   --->   Core 0 '' <Latency = 0> <II = 1> <Delay = 1.00> <Generic> <Opcode : >

State 15 <SV = 12> <Delay = 0.00>
ST_15 : Operation 149 [2/2] (0.00ns)   --->   "%call_ln0 = call void @cnn_predict_Pipeline_VITIS_LOOP_121_11_VITIS_LOOP_122_12_VITIS_LOOP_123_13, i32 %layer1_pool, i32 %layer2_conv, i32 %conv2_b, i32 %conv2_w"   --->   Operation 149 'call' 'call_ln0' <Predicate = true> <Delay = 0.00> <CoreType = "Generic">   --->   Core 0 '' <Latency = 0> <II = 1> <Delay = 1.00> <Generic> <Opcode : >

State 16 <SV = 13> <Delay = 0.00>
ST_16 : Operation 150 [1/2] (0.00ns)   --->   "%call_ln0 = call void @cnn_predict_Pipeline_VITIS_LOOP_121_11_VITIS_LOOP_122_12_VITIS_LOOP_123_13, i32 %layer1_pool, i32 %layer2_conv, i32 %conv2_b, i32 %conv2_w"   --->   Operation 150 'call' 'call_ln0' <Predicate = true> <Delay = 0.00> <CoreType = "Generic">   --->   Core 0 '' <Latency = 0> <II = 1> <Delay = 1.00> <Generic> <Opcode : >

State 17 <SV = 14> <Delay = 0.00>
ST_17 : Operation 151 [2/2] (0.00ns)   --->   "%call_ln0 = call void @cnn_predict_Pipeline_VITIS_LOOP_147_17_VITIS_LOOP_148_18_VITIS_LOOP_149_19, i32 %layer2_pool, i32 %layer2_conv"   --->   Operation 151 'call' 'call_ln0' <Predicate = true> <Delay = 0.00> <CoreType = "Generic">   --->   Core 0 '' <Latency = 0> <II = 1> <Delay = 1.00> <Generic> <Opcode : >

State 18 <SV = 15> <Delay = 0.00>
ST_18 : Operation 152 [1/2] (0.00ns)   --->   "%call_ln0 = call void @cnn_predict_Pipeline_VITIS_LOOP_147_17_VITIS_LOOP_148_18_VITIS_LOOP_149_19, i32 %layer2_pool, i32 %layer2_conv"   --->   Operation 152 'call' 'call_ln0' <Predicate = true> <Delay = 0.00> <CoreType = "Generic">   --->   Core 0 '' <Latency = 0> <II = 1> <Delay = 1.00> <Generic> <Opcode : >

State 19 <SV = 16> <Delay = 0.00>
ST_19 : Operation 153 [2/2] (0.00ns)   --->   "%call_ln0 = call void @cnn_predict_Pipeline_VITIS_LOOP_167_22_VITIS_LOOP_168_23_VITIS_LOOP_169_24, i32 %layer2_pool, i32 %flat"   --->   Operation 153 'call' 'call_ln0' <Predicate = true> <Delay = 0.00> <CoreType = "Generic">   --->   Core 0 '' <Latency = 0> <II = 1> <Delay = 1.00> <Generic> <Opcode : >

State 20 <SV = 17> <Delay = 0.00>
ST_20 : Operation 154 [1/2] (0.00ns)   --->   "%call_ln0 = call void @cnn_predict_Pipeline_VITIS_LOOP_167_22_VITIS_LOOP_168_23_VITIS_LOOP_169_24, i32 %layer2_pool, i32 %flat"   --->   Operation 154 'call' 'call_ln0' <Predicate = true> <Delay = 0.00> <CoreType = "Generic">   --->   Core 0 '' <Latency = 0> <II = 1> <Delay = 1.00> <Generic> <Opcode : >
ST_20 : Operation 155 [1/1] (0.00ns)   --->   "%br_ln178 = br void %VITIS_LOOP_180_26" [cnn.cpp:178]   --->   Operation 155 'br' 'br_ln178' <Predicate = true> <Delay = 0.00>

State 21 <SV = 18> <Delay = 1.36>
ST_21 : Operation 156 [1/1] (0.00ns)   --->   "%i = load i5 %i_1" [cnn.cpp:178]   --->   Operation 156 'load' 'i' <Predicate = true> <Delay = 0.00>
ST_21 : Operation 157 [1/1] (0.87ns)   --->   "%icmp_ln178 = icmp_eq  i5 %i, i5 16" [cnn.cpp:178]   --->   Operation 157 'icmp' 'icmp_ln178' <Predicate = true> <Delay = 0.87> <CoreInst = "Cmp">   --->   Core 9 'Cmp' <Latency = 0> <II = 1> <Delay = 0.87> <FuncUnit> <Opcode : 'icmp'> <InPorts = 2> <OutPorts = 1>
ST_21 : Operation 158 [1/1] (0.00ns)   --->   "%empty_39 = speclooptripcount i32 @_ssdm_op_SpecLoopTripCount, i64 16, i64 16, i64 16"   --->   Operation 158 'speclooptripcount' 'empty_39' <Predicate = true> <Delay = 0.00>
ST_21 : Operation 159 [1/1] (0.87ns)   --->   "%add_ln178 = add i5 %i, i5 1" [cnn.cpp:178]   --->   Operation 159 'add' 'add_ln178' <Predicate = true> <Delay = 0.87> <CoreInst = "Adder">   --->   Core 1 'Adder' <Latency = 0> <II = 1> <Delay = 0.87> <FuncUnit> <Opcode : 'add' 'sub'> <InPorts = 2> <OutPorts = 1>
ST_21 : Operation 160 [1/1] (0.00ns)   --->   "%br_ln178 = br i1 %icmp_ln178, void %VITIS_LOOP_180_26.split, void %for.inc321.preheader" [cnn.cpp:178]   --->   Operation 160 'br' 'br_ln178' <Predicate = true> <Delay = 0.00>
ST_21 : Operation 161 [1/1] (0.00ns)   --->   "%zext_ln178 = zext i5 %i" [cnn.cpp:178]   --->   Operation 161 'zext' 'zext_ln178' <Predicate = (!icmp_ln178)> <Delay = 0.00>
ST_21 : Operation 162 [1/1] (0.00ns)   --->   "%trunc_ln178 = trunc i5 %i" [cnn.cpp:178]   --->   Operation 162 'trunc' 'trunc_ln178' <Predicate = (!icmp_ln178)> <Delay = 0.00>
ST_21 : Operation 163 [1/1] (0.00ns)   --->   "%dense1_b_addr = getelementptr i32 %dense1_b, i64 0, i64 %zext_ln178" [cnn.cpp:179]   --->   Operation 163 'getelementptr' 'dense1_b_addr' <Predicate = (!icmp_ln178)> <Delay = 0.00>
ST_21 : Operation 164 [2/2] (0.79ns)   --->   "%sum_3 = load i4 %dense1_b_addr" [cnn.cpp:179]   --->   Operation 164 'load' 'sum_3' <Predicate = (!icmp_ln178)> <Delay = 0.79> <CoreInst = "ROM">   --->   Core 101 'ROM' <Latency = 1> <II = 1> <Delay = 0.79> <Storage> <Opcode : 'load'> <Ports = 0> <Width = 32> <Depth = 16> <ROM>
ST_21 : Operation 165 [1/1] (0.48ns)   --->   "%store_ln178 = store i5 %add_ln178, i5 %i_1" [cnn.cpp:178]   --->   Operation 165 'store' 'store_ln178' <Predicate = (!icmp_ln178)> <Delay = 0.48>
ST_21 : Operation 166 [2/2] (0.00ns)   --->   "%call_ln0 = call void @cnn_predict_Pipeline_VITIS_LOOP_192_27, i32 %dense, i32 %final_sum_loc, i32 %output_w"   --->   Operation 166 'call' 'call_ln0' <Predicate = (icmp_ln178)> <Delay = 0.00> <CoreType = "Generic">   --->   Core 0 '' <Latency = 0> <II = 1> <Delay = 1.00> <Generic> <Opcode : >

State 22 <SV = 19> <Delay = 2.14>
ST_22 : Operation 167 [1/2] (0.79ns)   --->   "%sum_3 = load i4 %dense1_b_addr" [cnn.cpp:179]   --->   Operation 167 'load' 'sum_3' <Predicate = true> <Delay = 0.79> <CoreInst = "ROM">   --->   Core 101 'ROM' <Latency = 1> <II = 1> <Delay = 0.79> <Storage> <Opcode : 'load'> <Ports = 0> <Width = 32> <Depth = 16> <ROM>
ST_22 : Operation 168 [2/2] (1.35ns)   --->   "%call_ln179 = call void @cnn_predict_Pipeline_VITIS_LOOP_180_26, i32 %sum_3, i32 %dense, i4 %trunc_ln178, i4 %trunc_ln178, i32 %flat, i32 %dense1_w" [cnn.cpp:179]   --->   Operation 168 'call' 'call_ln179' <Predicate = true> <Delay = 1.35> <CoreType = "Generic">   --->   Core 0 '' <Latency = 0> <II = 1> <Delay = 1.00> <Generic> <Opcode : >

State 23 <SV = 20> <Delay = 0.00>
ST_23 : Operation 169 [1/1] (0.00ns)   --->   "%specloopname_ln178 = specloopname void @_ssdm_op_SpecLoopName, void @empty_1" [cnn.cpp:178]   --->   Operation 169 'specloopname' 'specloopname_ln178' <Predicate = true> <Delay = 0.00>
ST_23 : Operation 170 [1/2] (0.00ns)   --->   "%call_ln179 = call void @cnn_predict_Pipeline_VITIS_LOOP_180_26, i32 %sum_3, i32 %dense, i4 %trunc_ln178, i4 %trunc_ln178, i32 %flat, i32 %dense1_w" [cnn.cpp:179]   --->   Operation 170 'call' 'call_ln179' <Predicate = true> <Delay = 0.00> <CoreType = "Generic">   --->   Core 0 '' <Latency = 0> <II = 1> <Delay = 1.00> <Generic> <Opcode : >
ST_23 : Operation 171 [1/1] (0.00ns)   --->   "%br_ln178 = br void %VITIS_LOOP_180_26" [cnn.cpp:178]   --->   Operation 171 'br' 'br_ln178' <Predicate = true> <Delay = 0.00>

State 24 <SV = 19> <Delay = 0.00>
ST_24 : Operation 172 [1/2] (0.00ns)   --->   "%call_ln0 = call void @cnn_predict_Pipeline_VITIS_LOOP_192_27, i32 %dense, i32 %final_sum_loc, i32 %output_w"   --->   Operation 172 'call' 'call_ln0' <Predicate = true> <Delay = 0.00> <CoreType = "Generic">   --->   Core 0 '' <Latency = 0> <II = 1> <Delay = 1.00> <Generic> <Opcode : >

State 25 <SV = 20> <Delay = 6.40>
ST_25 : Operation 173 [1/1] (0.00ns)   --->   "%final_sum_loc_load = load i32 %final_sum_loc"   --->   Operation 173 'load' 'final_sum_loc_load' <Predicate = true> <Delay = 0.00>
ST_25 : Operation 174 [1/1] (0.00ns)   --->   "%bitcast_ln34 = bitcast i32 %final_sum_loc_load" [cnn.cpp:34]   --->   Operation 174 'bitcast' 'bitcast_ln34' <Predicate = true> <Delay = 0.00>
ST_25 : Operation 175 [1/1] (0.40ns)   --->   "%xor_ln34 = xor i32 %bitcast_ln34, i32 2147483648" [cnn.cpp:34]   --->   Operation 175 'xor' 'xor_ln34' <Predicate = true> <Delay = 0.40> <CoreInst = "LogicGate">   --->   Core 74 'LogicGate' <Latency = 0> <II = 1> <Delay = 0.40> <FuncUnit> <Opcode : 'and' 'or' 'xor'> <InPorts = 2> <OutPorts = 1>
ST_25 : Operation 176 [1/1] (0.00ns)   --->   "%bitcast_ln34_1 = bitcast i32 %xor_ln34" [cnn.cpp:34]   --->   Operation 176 'bitcast' 'bitcast_ln34_1' <Predicate = true> <Delay = 0.00>
ST_25 : Operation 177 [8/8] (6.00ns)   --->   "%tmp = fexp i32 @llvm.exp.f32, i32 %bitcast_ln34_1" [/wrk/ci/prod/2022.2/hls_product/continuous/608/2022.2/src/shared/hls/clib/hlsmath/src/common/hls_exp_float.cpp:17]   --->   Operation 177 'fexp' 'tmp' <Predicate = true> <Delay = 6.00> <CoreInst = "FExp_fulldsp">   --->   Core 23 'FExp_fulldsp' <Latency = 7> <II = 1> <Delay = 6.00> <FuncUnit> <Opcode : 'fexp'> <InPorts = 1> <OutPorts = 1>

State 26 <SV = 21> <Delay = 6.00>
ST_26 : Operation 178 [7/8] (6.00ns)   --->   "%tmp = fexp i32 @llvm.exp.f32, i32 %bitcast_ln34_1" [/wrk/ci/prod/2022.2/hls_product/continuous/608/2022.2/src/shared/hls/clib/hlsmath/src/common/hls_exp_float.cpp:17]   --->   Operation 178 'fexp' 'tmp' <Predicate = true> <Delay = 6.00> <CoreInst = "FExp_fulldsp">   --->   Core 23 'FExp_fulldsp' <Latency = 7> <II = 1> <Delay = 6.00> <FuncUnit> <Opcode : 'fexp'> <InPorts = 1> <OutPorts = 1>

State 27 <SV = 22> <Delay = 6.00>
ST_27 : Operation 179 [6/8] (6.00ns)   --->   "%tmp = fexp i32 @llvm.exp.f32, i32 %bitcast_ln34_1" [/wrk/ci/prod/2022.2/hls_product/continuous/608/2022.2/src/shared/hls/clib/hlsmath/src/common/hls_exp_float.cpp:17]   --->   Operation 179 'fexp' 'tmp' <Predicate = true> <Delay = 6.00> <CoreInst = "FExp_fulldsp">   --->   Core 23 'FExp_fulldsp' <Latency = 7> <II = 1> <Delay = 6.00> <FuncUnit> <Opcode : 'fexp'> <InPorts = 1> <OutPorts = 1>

State 28 <SV = 23> <Delay = 6.00>
ST_28 : Operation 180 [5/8] (6.00ns)   --->   "%tmp = fexp i32 @llvm.exp.f32, i32 %bitcast_ln34_1" [/wrk/ci/prod/2022.2/hls_product/continuous/608/2022.2/src/shared/hls/clib/hlsmath/src/common/hls_exp_float.cpp:17]   --->   Operation 180 'fexp' 'tmp' <Predicate = true> <Delay = 6.00> <CoreInst = "FExp_fulldsp">   --->   Core 23 'FExp_fulldsp' <Latency = 7> <II = 1> <Delay = 6.00> <FuncUnit> <Opcode : 'fexp'> <InPorts = 1> <OutPorts = 1>

State 29 <SV = 24> <Delay = 6.00>
ST_29 : Operation 181 [4/8] (6.00ns)   --->   "%tmp = fexp i32 @llvm.exp.f32, i32 %bitcast_ln34_1" [/wrk/ci/prod/2022.2/hls_product/continuous/608/2022.2/src/shared/hls/clib/hlsmath/src/common/hls_exp_float.cpp:17]   --->   Operation 181 'fexp' 'tmp' <Predicate = true> <Delay = 6.00> <CoreInst = "FExp_fulldsp">   --->   Core 23 'FExp_fulldsp' <Latency = 7> <II = 1> <Delay = 6.00> <FuncUnit> <Opcode : 'fexp'> <InPorts = 1> <OutPorts = 1>

State 30 <SV = 25> <Delay = 6.00>
ST_30 : Operation 182 [3/8] (6.00ns)   --->   "%tmp = fexp i32 @llvm.exp.f32, i32 %bitcast_ln34_1" [/wrk/ci/prod/2022.2/hls_product/continuous/608/2022.2/src/shared/hls/clib/hlsmath/src/common/hls_exp_float.cpp:17]   --->   Operation 182 'fexp' 'tmp' <Predicate = true> <Delay = 6.00> <CoreInst = "FExp_fulldsp">   --->   Core 23 'FExp_fulldsp' <Latency = 7> <II = 1> <Delay = 6.00> <FuncUnit> <Opcode : 'fexp'> <InPorts = 1> <OutPorts = 1>

State 31 <SV = 26> <Delay = 6.00>
ST_31 : Operation 183 [2/8] (6.00ns)   --->   "%tmp = fexp i32 @llvm.exp.f32, i32 %bitcast_ln34_1" [/wrk/ci/prod/2022.2/hls_product/continuous/608/2022.2/src/shared/hls/clib/hlsmath/src/common/hls_exp_float.cpp:17]   --->   Operation 183 'fexp' 'tmp' <Predicate = true> <Delay = 6.00> <CoreInst = "FExp_fulldsp">   --->   Core 23 'FExp_fulldsp' <Latency = 7> <II = 1> <Delay = 6.00> <FuncUnit> <Opcode : 'fexp'> <InPorts = 1> <OutPorts = 1>

State 32 <SV = 27> <Delay = 6.00>
ST_32 : Operation 184 [1/8] (6.00ns)   --->   "%tmp = fexp i32 @llvm.exp.f32, i32 %bitcast_ln34_1" [/wrk/ci/prod/2022.2/hls_product/continuous/608/2022.2/src/shared/hls/clib/hlsmath/src/common/hls_exp_float.cpp:17]   --->   Operation 184 'fexp' 'tmp' <Predicate = true> <Delay = 6.00> <CoreInst = "FExp_fulldsp">   --->   Core 23 'FExp_fulldsp' <Latency = 7> <II = 1> <Delay = 6.00> <FuncUnit> <Opcode : 'fexp'> <InPorts = 1> <OutPorts = 1>

State 33 <SV = 28> <Delay = 6.01>
ST_33 : Operation 185 [5/5] (6.01ns)   --->   "%add_i = fadd i32 %tmp, i32 1" [cnn.cpp:34]   --->   Operation 185 'fadd' 'add_i' <Predicate = true> <Delay = 6.01> <CoreInst = "FAddSub_fulldsp">   --->   Core 18 'FAddSub_fulldsp' <Latency = 4> <II = 1> <Delay = 6.01> <FuncUnit> <Opcode : 'fadd' 'fsub'> <InPorts = 2> <OutPorts = 1>

State 34 <SV = 29> <Delay = 6.01>
ST_34 : Operation 186 [4/5] (6.01ns)   --->   "%add_i = fadd i32 %tmp, i32 1" [cnn.cpp:34]   --->   Operation 186 'fadd' 'add_i' <Predicate = true> <Delay = 6.01> <CoreInst = "FAddSub_fulldsp">   --->   Core 18 'FAddSub_fulldsp' <Latency = 4> <II = 1> <Delay = 6.01> <FuncUnit> <Opcode : 'fadd' 'fsub'> <InPorts = 2> <OutPorts = 1>

State 35 <SV = 30> <Delay = 6.01>
ST_35 : Operation 187 [3/5] (6.01ns)   --->   "%add_i = fadd i32 %tmp, i32 1" [cnn.cpp:34]   --->   Operation 187 'fadd' 'add_i' <Predicate = true> <Delay = 6.01> <CoreInst = "FAddSub_fulldsp">   --->   Core 18 'FAddSub_fulldsp' <Latency = 4> <II = 1> <Delay = 6.01> <FuncUnit> <Opcode : 'fadd' 'fsub'> <InPorts = 2> <OutPorts = 1>

State 36 <SV = 31> <Delay = 6.01>
ST_36 : Operation 188 [2/5] (6.01ns)   --->   "%add_i = fadd i32 %tmp, i32 1" [cnn.cpp:34]   --->   Operation 188 'fadd' 'add_i' <Predicate = true> <Delay = 6.01> <CoreInst = "FAddSub_fulldsp">   --->   Core 18 'FAddSub_fulldsp' <Latency = 4> <II = 1> <Delay = 6.01> <FuncUnit> <Opcode : 'fadd' 'fsub'> <InPorts = 2> <OutPorts = 1>

State 37 <SV = 32> <Delay = 6.01>
ST_37 : Operation 189 [1/5] (6.01ns)   --->   "%add_i = fadd i32 %tmp, i32 1" [cnn.cpp:34]   --->   Operation 189 'fadd' 'add_i' <Predicate = true> <Delay = 6.01> <CoreInst = "FAddSub_fulldsp">   --->   Core 18 'FAddSub_fulldsp' <Latency = 4> <II = 1> <Delay = 6.01> <FuncUnit> <Opcode : 'fadd' 'fsub'> <InPorts = 2> <OutPorts = 1>

State 38 <SV = 33> <Delay = 6.70>
ST_38 : Operation 190 [10/10] (6.70ns)   --->   "%div_i = fdiv i32 1, i32 %add_i" [cnn.cpp:34]   --->   Operation 190 'fdiv' 'div_i' <Predicate = true> <Delay = 6.70> <CoreInst = "FDiv">   --->   Core 20 'FDiv' <Latency = 9> <II = 1> <Delay = 6.70> <FuncUnit> <Opcode : 'fdiv' 'frem'> <InPorts = 2> <OutPorts = 1>

State 39 <SV = 34> <Delay = 6.70>
ST_39 : Operation 191 [9/10] (6.70ns)   --->   "%div_i = fdiv i32 1, i32 %add_i" [cnn.cpp:34]   --->   Operation 191 'fdiv' 'div_i' <Predicate = true> <Delay = 6.70> <CoreInst = "FDiv">   --->   Core 20 'FDiv' <Latency = 9> <II = 1> <Delay = 6.70> <FuncUnit> <Opcode : 'fdiv' 'frem'> <InPorts = 2> <OutPorts = 1>

State 40 <SV = 35> <Delay = 6.70>
ST_40 : Operation 192 [8/10] (6.70ns)   --->   "%div_i = fdiv i32 1, i32 %add_i" [cnn.cpp:34]   --->   Operation 192 'fdiv' 'div_i' <Predicate = true> <Delay = 6.70> <CoreInst = "FDiv">   --->   Core 20 'FDiv' <Latency = 9> <II = 1> <Delay = 6.70> <FuncUnit> <Opcode : 'fdiv' 'frem'> <InPorts = 2> <OutPorts = 1>

State 41 <SV = 36> <Delay = 6.70>
ST_41 : Operation 193 [7/10] (6.70ns)   --->   "%div_i = fdiv i32 1, i32 %add_i" [cnn.cpp:34]   --->   Operation 193 'fdiv' 'div_i' <Predicate = true> <Delay = 6.70> <CoreInst = "FDiv">   --->   Core 20 'FDiv' <Latency = 9> <II = 1> <Delay = 6.70> <FuncUnit> <Opcode : 'fdiv' 'frem'> <InPorts = 2> <OutPorts = 1>

State 42 <SV = 37> <Delay = 6.70>
ST_42 : Operation 194 [6/10] (6.70ns)   --->   "%div_i = fdiv i32 1, i32 %add_i" [cnn.cpp:34]   --->   Operation 194 'fdiv' 'div_i' <Predicate = true> <Delay = 6.70> <CoreInst = "FDiv">   --->   Core 20 'FDiv' <Latency = 9> <II = 1> <Delay = 6.70> <FuncUnit> <Opcode : 'fdiv' 'frem'> <InPorts = 2> <OutPorts = 1>

State 43 <SV = 38> <Delay = 6.70>
ST_43 : Operation 195 [5/10] (6.70ns)   --->   "%div_i = fdiv i32 1, i32 %add_i" [cnn.cpp:34]   --->   Operation 195 'fdiv' 'div_i' <Predicate = true> <Delay = 6.70> <CoreInst = "FDiv">   --->   Core 20 'FDiv' <Latency = 9> <II = 1> <Delay = 6.70> <FuncUnit> <Opcode : 'fdiv' 'frem'> <InPorts = 2> <OutPorts = 1>

State 44 <SV = 39> <Delay = 6.70>
ST_44 : Operation 196 [4/10] (6.70ns)   --->   "%div_i = fdiv i32 1, i32 %add_i" [cnn.cpp:34]   --->   Operation 196 'fdiv' 'div_i' <Predicate = true> <Delay = 6.70> <CoreInst = "FDiv">   --->   Core 20 'FDiv' <Latency = 9> <II = 1> <Delay = 6.70> <FuncUnit> <Opcode : 'fdiv' 'frem'> <InPorts = 2> <OutPorts = 1>

State 45 <SV = 40> <Delay = 6.70>
ST_45 : Operation 197 [3/10] (6.70ns)   --->   "%div_i = fdiv i32 1, i32 %add_i" [cnn.cpp:34]   --->   Operation 197 'fdiv' 'div_i' <Predicate = true> <Delay = 6.70> <CoreInst = "FDiv">   --->   Core 20 'FDiv' <Latency = 9> <II = 1> <Delay = 6.70> <FuncUnit> <Opcode : 'fdiv' 'frem'> <InPorts = 2> <OutPorts = 1>

State 46 <SV = 41> <Delay = 6.70>
ST_46 : Operation 198 [2/10] (6.70ns)   --->   "%div_i = fdiv i32 1, i32 %add_i" [cnn.cpp:34]   --->   Operation 198 'fdiv' 'div_i' <Predicate = true> <Delay = 6.70> <CoreInst = "FDiv">   --->   Core 20 'FDiv' <Latency = 9> <II = 1> <Delay = 6.70> <FuncUnit> <Opcode : 'fdiv' 'frem'> <InPorts = 2> <OutPorts = 1>

State 47 <SV = 42> <Delay = 6.70>
ST_47 : Operation 199 [1/10] (6.70ns)   --->   "%div_i = fdiv i32 1, i32 %add_i" [cnn.cpp:34]   --->   Operation 199 'fdiv' 'div_i' <Predicate = true> <Delay = 6.70> <CoreInst = "FDiv">   --->   Core 20 'FDiv' <Latency = 9> <II = 1> <Delay = 6.70> <FuncUnit> <Opcode : 'fdiv' 'frem'> <InPorts = 2> <OutPorts = 1>

State 48 <SV = 43> <Delay = 1.00>
ST_48 : Operation 200 [1/1] (0.00ns)   --->   "%bitcast_ln197 = bitcast i32 %div_i" [cnn.cpp:197]   --->   Operation 200 'bitcast' 'bitcast_ln197' <Predicate = true> <Delay = 0.00>
ST_48 : Operation 201 [1/1] (1.00ns)   --->   "%write_ln197 = write void @_ssdm_op_Write.s_axilite.i32P0A, i32 %steering_out, i32 %bitcast_ln197" [cnn.cpp:197]   --->   Operation 201 'write' 'write_ln197' <Predicate = true> <Delay = 1.00> <CoreInst = "s_axilite">   --->   Core 122 's_axilite' <Latency = 0> <II = 1> <Delay = 1.00> <Adapter> <Opcode : 'read' 'write'>
ST_48 : Operation 202 [1/1] (0.00ns)   --->   "%ret_ln198 = ret" [cnn.cpp:198]   --->   Operation 202 'ret' 'ret_ln198' <Predicate = true> <Delay = 0.00>


============================================================
+ Verbose Summary: Timing violations
============================================================
Target clock period: 10ns, clock uncertainty: 2.7ns.

 <State 1>: 1ns
The critical path consists of the following:
	s_axi read operation ('img_in') on port 'img_in' [12]  (1 ns)

 <State 2>: 7.3ns
The critical path consists of the following:
	'getelementptr' operation ('gmem_addr', cnn.cpp:38) [32]  (0 ns)
	bus request operation ('empty', cnn.cpp:38) on port 'gmem' (cnn.cpp:38) [33]  (7.3 ns)

 <State 3>: 7.3ns
The critical path consists of the following:
	bus request operation ('empty', cnn.cpp:38) on port 'gmem' (cnn.cpp:38) [33]  (7.3 ns)

 <State 4>: 7.3ns
The critical path consists of the following:
	bus request operation ('empty', cnn.cpp:38) on port 'gmem' (cnn.cpp:38) [33]  (7.3 ns)

 <State 5>: 7.3ns
The critical path consists of the following:
	bus request operation ('empty', cnn.cpp:38) on port 'gmem' (cnn.cpp:38) [33]  (7.3 ns)

 <State 6>: 7.3ns
The critical path consists of the following:
	bus request operation ('empty', cnn.cpp:38) on port 'gmem' (cnn.cpp:38) [33]  (7.3 ns)

 <State 7>: 7.3ns
The critical path consists of the following:
	bus request operation ('empty', cnn.cpp:38) on port 'gmem' (cnn.cpp:38) [33]  (7.3 ns)

 <State 8>: 7.3ns
The critical path consists of the following:
	bus request operation ('empty', cnn.cpp:38) on port 'gmem' (cnn.cpp:38) [33]  (7.3 ns)

 <State 9>: 0ns
The critical path consists of the following:

 <State 10>: 0ns
The critical path consists of the following:

 <State 11>: 2.23ns
The critical path consists of the following:
	'load' operation ('f', cnn.cpp:76) on local variable 'f' [38]  (0 ns)
	'add' operation ('add_ln87', cnn.cpp:87) [73]  (0.878 ns)
	'getelementptr' operation ('conv1_w_addr_5', cnn.cpp:92) [75]  (0 ns)
	'load' operation ('conv1_w_load_5', cnn.cpp:92) on array 'conv1_w' [76]  (1.35 ns)

 <State 12>: 1.35ns
The critical path consists of the following:
	'load' operation ('conv1_w_load', cnn.cpp:92) on array 'conv1_w' [56]  (1.35 ns)

 <State 13>: 0ns
The critical path consists of the following:

 <State 14>: 0ns
The critical path consists of the following:

 <State 15>: 0ns
The critical path consists of the following:

 <State 16>: 0ns
The critical path consists of the following:

 <State 17>: 0ns
The critical path consists of the following:

 <State 18>: 0ns
The critical path consists of the following:

 <State 19>: 0ns
The critical path consists of the following:

 <State 20>: 0ns
The critical path consists of the following:

 <State 21>: 1.37ns
The critical path consists of the following:
	'load' operation ('i', cnn.cpp:178) on local variable 'i' [101]  (0 ns)
	'add' operation ('add_ln178', cnn.cpp:178) [104]  (0.878 ns)
	'store' operation ('store_ln178', cnn.cpp:178) of variable 'add_ln178', cnn.cpp:178 on local variable 'i' [113]  (0.489 ns)

 <State 22>: 2.14ns
The critical path consists of the following:
	'load' operation ('sum', cnn.cpp:179) on array 'dense1_b' [111]  (0.79 ns)
	'call' operation ('call_ln179', cnn.cpp:179) to 'cnn_predict_Pipeline_VITIS_LOOP_180_26' [112]  (1.35 ns)

 <State 23>: 0ns
The critical path consists of the following:

 <State 24>: 0ns
The critical path consists of the following:

 <State 25>: 6.4ns
The critical path consists of the following:
	'load' operation ('final_sum_loc_load') on local variable 'final_sum_loc' [117]  (0 ns)
	'xor' operation ('xor_ln34', cnn.cpp:34) [119]  (0.401 ns)
	'fexp' operation ('tmp', /wrk/ci/prod/2022.2/hls_product/continuous/608/2022.2/src/shared/hls/clib/hlsmath/src/common/hls_exp_float.cpp:17) [121]  (6 ns)

 <State 26>: 6ns
The critical path consists of the following:
	'fexp' operation ('tmp', /wrk/ci/prod/2022.2/hls_product/continuous/608/2022.2/src/shared/hls/clib/hlsmath/src/common/hls_exp_float.cpp:17) [121]  (6 ns)

 <State 27>: 6ns
The critical path consists of the following:
	'fexp' operation ('tmp', /wrk/ci/prod/2022.2/hls_product/continuous/608/2022.2/src/shared/hls/clib/hlsmath/src/common/hls_exp_float.cpp:17) [121]  (6 ns)

 <State 28>: 6ns
The critical path consists of the following:
	'fexp' operation ('tmp', /wrk/ci/prod/2022.2/hls_product/continuous/608/2022.2/src/shared/hls/clib/hlsmath/src/common/hls_exp_float.cpp:17) [121]  (6 ns)

 <State 29>: 6ns
The critical path consists of the following:
	'fexp' operation ('tmp', /wrk/ci/prod/2022.2/hls_product/continuous/608/2022.2/src/shared/hls/clib/hlsmath/src/common/hls_exp_float.cpp:17) [121]  (6 ns)

 <State 30>: 6ns
The critical path consists of the following:
	'fexp' operation ('tmp', /wrk/ci/prod/2022.2/hls_product/continuous/608/2022.2/src/shared/hls/clib/hlsmath/src/common/hls_exp_float.cpp:17) [121]  (6 ns)

 <State 31>: 6ns
The critical path consists of the following:
	'fexp' operation ('tmp', /wrk/ci/prod/2022.2/hls_product/continuous/608/2022.2/src/shared/hls/clib/hlsmath/src/common/hls_exp_float.cpp:17) [121]  (6 ns)

 <State 32>: 6ns
The critical path consists of the following:
	'fexp' operation ('tmp', /wrk/ci/prod/2022.2/hls_product/continuous/608/2022.2/src/shared/hls/clib/hlsmath/src/common/hls_exp_float.cpp:17) [121]  (6 ns)

 <State 33>: 6.02ns
The critical path consists of the following:
	'fadd' operation ('add_i', cnn.cpp:34) [122]  (6.02 ns)

 <State 34>: 6.02ns
The critical path consists of the following:
	'fadd' operation ('add_i', cnn.cpp:34) [122]  (6.02 ns)

 <State 35>: 6.02ns
The critical path consists of the following:
	'fadd' operation ('add_i', cnn.cpp:34) [122]  (6.02 ns)

 <State 36>: 6.02ns
The critical path consists of the following:
	'fadd' operation ('add_i', cnn.cpp:34) [122]  (6.02 ns)

 <State 37>: 6.02ns
The critical path consists of the following:
	'fadd' operation ('add_i', cnn.cpp:34) [122]  (6.02 ns)

 <State 38>: 6.71ns
The critical path consists of the following:
	'fdiv' operation ('div_i', cnn.cpp:34) [123]  (6.71 ns)

 <State 39>: 6.71ns
The critical path consists of the following:
	'fdiv' operation ('div_i', cnn.cpp:34) [123]  (6.71 ns)

 <State 40>: 6.71ns
The critical path consists of the following:
	'fdiv' operation ('div_i', cnn.cpp:34) [123]  (6.71 ns)

 <State 41>: 6.71ns
The critical path consists of the following:
	'fdiv' operation ('div_i', cnn.cpp:34) [123]  (6.71 ns)

 <State 42>: 6.71ns
The critical path consists of the following:
	'fdiv' operation ('div_i', cnn.cpp:34) [123]  (6.71 ns)

 <State 43>: 6.71ns
The critical path consists of the following:
	'fdiv' operation ('div_i', cnn.cpp:34) [123]  (6.71 ns)

 <State 44>: 6.71ns
The critical path consists of the following:
	'fdiv' operation ('div_i', cnn.cpp:34) [123]  (6.71 ns)

 <State 45>: 6.71ns
The critical path consists of the following:
	'fdiv' operation ('div_i', cnn.cpp:34) [123]  (6.71 ns)

 <State 46>: 6.71ns
The critical path consists of the following:
	'fdiv' operation ('div_i', cnn.cpp:34) [123]  (6.71 ns)

 <State 47>: 6.71ns
The critical path consists of the following:
	'fdiv' operation ('div_i', cnn.cpp:34) [123]  (6.71 ns)

 <State 48>: 1ns
The critical path consists of the following:
	s_axi write operation ('write_ln197', cnn.cpp:197) on port 'steering_out' (cnn.cpp:197) [125]  (1 ns)


============================================================
+ Verbose Summary: Binding
============================================================
N/A
* FSMD analyzer results:
  - Output states:
 - Input state : 
  - Chain level:
	State 1
	State 2
	State 3
	State 4
	State 5
	State 6
	State 7
	State 8
	State 9
	State 10
	State 11
	State 12
	State 13
	State 14
	State 15
	State 16
	State 17
	State 18
	State 19
	State 20
	State 21
	State 22
	State 23
	State 24
	State 25
	State 26
	State 27
	State 28
	State 29
	State 30
	State 31
	State 32
	State 33
	State 34
	State 35
	State 36
	State 37
	State 38
	State 39
	State 40
	State 41
	State 42
	State 43
	State 44
	State 45
	State 46
	State 47
	State 48


============================================================
+ Verbose Summary: Datapath Resource usage 
============================================================
N/A
