

================================================================
== Vitis HLS Report for 'cnn_predict_Pipeline_VITIS_LOOP_77_2_VITIS_LOOP_78_3'
================================================================
* Date:           Tue Nov 25 13:54:29 2025

* Version:        2022.2 (Build 3670227 on Oct 13 2022)
* Project:        cnn_hls
* Solution:       solution1 (Vivado IP Flow Target)
* Product family: zynquplus
* Target device:  xczu3eg-sbva484-1-i


================================================================
== Performance Estimates
================================================================
+ Timing: 
    * Summary: 
    +--------+----------+----------+------------+
    |  Clock |  Target  | Estimated| Uncertainty|
    +--------+----------+----------+------------+
    |ap_clk  |  10.00 ns|  6.023 ns|     2.70 ns|
    +--------+----------+----------+------------+

+ Latency: 
    * Summary: 
    +---------+---------+----------+----------+-------+-------+---------+
    |  Latency (cycles) |  Latency (absolute) |    Interval   | Pipeline|
    |   min   |   max   |    min   |    max   |  min  |  max  |   Type  |
    +---------+---------+----------+----------+-------+-------+---------+
    |    19272|    19272|  0.193 ms|  0.193 ms|  19272|  19272|       no|
    +---------+---------+----------+----------+-------+-------+---------+

    + Detail: 
        * Instance: 
        N/A

        * Loop: 
        +-----------------------------------+---------+---------+----------+-----------+-----------+------+----------+
        |                                   |  Latency (cycles) | Iteration|  Initiation Interval  | Trip |          |
        |             Loop Name             |   min   |   max   |  Latency |  achieved |   target  | Count| Pipelined|
        +-----------------------------------+---------+---------+----------+-----------+-----------+------+----------+
        |- VITIS_LOOP_77_2_VITIS_LOOP_78_3  |    19270|    19270|        56|          5|          1|  3844|       yes|
        +-----------------------------------+---------+---------+----------+-----------+-----------+------+----------+

============================================================
+ Verbose Summary: Synthesis Manager
============================================================
InlineROM: 1
ExposeGlobal: 0
============================================================
+ Verbose Summary: CDFG Model
============================================================
IsTopModel: 0
ResetActiveHigh: 1
IsCombinational: 0
IsDatapathOnly: 0
HasWiredReturn: 1
HasMFsm: 2
HasVarLatency: 1
IsPipeline: 0
IsRtlPipelined: 0
IsInstanceOverlapped: 0
IsDontTouch: 0
HasImplIP: 0
IsGatedGlobalClock: 0

+ Individual pipeline summary: 
  * Pipeline-0: initiation interval (II) = 5, depth = 56


============================================================
+ Verbose Summary: Schedule
============================================================
* Number of FSM states : 56
* Pipeline : 1
  Pipeline-0 : II = 5, D = 56, States = { 1 2 3 4 5 6 7 8 9 10 11 12 13 14 15 16 17 18 19 20 21 22 23 24 25 26 27 28 29 30 31 32 33 34 35 36 37 38 39 40 41 42 43 44 45 46 47 48 49 50 51 52 53 54 55 56 }
* Dataflow Pipeline: 0

* FSM state transitions: 
1 --> 2 
2 --> 3 
3 --> 4 
4 --> 5 
5 --> 6 
6 --> 7 
7 --> 8 
8 --> 9 
9 --> 10 
10 --> 11 
11 --> 12 
12 --> 13 
13 --> 14 
14 --> 15 
15 --> 16 
16 --> 17 
17 --> 18 
18 --> 19 
19 --> 20 
20 --> 21 
21 --> 22 
22 --> 23 
23 --> 24 
24 --> 25 
25 --> 26 
26 --> 27 
27 --> 28 
28 --> 29 
29 --> 30 
30 --> 31 
31 --> 32 
32 --> 33 
33 --> 34 
34 --> 35 
35 --> 36 
36 --> 37 
37 --> 38 
38 --> 39 
39 --> 40 
40 --> 41 
41 --> 42 
42 --> 43 
43 --> 44 
44 --> 45 
45 --> 46 
46 --> 47 
47 --> 48 
48 --> 49 
49 --> 50 
50 --> 51 
51 --> 52 
52 --> 53 
53 --> 54 
54 --> 55 
55 --> 56 
56 --> 

* FSM state operations: 

State 1 <SV = 0> <Delay = 3.64>
ST_1 : Operation 59 [1/1] (0.00ns)   --->   "%c = alloca i32 1"   --->   Operation 59 'alloca' 'c' <Predicate = true> <Delay = 0.00>
ST_1 : Operation 60 [1/1] (0.00ns)   --->   "%r = alloca i32 1"   --->   Operation 60 'alloca' 'r' <Predicate = true> <Delay = 0.00>
ST_1 : Operation 61 [1/1] (0.00ns)   --->   "%indvar_flatten = alloca i32 1"   --->   Operation 61 'alloca' 'indvar_flatten' <Predicate = true> <Delay = 0.00>
ST_1 : Operation 62 [1/1] (0.00ns)   --->   "%conv1_w_load_8_read = read i32 @_ssdm_op_Read.ap_auto.float, i32 %conv1_w_load_8"   --->   Operation 62 'read' 'conv1_w_load_8_read' <Predicate = true> <Delay = 0.00>
ST_1 : Operation 63 [1/1] (0.00ns)   --->   "%conv1_w_load_7_read = read i32 @_ssdm_op_Read.ap_auto.float, i32 %conv1_w_load_7"   --->   Operation 63 'read' 'conv1_w_load_7_read' <Predicate = true> <Delay = 0.00>
ST_1 : Operation 64 [1/1] (0.00ns)   --->   "%conv1_w_load_6_read = read i32 @_ssdm_op_Read.ap_auto.float, i32 %conv1_w_load_6"   --->   Operation 64 'read' 'conv1_w_load_6_read' <Predicate = true> <Delay = 0.00>
ST_1 : Operation 65 [1/1] (0.00ns)   --->   "%conv1_w_load_5_read = read i32 @_ssdm_op_Read.ap_auto.float, i32 %conv1_w_load_5"   --->   Operation 65 'read' 'conv1_w_load_5_read' <Predicate = true> <Delay = 0.00>
ST_1 : Operation 66 [1/1] (0.00ns)   --->   "%conv1_w_load_4_read = read i32 @_ssdm_op_Read.ap_auto.float, i32 %conv1_w_load_4"   --->   Operation 66 'read' 'conv1_w_load_4_read' <Predicate = true> <Delay = 0.00>
ST_1 : Operation 67 [1/1] (0.00ns)   --->   "%conv1_w_load_3_read = read i32 @_ssdm_op_Read.ap_auto.float, i32 %conv1_w_load_3"   --->   Operation 67 'read' 'conv1_w_load_3_read' <Predicate = true> <Delay = 0.00>
ST_1 : Operation 68 [1/1] (0.00ns)   --->   "%conv1_w_load_2_read = read i32 @_ssdm_op_Read.ap_auto.float, i32 %conv1_w_load_2"   --->   Operation 68 'read' 'conv1_w_load_2_read' <Predicate = true> <Delay = 0.00>
ST_1 : Operation 69 [1/1] (0.00ns)   --->   "%conv1_w_load_1_read = read i32 @_ssdm_op_Read.ap_auto.float, i32 %conv1_w_load_1"   --->   Operation 69 'read' 'conv1_w_load_1_read' <Predicate = true> <Delay = 0.00>
ST_1 : Operation 70 [1/1] (0.00ns)   --->   "%sum_read = read i32 @_ssdm_op_Read.ap_auto.float, i32 %sum"   --->   Operation 70 'read' 'sum_read' <Predicate = true> <Delay = 0.00>
ST_1 : Operation 71 [1/1] (0.00ns)   --->   "%conv1_w_load_read = read i32 @_ssdm_op_Read.ap_auto.float, i32 %conv1_w_load"   --->   Operation 71 'read' 'conv1_w_load_read' <Predicate = true> <Delay = 0.00>
ST_1 : Operation 72 [1/1] (0.00ns)   --->   "%zext_ln76_read = read i2 @_ssdm_op_Read.ap_auto.i2, i2 %zext_ln76"   --->   Operation 72 'read' 'zext_ln76_read' <Predicate = true> <Delay = 0.00>
ST_1 : Operation 73 [1/1] (0.00ns)   --->   "%specmemcore_ln0 = specmemcore void @_ssdm_op_SpecMemCore, i32 %img_read, i64 666, i64 22, i64 18446744073709551615"   --->   Operation 73 'specmemcore' 'specmemcore_ln0' <Predicate = true> <Delay = 0.00>
ST_1 : Operation 74 [1/1] (0.48ns)   --->   "%store_ln0 = store i12 0, i12 %indvar_flatten"   --->   Operation 74 'store' 'store_ln0' <Predicate = true> <Delay = 0.48>
ST_1 : Operation 75 [1/1] (0.48ns)   --->   "%store_ln0 = store i6 0, i6 %r"   --->   Operation 75 'store' 'store_ln0' <Predicate = true> <Delay = 0.48>
ST_1 : Operation 76 [1/1] (0.48ns)   --->   "%store_ln0 = store i6 0, i6 %c"   --->   Operation 76 'store' 'store_ln0' <Predicate = true> <Delay = 0.48>
ST_1 : Operation 77 [1/1] (0.00ns)   --->   "%br_ln0 = br void %VITIS_LOOP_83_4"   --->   Operation 77 'br' 'br_ln0' <Predicate = true> <Delay = 0.00>
ST_1 : Operation 78 [1/1] (0.00ns)   --->   "%indvar_flatten_load = load i12 %indvar_flatten" [cnn.cpp:77]   --->   Operation 78 'load' 'indvar_flatten_load' <Predicate = true> <Delay = 0.00>
ST_1 : Operation 79 [1/1] (0.00ns)   --->   "%specpipeline_ln0 = specpipeline void @_ssdm_op_SpecPipeline, i32 4294967295, i32 0, i32 1, i32 0, void @p_str"   --->   Operation 79 'specpipeline' 'specpipeline_ln0' <Predicate = true> <Delay = 0.00>
ST_1 : Operation 80 [1/1] (0.86ns)   --->   "%icmp_ln77 = icmp_eq  i12 %indvar_flatten_load, i12 3844" [cnn.cpp:77]   --->   Operation 80 'icmp' 'icmp_ln77' <Predicate = true> <Delay = 0.86> <CoreInst = "Cmp">   --->   Core 9 'Cmp' <Latency = 0> <II = 1> <Delay = 0.86> <FuncUnit> <Opcode : 'icmp'> <InPorts = 2> <OutPorts = 1>
ST_1 : Operation 81 [1/1] (0.96ns)   --->   "%add_ln77_1 = add i12 %indvar_flatten_load, i12 1" [cnn.cpp:77]   --->   Operation 81 'add' 'add_ln77_1' <Predicate = true> <Delay = 0.96> <CoreInst = "Adder">   --->   Core 1 'Adder' <Latency = 0> <II = 1> <Delay = 0.96> <FuncUnit> <Opcode : 'add' 'sub'> <InPorts = 2> <OutPorts = 1>
ST_1 : Operation 82 [1/1] (0.00ns)   --->   "%br_ln77 = br i1 %icmp_ln77, void %for.inc44, void %for.inc47.exitStub" [cnn.cpp:77]   --->   Operation 82 'br' 'br_ln77' <Predicate = true> <Delay = 0.00>
ST_1 : Operation 83 [1/1] (0.00ns)   --->   "%c_load = load i6 %c" [cnn.cpp:78]   --->   Operation 83 'load' 'c_load' <Predicate = (!icmp_ln77)> <Delay = 0.00>
ST_1 : Operation 84 [1/1] (0.00ns)   --->   "%r_load = load i6 %r"   --->   Operation 84 'load' 'r_load' <Predicate = (!icmp_ln77)> <Delay = 0.00>
ST_1 : Operation 85 [1/1] (0.87ns)   --->   "%icmp_ln78 = icmp_eq  i6 %c_load, i6 62" [cnn.cpp:78]   --->   Operation 85 'icmp' 'icmp_ln78' <Predicate = (!icmp_ln77)> <Delay = 0.87> <CoreInst = "Cmp">   --->   Core 9 'Cmp' <Latency = 0> <II = 1> <Delay = 0.87> <FuncUnit> <Opcode : 'icmp'> <InPorts = 2> <OutPorts = 1>
ST_1 : Operation 86 [1/1] (0.44ns)   --->   "%select_ln77 = select i1 %icmp_ln78, i6 0, i6 %c_load" [cnn.cpp:77]   --->   Operation 86 'select' 'select_ln77' <Predicate = (!icmp_ln77)> <Delay = 0.44> <CoreInst = "Sel">   --->   Core 73 'Sel' <Latency = 0> <II = 1> <Delay = 0.44> <FuncUnit> <Opcode : 'select'> <InPorts = 3> <OutPorts = 1>
ST_1 : Operation 87 [1/1] (0.88ns)   --->   "%empty_29 = add i6 %r_load, i6 1"   --->   Operation 87 'add' 'empty_29' <Predicate = (!icmp_ln77)> <Delay = 0.88> <CoreInst = "Adder">   --->   Core 1 'Adder' <Latency = 0> <II = 1> <Delay = 0.88> <FuncUnit> <Opcode : 'add' 'sub'> <InPorts = 2> <OutPorts = 1>
ST_1 : Operation 88 [1/1] (0.44ns)   --->   "%select_ln77_1 = select i1 %icmp_ln78, i6 %empty_29, i6 %r_load" [cnn.cpp:77]   --->   Operation 88 'select' 'select_ln77_1' <Predicate = (!icmp_ln77)> <Delay = 0.44> <CoreInst = "Sel">   --->   Core 73 'Sel' <Latency = 0> <II = 1> <Delay = 0.44> <FuncUnit> <Opcode : 'select'> <InPorts = 3> <OutPorts = 1>
ST_1 : Operation 89 [1/1] (0.88ns)   --->   "%p_mid1 = add i6 %r_load, i6 2"   --->   Operation 89 'add' 'p_mid1' <Predicate = (!icmp_ln77)> <Delay = 0.88> <CoreInst = "Adder">   --->   Core 1 'Adder' <Latency = 0> <II = 1> <Delay = 0.88> <FuncUnit> <Opcode : 'add' 'sub'> <InPorts = 2> <OutPorts = 1>
ST_1 : Operation 90 [1/1] (0.44ns)   --->   "%select_ln77_2 = select i1 %icmp_ln78, i6 %p_mid1, i6 %empty_29" [cnn.cpp:77]   --->   Operation 90 'select' 'select_ln77_2' <Predicate = (!icmp_ln77)> <Delay = 0.44> <CoreInst = "Sel">   --->   Core 73 'Sel' <Latency = 0> <II = 1> <Delay = 0.44> <FuncUnit> <Opcode : 'select'> <InPorts = 3> <OutPorts = 1>
ST_1 : Operation 91 [1/1] (0.00ns) (grouped into LUT with out node add_ln77)   --->   "%select_ln77_3 = select i1 %icmp_ln78, i6 3, i6 2" [cnn.cpp:77]   --->   Operation 91 'select' 'select_ln77_3' <Predicate = (!icmp_ln77)> <Delay = 0.00> <CoreInst = "Sel">   --->   Core 73 'Sel' <Latency = 0> <II = 1> <Delay = 0.27> <FuncUnit> <Opcode : 'select'> <InPorts = 3> <OutPorts = 1>
ST_1 : Operation 92 [1/1] (0.88ns) (out node of the LUT)   --->   "%add_ln77 = add i6 %r_load, i6 %select_ln77_3" [cnn.cpp:77]   --->   Operation 92 'add' 'add_ln77' <Predicate = (!icmp_ln77)> <Delay = 0.88> <CoreInst = "Adder">   --->   Core 1 'Adder' <Latency = 0> <II = 1> <Delay = 0.88> <FuncUnit> <Opcode : 'add' 'sub'> <InPorts = 2> <OutPorts = 1>
ST_1 : Operation 93 [1/1] (0.00ns)   --->   "%add_ln = bitconcatenate i12 @_ssdm_op_BitConcatenate.i12.i6.i6, i6 %select_ln77_1, i6 %select_ln77" [cnn.cpp:90]   --->   Operation 93 'bitconcatenate' 'add_ln' <Predicate = (!icmp_ln77)> <Delay = 0.00>
ST_1 : Operation 94 [1/1] (0.00ns)   --->   "%zext_ln92 = zext i12 %add_ln" [cnn.cpp:92]   --->   Operation 94 'zext' 'zext_ln92' <Predicate = (!icmp_ln77)> <Delay = 0.00>
ST_1 : Operation 95 [1/1] (0.00ns)   --->   "%img_read_addr = getelementptr i32 %img_read, i64 0, i64 %zext_ln92" [cnn.cpp:92]   --->   Operation 95 'getelementptr' 'img_read_addr' <Predicate = (!icmp_ln77)> <Delay = 0.00>
ST_1 : Operation 96 [2/2] (1.35ns)   --->   "%img_read_load = load i12 %img_read_addr" [cnn.cpp:92]   --->   Operation 96 'load' 'img_read_load' <Predicate = (!icmp_ln77)> <Delay = 1.35> <CoreInst = "RAM_2P_BRAM">   --->   Core 94 'RAM_2P_BRAM' <Latency = 1> <II = 1> <Delay = 1.35> <Storage> <Opcode : 'load' 'store'> <Ports = 2> <Width = 32> <Depth = 4096> <RAM>
ST_1 : Operation 97 [1/1] (0.96ns)   --->   "%add_ln90 = add i12 %add_ln, i12 1" [cnn.cpp:90]   --->   Operation 97 'add' 'add_ln90' <Predicate = (!icmp_ln77)> <Delay = 0.96> <CoreInst = "Adder">   --->   Core 1 'Adder' <Latency = 0> <II = 1> <Delay = 0.96> <FuncUnit> <Opcode : 'add' 'sub'> <InPorts = 2> <OutPorts = 1>
ST_1 : Operation 98 [1/1] (0.00ns)   --->   "%zext_ln92_1 = zext i12 %add_ln90" [cnn.cpp:92]   --->   Operation 98 'zext' 'zext_ln92_1' <Predicate = (!icmp_ln77)> <Delay = 0.00>
ST_1 : Operation 99 [1/1] (0.00ns)   --->   "%img_read_addr_1 = getelementptr i32 %img_read, i64 0, i64 %zext_ln92_1" [cnn.cpp:92]   --->   Operation 99 'getelementptr' 'img_read_addr_1' <Predicate = (!icmp_ln77)> <Delay = 0.00>
ST_1 : Operation 100 [2/2] (1.35ns)   --->   "%img_read_load_1 = load i12 %img_read_addr_1" [cnn.cpp:92]   --->   Operation 100 'load' 'img_read_load_1' <Predicate = (!icmp_ln77)> <Delay = 1.35> <CoreInst = "RAM_2P_BRAM">   --->   Core 94 'RAM_2P_BRAM' <Latency = 1> <II = 1> <Delay = 1.35> <Storage> <Opcode : 'load' 'store'> <Ports = 2> <Width = 32> <Depth = 4096> <RAM>
ST_1 : Operation 101 [1/1] (0.88ns)   --->   "%add_ln78 = add i6 %select_ln77, i6 1" [cnn.cpp:78]   --->   Operation 101 'add' 'add_ln78' <Predicate = (!icmp_ln77)> <Delay = 0.88> <CoreInst = "Adder">   --->   Core 1 'Adder' <Latency = 0> <II = 1> <Delay = 0.88> <FuncUnit> <Opcode : 'add' 'sub'> <InPorts = 2> <OutPorts = 1>
ST_1 : Operation 102 [1/1] (0.48ns)   --->   "%store_ln78 = store i12 %add_ln77_1, i12 %indvar_flatten" [cnn.cpp:78]   --->   Operation 102 'store' 'store_ln78' <Predicate = (!icmp_ln77)> <Delay = 0.48>
ST_1 : Operation 103 [1/1] (0.48ns)   --->   "%store_ln78 = store i6 %select_ln77_1, i6 %r" [cnn.cpp:78]   --->   Operation 103 'store' 'store_ln78' <Predicate = (!icmp_ln77)> <Delay = 0.48>
ST_1 : Operation 104 [1/1] (0.48ns)   --->   "%store_ln78 = store i6 %add_ln78, i6 %c" [cnn.cpp:78]   --->   Operation 104 'store' 'store_ln78' <Predicate = (!icmp_ln77)> <Delay = 0.48>

State 2 <SV = 1> <Delay = 6.02>
ST_2 : Operation 105 [1/2] (1.35ns)   --->   "%img_read_load = load i12 %img_read_addr" [cnn.cpp:92]   --->   Operation 105 'load' 'img_read_load' <Predicate = (!icmp_ln77)> <Delay = 1.35> <CoreInst = "RAM_2P_BRAM">   --->   Core 94 'RAM_2P_BRAM' <Latency = 1> <II = 1> <Delay = 1.35> <Storage> <Opcode : 'load' 'store'> <Ports = 2> <Width = 32> <Depth = 4096> <RAM>
ST_2 : Operation 106 [4/4] (4.67ns)   --->   "%mul = fmul i32 %img_read_load, i32 %conv1_w_load_read" [cnn.cpp:92]   --->   Operation 106 'fmul' 'mul' <Predicate = (!icmp_ln77)> <Delay = 4.67> <CoreInst = "FMul_maxdsp">   --->   Core 30 'FMul_maxdsp' <Latency = 3> <II = 1> <Delay = 4.67> <FuncUnit> <Opcode : 'fmul'> <InPorts = 2> <OutPorts = 1>
ST_2 : Operation 107 [1/2] (1.35ns)   --->   "%img_read_load_1 = load i12 %img_read_addr_1" [cnn.cpp:92]   --->   Operation 107 'load' 'img_read_load_1' <Predicate = (!icmp_ln77)> <Delay = 1.35> <CoreInst = "RAM_2P_BRAM">   --->   Core 94 'RAM_2P_BRAM' <Latency = 1> <II = 1> <Delay = 1.35> <Storage> <Opcode : 'load' 'store'> <Ports = 2> <Width = 32> <Depth = 4096> <RAM>
ST_2 : Operation 108 [4/4] (4.67ns)   --->   "%mul_0_1 = fmul i32 %img_read_load_1, i32 %conv1_w_load_1_read" [cnn.cpp:92]   --->   Operation 108 'fmul' 'mul_0_1' <Predicate = (!icmp_ln77)> <Delay = 4.67> <CoreInst = "FMul_maxdsp">   --->   Core 30 'FMul_maxdsp' <Latency = 3> <II = 1> <Delay = 4.67> <FuncUnit> <Opcode : 'fmul'> <InPorts = 2> <OutPorts = 1>
ST_2 : Operation 109 [1/1] (0.96ns)   --->   "%add_ln90_1 = add i12 %add_ln, i12 2" [cnn.cpp:90]   --->   Operation 109 'add' 'add_ln90_1' <Predicate = (!icmp_ln77)> <Delay = 0.96> <CoreInst = "Adder">   --->   Core 1 'Adder' <Latency = 0> <II = 1> <Delay = 0.96> <FuncUnit> <Opcode : 'add' 'sub'> <InPorts = 2> <OutPorts = 1>
ST_2 : Operation 110 [1/1] (0.00ns)   --->   "%zext_ln92_2 = zext i12 %add_ln90_1" [cnn.cpp:92]   --->   Operation 110 'zext' 'zext_ln92_2' <Predicate = (!icmp_ln77)> <Delay = 0.00>
ST_2 : Operation 111 [1/1] (0.00ns)   --->   "%img_read_addr_2 = getelementptr i32 %img_read, i64 0, i64 %zext_ln92_2" [cnn.cpp:92]   --->   Operation 111 'getelementptr' 'img_read_addr_2' <Predicate = (!icmp_ln77)> <Delay = 0.00>
ST_2 : Operation 112 [2/2] (1.35ns)   --->   "%img_read_load_2 = load i12 %img_read_addr_2" [cnn.cpp:92]   --->   Operation 112 'load' 'img_read_load_2' <Predicate = (!icmp_ln77)> <Delay = 1.35> <CoreInst = "RAM_2P_BRAM">   --->   Core 94 'RAM_2P_BRAM' <Latency = 1> <II = 1> <Delay = 1.35> <Storage> <Opcode : 'load' 'store'> <Ports = 2> <Width = 32> <Depth = 4096> <RAM>
ST_2 : Operation 113 [1/1] (0.00ns)   --->   "%add_ln90_3 = bitconcatenate i12 @_ssdm_op_BitConcatenate.i12.i6.i6, i6 %select_ln77_2, i6 %select_ln77" [cnn.cpp:90]   --->   Operation 113 'bitconcatenate' 'add_ln90_3' <Predicate = (!icmp_ln77)> <Delay = 0.00>
ST_2 : Operation 114 [1/1] (0.00ns)   --->   "%zext_ln92_3 = zext i12 %add_ln90_3" [cnn.cpp:92]   --->   Operation 114 'zext' 'zext_ln92_3' <Predicate = (!icmp_ln77)> <Delay = 0.00>
ST_2 : Operation 115 [1/1] (0.00ns)   --->   "%img_read_addr_3 = getelementptr i32 %img_read, i64 0, i64 %zext_ln92_3" [cnn.cpp:92]   --->   Operation 115 'getelementptr' 'img_read_addr_3' <Predicate = (!icmp_ln77)> <Delay = 0.00>
ST_2 : Operation 116 [2/2] (1.35ns)   --->   "%img_read_load_3 = load i12 %img_read_addr_3" [cnn.cpp:92]   --->   Operation 116 'load' 'img_read_load_3' <Predicate = (!icmp_ln77)> <Delay = 1.35> <CoreInst = "RAM_2P_BRAM">   --->   Core 94 'RAM_2P_BRAM' <Latency = 1> <II = 1> <Delay = 1.35> <Storage> <Opcode : 'load' 'store'> <Ports = 2> <Width = 32> <Depth = 4096> <RAM>

State 3 <SV = 2> <Delay = 6.02>
ST_3 : Operation 117 [3/4] (4.67ns)   --->   "%mul = fmul i32 %img_read_load, i32 %conv1_w_load_read" [cnn.cpp:92]   --->   Operation 117 'fmul' 'mul' <Predicate = (!icmp_ln77)> <Delay = 4.67> <CoreInst = "FMul_maxdsp">   --->   Core 30 'FMul_maxdsp' <Latency = 3> <II = 1> <Delay = 4.67> <FuncUnit> <Opcode : 'fmul'> <InPorts = 2> <OutPorts = 1>
ST_3 : Operation 118 [3/4] (4.67ns)   --->   "%mul_0_1 = fmul i32 %img_read_load_1, i32 %conv1_w_load_1_read" [cnn.cpp:92]   --->   Operation 118 'fmul' 'mul_0_1' <Predicate = (!icmp_ln77)> <Delay = 4.67> <CoreInst = "FMul_maxdsp">   --->   Core 30 'FMul_maxdsp' <Latency = 3> <II = 1> <Delay = 4.67> <FuncUnit> <Opcode : 'fmul'> <InPorts = 2> <OutPorts = 1>
ST_3 : Operation 119 [1/2] (1.35ns)   --->   "%img_read_load_2 = load i12 %img_read_addr_2" [cnn.cpp:92]   --->   Operation 119 'load' 'img_read_load_2' <Predicate = (!icmp_ln77)> <Delay = 1.35> <CoreInst = "RAM_2P_BRAM">   --->   Core 94 'RAM_2P_BRAM' <Latency = 1> <II = 1> <Delay = 1.35> <Storage> <Opcode : 'load' 'store'> <Ports = 2> <Width = 32> <Depth = 4096> <RAM>
ST_3 : Operation 120 [4/4] (4.67ns)   --->   "%mul_0_2 = fmul i32 %img_read_load_2, i32 %conv1_w_load_2_read" [cnn.cpp:92]   --->   Operation 120 'fmul' 'mul_0_2' <Predicate = (!icmp_ln77)> <Delay = 4.67> <CoreInst = "FMul_maxdsp">   --->   Core 30 'FMul_maxdsp' <Latency = 3> <II = 1> <Delay = 4.67> <FuncUnit> <Opcode : 'fmul'> <InPorts = 2> <OutPorts = 1>
ST_3 : Operation 121 [1/2] (1.35ns)   --->   "%img_read_load_3 = load i12 %img_read_addr_3" [cnn.cpp:92]   --->   Operation 121 'load' 'img_read_load_3' <Predicate = (!icmp_ln77)> <Delay = 1.35> <CoreInst = "RAM_2P_BRAM">   --->   Core 94 'RAM_2P_BRAM' <Latency = 1> <II = 1> <Delay = 1.35> <Storage> <Opcode : 'load' 'store'> <Ports = 2> <Width = 32> <Depth = 4096> <RAM>
ST_3 : Operation 122 [4/4] (4.67ns)   --->   "%mul_1 = fmul i32 %img_read_load_3, i32 %conv1_w_load_3_read" [cnn.cpp:92]   --->   Operation 122 'fmul' 'mul_1' <Predicate = (!icmp_ln77)> <Delay = 4.67> <CoreInst = "FMul_maxdsp">   --->   Core 30 'FMul_maxdsp' <Latency = 3> <II = 1> <Delay = 4.67> <FuncUnit> <Opcode : 'fmul'> <InPorts = 2> <OutPorts = 1>
ST_3 : Operation 123 [1/1] (0.96ns)   --->   "%add_ln90_2 = add i12 %add_ln90_3, i12 1" [cnn.cpp:90]   --->   Operation 123 'add' 'add_ln90_2' <Predicate = (!icmp_ln77)> <Delay = 0.96> <CoreInst = "Adder">   --->   Core 1 'Adder' <Latency = 0> <II = 1> <Delay = 0.96> <FuncUnit> <Opcode : 'add' 'sub'> <InPorts = 2> <OutPorts = 1>
ST_3 : Operation 124 [1/1] (0.00ns)   --->   "%zext_ln92_4 = zext i12 %add_ln90_2" [cnn.cpp:92]   --->   Operation 124 'zext' 'zext_ln92_4' <Predicate = (!icmp_ln77)> <Delay = 0.00>
ST_3 : Operation 125 [1/1] (0.00ns)   --->   "%img_read_addr_4 = getelementptr i32 %img_read, i64 0, i64 %zext_ln92_4" [cnn.cpp:92]   --->   Operation 125 'getelementptr' 'img_read_addr_4' <Predicate = (!icmp_ln77)> <Delay = 0.00>
ST_3 : Operation 126 [2/2] (1.35ns)   --->   "%img_read_load_4 = load i12 %img_read_addr_4" [cnn.cpp:92]   --->   Operation 126 'load' 'img_read_load_4' <Predicate = (!icmp_ln77)> <Delay = 1.35> <CoreInst = "RAM_2P_BRAM">   --->   Core 94 'RAM_2P_BRAM' <Latency = 1> <II = 1> <Delay = 1.35> <Storage> <Opcode : 'load' 'store'> <Ports = 2> <Width = 32> <Depth = 4096> <RAM>
ST_3 : Operation 127 [1/1] (0.96ns)   --->   "%add_ln90_4 = add i12 %add_ln90_3, i12 2" [cnn.cpp:90]   --->   Operation 127 'add' 'add_ln90_4' <Predicate = (!icmp_ln77)> <Delay = 0.96> <CoreInst = "Adder">   --->   Core 1 'Adder' <Latency = 0> <II = 1> <Delay = 0.96> <FuncUnit> <Opcode : 'add' 'sub'> <InPorts = 2> <OutPorts = 1>
ST_3 : Operation 128 [1/1] (0.00ns)   --->   "%zext_ln92_5 = zext i12 %add_ln90_4" [cnn.cpp:92]   --->   Operation 128 'zext' 'zext_ln92_5' <Predicate = (!icmp_ln77)> <Delay = 0.00>
ST_3 : Operation 129 [1/1] (0.00ns)   --->   "%img_read_addr_5 = getelementptr i32 %img_read, i64 0, i64 %zext_ln92_5" [cnn.cpp:92]   --->   Operation 129 'getelementptr' 'img_read_addr_5' <Predicate = (!icmp_ln77)> <Delay = 0.00>
ST_3 : Operation 130 [2/2] (1.35ns)   --->   "%img_read_load_5 = load i12 %img_read_addr_5" [cnn.cpp:92]   --->   Operation 130 'load' 'img_read_load_5' <Predicate = (!icmp_ln77)> <Delay = 1.35> <CoreInst = "RAM_2P_BRAM">   --->   Core 94 'RAM_2P_BRAM' <Latency = 1> <II = 1> <Delay = 1.35> <Storage> <Opcode : 'load' 'store'> <Ports = 2> <Width = 32> <Depth = 4096> <RAM>

State 4 <SV = 3> <Delay = 6.02>
ST_4 : Operation 131 [2/4] (4.67ns)   --->   "%mul = fmul i32 %img_read_load, i32 %conv1_w_load_read" [cnn.cpp:92]   --->   Operation 131 'fmul' 'mul' <Predicate = (!icmp_ln77)> <Delay = 4.67> <CoreInst = "FMul_maxdsp">   --->   Core 30 'FMul_maxdsp' <Latency = 3> <II = 1> <Delay = 4.67> <FuncUnit> <Opcode : 'fmul'> <InPorts = 2> <OutPorts = 1>
ST_4 : Operation 132 [2/4] (4.67ns)   --->   "%mul_0_1 = fmul i32 %img_read_load_1, i32 %conv1_w_load_1_read" [cnn.cpp:92]   --->   Operation 132 'fmul' 'mul_0_1' <Predicate = (!icmp_ln77)> <Delay = 4.67> <CoreInst = "FMul_maxdsp">   --->   Core 30 'FMul_maxdsp' <Latency = 3> <II = 1> <Delay = 4.67> <FuncUnit> <Opcode : 'fmul'> <InPorts = 2> <OutPorts = 1>
ST_4 : Operation 133 [3/4] (4.67ns)   --->   "%mul_0_2 = fmul i32 %img_read_load_2, i32 %conv1_w_load_2_read" [cnn.cpp:92]   --->   Operation 133 'fmul' 'mul_0_2' <Predicate = (!icmp_ln77)> <Delay = 4.67> <CoreInst = "FMul_maxdsp">   --->   Core 30 'FMul_maxdsp' <Latency = 3> <II = 1> <Delay = 4.67> <FuncUnit> <Opcode : 'fmul'> <InPorts = 2> <OutPorts = 1>
ST_4 : Operation 134 [3/4] (4.67ns)   --->   "%mul_1 = fmul i32 %img_read_load_3, i32 %conv1_w_load_3_read" [cnn.cpp:92]   --->   Operation 134 'fmul' 'mul_1' <Predicate = (!icmp_ln77)> <Delay = 4.67> <CoreInst = "FMul_maxdsp">   --->   Core 30 'FMul_maxdsp' <Latency = 3> <II = 1> <Delay = 4.67> <FuncUnit> <Opcode : 'fmul'> <InPorts = 2> <OutPorts = 1>
ST_4 : Operation 135 [1/2] (1.35ns)   --->   "%img_read_load_4 = load i12 %img_read_addr_4" [cnn.cpp:92]   --->   Operation 135 'load' 'img_read_load_4' <Predicate = (!icmp_ln77)> <Delay = 1.35> <CoreInst = "RAM_2P_BRAM">   --->   Core 94 'RAM_2P_BRAM' <Latency = 1> <II = 1> <Delay = 1.35> <Storage> <Opcode : 'load' 'store'> <Ports = 2> <Width = 32> <Depth = 4096> <RAM>
ST_4 : Operation 136 [4/4] (4.67ns)   --->   "%mul_1_1 = fmul i32 %img_read_load_4, i32 %conv1_w_load_4_read" [cnn.cpp:92]   --->   Operation 136 'fmul' 'mul_1_1' <Predicate = (!icmp_ln77)> <Delay = 4.67> <CoreInst = "FMul_maxdsp">   --->   Core 30 'FMul_maxdsp' <Latency = 3> <II = 1> <Delay = 4.67> <FuncUnit> <Opcode : 'fmul'> <InPorts = 2> <OutPorts = 1>
ST_4 : Operation 137 [1/2] (1.35ns)   --->   "%img_read_load_5 = load i12 %img_read_addr_5" [cnn.cpp:92]   --->   Operation 137 'load' 'img_read_load_5' <Predicate = (!icmp_ln77)> <Delay = 1.35> <CoreInst = "RAM_2P_BRAM">   --->   Core 94 'RAM_2P_BRAM' <Latency = 1> <II = 1> <Delay = 1.35> <Storage> <Opcode : 'load' 'store'> <Ports = 2> <Width = 32> <Depth = 4096> <RAM>
ST_4 : Operation 138 [4/4] (4.67ns)   --->   "%mul_1_2 = fmul i32 %img_read_load_5, i32 %conv1_w_load_5_read" [cnn.cpp:92]   --->   Operation 138 'fmul' 'mul_1_2' <Predicate = (!icmp_ln77)> <Delay = 4.67> <CoreInst = "FMul_maxdsp">   --->   Core 30 'FMul_maxdsp' <Latency = 3> <II = 1> <Delay = 4.67> <FuncUnit> <Opcode : 'fmul'> <InPorts = 2> <OutPorts = 1>
ST_4 : Operation 139 [1/1] (0.00ns)   --->   "%add_ln90_6 = bitconcatenate i12 @_ssdm_op_BitConcatenate.i12.i6.i6, i6 %add_ln77, i6 %select_ln77" [cnn.cpp:90]   --->   Operation 139 'bitconcatenate' 'add_ln90_6' <Predicate = (!icmp_ln77)> <Delay = 0.00>
ST_4 : Operation 140 [1/1] (0.00ns)   --->   "%zext_ln92_6 = zext i12 %add_ln90_6" [cnn.cpp:92]   --->   Operation 140 'zext' 'zext_ln92_6' <Predicate = (!icmp_ln77)> <Delay = 0.00>
ST_4 : Operation 141 [1/1] (0.00ns)   --->   "%img_read_addr_6 = getelementptr i32 %img_read, i64 0, i64 %zext_ln92_6" [cnn.cpp:92]   --->   Operation 141 'getelementptr' 'img_read_addr_6' <Predicate = (!icmp_ln77)> <Delay = 0.00>
ST_4 : Operation 142 [2/2] (1.35ns)   --->   "%img_read_load_6 = load i12 %img_read_addr_6" [cnn.cpp:92]   --->   Operation 142 'load' 'img_read_load_6' <Predicate = (!icmp_ln77)> <Delay = 1.35> <CoreInst = "RAM_2P_BRAM">   --->   Core 94 'RAM_2P_BRAM' <Latency = 1> <II = 1> <Delay = 1.35> <Storage> <Opcode : 'load' 'store'> <Ports = 2> <Width = 32> <Depth = 4096> <RAM>
ST_4 : Operation 143 [1/1] (0.96ns)   --->   "%add_ln90_5 = add i12 %add_ln90_6, i12 1" [cnn.cpp:90]   --->   Operation 143 'add' 'add_ln90_5' <Predicate = (!icmp_ln77)> <Delay = 0.96> <CoreInst = "Adder">   --->   Core 1 'Adder' <Latency = 0> <II = 1> <Delay = 0.96> <FuncUnit> <Opcode : 'add' 'sub'> <InPorts = 2> <OutPorts = 1>
ST_4 : Operation 144 [1/1] (0.00ns)   --->   "%zext_ln92_7 = zext i12 %add_ln90_5" [cnn.cpp:92]   --->   Operation 144 'zext' 'zext_ln92_7' <Predicate = (!icmp_ln77)> <Delay = 0.00>
ST_4 : Operation 145 [1/1] (0.00ns)   --->   "%img_read_addr_7 = getelementptr i32 %img_read, i64 0, i64 %zext_ln92_7" [cnn.cpp:92]   --->   Operation 145 'getelementptr' 'img_read_addr_7' <Predicate = (!icmp_ln77)> <Delay = 0.00>
ST_4 : Operation 146 [2/2] (1.35ns)   --->   "%img_read_load_7 = load i12 %img_read_addr_7" [cnn.cpp:92]   --->   Operation 146 'load' 'img_read_load_7' <Predicate = (!icmp_ln77)> <Delay = 1.35> <CoreInst = "RAM_2P_BRAM">   --->   Core 94 'RAM_2P_BRAM' <Latency = 1> <II = 1> <Delay = 1.35> <Storage> <Opcode : 'load' 'store'> <Ports = 2> <Width = 32> <Depth = 4096> <RAM>

State 5 <SV = 4> <Delay = 6.02>
ST_5 : Operation 147 [1/4] (4.67ns)   --->   "%mul = fmul i32 %img_read_load, i32 %conv1_w_load_read" [cnn.cpp:92]   --->   Operation 147 'fmul' 'mul' <Predicate = (!icmp_ln77)> <Delay = 4.67> <CoreInst = "FMul_maxdsp">   --->   Core 30 'FMul_maxdsp' <Latency = 3> <II = 1> <Delay = 4.67> <FuncUnit> <Opcode : 'fmul'> <InPorts = 2> <OutPorts = 1>
ST_5 : Operation 148 [1/4] (4.67ns)   --->   "%mul_0_1 = fmul i32 %img_read_load_1, i32 %conv1_w_load_1_read" [cnn.cpp:92]   --->   Operation 148 'fmul' 'mul_0_1' <Predicate = (!icmp_ln77)> <Delay = 4.67> <CoreInst = "FMul_maxdsp">   --->   Core 30 'FMul_maxdsp' <Latency = 3> <II = 1> <Delay = 4.67> <FuncUnit> <Opcode : 'fmul'> <InPorts = 2> <OutPorts = 1>
ST_5 : Operation 149 [2/4] (4.67ns)   --->   "%mul_0_2 = fmul i32 %img_read_load_2, i32 %conv1_w_load_2_read" [cnn.cpp:92]   --->   Operation 149 'fmul' 'mul_0_2' <Predicate = (!icmp_ln77)> <Delay = 4.67> <CoreInst = "FMul_maxdsp">   --->   Core 30 'FMul_maxdsp' <Latency = 3> <II = 1> <Delay = 4.67> <FuncUnit> <Opcode : 'fmul'> <InPorts = 2> <OutPorts = 1>
ST_5 : Operation 150 [2/4] (4.67ns)   --->   "%mul_1 = fmul i32 %img_read_load_3, i32 %conv1_w_load_3_read" [cnn.cpp:92]   --->   Operation 150 'fmul' 'mul_1' <Predicate = (!icmp_ln77)> <Delay = 4.67> <CoreInst = "FMul_maxdsp">   --->   Core 30 'FMul_maxdsp' <Latency = 3> <II = 1> <Delay = 4.67> <FuncUnit> <Opcode : 'fmul'> <InPorts = 2> <OutPorts = 1>
ST_5 : Operation 151 [3/4] (4.67ns)   --->   "%mul_1_1 = fmul i32 %img_read_load_4, i32 %conv1_w_load_4_read" [cnn.cpp:92]   --->   Operation 151 'fmul' 'mul_1_1' <Predicate = (!icmp_ln77)> <Delay = 4.67> <CoreInst = "FMul_maxdsp">   --->   Core 30 'FMul_maxdsp' <Latency = 3> <II = 1> <Delay = 4.67> <FuncUnit> <Opcode : 'fmul'> <InPorts = 2> <OutPorts = 1>
ST_5 : Operation 152 [3/4] (4.67ns)   --->   "%mul_1_2 = fmul i32 %img_read_load_5, i32 %conv1_w_load_5_read" [cnn.cpp:92]   --->   Operation 152 'fmul' 'mul_1_2' <Predicate = (!icmp_ln77)> <Delay = 4.67> <CoreInst = "FMul_maxdsp">   --->   Core 30 'FMul_maxdsp' <Latency = 3> <II = 1> <Delay = 4.67> <FuncUnit> <Opcode : 'fmul'> <InPorts = 2> <OutPorts = 1>
ST_5 : Operation 153 [1/2] (1.35ns)   --->   "%img_read_load_6 = load i12 %img_read_addr_6" [cnn.cpp:92]   --->   Operation 153 'load' 'img_read_load_6' <Predicate = (!icmp_ln77)> <Delay = 1.35> <CoreInst = "RAM_2P_BRAM">   --->   Core 94 'RAM_2P_BRAM' <Latency = 1> <II = 1> <Delay = 1.35> <Storage> <Opcode : 'load' 'store'> <Ports = 2> <Width = 32> <Depth = 4096> <RAM>
ST_5 : Operation 154 [4/4] (4.67ns)   --->   "%mul_2 = fmul i32 %img_read_load_6, i32 %conv1_w_load_6_read" [cnn.cpp:92]   --->   Operation 154 'fmul' 'mul_2' <Predicate = (!icmp_ln77)> <Delay = 4.67> <CoreInst = "FMul_maxdsp">   --->   Core 30 'FMul_maxdsp' <Latency = 3> <II = 1> <Delay = 4.67> <FuncUnit> <Opcode : 'fmul'> <InPorts = 2> <OutPorts = 1>
ST_5 : Operation 155 [1/2] (1.35ns)   --->   "%img_read_load_7 = load i12 %img_read_addr_7" [cnn.cpp:92]   --->   Operation 155 'load' 'img_read_load_7' <Predicate = (!icmp_ln77)> <Delay = 1.35> <CoreInst = "RAM_2P_BRAM">   --->   Core 94 'RAM_2P_BRAM' <Latency = 1> <II = 1> <Delay = 1.35> <Storage> <Opcode : 'load' 'store'> <Ports = 2> <Width = 32> <Depth = 4096> <RAM>
ST_5 : Operation 156 [4/4] (4.67ns)   --->   "%mul_2_1 = fmul i32 %img_read_load_7, i32 %conv1_w_load_7_read" [cnn.cpp:92]   --->   Operation 156 'fmul' 'mul_2_1' <Predicate = (!icmp_ln77)> <Delay = 4.67> <CoreInst = "FMul_maxdsp">   --->   Core 30 'FMul_maxdsp' <Latency = 3> <II = 1> <Delay = 4.67> <FuncUnit> <Opcode : 'fmul'> <InPorts = 2> <OutPorts = 1>
ST_5 : Operation 157 [1/1] (0.96ns)   --->   "%add_ln90_7 = add i12 %add_ln90_6, i12 2" [cnn.cpp:90]   --->   Operation 157 'add' 'add_ln90_7' <Predicate = (!icmp_ln77)> <Delay = 0.96> <CoreInst = "Adder">   --->   Core 1 'Adder' <Latency = 0> <II = 1> <Delay = 0.96> <FuncUnit> <Opcode : 'add' 'sub'> <InPorts = 2> <OutPorts = 1>
ST_5 : Operation 158 [1/1] (0.00ns)   --->   "%zext_ln92_8 = zext i12 %add_ln90_7" [cnn.cpp:92]   --->   Operation 158 'zext' 'zext_ln92_8' <Predicate = (!icmp_ln77)> <Delay = 0.00>
ST_5 : Operation 159 [1/1] (0.00ns)   --->   "%img_read_addr_8 = getelementptr i32 %img_read, i64 0, i64 %zext_ln92_8" [cnn.cpp:92]   --->   Operation 159 'getelementptr' 'img_read_addr_8' <Predicate = (!icmp_ln77)> <Delay = 0.00>
ST_5 : Operation 160 [2/2] (1.35ns)   --->   "%img_read_load_8 = load i12 %img_read_addr_8" [cnn.cpp:92]   --->   Operation 160 'load' 'img_read_load_8' <Predicate = (!icmp_ln77)> <Delay = 1.35> <CoreInst = "RAM_2P_BRAM">   --->   Core 94 'RAM_2P_BRAM' <Latency = 1> <II = 1> <Delay = 1.35> <Storage> <Opcode : 'load' 'store'> <Ports = 2> <Width = 32> <Depth = 4096> <RAM>

State 6 <SV = 5> <Delay = 6.02>
ST_6 : Operation 161 [5/5] (6.01ns)   --->   "%sum_s = fadd i32 %sum_read, i32 %mul" [cnn.cpp:92]   --->   Operation 161 'fadd' 'sum_s' <Predicate = true> <Delay = 6.01> <CoreInst = "FAddSub_fulldsp">   --->   Core 18 'FAddSub_fulldsp' <Latency = 4> <II = 1> <Delay = 6.01> <FuncUnit> <Opcode : 'fadd' 'fsub'> <InPorts = 2> <OutPorts = 1>
ST_6 : Operation 162 [1/4] (4.67ns)   --->   "%mul_0_2 = fmul i32 %img_read_load_2, i32 %conv1_w_load_2_read" [cnn.cpp:92]   --->   Operation 162 'fmul' 'mul_0_2' <Predicate = true> <Delay = 4.67> <CoreInst = "FMul_maxdsp">   --->   Core 30 'FMul_maxdsp' <Latency = 3> <II = 1> <Delay = 4.67> <FuncUnit> <Opcode : 'fmul'> <InPorts = 2> <OutPorts = 1>
ST_6 : Operation 163 [1/4] (4.67ns)   --->   "%mul_1 = fmul i32 %img_read_load_3, i32 %conv1_w_load_3_read" [cnn.cpp:92]   --->   Operation 163 'fmul' 'mul_1' <Predicate = true> <Delay = 4.67> <CoreInst = "FMul_maxdsp">   --->   Core 30 'FMul_maxdsp' <Latency = 3> <II = 1> <Delay = 4.67> <FuncUnit> <Opcode : 'fmul'> <InPorts = 2> <OutPorts = 1>
ST_6 : Operation 164 [2/4] (4.67ns)   --->   "%mul_1_1 = fmul i32 %img_read_load_4, i32 %conv1_w_load_4_read" [cnn.cpp:92]   --->   Operation 164 'fmul' 'mul_1_1' <Predicate = true> <Delay = 4.67> <CoreInst = "FMul_maxdsp">   --->   Core 30 'FMul_maxdsp' <Latency = 3> <II = 1> <Delay = 4.67> <FuncUnit> <Opcode : 'fmul'> <InPorts = 2> <OutPorts = 1>
ST_6 : Operation 165 [2/4] (4.67ns)   --->   "%mul_1_2 = fmul i32 %img_read_load_5, i32 %conv1_w_load_5_read" [cnn.cpp:92]   --->   Operation 165 'fmul' 'mul_1_2' <Predicate = true> <Delay = 4.67> <CoreInst = "FMul_maxdsp">   --->   Core 30 'FMul_maxdsp' <Latency = 3> <II = 1> <Delay = 4.67> <FuncUnit> <Opcode : 'fmul'> <InPorts = 2> <OutPorts = 1>
ST_6 : Operation 166 [3/4] (4.67ns)   --->   "%mul_2 = fmul i32 %img_read_load_6, i32 %conv1_w_load_6_read" [cnn.cpp:92]   --->   Operation 166 'fmul' 'mul_2' <Predicate = true> <Delay = 4.67> <CoreInst = "FMul_maxdsp">   --->   Core 30 'FMul_maxdsp' <Latency = 3> <II = 1> <Delay = 4.67> <FuncUnit> <Opcode : 'fmul'> <InPorts = 2> <OutPorts = 1>
ST_6 : Operation 167 [3/4] (4.67ns)   --->   "%mul_2_1 = fmul i32 %img_read_load_7, i32 %conv1_w_load_7_read" [cnn.cpp:92]   --->   Operation 167 'fmul' 'mul_2_1' <Predicate = true> <Delay = 4.67> <CoreInst = "FMul_maxdsp">   --->   Core 30 'FMul_maxdsp' <Latency = 3> <II = 1> <Delay = 4.67> <FuncUnit> <Opcode : 'fmul'> <InPorts = 2> <OutPorts = 1>
ST_6 : Operation 168 [1/2] (1.35ns)   --->   "%img_read_load_8 = load i12 %img_read_addr_8" [cnn.cpp:92]   --->   Operation 168 'load' 'img_read_load_8' <Predicate = true> <Delay = 1.35> <CoreInst = "RAM_2P_BRAM">   --->   Core 94 'RAM_2P_BRAM' <Latency = 1> <II = 1> <Delay = 1.35> <Storage> <Opcode : 'load' 'store'> <Ports = 2> <Width = 32> <Depth = 4096> <RAM>
ST_6 : Operation 169 [4/4] (4.67ns)   --->   "%mul_2_2 = fmul i32 %img_read_load_8, i32 %conv1_w_load_8_read" [cnn.cpp:92]   --->   Operation 169 'fmul' 'mul_2_2' <Predicate = true> <Delay = 4.67> <CoreInst = "FMul_maxdsp">   --->   Core 30 'FMul_maxdsp' <Latency = 3> <II = 1> <Delay = 4.67> <FuncUnit> <Opcode : 'fmul'> <InPorts = 2> <OutPorts = 1>

State 7 <SV = 6> <Delay = 6.01>
ST_7 : Operation 170 [4/5] (6.01ns)   --->   "%sum_s = fadd i32 %sum_read, i32 %mul" [cnn.cpp:92]   --->   Operation 170 'fadd' 'sum_s' <Predicate = true> <Delay = 6.01> <CoreInst = "FAddSub_fulldsp">   --->   Core 18 'FAddSub_fulldsp' <Latency = 4> <II = 1> <Delay = 6.01> <FuncUnit> <Opcode : 'fadd' 'fsub'> <InPorts = 2> <OutPorts = 1>
ST_7 : Operation 171 [1/4] (4.67ns)   --->   "%mul_1_1 = fmul i32 %img_read_load_4, i32 %conv1_w_load_4_read" [cnn.cpp:92]   --->   Operation 171 'fmul' 'mul_1_1' <Predicate = true> <Delay = 4.67> <CoreInst = "FMul_maxdsp">   --->   Core 30 'FMul_maxdsp' <Latency = 3> <II = 1> <Delay = 4.67> <FuncUnit> <Opcode : 'fmul'> <InPorts = 2> <OutPorts = 1>
ST_7 : Operation 172 [1/4] (4.67ns)   --->   "%mul_1_2 = fmul i32 %img_read_load_5, i32 %conv1_w_load_5_read" [cnn.cpp:92]   --->   Operation 172 'fmul' 'mul_1_2' <Predicate = true> <Delay = 4.67> <CoreInst = "FMul_maxdsp">   --->   Core 30 'FMul_maxdsp' <Latency = 3> <II = 1> <Delay = 4.67> <FuncUnit> <Opcode : 'fmul'> <InPorts = 2> <OutPorts = 1>
ST_7 : Operation 173 [2/4] (4.67ns)   --->   "%mul_2 = fmul i32 %img_read_load_6, i32 %conv1_w_load_6_read" [cnn.cpp:92]   --->   Operation 173 'fmul' 'mul_2' <Predicate = true> <Delay = 4.67> <CoreInst = "FMul_maxdsp">   --->   Core 30 'FMul_maxdsp' <Latency = 3> <II = 1> <Delay = 4.67> <FuncUnit> <Opcode : 'fmul'> <InPorts = 2> <OutPorts = 1>
ST_7 : Operation 174 [2/4] (4.67ns)   --->   "%mul_2_1 = fmul i32 %img_read_load_7, i32 %conv1_w_load_7_read" [cnn.cpp:92]   --->   Operation 174 'fmul' 'mul_2_1' <Predicate = true> <Delay = 4.67> <CoreInst = "FMul_maxdsp">   --->   Core 30 'FMul_maxdsp' <Latency = 3> <II = 1> <Delay = 4.67> <FuncUnit> <Opcode : 'fmul'> <InPorts = 2> <OutPorts = 1>
ST_7 : Operation 175 [3/4] (4.67ns)   --->   "%mul_2_2 = fmul i32 %img_read_load_8, i32 %conv1_w_load_8_read" [cnn.cpp:92]   --->   Operation 175 'fmul' 'mul_2_2' <Predicate = true> <Delay = 4.67> <CoreInst = "FMul_maxdsp">   --->   Core 30 'FMul_maxdsp' <Latency = 3> <II = 1> <Delay = 4.67> <FuncUnit> <Opcode : 'fmul'> <InPorts = 2> <OutPorts = 1>

State 8 <SV = 7> <Delay = 6.01>
ST_8 : Operation 176 [3/5] (6.01ns)   --->   "%sum_s = fadd i32 %sum_read, i32 %mul" [cnn.cpp:92]   --->   Operation 176 'fadd' 'sum_s' <Predicate = true> <Delay = 6.01> <CoreInst = "FAddSub_fulldsp">   --->   Core 18 'FAddSub_fulldsp' <Latency = 4> <II = 1> <Delay = 6.01> <FuncUnit> <Opcode : 'fadd' 'fsub'> <InPorts = 2> <OutPorts = 1>
ST_8 : Operation 177 [1/4] (4.67ns)   --->   "%mul_2 = fmul i32 %img_read_load_6, i32 %conv1_w_load_6_read" [cnn.cpp:92]   --->   Operation 177 'fmul' 'mul_2' <Predicate = true> <Delay = 4.67> <CoreInst = "FMul_maxdsp">   --->   Core 30 'FMul_maxdsp' <Latency = 3> <II = 1> <Delay = 4.67> <FuncUnit> <Opcode : 'fmul'> <InPorts = 2> <OutPorts = 1>
ST_8 : Operation 178 [1/4] (4.67ns)   --->   "%mul_2_1 = fmul i32 %img_read_load_7, i32 %conv1_w_load_7_read" [cnn.cpp:92]   --->   Operation 178 'fmul' 'mul_2_1' <Predicate = true> <Delay = 4.67> <CoreInst = "FMul_maxdsp">   --->   Core 30 'FMul_maxdsp' <Latency = 3> <II = 1> <Delay = 4.67> <FuncUnit> <Opcode : 'fmul'> <InPorts = 2> <OutPorts = 1>
ST_8 : Operation 179 [2/4] (4.67ns)   --->   "%mul_2_2 = fmul i32 %img_read_load_8, i32 %conv1_w_load_8_read" [cnn.cpp:92]   --->   Operation 179 'fmul' 'mul_2_2' <Predicate = true> <Delay = 4.67> <CoreInst = "FMul_maxdsp">   --->   Core 30 'FMul_maxdsp' <Latency = 3> <II = 1> <Delay = 4.67> <FuncUnit> <Opcode : 'fmul'> <InPorts = 2> <OutPorts = 1>

State 9 <SV = 8> <Delay = 6.01>
ST_9 : Operation 180 [2/5] (6.01ns)   --->   "%sum_s = fadd i32 %sum_read, i32 %mul" [cnn.cpp:92]   --->   Operation 180 'fadd' 'sum_s' <Predicate = true> <Delay = 6.01> <CoreInst = "FAddSub_fulldsp">   --->   Core 18 'FAddSub_fulldsp' <Latency = 4> <II = 1> <Delay = 6.01> <FuncUnit> <Opcode : 'fadd' 'fsub'> <InPorts = 2> <OutPorts = 1>
ST_9 : Operation 181 [1/4] (4.67ns)   --->   "%mul_2_2 = fmul i32 %img_read_load_8, i32 %conv1_w_load_8_read" [cnn.cpp:92]   --->   Operation 181 'fmul' 'mul_2_2' <Predicate = true> <Delay = 4.67> <CoreInst = "FMul_maxdsp">   --->   Core 30 'FMul_maxdsp' <Latency = 3> <II = 1> <Delay = 4.67> <FuncUnit> <Opcode : 'fmul'> <InPorts = 2> <OutPorts = 1>

State 10 <SV = 9> <Delay = 6.01>
ST_10 : Operation 182 [1/5] (6.01ns)   --->   "%sum_s = fadd i32 %sum_read, i32 %mul" [cnn.cpp:92]   --->   Operation 182 'fadd' 'sum_s' <Predicate = true> <Delay = 6.01> <CoreInst = "FAddSub_fulldsp">   --->   Core 18 'FAddSub_fulldsp' <Latency = 4> <II = 1> <Delay = 6.01> <FuncUnit> <Opcode : 'fadd' 'fsub'> <InPorts = 2> <OutPorts = 1>

State 11 <SV = 10> <Delay = 6.01>
ST_11 : Operation 183 [5/5] (6.01ns)   --->   "%sum_3_0_1 = fadd i32 %sum_s, i32 %mul_0_1" [cnn.cpp:92]   --->   Operation 183 'fadd' 'sum_3_0_1' <Predicate = true> <Delay = 6.01> <CoreInst = "FAddSub_fulldsp">   --->   Core 18 'FAddSub_fulldsp' <Latency = 4> <II = 1> <Delay = 6.01> <FuncUnit> <Opcode : 'fadd' 'fsub'> <InPorts = 2> <OutPorts = 1>

State 12 <SV = 11> <Delay = 6.01>
ST_12 : Operation 184 [4/5] (6.01ns)   --->   "%sum_3_0_1 = fadd i32 %sum_s, i32 %mul_0_1" [cnn.cpp:92]   --->   Operation 184 'fadd' 'sum_3_0_1' <Predicate = true> <Delay = 6.01> <CoreInst = "FAddSub_fulldsp">   --->   Core 18 'FAddSub_fulldsp' <Latency = 4> <II = 1> <Delay = 6.01> <FuncUnit> <Opcode : 'fadd' 'fsub'> <InPorts = 2> <OutPorts = 1>

State 13 <SV = 12> <Delay = 6.01>
ST_13 : Operation 185 [3/5] (6.01ns)   --->   "%sum_3_0_1 = fadd i32 %sum_s, i32 %mul_0_1" [cnn.cpp:92]   --->   Operation 185 'fadd' 'sum_3_0_1' <Predicate = true> <Delay = 6.01> <CoreInst = "FAddSub_fulldsp">   --->   Core 18 'FAddSub_fulldsp' <Latency = 4> <II = 1> <Delay = 6.01> <FuncUnit> <Opcode : 'fadd' 'fsub'> <InPorts = 2> <OutPorts = 1>

State 14 <SV = 13> <Delay = 6.01>
ST_14 : Operation 186 [2/5] (6.01ns)   --->   "%sum_3_0_1 = fadd i32 %sum_s, i32 %mul_0_1" [cnn.cpp:92]   --->   Operation 186 'fadd' 'sum_3_0_1' <Predicate = true> <Delay = 6.01> <CoreInst = "FAddSub_fulldsp">   --->   Core 18 'FAddSub_fulldsp' <Latency = 4> <II = 1> <Delay = 6.01> <FuncUnit> <Opcode : 'fadd' 'fsub'> <InPorts = 2> <OutPorts = 1>

State 15 <SV = 14> <Delay = 6.01>
ST_15 : Operation 187 [1/5] (6.01ns)   --->   "%sum_3_0_1 = fadd i32 %sum_s, i32 %mul_0_1" [cnn.cpp:92]   --->   Operation 187 'fadd' 'sum_3_0_1' <Predicate = true> <Delay = 6.01> <CoreInst = "FAddSub_fulldsp">   --->   Core 18 'FAddSub_fulldsp' <Latency = 4> <II = 1> <Delay = 6.01> <FuncUnit> <Opcode : 'fadd' 'fsub'> <InPorts = 2> <OutPorts = 1>

State 16 <SV = 15> <Delay = 0.00>

State 17 <SV = 16> <Delay = 6.01>
ST_17 : Operation 188 [5/5] (6.01ns)   --->   "%sum_3_0_2 = fadd i32 %sum_3_0_1, i32 %mul_0_2" [cnn.cpp:92]   --->   Operation 188 'fadd' 'sum_3_0_2' <Predicate = true> <Delay = 6.01> <CoreInst = "FAddSub_fulldsp">   --->   Core 18 'FAddSub_fulldsp' <Latency = 4> <II = 1> <Delay = 6.01> <FuncUnit> <Opcode : 'fadd' 'fsub'> <InPorts = 2> <OutPorts = 1>

State 18 <SV = 17> <Delay = 6.01>
ST_18 : Operation 189 [4/5] (6.01ns)   --->   "%sum_3_0_2 = fadd i32 %sum_3_0_1, i32 %mul_0_2" [cnn.cpp:92]   --->   Operation 189 'fadd' 'sum_3_0_2' <Predicate = true> <Delay = 6.01> <CoreInst = "FAddSub_fulldsp">   --->   Core 18 'FAddSub_fulldsp' <Latency = 4> <II = 1> <Delay = 6.01> <FuncUnit> <Opcode : 'fadd' 'fsub'> <InPorts = 2> <OutPorts = 1>

State 19 <SV = 18> <Delay = 6.01>
ST_19 : Operation 190 [3/5] (6.01ns)   --->   "%sum_3_0_2 = fadd i32 %sum_3_0_1, i32 %mul_0_2" [cnn.cpp:92]   --->   Operation 190 'fadd' 'sum_3_0_2' <Predicate = true> <Delay = 6.01> <CoreInst = "FAddSub_fulldsp">   --->   Core 18 'FAddSub_fulldsp' <Latency = 4> <II = 1> <Delay = 6.01> <FuncUnit> <Opcode : 'fadd' 'fsub'> <InPorts = 2> <OutPorts = 1>

State 20 <SV = 19> <Delay = 6.01>
ST_20 : Operation 191 [2/5] (6.01ns)   --->   "%sum_3_0_2 = fadd i32 %sum_3_0_1, i32 %mul_0_2" [cnn.cpp:92]   --->   Operation 191 'fadd' 'sum_3_0_2' <Predicate = true> <Delay = 6.01> <CoreInst = "FAddSub_fulldsp">   --->   Core 18 'FAddSub_fulldsp' <Latency = 4> <II = 1> <Delay = 6.01> <FuncUnit> <Opcode : 'fadd' 'fsub'> <InPorts = 2> <OutPorts = 1>

State 21 <SV = 20> <Delay = 6.01>
ST_21 : Operation 192 [1/5] (6.01ns)   --->   "%sum_3_0_2 = fadd i32 %sum_3_0_1, i32 %mul_0_2" [cnn.cpp:92]   --->   Operation 192 'fadd' 'sum_3_0_2' <Predicate = true> <Delay = 6.01> <CoreInst = "FAddSub_fulldsp">   --->   Core 18 'FAddSub_fulldsp' <Latency = 4> <II = 1> <Delay = 6.01> <FuncUnit> <Opcode : 'fadd' 'fsub'> <InPorts = 2> <OutPorts = 1>

State 22 <SV = 21> <Delay = 6.01>
ST_22 : Operation 193 [5/5] (6.01ns)   --->   "%sum_3_1 = fadd i32 %sum_3_0_2, i32 %mul_1" [cnn.cpp:92]   --->   Operation 193 'fadd' 'sum_3_1' <Predicate = true> <Delay = 6.01> <CoreInst = "FAddSub_fulldsp">   --->   Core 18 'FAddSub_fulldsp' <Latency = 4> <II = 1> <Delay = 6.01> <FuncUnit> <Opcode : 'fadd' 'fsub'> <InPorts = 2> <OutPorts = 1>

State 23 <SV = 22> <Delay = 6.01>
ST_23 : Operation 194 [4/5] (6.01ns)   --->   "%sum_3_1 = fadd i32 %sum_3_0_2, i32 %mul_1" [cnn.cpp:92]   --->   Operation 194 'fadd' 'sum_3_1' <Predicate = true> <Delay = 6.01> <CoreInst = "FAddSub_fulldsp">   --->   Core 18 'FAddSub_fulldsp' <Latency = 4> <II = 1> <Delay = 6.01> <FuncUnit> <Opcode : 'fadd' 'fsub'> <InPorts = 2> <OutPorts = 1>

State 24 <SV = 23> <Delay = 6.01>
ST_24 : Operation 195 [3/5] (6.01ns)   --->   "%sum_3_1 = fadd i32 %sum_3_0_2, i32 %mul_1" [cnn.cpp:92]   --->   Operation 195 'fadd' 'sum_3_1' <Predicate = true> <Delay = 6.01> <CoreInst = "FAddSub_fulldsp">   --->   Core 18 'FAddSub_fulldsp' <Latency = 4> <II = 1> <Delay = 6.01> <FuncUnit> <Opcode : 'fadd' 'fsub'> <InPorts = 2> <OutPorts = 1>

State 25 <SV = 24> <Delay = 6.01>
ST_25 : Operation 196 [2/5] (6.01ns)   --->   "%sum_3_1 = fadd i32 %sum_3_0_2, i32 %mul_1" [cnn.cpp:92]   --->   Operation 196 'fadd' 'sum_3_1' <Predicate = true> <Delay = 6.01> <CoreInst = "FAddSub_fulldsp">   --->   Core 18 'FAddSub_fulldsp' <Latency = 4> <II = 1> <Delay = 6.01> <FuncUnit> <Opcode : 'fadd' 'fsub'> <InPorts = 2> <OutPorts = 1>

State 26 <SV = 25> <Delay = 6.01>
ST_26 : Operation 197 [1/5] (6.01ns)   --->   "%sum_3_1 = fadd i32 %sum_3_0_2, i32 %mul_1" [cnn.cpp:92]   --->   Operation 197 'fadd' 'sum_3_1' <Predicate = true> <Delay = 6.01> <CoreInst = "FAddSub_fulldsp">   --->   Core 18 'FAddSub_fulldsp' <Latency = 4> <II = 1> <Delay = 6.01> <FuncUnit> <Opcode : 'fadd' 'fsub'> <InPorts = 2> <OutPorts = 1>

State 27 <SV = 26> <Delay = 0.00>

State 28 <SV = 27> <Delay = 6.01>
ST_28 : Operation 198 [5/5] (6.01ns)   --->   "%sum_3_1_1 = fadd i32 %sum_3_1, i32 %mul_1_1" [cnn.cpp:92]   --->   Operation 198 'fadd' 'sum_3_1_1' <Predicate = true> <Delay = 6.01> <CoreInst = "FAddSub_fulldsp">   --->   Core 18 'FAddSub_fulldsp' <Latency = 4> <II = 1> <Delay = 6.01> <FuncUnit> <Opcode : 'fadd' 'fsub'> <InPorts = 2> <OutPorts = 1>

State 29 <SV = 28> <Delay = 6.01>
ST_29 : Operation 199 [4/5] (6.01ns)   --->   "%sum_3_1_1 = fadd i32 %sum_3_1, i32 %mul_1_1" [cnn.cpp:92]   --->   Operation 199 'fadd' 'sum_3_1_1' <Predicate = true> <Delay = 6.01> <CoreInst = "FAddSub_fulldsp">   --->   Core 18 'FAddSub_fulldsp' <Latency = 4> <II = 1> <Delay = 6.01> <FuncUnit> <Opcode : 'fadd' 'fsub'> <InPorts = 2> <OutPorts = 1>

State 30 <SV = 29> <Delay = 6.01>
ST_30 : Operation 200 [3/5] (6.01ns)   --->   "%sum_3_1_1 = fadd i32 %sum_3_1, i32 %mul_1_1" [cnn.cpp:92]   --->   Operation 200 'fadd' 'sum_3_1_1' <Predicate = true> <Delay = 6.01> <CoreInst = "FAddSub_fulldsp">   --->   Core 18 'FAddSub_fulldsp' <Latency = 4> <II = 1> <Delay = 6.01> <FuncUnit> <Opcode : 'fadd' 'fsub'> <InPorts = 2> <OutPorts = 1>

State 31 <SV = 30> <Delay = 6.01>
ST_31 : Operation 201 [2/5] (6.01ns)   --->   "%sum_3_1_1 = fadd i32 %sum_3_1, i32 %mul_1_1" [cnn.cpp:92]   --->   Operation 201 'fadd' 'sum_3_1_1' <Predicate = true> <Delay = 6.01> <CoreInst = "FAddSub_fulldsp">   --->   Core 18 'FAddSub_fulldsp' <Latency = 4> <II = 1> <Delay = 6.01> <FuncUnit> <Opcode : 'fadd' 'fsub'> <InPorts = 2> <OutPorts = 1>

State 32 <SV = 31> <Delay = 6.01>
ST_32 : Operation 202 [1/5] (6.01ns)   --->   "%sum_3_1_1 = fadd i32 %sum_3_1, i32 %mul_1_1" [cnn.cpp:92]   --->   Operation 202 'fadd' 'sum_3_1_1' <Predicate = true> <Delay = 6.01> <CoreInst = "FAddSub_fulldsp">   --->   Core 18 'FAddSub_fulldsp' <Latency = 4> <II = 1> <Delay = 6.01> <FuncUnit> <Opcode : 'fadd' 'fsub'> <InPorts = 2> <OutPorts = 1>

State 33 <SV = 32> <Delay = 6.01>
ST_33 : Operation 203 [5/5] (6.01ns)   --->   "%sum_3_1_2 = fadd i32 %sum_3_1_1, i32 %mul_1_2" [cnn.cpp:92]   --->   Operation 203 'fadd' 'sum_3_1_2' <Predicate = true> <Delay = 6.01> <CoreInst = "FAddSub_fulldsp">   --->   Core 18 'FAddSub_fulldsp' <Latency = 4> <II = 1> <Delay = 6.01> <FuncUnit> <Opcode : 'fadd' 'fsub'> <InPorts = 2> <OutPorts = 1>

State 34 <SV = 33> <Delay = 6.01>
ST_34 : Operation 204 [4/5] (6.01ns)   --->   "%sum_3_1_2 = fadd i32 %sum_3_1_1, i32 %mul_1_2" [cnn.cpp:92]   --->   Operation 204 'fadd' 'sum_3_1_2' <Predicate = true> <Delay = 6.01> <CoreInst = "FAddSub_fulldsp">   --->   Core 18 'FAddSub_fulldsp' <Latency = 4> <II = 1> <Delay = 6.01> <FuncUnit> <Opcode : 'fadd' 'fsub'> <InPorts = 2> <OutPorts = 1>

State 35 <SV = 34> <Delay = 6.01>
ST_35 : Operation 205 [3/5] (6.01ns)   --->   "%sum_3_1_2 = fadd i32 %sum_3_1_1, i32 %mul_1_2" [cnn.cpp:92]   --->   Operation 205 'fadd' 'sum_3_1_2' <Predicate = true> <Delay = 6.01> <CoreInst = "FAddSub_fulldsp">   --->   Core 18 'FAddSub_fulldsp' <Latency = 4> <II = 1> <Delay = 6.01> <FuncUnit> <Opcode : 'fadd' 'fsub'> <InPorts = 2> <OutPorts = 1>

State 36 <SV = 35> <Delay = 6.01>
ST_36 : Operation 206 [2/5] (6.01ns)   --->   "%sum_3_1_2 = fadd i32 %sum_3_1_1, i32 %mul_1_2" [cnn.cpp:92]   --->   Operation 206 'fadd' 'sum_3_1_2' <Predicate = true> <Delay = 6.01> <CoreInst = "FAddSub_fulldsp">   --->   Core 18 'FAddSub_fulldsp' <Latency = 4> <II = 1> <Delay = 6.01> <FuncUnit> <Opcode : 'fadd' 'fsub'> <InPorts = 2> <OutPorts = 1>

State 37 <SV = 36> <Delay = 6.01>
ST_37 : Operation 207 [1/5] (6.01ns)   --->   "%sum_3_1_2 = fadd i32 %sum_3_1_1, i32 %mul_1_2" [cnn.cpp:92]   --->   Operation 207 'fadd' 'sum_3_1_2' <Predicate = true> <Delay = 6.01> <CoreInst = "FAddSub_fulldsp">   --->   Core 18 'FAddSub_fulldsp' <Latency = 4> <II = 1> <Delay = 6.01> <FuncUnit> <Opcode : 'fadd' 'fsub'> <InPorts = 2> <OutPorts = 1>

State 38 <SV = 37> <Delay = 0.00>

State 39 <SV = 38> <Delay = 6.01>
ST_39 : Operation 208 [5/5] (6.01ns)   --->   "%sum_3_2 = fadd i32 %sum_3_1_2, i32 %mul_2" [cnn.cpp:92]   --->   Operation 208 'fadd' 'sum_3_2' <Predicate = true> <Delay = 6.01> <CoreInst = "FAddSub_fulldsp">   --->   Core 18 'FAddSub_fulldsp' <Latency = 4> <II = 1> <Delay = 6.01> <FuncUnit> <Opcode : 'fadd' 'fsub'> <InPorts = 2> <OutPorts = 1>

State 40 <SV = 39> <Delay = 6.01>
ST_40 : Operation 209 [4/5] (6.01ns)   --->   "%sum_3_2 = fadd i32 %sum_3_1_2, i32 %mul_2" [cnn.cpp:92]   --->   Operation 209 'fadd' 'sum_3_2' <Predicate = true> <Delay = 6.01> <CoreInst = "FAddSub_fulldsp">   --->   Core 18 'FAddSub_fulldsp' <Latency = 4> <II = 1> <Delay = 6.01> <FuncUnit> <Opcode : 'fadd' 'fsub'> <InPorts = 2> <OutPorts = 1>

State 41 <SV = 40> <Delay = 6.01>
ST_41 : Operation 210 [3/5] (6.01ns)   --->   "%sum_3_2 = fadd i32 %sum_3_1_2, i32 %mul_2" [cnn.cpp:92]   --->   Operation 210 'fadd' 'sum_3_2' <Predicate = true> <Delay = 6.01> <CoreInst = "FAddSub_fulldsp">   --->   Core 18 'FAddSub_fulldsp' <Latency = 4> <II = 1> <Delay = 6.01> <FuncUnit> <Opcode : 'fadd' 'fsub'> <InPorts = 2> <OutPorts = 1>

State 42 <SV = 41> <Delay = 6.01>
ST_42 : Operation 211 [2/5] (6.01ns)   --->   "%sum_3_2 = fadd i32 %sum_3_1_2, i32 %mul_2" [cnn.cpp:92]   --->   Operation 211 'fadd' 'sum_3_2' <Predicate = true> <Delay = 6.01> <CoreInst = "FAddSub_fulldsp">   --->   Core 18 'FAddSub_fulldsp' <Latency = 4> <II = 1> <Delay = 6.01> <FuncUnit> <Opcode : 'fadd' 'fsub'> <InPorts = 2> <OutPorts = 1>

State 43 <SV = 42> <Delay = 6.01>
ST_43 : Operation 212 [1/5] (6.01ns)   --->   "%sum_3_2 = fadd i32 %sum_3_1_2, i32 %mul_2" [cnn.cpp:92]   --->   Operation 212 'fadd' 'sum_3_2' <Predicate = true> <Delay = 6.01> <CoreInst = "FAddSub_fulldsp">   --->   Core 18 'FAddSub_fulldsp' <Latency = 4> <II = 1> <Delay = 6.01> <FuncUnit> <Opcode : 'fadd' 'fsub'> <InPorts = 2> <OutPorts = 1>

State 44 <SV = 43> <Delay = 6.01>
ST_44 : Operation 213 [5/5] (6.01ns)   --->   "%sum_3_2_1 = fadd i32 %sum_3_2, i32 %mul_2_1" [cnn.cpp:92]   --->   Operation 213 'fadd' 'sum_3_2_1' <Predicate = true> <Delay = 6.01> <CoreInst = "FAddSub_fulldsp">   --->   Core 18 'FAddSub_fulldsp' <Latency = 4> <II = 1> <Delay = 6.01> <FuncUnit> <Opcode : 'fadd' 'fsub'> <InPorts = 2> <OutPorts = 1>

State 45 <SV = 44> <Delay = 6.01>
ST_45 : Operation 214 [4/5] (6.01ns)   --->   "%sum_3_2_1 = fadd i32 %sum_3_2, i32 %mul_2_1" [cnn.cpp:92]   --->   Operation 214 'fadd' 'sum_3_2_1' <Predicate = true> <Delay = 6.01> <CoreInst = "FAddSub_fulldsp">   --->   Core 18 'FAddSub_fulldsp' <Latency = 4> <II = 1> <Delay = 6.01> <FuncUnit> <Opcode : 'fadd' 'fsub'> <InPorts = 2> <OutPorts = 1>

State 46 <SV = 45> <Delay = 6.01>
ST_46 : Operation 215 [3/5] (6.01ns)   --->   "%sum_3_2_1 = fadd i32 %sum_3_2, i32 %mul_2_1" [cnn.cpp:92]   --->   Operation 215 'fadd' 'sum_3_2_1' <Predicate = true> <Delay = 6.01> <CoreInst = "FAddSub_fulldsp">   --->   Core 18 'FAddSub_fulldsp' <Latency = 4> <II = 1> <Delay = 6.01> <FuncUnit> <Opcode : 'fadd' 'fsub'> <InPorts = 2> <OutPorts = 1>

State 47 <SV = 46> <Delay = 6.01>
ST_47 : Operation 216 [2/5] (6.01ns)   --->   "%sum_3_2_1 = fadd i32 %sum_3_2, i32 %mul_2_1" [cnn.cpp:92]   --->   Operation 216 'fadd' 'sum_3_2_1' <Predicate = true> <Delay = 6.01> <CoreInst = "FAddSub_fulldsp">   --->   Core 18 'FAddSub_fulldsp' <Latency = 4> <II = 1> <Delay = 6.01> <FuncUnit> <Opcode : 'fadd' 'fsub'> <InPorts = 2> <OutPorts = 1>

State 48 <SV = 47> <Delay = 6.01>
ST_48 : Operation 217 [1/5] (6.01ns)   --->   "%sum_3_2_1 = fadd i32 %sum_3_2, i32 %mul_2_1" [cnn.cpp:92]   --->   Operation 217 'fadd' 'sum_3_2_1' <Predicate = true> <Delay = 6.01> <CoreInst = "FAddSub_fulldsp">   --->   Core 18 'FAddSub_fulldsp' <Latency = 4> <II = 1> <Delay = 6.01> <FuncUnit> <Opcode : 'fadd' 'fsub'> <InPorts = 2> <OutPorts = 1>

State 49 <SV = 48> <Delay = 0.00>

State 50 <SV = 49> <Delay = 6.01>
ST_50 : Operation 218 [5/5] (6.01ns)   --->   "%sum_3_2_2 = fadd i32 %sum_3_2_1, i32 %mul_2_2" [cnn.cpp:92]   --->   Operation 218 'fadd' 'sum_3_2_2' <Predicate = true> <Delay = 6.01> <CoreInst = "FAddSub_fulldsp">   --->   Core 18 'FAddSub_fulldsp' <Latency = 4> <II = 1> <Delay = 6.01> <FuncUnit> <Opcode : 'fadd' 'fsub'> <InPorts = 2> <OutPorts = 1>

State 51 <SV = 50> <Delay = 6.01>
ST_51 : Operation 219 [4/5] (6.01ns)   --->   "%sum_3_2_2 = fadd i32 %sum_3_2_1, i32 %mul_2_2" [cnn.cpp:92]   --->   Operation 219 'fadd' 'sum_3_2_2' <Predicate = true> <Delay = 6.01> <CoreInst = "FAddSub_fulldsp">   --->   Core 18 'FAddSub_fulldsp' <Latency = 4> <II = 1> <Delay = 6.01> <FuncUnit> <Opcode : 'fadd' 'fsub'> <InPorts = 2> <OutPorts = 1>
ST_51 : Operation 248 [1/1] (0.00ns)   --->   "%ret_ln0 = ret"   --->   Operation 248 'ret' 'ret_ln0' <Predicate = (icmp_ln77)> <Delay = 0.00>

State 52 <SV = 51> <Delay = 6.01>
ST_52 : Operation 220 [3/5] (6.01ns)   --->   "%sum_3_2_2 = fadd i32 %sum_3_2_1, i32 %mul_2_2" [cnn.cpp:92]   --->   Operation 220 'fadd' 'sum_3_2_2' <Predicate = true> <Delay = 6.01> <CoreInst = "FAddSub_fulldsp">   --->   Core 18 'FAddSub_fulldsp' <Latency = 4> <II = 1> <Delay = 6.01> <FuncUnit> <Opcode : 'fadd' 'fsub'> <InPorts = 2> <OutPorts = 1>

State 53 <SV = 52> <Delay = 6.01>
ST_53 : Operation 221 [2/5] (6.01ns)   --->   "%sum_3_2_2 = fadd i32 %sum_3_2_1, i32 %mul_2_2" [cnn.cpp:92]   --->   Operation 221 'fadd' 'sum_3_2_2' <Predicate = true> <Delay = 6.01> <CoreInst = "FAddSub_fulldsp">   --->   Core 18 'FAddSub_fulldsp' <Latency = 4> <II = 1> <Delay = 6.01> <FuncUnit> <Opcode : 'fadd' 'fsub'> <InPorts = 2> <OutPorts = 1>

State 54 <SV = 53> <Delay = 6.01>
ST_54 : Operation 222 [1/5] (6.01ns)   --->   "%sum_3_2_2 = fadd i32 %sum_3_2_1, i32 %mul_2_2" [cnn.cpp:92]   --->   Operation 222 'fadd' 'sum_3_2_2' <Predicate = true> <Delay = 6.01> <CoreInst = "FAddSub_fulldsp">   --->   Core 18 'FAddSub_fulldsp' <Latency = 4> <II = 1> <Delay = 6.01> <FuncUnit> <Opcode : 'fadd' 'fsub'> <InPorts = 2> <OutPorts = 1>

State 55 <SV = 54> <Delay = 3.34>
ST_55 : Operation 223 [2/2] (3.34ns)   --->   "%tmp_2 = fcmp_ogt  i32 %sum_3_2_2, i32 0" [cnn.cpp:29]   --->   Operation 223 'fcmp' 'tmp_2' <Predicate = true> <Delay = 3.34> <CoreInst = "FCompare">   --->   Core 19 'FCompare' <Latency = 1> <II = 1> <Delay = 3.34> <FuncUnit> <Opcode : 'fcmp'> <InPorts = 2> <OutPorts = 1>

State 56 <SV = 55> <Delay = 5.22>
ST_56 : Operation 224 [1/1] (0.00ns)   --->   "%specloopname_ln0 = specloopname void @_ssdm_op_SpecLoopName, void @VITIS_LOOP_77_2_VITIS_LOOP_78_3_str"   --->   Operation 224 'specloopname' 'specloopname_ln0' <Predicate = true> <Delay = 0.00>
ST_56 : Operation 225 [1/1] (0.00ns)   --->   "%empty = speclooptripcount i32 @_ssdm_op_SpecLoopTripCount, i64 3844, i64 3844, i64 3844"   --->   Operation 225 'speclooptripcount' 'empty' <Predicate = true> <Delay = 0.00>
ST_56 : Operation 226 [1/1] (0.00ns)   --->   "%tmp_s = bitconcatenate i12 @_ssdm_op_BitConcatenate.i12.i6.i6, i6 %select_ln77_1, i6 0" [cnn.cpp:95]   --->   Operation 226 'bitconcatenate' 'tmp_s' <Predicate = true> <Delay = 0.00>
ST_56 : Operation 227 [1/1] (0.00ns)   --->   "%tmp_3 = bitconcatenate i7 @_ssdm_op_BitConcatenate.i7.i6.i1, i6 %select_ln77_1, i1 0" [cnn.cpp:95]   --->   Operation 227 'bitconcatenate' 'tmp_3' <Predicate = true> <Delay = 0.00>
ST_56 : Operation 228 [1/1] (0.00ns)   --->   "%zext_ln95 = zext i7 %tmp_3" [cnn.cpp:95]   --->   Operation 228 'zext' 'zext_ln95' <Predicate = true> <Delay = 0.00>
ST_56 : Operation 229 [1/1] (0.00ns) (grouped into TernaryAdder)   --->   "%sub_ln95 = sub i12 %tmp_s, i12 %zext_ln95" [cnn.cpp:95]   --->   Operation 229 'sub' 'sub_ln95' <Predicate = true> <Delay = 0.00> <CoreInst = "TAddSub">   --->   Core 10 'TAddSub' <Latency = 0> <II = 1> <Delay = 0.51> <IPBlock> <Opcode : 'add' 'sub'> <InPorts = 3> <OutPorts = 1> <Sync> <CReg>
ST_56 : Operation 230 [1/1] (0.00ns)   --->   "%specpipeline_ln0 = specpipeline void @_ssdm_op_SpecPipeline, i32 4294967295, i32 0, i32 1, i32 0, void @p_str"   --->   Operation 230 'specpipeline' 'specpipeline_ln0' <Predicate = true> <Delay = 0.00>
ST_56 : Operation 231 [1/1] (0.00ns)   --->   "%zext_ln95_1 = zext i6 %select_ln77" [cnn.cpp:95]   --->   Operation 231 'zext' 'zext_ln95_1' <Predicate = true> <Delay = 0.00>
ST_56 : Operation 232 [1/1] (1.02ns) (root node of TernaryAdder)   --->   "%add_ln95 = add i12 %sub_ln95, i12 %zext_ln95_1" [cnn.cpp:95]   --->   Operation 232 'add' 'add_ln95' <Predicate = true> <Delay = 1.02> <CoreInst = "TAddSub">   --->   Core 10 'TAddSub' <Latency = 0> <II = 1> <Delay = 0.51> <IPBlock> <Opcode : 'add' 'sub'> <InPorts = 3> <OutPorts = 1> <Sync> <CReg>
ST_56 : Operation 233 [1/1] (0.00ns)   --->   "%add_ln95_1 = bitconcatenate i14 @_ssdm_op_BitConcatenate.i14.i12.i2, i12 %add_ln95, i2 %zext_ln76_read" [cnn.cpp:95]   --->   Operation 233 'bitconcatenate' 'add_ln95_1' <Predicate = true> <Delay = 0.00>
ST_56 : Operation 234 [1/1] (0.00ns)   --->   "%zext_ln95_2 = zext i14 %add_ln95_1" [cnn.cpp:95]   --->   Operation 234 'zext' 'zext_ln95_2' <Predicate = true> <Delay = 0.00>
ST_56 : Operation 235 [1/1] (0.00ns)   --->   "%layer1_conv_addr = getelementptr i32 %layer1_conv, i64 0, i64 %zext_ln95_2" [cnn.cpp:95]   --->   Operation 235 'getelementptr' 'layer1_conv_addr' <Predicate = true> <Delay = 0.00>
ST_56 : Operation 236 [1/1] (0.00ns)   --->   "%specloopname_ln78 = specloopname void @_ssdm_op_SpecLoopName, void @empty_18" [cnn.cpp:78]   --->   Operation 236 'specloopname' 'specloopname_ln78' <Predicate = true> <Delay = 0.00>
ST_56 : Operation 237 [1/1] (0.00ns)   --->   "%bitcast_ln29 = bitcast i32 %sum_3_2_2" [cnn.cpp:29]   --->   Operation 237 'bitcast' 'bitcast_ln29' <Predicate = true> <Delay = 0.00>
ST_56 : Operation 238 [1/1] (0.00ns)   --->   "%tmp_1 = partselect i8 @_ssdm_op_PartSelect.i8.i32.i32.i32, i32 %bitcast_ln29, i32 23, i32 30" [cnn.cpp:29]   --->   Operation 238 'partselect' 'tmp_1' <Predicate = true> <Delay = 0.00>
ST_56 : Operation 239 [1/1] (0.00ns)   --->   "%trunc_ln29 = trunc i32 %bitcast_ln29" [cnn.cpp:29]   --->   Operation 239 'trunc' 'trunc_ln29' <Predicate = true> <Delay = 0.00>
ST_56 : Operation 240 [1/1] (0.85ns)   --->   "%icmp_ln29 = icmp_ne  i8 %tmp_1, i8 255" [cnn.cpp:29]   --->   Operation 240 'icmp' 'icmp_ln29' <Predicate = true> <Delay = 0.85> <CoreInst = "Cmp">   --->   Core 9 'Cmp' <Latency = 0> <II = 1> <Delay = 0.85> <FuncUnit> <Opcode : 'icmp'> <InPorts = 2> <OutPorts = 1>
ST_56 : Operation 241 [1/1] (0.97ns)   --->   "%icmp_ln29_1 = icmp_eq  i23 %trunc_ln29, i23 0" [cnn.cpp:29]   --->   Operation 241 'icmp' 'icmp_ln29_1' <Predicate = true> <Delay = 0.97> <CoreInst = "Cmp">   --->   Core 9 'Cmp' <Latency = 0> <II = 1> <Delay = 0.97> <FuncUnit> <Opcode : 'icmp'> <InPorts = 2> <OutPorts = 1>
ST_56 : Operation 242 [1/1] (0.00ns) (grouped into LUT with out node select_ln29)   --->   "%or_ln29 = or i1 %icmp_ln29_1, i1 %icmp_ln29" [cnn.cpp:29]   --->   Operation 242 'or' 'or_ln29' <Predicate = true> <Delay = 0.00> <CoreInst = "LogicGate">   --->   Core 74 'LogicGate' <Latency = 0> <II = 1> <Delay = 0.33> <FuncUnit> <Opcode : 'and' 'or' 'xor'> <InPorts = 2> <OutPorts = 1>
ST_56 : Operation 243 [1/2] (3.34ns)   --->   "%tmp_2 = fcmp_ogt  i32 %sum_3_2_2, i32 0" [cnn.cpp:29]   --->   Operation 243 'fcmp' 'tmp_2' <Predicate = true> <Delay = 3.34> <CoreInst = "FCompare">   --->   Core 19 'FCompare' <Latency = 1> <II = 1> <Delay = 3.34> <FuncUnit> <Opcode : 'fcmp'> <InPorts = 2> <OutPorts = 1>
ST_56 : Operation 244 [1/1] (0.00ns) (grouped into LUT with out node select_ln29)   --->   "%and_ln29 = and i1 %or_ln29, i1 %tmp_2" [cnn.cpp:29]   --->   Operation 244 'and' 'and_ln29' <Predicate = true> <Delay = 0.00> <CoreInst = "LogicGate">   --->   Core 74 'LogicGate' <Latency = 0> <II = 1> <Delay = 0.33> <FuncUnit> <Opcode : 'and' 'or' 'xor'> <InPorts = 2> <OutPorts = 1>
ST_56 : Operation 245 [1/1] (0.52ns) (out node of the LUT)   --->   "%select_ln29 = select i1 %and_ln29, i32 %sum_3_2_2, i32 0" [cnn.cpp:29]   --->   Operation 245 'select' 'select_ln29' <Predicate = true> <Delay = 0.52> <CoreInst = "Sel">   --->   Core 73 'Sel' <Latency = 0> <II = 1> <Delay = 0.52> <FuncUnit> <Opcode : 'select'> <InPorts = 3> <OutPorts = 1>
ST_56 : Operation 246 [1/1] (1.35ns)   --->   "%store_ln95 = store i32 %select_ln29, i14 %layer1_conv_addr" [cnn.cpp:95]   --->   Operation 246 'store' 'store_ln95' <Predicate = true> <Delay = 1.35> <CoreInst = "RAM_1WnR">   --->   Core 84 'RAM_1WnR' <Latency = 1> <II = 1> <Delay = 1.35> <Storage> <Opcode : 'load' 'store'> <Ports = 17> <Width = 32> <Depth = 15376> <RAM>
ST_56 : Operation 247 [1/1] (0.00ns)   --->   "%br_ln78 = br void %VITIS_LOOP_83_4" [cnn.cpp:78]   --->   Operation 247 'br' 'br_ln78' <Predicate = true> <Delay = 0.00>


============================================================
+ Verbose Summary: Timing violations
============================================================
Target clock period: 10ns, clock uncertainty: 2.7ns.

 <State 1>: 3.64ns
The critical path consists of the following:
	'alloca' operation ('r') [15]  (0 ns)
	'load' operation ('r_load') on local variable 'r' [41]  (0 ns)
	'add' operation ('empty_29') [46]  (0.887 ns)
	'select' operation ('select_ln77_1', cnn.cpp:77) [47]  (0.44 ns)
	'add' operation ('add_ln90', cnn.cpp:90) [69]  (0.962 ns)
	'getelementptr' operation ('img_read_addr_1', cnn.cpp:92) [71]  (0 ns)
	'load' operation ('img_read_load_1', cnn.cpp:92) on array 'img_read' [72]  (1.35 ns)

 <State 2>: 6.02ns
The critical path consists of the following:
	'load' operation ('img_read_load', cnn.cpp:92) on array 'img_read' [66]  (1.35 ns)
	'fmul' operation ('mul', cnn.cpp:92) [67]  (4.67 ns)

 <State 3>: 6.02ns
The critical path consists of the following:
	'load' operation ('img_read_load_2', cnn.cpp:92) on array 'img_read' [78]  (1.35 ns)
	'fmul' operation ('mul_0_2', cnn.cpp:92) [79]  (4.67 ns)

 <State 4>: 6.02ns
The critical path consists of the following:
	'load' operation ('img_read_load_4', cnn.cpp:92) on array 'img_read' [90]  (1.35 ns)
	'fmul' operation ('mul_1_1', cnn.cpp:92) [91]  (4.67 ns)

 <State 5>: 6.02ns
The critical path consists of the following:
	'load' operation ('img_read_load_6', cnn.cpp:92) on array 'img_read' [102]  (1.35 ns)
	'fmul' operation ('mul_2', cnn.cpp:92) [103]  (4.67 ns)

 <State 6>: 6.02ns
The critical path consists of the following:
	'load' operation ('img_read_load_8', cnn.cpp:92) on array 'img_read' [114]  (1.35 ns)
	'fmul' operation ('mul_2_2', cnn.cpp:92) [115]  (4.67 ns)

 <State 7>: 6.02ns
The critical path consists of the following:
	'fadd' operation ('sum_s', cnn.cpp:92) [68]  (6.02 ns)

 <State 8>: 6.02ns
The critical path consists of the following:
	'fadd' operation ('sum_s', cnn.cpp:92) [68]  (6.02 ns)

 <State 9>: 6.02ns
The critical path consists of the following:
	'fadd' operation ('sum_s', cnn.cpp:92) [68]  (6.02 ns)

 <State 10>: 6.02ns
The critical path consists of the following:
	'fadd' operation ('sum_s', cnn.cpp:92) [68]  (6.02 ns)

 <State 11>: 6.02ns
The critical path consists of the following:
	'fadd' operation ('sum_3_0_1', cnn.cpp:92) [74]  (6.02 ns)

 <State 12>: 6.02ns
The critical path consists of the following:
	'fadd' operation ('sum_3_0_1', cnn.cpp:92) [74]  (6.02 ns)

 <State 13>: 6.02ns
The critical path consists of the following:
	'fadd' operation ('sum_3_0_1', cnn.cpp:92) [74]  (6.02 ns)

 <State 14>: 6.02ns
The critical path consists of the following:
	'fadd' operation ('sum_3_0_1', cnn.cpp:92) [74]  (6.02 ns)

 <State 15>: 6.02ns
The critical path consists of the following:
	'fadd' operation ('sum_3_0_1', cnn.cpp:92) [74]  (6.02 ns)

 <State 16>: 0ns
The critical path consists of the following:

 <State 17>: 6.02ns
The critical path consists of the following:
	'fadd' operation ('sum_3_0_2', cnn.cpp:92) [80]  (6.02 ns)

 <State 18>: 6.02ns
The critical path consists of the following:
	'fadd' operation ('sum_3_0_2', cnn.cpp:92) [80]  (6.02 ns)

 <State 19>: 6.02ns
The critical path consists of the following:
	'fadd' operation ('sum_3_0_2', cnn.cpp:92) [80]  (6.02 ns)

 <State 20>: 6.02ns
The critical path consists of the following:
	'fadd' operation ('sum_3_0_2', cnn.cpp:92) [80]  (6.02 ns)

 <State 21>: 6.02ns
The critical path consists of the following:
	'fadd' operation ('sum_3_0_2', cnn.cpp:92) [80]  (6.02 ns)

 <State 22>: 6.02ns
The critical path consists of the following:
	'fadd' operation ('sum_3_1', cnn.cpp:92) [86]  (6.02 ns)

 <State 23>: 6.02ns
The critical path consists of the following:
	'fadd' operation ('sum_3_1', cnn.cpp:92) [86]  (6.02 ns)

 <State 24>: 6.02ns
The critical path consists of the following:
	'fadd' operation ('sum_3_1', cnn.cpp:92) [86]  (6.02 ns)

 <State 25>: 6.02ns
The critical path consists of the following:
	'fadd' operation ('sum_3_1', cnn.cpp:92) [86]  (6.02 ns)

 <State 26>: 6.02ns
The critical path consists of the following:
	'fadd' operation ('sum_3_1', cnn.cpp:92) [86]  (6.02 ns)

 <State 27>: 0ns
The critical path consists of the following:

 <State 28>: 6.02ns
The critical path consists of the following:
	'fadd' operation ('sum_3_1_1', cnn.cpp:92) [92]  (6.02 ns)

 <State 29>: 6.02ns
The critical path consists of the following:
	'fadd' operation ('sum_3_1_1', cnn.cpp:92) [92]  (6.02 ns)

 <State 30>: 6.02ns
The critical path consists of the following:
	'fadd' operation ('sum_3_1_1', cnn.cpp:92) [92]  (6.02 ns)

 <State 31>: 6.02ns
The critical path consists of the following:
	'fadd' operation ('sum_3_1_1', cnn.cpp:92) [92]  (6.02 ns)

 <State 32>: 6.02ns
The critical path consists of the following:
	'fadd' operation ('sum_3_1_1', cnn.cpp:92) [92]  (6.02 ns)

 <State 33>: 6.02ns
The critical path consists of the following:
	'fadd' operation ('sum_3_1_2', cnn.cpp:92) [98]  (6.02 ns)

 <State 34>: 6.02ns
The critical path consists of the following:
	'fadd' operation ('sum_3_1_2', cnn.cpp:92) [98]  (6.02 ns)

 <State 35>: 6.02ns
The critical path consists of the following:
	'fadd' operation ('sum_3_1_2', cnn.cpp:92) [98]  (6.02 ns)

 <State 36>: 6.02ns
The critical path consists of the following:
	'fadd' operation ('sum_3_1_2', cnn.cpp:92) [98]  (6.02 ns)

 <State 37>: 6.02ns
The critical path consists of the following:
	'fadd' operation ('sum_3_1_2', cnn.cpp:92) [98]  (6.02 ns)

 <State 38>: 0ns
The critical path consists of the following:

 <State 39>: 6.02ns
The critical path consists of the following:
	'fadd' operation ('sum_3_2', cnn.cpp:92) [104]  (6.02 ns)

 <State 40>: 6.02ns
The critical path consists of the following:
	'fadd' operation ('sum_3_2', cnn.cpp:92) [104]  (6.02 ns)

 <State 41>: 6.02ns
The critical path consists of the following:
	'fadd' operation ('sum_3_2', cnn.cpp:92) [104]  (6.02 ns)

 <State 42>: 6.02ns
The critical path consists of the following:
	'fadd' operation ('sum_3_2', cnn.cpp:92) [104]  (6.02 ns)

 <State 43>: 6.02ns
The critical path consists of the following:
	'fadd' operation ('sum_3_2', cnn.cpp:92) [104]  (6.02 ns)

 <State 44>: 6.02ns
The critical path consists of the following:
	'fadd' operation ('sum_3_2_1', cnn.cpp:92) [110]  (6.02 ns)

 <State 45>: 6.02ns
The critical path consists of the following:
	'fadd' operation ('sum_3_2_1', cnn.cpp:92) [110]  (6.02 ns)

 <State 46>: 6.02ns
The critical path consists of the following:
	'fadd' operation ('sum_3_2_1', cnn.cpp:92) [110]  (6.02 ns)

 <State 47>: 6.02ns
The critical path consists of the following:
	'fadd' operation ('sum_3_2_1', cnn.cpp:92) [110]  (6.02 ns)

 <State 48>: 6.02ns
The critical path consists of the following:
	'fadd' operation ('sum_3_2_1', cnn.cpp:92) [110]  (6.02 ns)

 <State 49>: 0ns
The critical path consists of the following:

 <State 50>: 6.02ns
The critical path consists of the following:
	'fadd' operation ('sum_3_2_2', cnn.cpp:92) [116]  (6.02 ns)

 <State 51>: 6.02ns
The critical path consists of the following:
	'fadd' operation ('sum_3_2_2', cnn.cpp:92) [116]  (6.02 ns)

 <State 52>: 6.02ns
The critical path consists of the following:
	'fadd' operation ('sum_3_2_2', cnn.cpp:92) [116]  (6.02 ns)

 <State 53>: 6.02ns
The critical path consists of the following:
	'fadd' operation ('sum_3_2_2', cnn.cpp:92) [116]  (6.02 ns)

 <State 54>: 6.02ns
The critical path consists of the following:
	'fadd' operation ('sum_3_2_2', cnn.cpp:92) [116]  (6.02 ns)

 <State 55>: 3.35ns
The critical path consists of the following:
	'fcmp' operation ('tmp_2', cnn.cpp:29) [123]  (3.35 ns)

 <State 56>: 5.22ns
The critical path consists of the following:
	'fcmp' operation ('tmp_2', cnn.cpp:29) [123]  (3.35 ns)
	'and' operation ('and_ln29', cnn.cpp:29) [124]  (0 ns)
	'select' operation ('select_ln29', cnn.cpp:29) [125]  (0.525 ns)
	'store' operation ('store_ln95', cnn.cpp:95) of variable 'select_ln29', cnn.cpp:29 on array 'layer1_conv' [126]  (1.35 ns)


============================================================
+ Verbose Summary: Binding
============================================================
N/A
* FSMD analyzer results:
  - Output states:
 - Input state : 
  - Chain level:
	State 1
	State 2
	State 3
	State 4
	State 5
	State 6
	State 7
	State 8
	State 9
	State 10
	State 11
	State 12
	State 13
	State 14
	State 15
	State 16
	State 17
	State 18
	State 19
	State 20
	State 21
	State 22
	State 23
	State 24
	State 25
	State 26
	State 27
	State 28
	State 29
	State 30
	State 31
	State 32
	State 33
	State 34
	State 35
	State 36
	State 37
	State 38
	State 39
	State 40
	State 41
	State 42
	State 43
	State 44
	State 45
	State 46
	State 47
	State 48
	State 49
	State 50
	State 51
	State 52
	State 53
	State 54
	State 55
	State 56


============================================================
+ Verbose Summary: Datapath Resource usage 
============================================================
N/A
