

================================================================
== Vitis HLS Report for 'cnn_predict_Pipeline_VITIS_LOOP_167_22_VITIS_LOOP_168_23_VITIS_LOOP_169_24'
================================================================
* Date:           Tue Nov 25 13:54:32 2025

* Version:        2022.2 (Build 3670227 on Oct 13 2022)
* Project:        cnn_hls
* Solution:       solution1 (Vivado IP Flow Target)
* Product family: zynquplus
* Target device:  xczu3eg-sbva484-1-i


================================================================
== Performance Estimates
================================================================
+ Timing: 
    * Summary: 
    +--------+----------+----------+------------+
    |  Clock |  Target  | Estimated| Uncertainty|
    +--------+----------+----------+------------+
    |ap_clk  |  10.00 ns|  6.146 ns|     2.70 ns|
    +--------+----------+----------+------------+

+ Latency: 
    * Summary: 
    +---------+---------+-----------+-----------+------+------+---------+
    |  Latency (cycles) |   Latency (absolute)  |   Interval  | Pipeline|
    |   min   |   max   |    min    |    max    |  min |  max |   Type  |
    +---------+---------+-----------+-----------+------+------+---------+
    |     1570|     1570|  15.700 us|  15.700 us|  1570|  1570|       no|
    +---------+---------+-----------+-----------+------+------+---------+

    + Detail: 
        * Instance: 
        N/A

        * Loop: 
        +---------------------------------------------------------+---------+---------+----------+-----------+-----------+------+----------+
        |                                                         |  Latency (cycles) | Iteration|  Initiation Interval  | Trip |          |
        |                        Loop Name                        |   min   |   max   |  Latency |  achieved |   target  | Count| Pipelined|
        +---------------------------------------------------------+---------+---------+----------+-----------+-----------+------+----------+
        |- VITIS_LOOP_167_22_VITIS_LOOP_168_23_VITIS_LOOP_169_24  |     1568|     1568|         2|          1|          1|  1568|       yes|
        +---------------------------------------------------------+---------+---------+----------+-----------+-----------+------+----------+

============================================================
+ Verbose Summary: Synthesis Manager
============================================================
InlineROM: 1
ExposeGlobal: 0
============================================================
+ Verbose Summary: CDFG Model
============================================================
IsTopModel: 0
ResetActiveHigh: 1
IsCombinational: 0
IsDatapathOnly: 0
HasWiredReturn: 1
HasMFsm: 2
HasVarLatency: 1
IsPipeline: 0
IsRtlPipelined: 0
IsInstanceOverlapped: 0
IsDontTouch: 0
HasImplIP: 0
IsGatedGlobalClock: 0

+ Individual pipeline summary: 
  * Pipeline-0: initiation interval (II) = 1, depth = 2


============================================================
+ Verbose Summary: Schedule
============================================================
* Number of FSM states : 2
* Pipeline : 1
  Pipeline-0 : II = 1, D = 2, States = { 1 2 }
* Dataflow Pipeline: 0

* FSM state transitions: 
1 --> 2 
2 --> 

* FSM state operations: 

State 1 <SV = 0> <Delay = 6.14>
ST_1 : Operation 5 [1/1] (0.00ns)   --->   "%f = alloca i32 1"   --->   Operation 5 'alloca' 'f' <Predicate = true> <Delay = 0.00>
ST_1 : Operation 6 [1/1] (0.00ns)   --->   "%idx_1 = alloca i32 1"   --->   Operation 6 'alloca' 'idx_1' <Predicate = true> <Delay = 0.00>
ST_1 : Operation 7 [1/1] (0.00ns)   --->   "%c = alloca i32 1"   --->   Operation 7 'alloca' 'c' <Predicate = true> <Delay = 0.00>
ST_1 : Operation 8 [1/1] (0.00ns)   --->   "%idx = alloca i32 1"   --->   Operation 8 'alloca' 'idx' <Predicate = true> <Delay = 0.00>
ST_1 : Operation 9 [1/1] (0.00ns)   --->   "%indvar_flatten155 = alloca i32 1"   --->   Operation 9 'alloca' 'indvar_flatten155' <Predicate = true> <Delay = 0.00>
ST_1 : Operation 10 [1/1] (0.00ns)   --->   "%r = alloca i32 1"   --->   Operation 10 'alloca' 'r' <Predicate = true> <Delay = 0.00>
ST_1 : Operation 11 [1/1] (0.00ns)   --->   "%indvars_iv189 = alloca i32 1"   --->   Operation 11 'alloca' 'indvars_iv189' <Predicate = true> <Delay = 0.00>
ST_1 : Operation 12 [1/1] (0.00ns)   --->   "%indvar_flatten171 = alloca i32 1"   --->   Operation 12 'alloca' 'indvar_flatten171' <Predicate = true> <Delay = 0.00>
ST_1 : Operation 13 [1/1] (0.48ns)   --->   "%store_ln0 = store i11 0, i11 %indvar_flatten171"   --->   Operation 13 'store' 'store_ln0' <Predicate = true> <Delay = 0.48>
ST_1 : Operation 14 [1/1] (0.48ns)   --->   "%store_ln0 = store i11 0, i11 %indvars_iv189"   --->   Operation 14 'store' 'store_ln0' <Predicate = true> <Delay = 0.48>
ST_1 : Operation 15 [1/1] (0.48ns)   --->   "%store_ln0 = store i4 0, i4 %r"   --->   Operation 15 'store' 'store_ln0' <Predicate = true> <Delay = 0.48>
ST_1 : Operation 16 [1/1] (0.48ns)   --->   "%store_ln0 = store i8 0, i8 %indvar_flatten155"   --->   Operation 16 'store' 'store_ln0' <Predicate = true> <Delay = 0.48>
ST_1 : Operation 17 [1/1] (0.48ns)   --->   "%store_ln0 = store i11 0, i11 %idx"   --->   Operation 17 'store' 'store_ln0' <Predicate = true> <Delay = 0.48>
ST_1 : Operation 18 [1/1] (0.48ns)   --->   "%store_ln0 = store i4 0, i4 %c"   --->   Operation 18 'store' 'store_ln0' <Predicate = true> <Delay = 0.48>
ST_1 : Operation 19 [1/1] (0.48ns)   --->   "%store_ln0 = store i11 0, i11 %idx_1"   --->   Operation 19 'store' 'store_ln0' <Predicate = true> <Delay = 0.48>
ST_1 : Operation 20 [1/1] (0.48ns)   --->   "%store_ln0 = store i4 0, i4 %f"   --->   Operation 20 'store' 'store_ln0' <Predicate = true> <Delay = 0.48>
ST_1 : Operation 21 [1/1] (0.00ns)   --->   "%br_ln0 = br void %for.inc269"   --->   Operation 21 'br' 'br_ln0' <Predicate = true> <Delay = 0.00>
ST_1 : Operation 22 [1/1] (0.00ns)   --->   "%indvar_flatten171_load = load i11 %indvar_flatten171" [cnn.cpp:167]   --->   Operation 22 'load' 'indvar_flatten171_load' <Predicate = true> <Delay = 0.00>
ST_1 : Operation 23 [1/1] (0.00ns)   --->   "%specpipeline_ln0 = specpipeline void @_ssdm_op_SpecPipeline, i32 4294967295, i32 0, i32 1, i32 0, void @p_str"   --->   Operation 23 'specpipeline' 'specpipeline_ln0' <Predicate = true> <Delay = 0.00>
ST_1 : Operation 24 [1/1] (0.85ns)   --->   "%icmp_ln167 = icmp_eq  i11 %indvar_flatten171_load, i11 1568" [cnn.cpp:167]   --->   Operation 24 'icmp' 'icmp_ln167' <Predicate = true> <Delay = 0.85> <CoreInst = "Cmp">   --->   Core 9 'Cmp' <Latency = 0> <II = 1> <Delay = 0.85> <FuncUnit> <Opcode : 'icmp'> <InPorts = 2> <OutPorts = 1>
ST_1 : Operation 25 [1/1] (0.94ns)   --->   "%add_ln167_2 = add i11 %indvar_flatten171_load, i11 1" [cnn.cpp:167]   --->   Operation 25 'add' 'add_ln167_2' <Predicate = true> <Delay = 0.94> <CoreInst = "Adder">   --->   Core 1 'Adder' <Latency = 0> <II = 1> <Delay = 0.94> <FuncUnit> <Opcode : 'add' 'sub'> <InPorts = 2> <OutPorts = 1>
ST_1 : Operation 26 [1/1] (0.00ns)   --->   "%br_ln167 = br i1 %icmp_ln167, void %for.inc275, void %VITIS_LOOP_180_26.preheader.exitStub" [cnn.cpp:167]   --->   Operation 26 'br' 'br_ln167' <Predicate = true> <Delay = 0.00>
ST_1 : Operation 27 [1/1] (0.00ns)   --->   "%f_load = load i4 %f" [cnn.cpp:169]   --->   Operation 27 'load' 'f_load' <Predicate = (!icmp_ln167)> <Delay = 0.00>
ST_1 : Operation 28 [1/1] (0.00ns)   --->   "%c_load = load i4 %c" [cnn.cpp:167]   --->   Operation 28 'load' 'c_load' <Predicate = (!icmp_ln167)> <Delay = 0.00>
ST_1 : Operation 29 [1/1] (0.00ns)   --->   "%indvar_flatten155_load = load i8 %indvar_flatten155" [cnn.cpp:168]   --->   Operation 29 'load' 'indvar_flatten155_load' <Predicate = (!icmp_ln167)> <Delay = 0.00>
ST_1 : Operation 30 [1/1] (0.00ns)   --->   "%r_load = load i4 %r" [cnn.cpp:167]   --->   Operation 30 'load' 'r_load' <Predicate = (!icmp_ln167)> <Delay = 0.00>
ST_1 : Operation 31 [1/1] (0.86ns)   --->   "%add_ln167 = add i4 %r_load, i4 1" [cnn.cpp:167]   --->   Operation 31 'add' 'add_ln167' <Predicate = (!icmp_ln167)> <Delay = 0.86> <CoreInst = "Adder">   --->   Core 1 'Adder' <Latency = 0> <II = 1> <Delay = 0.86> <FuncUnit> <Opcode : 'add' 'sub'> <InPorts = 2> <OutPorts = 1>
ST_1 : Operation 32 [1/1] (0.85ns)   --->   "%icmp_ln168 = icmp_eq  i8 %indvar_flatten155_load, i8 112" [cnn.cpp:168]   --->   Operation 32 'icmp' 'icmp_ln168' <Predicate = (!icmp_ln167)> <Delay = 0.85> <CoreInst = "Cmp">   --->   Core 9 'Cmp' <Latency = 0> <II = 1> <Delay = 0.85> <FuncUnit> <Opcode : 'icmp'> <InPorts = 2> <OutPorts = 1>
ST_1 : Operation 33 [1/1] (0.45ns)   --->   "%select_ln167_1 = select i1 %icmp_ln168, i4 0, i4 %c_load" [cnn.cpp:167]   --->   Operation 33 'select' 'select_ln167_1' <Predicate = (!icmp_ln167)> <Delay = 0.45> <CoreInst = "Sel">   --->   Core 73 'Sel' <Latency = 0> <II = 1> <Delay = 0.45> <FuncUnit> <Opcode : 'select'> <InPorts = 3> <OutPorts = 1>
ST_1 : Operation 34 [1/1] (0.45ns)   --->   "%select_ln167_3 = select i1 %icmp_ln168, i4 %add_ln167, i4 %r_load" [cnn.cpp:167]   --->   Operation 34 'select' 'select_ln167_3' <Predicate = (!icmp_ln167)> <Delay = 0.45> <CoreInst = "Sel">   --->   Core 73 'Sel' <Latency = 0> <II = 1> <Delay = 0.45> <FuncUnit> <Opcode : 'select'> <InPorts = 3> <OutPorts = 1>
ST_1 : Operation 35 [1/1] (0.00ns)   --->   "%tmp_s = bitconcatenate i8 @_ssdm_op_BitConcatenate.i8.i4.i4, i4 %select_ln167_3, i4 0" [cnn.cpp:170]   --->   Operation 35 'bitconcatenate' 'tmp_s' <Predicate = (!icmp_ln167)> <Delay = 0.00>
ST_1 : Operation 36 [1/1] (0.00ns)   --->   "%tmp_5 = bitconcatenate i5 @_ssdm_op_BitConcatenate.i5.i4.i1, i4 %select_ln167_3, i1 0" [cnn.cpp:170]   --->   Operation 36 'bitconcatenate' 'tmp_5' <Predicate = (!icmp_ln167)> <Delay = 0.00>
ST_1 : Operation 37 [1/1] (0.00ns)   --->   "%zext_ln170 = zext i5 %tmp_5" [cnn.cpp:170]   --->   Operation 37 'zext' 'zext_ln170' <Predicate = (!icmp_ln167)> <Delay = 0.00>
ST_1 : Operation 38 [1/1] (0.00ns) (grouped into TernaryAdder)   --->   "%sub_ln170 = sub i8 %tmp_s, i8 %zext_ln170" [cnn.cpp:170]   --->   Operation 38 'sub' 'sub_ln170' <Predicate = (!icmp_ln167)> <Delay = 0.00> <CoreInst = "TAddSub">   --->   Core 10 'TAddSub' <Latency = 0> <II = 1> <Delay = 0.61> <IPBlock> <Opcode : 'add' 'sub'> <InPorts = 3> <OutPorts = 1> <Sync> <CReg>
ST_1 : Operation 39 [1/1] (0.00ns) (grouped into LUT with out node and_ln167)   --->   "%xor_ln167 = xor i1 %icmp_ln168, i1 1" [cnn.cpp:167]   --->   Operation 39 'xor' 'xor_ln167' <Predicate = (!icmp_ln167)> <Delay = 0.00> <CoreInst = "LogicGate">   --->   Core 74 'LogicGate' <Latency = 0> <II = 1> <Delay = 0.33> <FuncUnit> <Opcode : 'and' 'or' 'xor'> <InPorts = 2> <OutPorts = 1>
ST_1 : Operation 40 [1/1] (0.88ns)   --->   "%icmp_ln169 = icmp_eq  i4 %f_load, i4 8" [cnn.cpp:169]   --->   Operation 40 'icmp' 'icmp_ln169' <Predicate = (!icmp_ln167)> <Delay = 0.88> <CoreInst = "Cmp">   --->   Core 9 'Cmp' <Latency = 0> <II = 1> <Delay = 0.88> <FuncUnit> <Opcode : 'icmp'> <InPorts = 2> <OutPorts = 1>
ST_1 : Operation 41 [1/1] (0.33ns) (out node of the LUT)   --->   "%and_ln167 = and i1 %icmp_ln169, i1 %xor_ln167" [cnn.cpp:167]   --->   Operation 41 'and' 'and_ln167' <Predicate = (!icmp_ln167)> <Delay = 0.33> <CoreInst = "LogicGate">   --->   Core 74 'LogicGate' <Latency = 0> <II = 1> <Delay = 0.33> <FuncUnit> <Opcode : 'and' 'or' 'xor'> <InPorts = 2> <OutPorts = 1>
ST_1 : Operation 42 [1/1] (0.86ns)   --->   "%add_ln168 = add i4 %select_ln167_1, i4 1" [cnn.cpp:168]   --->   Operation 42 'add' 'add_ln168' <Predicate = (!icmp_ln167)> <Delay = 0.86> <CoreInst = "Adder">   --->   Core 1 'Adder' <Latency = 0> <II = 1> <Delay = 0.86> <FuncUnit> <Opcode : 'add' 'sub'> <InPorts = 2> <OutPorts = 1>
ST_1 : Operation 43 [1/1] (0.00ns) (grouped into LUT with out node select_ln168_1)   --->   "%or_ln168 = or i1 %and_ln167, i1 %icmp_ln168" [cnn.cpp:168]   --->   Operation 43 'or' 'or_ln168' <Predicate = (!icmp_ln167)> <Delay = 0.00> <CoreInst = "LogicGate">   --->   Core 74 'LogicGate' <Latency = 0> <II = 1> <Delay = 0.33> <FuncUnit> <Opcode : 'and' 'or' 'xor'> <InPorts = 2> <OutPorts = 1>
ST_1 : Operation 44 [1/1] (0.45ns) (out node of the LUT)   --->   "%select_ln168_1 = select i1 %or_ln168, i4 0, i4 %f_load" [cnn.cpp:168]   --->   Operation 44 'select' 'select_ln168_1' <Predicate = (!icmp_ln167)> <Delay = 0.45> <CoreInst = "Sel">   --->   Core 73 'Sel' <Latency = 0> <II = 1> <Delay = 0.45> <FuncUnit> <Opcode : 'select'> <InPorts = 3> <OutPorts = 1>
ST_1 : Operation 45 [1/1] (0.45ns)   --->   "%select_ln168_2 = select i1 %and_ln167, i4 %add_ln168, i4 %select_ln167_1" [cnn.cpp:168]   --->   Operation 45 'select' 'select_ln168_2' <Predicate = (!icmp_ln167)> <Delay = 0.45> <CoreInst = "Sel">   --->   Core 73 'Sel' <Latency = 0> <II = 1> <Delay = 0.45> <FuncUnit> <Opcode : 'select'> <InPorts = 3> <OutPorts = 1>
ST_1 : Operation 46 [1/1] (0.00ns)   --->   "%zext_ln170_1 = zext i4 %select_ln168_2" [cnn.cpp:170]   --->   Operation 46 'zext' 'zext_ln170_1' <Predicate = (!icmp_ln167)> <Delay = 0.00>
ST_1 : Operation 47 [1/1] (1.22ns) (root node of TernaryAdder)   --->   "%add_ln170_1 = add i8 %sub_ln170, i8 %zext_ln170_1" [cnn.cpp:170]   --->   Operation 47 'add' 'add_ln170_1' <Predicate = (!icmp_ln167)> <Delay = 1.22> <CoreInst = "TAddSub">   --->   Core 10 'TAddSub' <Latency = 0> <II = 1> <Delay = 0.61> <IPBlock> <Opcode : 'add' 'sub'> <InPorts = 3> <OutPorts = 1> <Sync> <CReg>
ST_1 : Operation 48 [1/1] (0.00ns)   --->   "%tmp_6 = bitconcatenate i11 @_ssdm_op_BitConcatenate.i11.i8.i3, i8 %add_ln170_1, i3 0" [cnn.cpp:170]   --->   Operation 48 'bitconcatenate' 'tmp_6' <Predicate = (!icmp_ln167)> <Delay = 0.00>
ST_1 : Operation 49 [1/1] (0.00ns)   --->   "%zext_ln170_2 = zext i4 %select_ln168_1" [cnn.cpp:170]   --->   Operation 49 'zext' 'zext_ln170_2' <Predicate = (!icmp_ln167)> <Delay = 0.00>
ST_1 : Operation 50 [1/1] (0.94ns)   --->   "%add_ln170_2 = add i11 %tmp_6, i11 %zext_ln170_2" [cnn.cpp:170]   --->   Operation 50 'add' 'add_ln170_2' <Predicate = (!icmp_ln167)> <Delay = 0.94> <CoreInst = "Adder">   --->   Core 1 'Adder' <Latency = 0> <II = 1> <Delay = 0.94> <FuncUnit> <Opcode : 'add' 'sub'> <InPorts = 2> <OutPorts = 1>
ST_1 : Operation 51 [1/1] (0.00ns)   --->   "%zext_ln170_3 = zext i11 %add_ln170_2" [cnn.cpp:170]   --->   Operation 51 'zext' 'zext_ln170_3' <Predicate = (!icmp_ln167)> <Delay = 0.00>
ST_1 : Operation 52 [1/1] (0.00ns)   --->   "%layer2_pool_addr = getelementptr i32 %layer2_pool, i64 0, i64 %zext_ln170_3" [cnn.cpp:170]   --->   Operation 52 'getelementptr' 'layer2_pool_addr' <Predicate = (!icmp_ln167)> <Delay = 0.00>
ST_1 : Operation 53 [2/2] (1.35ns)   --->   "%layer2_pool_load = load i11 %layer2_pool_addr" [cnn.cpp:170]   --->   Operation 53 'load' 'layer2_pool_load' <Predicate = (!icmp_ln167)> <Delay = 1.35> <CoreInst = "RAM">   --->   Core 83 'RAM' <Latency = 1> <II = 1> <Delay = 1.35> <Storage> <Opcode : 'load' 'store'> <Ports = 2> <Width = 32> <Depth = 1568> <RAM>
ST_1 : Operation 54 [1/1] (0.86ns)   --->   "%add_ln169 = add i4 %select_ln168_1, i4 1" [cnn.cpp:169]   --->   Operation 54 'add' 'add_ln169' <Predicate = (!icmp_ln167)> <Delay = 0.86> <CoreInst = "Adder">   --->   Core 1 'Adder' <Latency = 0> <II = 1> <Delay = 0.86> <FuncUnit> <Opcode : 'add' 'sub'> <InPorts = 2> <OutPorts = 1>
ST_1 : Operation 55 [1/1] (0.90ns)   --->   "%add_ln168_2 = add i8 %indvar_flatten155_load, i8 1" [cnn.cpp:168]   --->   Operation 55 'add' 'add_ln168_2' <Predicate = (!icmp_ln167)> <Delay = 0.90> <CoreInst = "Adder">   --->   Core 1 'Adder' <Latency = 0> <II = 1> <Delay = 0.90> <FuncUnit> <Opcode : 'add' 'sub'> <InPorts = 2> <OutPorts = 1>
ST_1 : Operation 56 [1/1] (0.44ns)   --->   "%select_ln168_4 = select i1 %icmp_ln168, i8 1, i8 %add_ln168_2" [cnn.cpp:168]   --->   Operation 56 'select' 'select_ln168_4' <Predicate = (!icmp_ln167)> <Delay = 0.44> <CoreInst = "Sel">   --->   Core 73 'Sel' <Latency = 0> <II = 1> <Delay = 0.44> <FuncUnit> <Opcode : 'select'> <InPorts = 3> <OutPorts = 1>
ST_1 : Operation 57 [1/1] (0.48ns)   --->   "%store_ln169 = store i11 %add_ln167_2, i11 %indvar_flatten171" [cnn.cpp:169]   --->   Operation 57 'store' 'store_ln169' <Predicate = (!icmp_ln167)> <Delay = 0.48>
ST_1 : Operation 58 [1/1] (0.48ns)   --->   "%store_ln169 = store i4 %select_ln167_3, i4 %r" [cnn.cpp:169]   --->   Operation 58 'store' 'store_ln169' <Predicate = (!icmp_ln167)> <Delay = 0.48>
ST_1 : Operation 59 [1/1] (0.48ns)   --->   "%store_ln169 = store i8 %select_ln168_4, i8 %indvar_flatten155" [cnn.cpp:169]   --->   Operation 59 'store' 'store_ln169' <Predicate = (!icmp_ln167)> <Delay = 0.48>
ST_1 : Operation 60 [1/1] (0.48ns)   --->   "%store_ln169 = store i4 %select_ln168_2, i4 %c" [cnn.cpp:169]   --->   Operation 60 'store' 'store_ln169' <Predicate = (!icmp_ln167)> <Delay = 0.48>
ST_1 : Operation 61 [1/1] (0.48ns)   --->   "%store_ln169 = store i4 %add_ln169, i4 %f" [cnn.cpp:169]   --->   Operation 61 'store' 'store_ln169' <Predicate = (!icmp_ln167)> <Delay = 0.48>
ST_1 : Operation 87 [1/1] (0.00ns)   --->   "%ret_ln0 = ret"   --->   Operation 87 'ret' 'ret_ln0' <Predicate = (icmp_ln167)> <Delay = 0.00>

State 2 <SV = 1> <Delay = 4.23>
ST_2 : Operation 62 [1/1] (0.00ns)   --->   "%idx_1_load = load i11 %idx_1" [cnn.cpp:167]   --->   Operation 62 'load' 'idx_1_load' <Predicate = (!icmp_ln168 & !and_ln167)> <Delay = 0.00>
ST_2 : Operation 63 [1/1] (0.00ns)   --->   "%idx_load = load i11 %idx" [cnn.cpp:167]   --->   Operation 63 'load' 'idx_load' <Predicate = (!icmp_ln168)> <Delay = 0.00>
ST_2 : Operation 64 [1/1] (0.00ns)   --->   "%indvars_iv189_load = load i11 %indvars_iv189" [cnn.cpp:167]   --->   Operation 64 'load' 'indvars_iv189_load' <Predicate = true> <Delay = 0.00>
ST_2 : Operation 65 [1/1] (0.94ns)   --->   "%add_ln167_1 = add i11 %indvars_iv189_load, i11 112" [cnn.cpp:167]   --->   Operation 65 'add' 'add_ln167_1' <Predicate = true> <Delay = 0.94> <CoreInst = "Adder">   --->   Core 1 'Adder' <Latency = 0> <II = 1> <Delay = 0.94> <FuncUnit> <Opcode : 'add' 'sub'> <InPorts = 2> <OutPorts = 1>
ST_2 : Operation 66 [1/1] (0.00ns)   --->   "%specloopname_ln0 = specloopname void @_ssdm_op_SpecLoopName, void @VITIS_LOOP_167_22_VITIS_LOOP_168_23_VITIS_LOOP_169_24_str"   --->   Operation 66 'specloopname' 'specloopname_ln0' <Predicate = true> <Delay = 0.00>
ST_2 : Operation 67 [1/1] (0.00ns)   --->   "%empty = speclooptripcount i32 @_ssdm_op_SpecLoopTripCount, i64 1568, i64 1568, i64 1568"   --->   Operation 67 'speclooptripcount' 'empty' <Predicate = true> <Delay = 0.00>
ST_2 : Operation 68 [1/1] (0.45ns)   --->   "%select_ln167 = select i1 %icmp_ln168, i11 %add_ln167_1, i11 %idx_load" [cnn.cpp:167]   --->   Operation 68 'select' 'select_ln167' <Predicate = true> <Delay = 0.45> <CoreInst = "Sel">   --->   Core 73 'Sel' <Latency = 0> <II = 1> <Delay = 0.45> <FuncUnit> <Opcode : 'select'> <InPorts = 3> <OutPorts = 1>
ST_2 : Operation 69 [1/1] (0.00ns) (grouped into LUT with out node select_ln168)   --->   "%select_ln167_2 = select i1 %icmp_ln168, i11 %add_ln167_1, i11 %idx_1_load" [cnn.cpp:167]   --->   Operation 69 'select' 'select_ln167_2' <Predicate = (!and_ln167)> <Delay = 0.00> <CoreInst = "Sel">   --->   Core 73 'Sel' <Latency = 0> <II = 1> <Delay = 0.45> <FuncUnit> <Opcode : 'select'> <InPorts = 3> <OutPorts = 1>
ST_2 : Operation 70 [1/1] (0.00ns)   --->   "%specpipeline_ln0 = specpipeline void @_ssdm_op_SpecPipeline, i32 4294967295, i32 0, i32 1, i32 0, void @p_str"   --->   Operation 70 'specpipeline' 'specpipeline_ln0' <Predicate = true> <Delay = 0.00>
ST_2 : Operation 71 [1/1] (0.45ns)   --->   "%select_ln167_4 = select i1 %icmp_ln168, i11 %add_ln167_1, i11 %indvars_iv189_load" [cnn.cpp:167]   --->   Operation 71 'select' 'select_ln167_4' <Predicate = true> <Delay = 0.45> <CoreInst = "Sel">   --->   Core 73 'Sel' <Latency = 0> <II = 1> <Delay = 0.45> <FuncUnit> <Opcode : 'select'> <InPorts = 3> <OutPorts = 1>
ST_2 : Operation 72 [1/1] (0.94ns)   --->   "%add_ln168_1 = add i11 %select_ln167, i11 8" [cnn.cpp:168]   --->   Operation 72 'add' 'add_ln168_1' <Predicate = true> <Delay = 0.94> <CoreInst = "Adder">   --->   Core 1 'Adder' <Latency = 0> <II = 1> <Delay = 0.94> <FuncUnit> <Opcode : 'add' 'sub'> <InPorts = 2> <OutPorts = 1>
ST_2 : Operation 73 [1/1] (0.00ns)   --->   "%specloopname_ln0 = specloopname void @_ssdm_op_SpecLoopName, void @VITIS_LOOP_168_23_VITIS_LOOP_169_24_str"   --->   Operation 73 'specloopname' 'specloopname_ln0' <Predicate = true> <Delay = 0.00>
ST_2 : Operation 74 [1/1] (0.45ns) (out node of the LUT)   --->   "%select_ln168 = select i1 %and_ln167, i11 %add_ln168_1, i11 %select_ln167_2" [cnn.cpp:168]   --->   Operation 74 'select' 'select_ln168' <Predicate = true> <Delay = 0.45> <CoreInst = "Sel">   --->   Core 73 'Sel' <Latency = 0> <II = 1> <Delay = 0.45> <FuncUnit> <Opcode : 'select'> <InPorts = 3> <OutPorts = 1>
ST_2 : Operation 75 [1/1] (0.00ns)   --->   "%specpipeline_ln0 = specpipeline void @_ssdm_op_SpecPipeline, i32 4294967295, i32 0, i32 1, i32 0, void @p_str"   --->   Operation 75 'specpipeline' 'specpipeline_ln0' <Predicate = true> <Delay = 0.00>
ST_2 : Operation 76 [1/1] (0.45ns)   --->   "%select_ln168_3 = select i1 %and_ln167, i11 %add_ln168_1, i11 %select_ln167" [cnn.cpp:168]   --->   Operation 76 'select' 'select_ln168_3' <Predicate = true> <Delay = 0.45> <CoreInst = "Sel">   --->   Core 73 'Sel' <Latency = 0> <II = 1> <Delay = 0.45> <FuncUnit> <Opcode : 'select'> <InPorts = 3> <OutPorts = 1>
ST_2 : Operation 77 [1/1] (0.00ns)   --->   "%idx_1_cast = zext i11 %select_ln168" [cnn.cpp:168]   --->   Operation 77 'zext' 'idx_1_cast' <Predicate = true> <Delay = 0.00>
ST_2 : Operation 78 [1/1] (0.00ns)   --->   "%specloopname_ln165 = specloopname void @_ssdm_op_SpecLoopName, void @empty_16" [cnn.cpp:165]   --->   Operation 78 'specloopname' 'specloopname_ln165' <Predicate = true> <Delay = 0.00>
ST_2 : Operation 79 [1/2] (1.35ns)   --->   "%layer2_pool_load = load i11 %layer2_pool_addr" [cnn.cpp:170]   --->   Operation 79 'load' 'layer2_pool_load' <Predicate = true> <Delay = 1.35> <CoreInst = "RAM">   --->   Core 83 'RAM' <Latency = 1> <II = 1> <Delay = 1.35> <Storage> <Opcode : 'load' 'store'> <Ports = 2> <Width = 32> <Depth = 1568> <RAM>
ST_2 : Operation 80 [1/1] (0.94ns)   --->   "%add_ln170 = add i11 %select_ln168, i11 1" [cnn.cpp:170]   --->   Operation 80 'add' 'add_ln170' <Predicate = true> <Delay = 0.94> <CoreInst = "Adder">   --->   Core 1 'Adder' <Latency = 0> <II = 1> <Delay = 0.94> <FuncUnit> <Opcode : 'add' 'sub'> <InPorts = 2> <OutPorts = 1>
ST_2 : Operation 81 [1/1] (0.00ns)   --->   "%flat_addr = getelementptr i32 %flat, i64 0, i64 %idx_1_cast" [cnn.cpp:170]   --->   Operation 81 'getelementptr' 'flat_addr' <Predicate = true> <Delay = 0.00>
ST_2 : Operation 82 [1/1] (1.35ns)   --->   "%store_ln170 = store i32 %layer2_pool_load, i11 %flat_addr" [cnn.cpp:170]   --->   Operation 82 'store' 'store_ln170' <Predicate = true> <Delay = 1.35> <CoreInst = "RAM">   --->   Core 83 'RAM' <Latency = 1> <II = 1> <Delay = 1.35> <Storage> <Opcode : 'load' 'store'> <Ports = 2> <Width = 32> <Depth = 1568> <RAM>
ST_2 : Operation 83 [1/1] (0.48ns)   --->   "%store_ln169 = store i11 %select_ln167_4, i11 %indvars_iv189" [cnn.cpp:169]   --->   Operation 83 'store' 'store_ln169' <Predicate = true> <Delay = 0.48>
ST_2 : Operation 84 [1/1] (0.48ns)   --->   "%store_ln169 = store i11 %select_ln168_3, i11 %idx" [cnn.cpp:169]   --->   Operation 84 'store' 'store_ln169' <Predicate = true> <Delay = 0.48>
ST_2 : Operation 85 [1/1] (0.48ns)   --->   "%store_ln169 = store i11 %add_ln170, i11 %idx_1" [cnn.cpp:169]   --->   Operation 85 'store' 'store_ln169' <Predicate = true> <Delay = 0.48>
ST_2 : Operation 86 [1/1] (0.00ns)   --->   "%br_ln169 = br void %for.inc269" [cnn.cpp:169]   --->   Operation 86 'br' 'br_ln169' <Predicate = true> <Delay = 0.00>


============================================================
+ Verbose Summary: Binding
============================================================
STG Binding: 
---------------- STG Properties BEGIN ----------------
- Is combinational: 0
- Is one-state seq: 0
- Is datapath-only: 0
- Is pipelined: 0
- Is top level: 0
Port [ Return ] is wired: 1; IO mode=ap_ctrl_hs:ce=0
Port [ layer2_pool]:  wired=1; compound=1; hidden=0; nouse=0; global=0; static=0; extern=0; dir=0; type=1; pingpong=0; private_global=0; MemPort=[13]; IO mode=ap_memory:ce=0
Port [ flat]:  wired=1; compound=1; hidden=0; nouse=0; global=0; static=0; extern=0; dir=1; type=1; pingpong=0; private_global=0; MemPort=[03]; IO mode=ap_memory:ce=0
---------------- STG Properties END ------------------

---------------- Datapath Model BEGIN ----------------

<LifeTime>
<method=bitvector/>
f                      (alloca           ) [ 010]
idx_1                  (alloca           ) [ 011]
c                      (alloca           ) [ 010]
idx                    (alloca           ) [ 011]
indvar_flatten155      (alloca           ) [ 010]
r                      (alloca           ) [ 010]
indvars_iv189          (alloca           ) [ 011]
indvar_flatten171      (alloca           ) [ 010]
store_ln0              (store            ) [ 000]
store_ln0              (store            ) [ 000]
store_ln0              (store            ) [ 000]
store_ln0              (store            ) [ 000]
store_ln0              (store            ) [ 000]
store_ln0              (store            ) [ 000]
store_ln0              (store            ) [ 000]
store_ln0              (store            ) [ 000]
br_ln0                 (br               ) [ 000]
indvar_flatten171_load (load             ) [ 000]
specpipeline_ln0       (specpipeline     ) [ 000]
icmp_ln167             (icmp             ) [ 010]
add_ln167_2            (add              ) [ 000]
br_ln167               (br               ) [ 000]
f_load                 (load             ) [ 000]
c_load                 (load             ) [ 000]
indvar_flatten155_load (load             ) [ 000]
r_load                 (load             ) [ 000]
add_ln167              (add              ) [ 000]
icmp_ln168             (icmp             ) [ 011]
select_ln167_1         (select           ) [ 000]
select_ln167_3         (select           ) [ 000]
tmp_s                  (bitconcatenate   ) [ 000]
tmp_5                  (bitconcatenate   ) [ 000]
zext_ln170             (zext             ) [ 000]
sub_ln170              (sub              ) [ 000]
xor_ln167              (xor              ) [ 000]
icmp_ln169             (icmp             ) [ 000]
and_ln167              (and              ) [ 011]
add_ln168              (add              ) [ 000]
or_ln168               (or               ) [ 000]
select_ln168_1         (select           ) [ 000]
select_ln168_2         (select           ) [ 000]
zext_ln170_1           (zext             ) [ 000]
add_ln170_1            (add              ) [ 000]
tmp_6                  (bitconcatenate   ) [ 000]
zext_ln170_2           (zext             ) [ 000]
add_ln170_2            (add              ) [ 000]
zext_ln170_3           (zext             ) [ 000]
layer2_pool_addr       (getelementptr    ) [ 011]
add_ln169              (add              ) [ 000]
add_ln168_2            (add              ) [ 000]
select_ln168_4         (select           ) [ 000]
store_ln169            (store            ) [ 000]
store_ln169            (store            ) [ 000]
store_ln169            (store            ) [ 000]
store_ln169            (store            ) [ 000]
store_ln169            (store            ) [ 000]
idx_1_load             (load             ) [ 000]
idx_load               (load             ) [ 000]
indvars_iv189_load     (load             ) [ 000]
add_ln167_1            (add              ) [ 000]
specloopname_ln0       (specloopname     ) [ 000]
empty                  (speclooptripcount) [ 000]
select_ln167           (select           ) [ 000]
select_ln167_2         (select           ) [ 000]
specpipeline_ln0       (specpipeline     ) [ 000]
select_ln167_4         (select           ) [ 000]
add_ln168_1            (add              ) [ 000]
specloopname_ln0       (specloopname     ) [ 000]
select_ln168           (select           ) [ 000]
specpipeline_ln0       (specpipeline     ) [ 000]
select_ln168_3         (select           ) [ 000]
idx_1_cast             (zext             ) [ 000]
specloopname_ln165     (specloopname     ) [ 000]
layer2_pool_load       (load             ) [ 000]
add_ln170              (add              ) [ 000]
flat_addr              (getelementptr    ) [ 000]
store_ln170            (store            ) [ 000]
store_ln169            (store            ) [ 000]
store_ln169            (store            ) [ 000]
store_ln169            (store            ) [ 000]
br_ln169               (br               ) [ 000]
ret_ln0                (ret              ) [ 000]
</LifeTime>

<model>

<comp_list>
<comp id="0" class="1000" name="layer2_pool">
<pin_list>
<pin id="1" dir="1" index="0" bw="1" slack="0"/>
</pin_list>
<bind>
<StgValue><ssdm name="layer2_pool"/><MemPortTyVec>1 3 </MemPortTyVec>
</StgValue>
</bind>
</comp>

<comp id="2" class="1000" name="flat">
<pin_list>
<pin id="3" dir="1" index="0" bw="1" slack="0"/>
</pin_list>
<bind>
<StgValue><ssdm name="flat"/><MemPortTyVec>0 3 </MemPortTyVec>
</StgValue>
</bind>
</comp>

<comp id="4" class="1001" name="const_4">
<pin_list>
<pin id="5" dir="1" index="0" bw="1" slack="0"/>
</pin_list>
<bind>
<StgValue><ssdm name=""/></StgValue>
</bind>
</comp>

<comp id="6" class="1001" name="const_6">
<pin_list>
<pin id="7" dir="1" index="0" bw="1" slack="0"/>
</pin_list>
<bind>
<StgValue><ssdm name=""/></StgValue>
</bind>
</comp>

<comp id="8" class="1001" name="const_8">
<pin_list>
<pin id="9" dir="1" index="0" bw="1" slack="0"/>
</pin_list>
<bind>
<StgValue><ssdm name=""/></StgValue>
</bind>
</comp>

<comp id="10" class="1001" name="const_10">
<pin_list>
<pin id="11" dir="1" index="0" bw="1" slack="0"/>
</pin_list>
<bind>
<StgValue><ssdm name=""/></StgValue>
</bind>
</comp>

<comp id="12" class="1001" name="const_12">
<pin_list>
<pin id="13" dir="1" index="0" bw="1" slack="2147483647"/>
</pin_list>
<bind>
<StgValue><ssdm name="_ssdm_op_SpecPipeline"/></StgValue>
</bind>
</comp>

<comp id="14" class="1001" name="const_14">
<pin_list>
<pin id="15" dir="1" index="0" bw="1" slack="2147483647"/>
</pin_list>
<bind>
<StgValue><ssdm name=""/></StgValue>
</bind>
</comp>

<comp id="16" class="1001" name="const_16">
<pin_list>
<pin id="17" dir="1" index="0" bw="1" slack="2147483647"/>
</pin_list>
<bind>
<StgValue><ssdm name=""/></StgValue>
</bind>
</comp>

<comp id="18" class="1001" name="const_18">
<pin_list>
<pin id="19" dir="1" index="0" bw="1" slack="2147483647"/>
</pin_list>
<bind>
<StgValue><ssdm name="p_str"/></StgValue>
</bind>
</comp>

<comp id="20" class="1001" name="const_20">
<pin_list>
<pin id="21" dir="1" index="0" bw="1" slack="0"/>
</pin_list>
<bind>
<StgValue><ssdm name=""/></StgValue>
</bind>
</comp>

<comp id="22" class="1001" name="const_22">
<pin_list>
<pin id="23" dir="1" index="0" bw="1" slack="0"/>
</pin_list>
<bind>
<StgValue><ssdm name=""/></StgValue>
</bind>
</comp>

<comp id="24" class="1001" name="const_24">
<pin_list>
<pin id="25" dir="1" index="0" bw="1" slack="0"/>
</pin_list>
<bind>
<StgValue><ssdm name=""/></StgValue>
</bind>
</comp>

<comp id="26" class="1001" name="const_26">
<pin_list>
<pin id="27" dir="1" index="0" bw="1" slack="0"/>
</pin_list>
<bind>
<StgValue><ssdm name=""/></StgValue>
</bind>
</comp>

<comp id="28" class="1001" name="const_28">
<pin_list>
<pin id="29" dir="1" index="0" bw="1" slack="0"/>
</pin_list>
<bind>
<StgValue><ssdm name="_ssdm_op_BitConcatenate.i8.i4.i4"/></StgValue>
</bind>
</comp>

<comp id="30" class="1001" name="const_30">
<pin_list>
<pin id="31" dir="1" index="0" bw="1" slack="0"/>
</pin_list>
<bind>
<StgValue><ssdm name="_ssdm_op_BitConcatenate.i5.i4.i1"/></StgValue>
</bind>
</comp>

<comp id="32" class="1001" name="const_32">
<pin_list>
<pin id="33" dir="1" index="0" bw="1" slack="0"/>
</pin_list>
<bind>
<StgValue><ssdm name=""/></StgValue>
</bind>
</comp>

<comp id="34" class="1001" name="const_34">
<pin_list>
<pin id="35" dir="1" index="0" bw="1" slack="0"/>
</pin_list>
<bind>
<StgValue><ssdm name=""/></StgValue>
</bind>
</comp>

<comp id="36" class="1001" name="const_36">
<pin_list>
<pin id="37" dir="1" index="0" bw="1" slack="0"/>
</pin_list>
<bind>
<StgValue><ssdm name=""/></StgValue>
</bind>
</comp>

<comp id="38" class="1001" name="const_38">
<pin_list>
<pin id="39" dir="1" index="0" bw="1" slack="0"/>
</pin_list>
<bind>
<StgValue><ssdm name="_ssdm_op_BitConcatenate.i11.i8.i3"/></StgValue>
</bind>
</comp>

<comp id="40" class="1001" name="const_40">
<pin_list>
<pin id="41" dir="1" index="0" bw="1" slack="0"/>
</pin_list>
<bind>
<StgValue><ssdm name=""/></StgValue>
</bind>
</comp>

<comp id="42" class="1001" name="const_42">
<pin_list>
<pin id="43" dir="1" index="0" bw="1" slack="0"/>
</pin_list>
<bind>
<StgValue><ssdm name=""/></StgValue>
</bind>
</comp>

<comp id="44" class="1001" name="const_44">
<pin_list>
<pin id="45" dir="1" index="0" bw="1" slack="0"/>
</pin_list>
<bind>
<StgValue><ssdm name=""/></StgValue>
</bind>
</comp>

<comp id="46" class="1001" name="const_46">
<pin_list>
<pin id="47" dir="1" index="0" bw="1" slack="0"/>
</pin_list>
<bind>
<StgValue><ssdm name=""/></StgValue>
</bind>
</comp>

<comp id="48" class="1001" name="const_48">
<pin_list>
<pin id="49" dir="1" index="0" bw="1" slack="2147483647"/>
</pin_list>
<bind>
<StgValue><ssdm name="_ssdm_op_SpecLoopName"/></StgValue>
</bind>
</comp>

<comp id="50" class="1001" name="const_50">
<pin_list>
<pin id="51" dir="1" index="0" bw="1" slack="2147483647"/>
</pin_list>
<bind>
<StgValue><ssdm name="VITIS_LOOP_167_22_VITIS_LOOP_168_23_VITIS_LOOP_169_24_str"/></StgValue>
</bind>
</comp>

<comp id="52" class="1001" name="const_52">
<pin_list>
<pin id="53" dir="1" index="0" bw="1" slack="2147483647"/>
</pin_list>
<bind>
<StgValue><ssdm name="_ssdm_op_SpecLoopTripCount"/></StgValue>
</bind>
</comp>

<comp id="54" class="1001" name="const_54">
<pin_list>
<pin id="55" dir="1" index="0" bw="1" slack="2147483647"/>
</pin_list>
<bind>
<StgValue><ssdm name=""/></StgValue>
</bind>
</comp>

<comp id="56" class="1001" name="const_56">
<pin_list>
<pin id="57" dir="1" index="0" bw="1" slack="0"/>
</pin_list>
<bind>
<StgValue><ssdm name=""/></StgValue>
</bind>
</comp>

<comp id="58" class="1001" name="const_58">
<pin_list>
<pin id="59" dir="1" index="0" bw="1" slack="2147483647"/>
</pin_list>
<bind>
<StgValue><ssdm name="VITIS_LOOP_168_23_VITIS_LOOP_169_24_str"/></StgValue>
</bind>
</comp>

<comp id="60" class="1001" name="const_60">
<pin_list>
<pin id="61" dir="1" index="0" bw="1" slack="2147483647"/>
</pin_list>
<bind>
<StgValue><ssdm name="empty_16"/></StgValue>
</bind>
</comp>

<comp id="62" class="1004" name="f_fu_62">
<pin_list>
<pin id="63" dir="0" index="0" bw="1" slack="0"/>
<pin id="64" dir="1" index="1" bw="4" slack="0"/>
</pin_list>
<bind>
<opcode="alloca(26) " fcode="alloca"/>
<opset="f/1 "/>
</bind>
</comp>

<comp id="66" class="1004" name="idx_1_fu_66">
<pin_list>
<pin id="67" dir="0" index="0" bw="1" slack="0"/>
<pin id="68" dir="1" index="1" bw="11" slack="0"/>
</pin_list>
<bind>
<opcode="alloca(26) " fcode="alloca"/>
<opset="idx_1/1 "/>
</bind>
</comp>

<comp id="70" class="1004" name="c_fu_70">
<pin_list>
<pin id="71" dir="0" index="0" bw="1" slack="0"/>
<pin id="72" dir="1" index="1" bw="4" slack="0"/>
</pin_list>
<bind>
<opcode="alloca(26) " fcode="alloca"/>
<opset="c/1 "/>
</bind>
</comp>

<comp id="74" class="1004" name="idx_fu_74">
<pin_list>
<pin id="75" dir="0" index="0" bw="1" slack="0"/>
<pin id="76" dir="1" index="1" bw="11" slack="0"/>
</pin_list>
<bind>
<opcode="alloca(26) " fcode="alloca"/>
<opset="idx/1 "/>
</bind>
</comp>

<comp id="78" class="1004" name="indvar_flatten155_fu_78">
<pin_list>
<pin id="79" dir="0" index="0" bw="1" slack="0"/>
<pin id="80" dir="1" index="1" bw="8" slack="0"/>
</pin_list>
<bind>
<opcode="alloca(26) " fcode="alloca"/>
<opset="indvar_flatten155/1 "/>
</bind>
</comp>

<comp id="82" class="1004" name="r_fu_82">
<pin_list>
<pin id="83" dir="0" index="0" bw="1" slack="0"/>
<pin id="84" dir="1" index="1" bw="4" slack="0"/>
</pin_list>
<bind>
<opcode="alloca(26) " fcode="alloca"/>
<opset="r/1 "/>
</bind>
</comp>

<comp id="86" class="1004" name="indvars_iv189_fu_86">
<pin_list>
<pin id="87" dir="0" index="0" bw="1" slack="0"/>
<pin id="88" dir="1" index="1" bw="11" slack="0"/>
</pin_list>
<bind>
<opcode="alloca(26) " fcode="alloca"/>
<opset="indvars_iv189/1 "/>
</bind>
</comp>

<comp id="90" class="1004" name="indvar_flatten171_fu_90">
<pin_list>
<pin id="91" dir="0" index="0" bw="1" slack="0"/>
<pin id="92" dir="1" index="1" bw="11" slack="0"/>
</pin_list>
<bind>
<opcode="alloca(26) " fcode="alloca"/>
<opset="indvar_flatten171/1 "/>
</bind>
</comp>

<comp id="94" class="1004" name="layer2_pool_addr_gep_fu_94">
<pin_list>
<pin id="95" dir="0" index="0" bw="32" slack="0"/>
<pin id="96" dir="0" index="1" bw="1" slack="0"/>
<pin id="97" dir="0" index="2" bw="11" slack="0"/>
<pin id="98" dir="1" index="3" bw="11" slack="0"/>
</pin_list>
<bind>
<opcode="getelementptr(29) " fcode="getelementptr"/>
<opset="layer2_pool_addr/1 "/>
</bind>
</comp>

<comp id="101" class="1004" name="grp_access_fu_101">
<pin_list>
<pin id="102" dir="0" index="0" bw="11" slack="0"/>
<pin id="103" dir="0" index="1" bw="32" slack="2147483647"/>
<pin id="104" dir="0" index="2" bw="0" slack="2147483647"/>
<pin id="105" dir="1" index="3" bw="32" slack="0"/>
</pin_list>
<bind>
<opcode="load(27) " fcode="load"/>
<opset="layer2_pool_load/1 "/>
</bind>
</comp>

<comp id="107" class="1004" name="flat_addr_gep_fu_107">
<pin_list>
<pin id="108" dir="0" index="0" bw="32" slack="0"/>
<pin id="109" dir="0" index="1" bw="1" slack="0"/>
<pin id="110" dir="0" index="2" bw="11" slack="0"/>
<pin id="111" dir="1" index="3" bw="11" slack="0"/>
</pin_list>
<bind>
<opcode="getelementptr(29) " fcode="getelementptr"/>
<opset="flat_addr/2 "/>
</bind>
</comp>

<comp id="114" class="1004" name="store_ln170_access_fu_114">
<pin_list>
<pin id="115" dir="0" index="0" bw="11" slack="0"/>
<pin id="116" dir="0" index="1" bw="32" slack="0"/>
<pin id="117" dir="0" index="2" bw="0" slack="2147483647"/>
<pin id="118" dir="1" index="3" bw="32" slack="2147483647"/>
</pin_list>
<bind>
<opcode="store(28) " fcode="store"/>
<opset="store_ln170/2 "/>
</bind>
</comp>

<comp id="121" class="1004" name="store_ln0_store_fu_121">
<pin_list>
<pin id="122" dir="0" index="0" bw="1" slack="0"/>
<pin id="123" dir="0" index="1" bw="11" slack="0"/>
<pin id="124" dir="1" index="2" bw="0" slack="2147483647"/>
</pin_list>
<bind>
<opcode="store(28) " fcode="store"/>
<opset="store_ln0/1 "/>
</bind>
</comp>

<comp id="126" class="1004" name="store_ln0_store_fu_126">
<pin_list>
<pin id="127" dir="0" index="0" bw="1" slack="0"/>
<pin id="128" dir="0" index="1" bw="11" slack="0"/>
<pin id="129" dir="1" index="2" bw="0" slack="2147483647"/>
</pin_list>
<bind>
<opcode="store(28) " fcode="store"/>
<opset="store_ln0/1 "/>
</bind>
</comp>

<comp id="131" class="1004" name="store_ln0_store_fu_131">
<pin_list>
<pin id="132" dir="0" index="0" bw="1" slack="0"/>
<pin id="133" dir="0" index="1" bw="4" slack="0"/>
<pin id="134" dir="1" index="2" bw="0" slack="2147483647"/>
</pin_list>
<bind>
<opcode="store(28) " fcode="store"/>
<opset="store_ln0/1 "/>
</bind>
</comp>

<comp id="136" class="1004" name="store_ln0_store_fu_136">
<pin_list>
<pin id="137" dir="0" index="0" bw="1" slack="0"/>
<pin id="138" dir="0" index="1" bw="8" slack="0"/>
<pin id="139" dir="1" index="2" bw="0" slack="2147483647"/>
</pin_list>
<bind>
<opcode="store(28) " fcode="store"/>
<opset="store_ln0/1 "/>
</bind>
</comp>

<comp id="141" class="1004" name="store_ln0_store_fu_141">
<pin_list>
<pin id="142" dir="0" index="0" bw="1" slack="0"/>
<pin id="143" dir="0" index="1" bw="11" slack="0"/>
<pin id="144" dir="1" index="2" bw="0" slack="2147483647"/>
</pin_list>
<bind>
<opcode="store(28) " fcode="store"/>
<opset="store_ln0/1 "/>
</bind>
</comp>

<comp id="146" class="1004" name="store_ln0_store_fu_146">
<pin_list>
<pin id="147" dir="0" index="0" bw="1" slack="0"/>
<pin id="148" dir="0" index="1" bw="4" slack="0"/>
<pin id="149" dir="1" index="2" bw="0" slack="2147483647"/>
</pin_list>
<bind>
<opcode="store(28) " fcode="store"/>
<opset="store_ln0/1 "/>
</bind>
</comp>

<comp id="151" class="1004" name="store_ln0_store_fu_151">
<pin_list>
<pin id="152" dir="0" index="0" bw="1" slack="0"/>
<pin id="153" dir="0" index="1" bw="11" slack="0"/>
<pin id="154" dir="1" index="2" bw="0" slack="2147483647"/>
</pin_list>
<bind>
<opcode="store(28) " fcode="store"/>
<opset="store_ln0/1 "/>
</bind>
</comp>

<comp id="156" class="1004" name="store_ln0_store_fu_156">
<pin_list>
<pin id="157" dir="0" index="0" bw="1" slack="0"/>
<pin id="158" dir="0" index="1" bw="4" slack="0"/>
<pin id="159" dir="1" index="2" bw="0" slack="2147483647"/>
</pin_list>
<bind>
<opcode="store(28) " fcode="store"/>
<opset="store_ln0/1 "/>
</bind>
</comp>

<comp id="161" class="1004" name="indvar_flatten171_load_load_fu_161">
<pin_list>
<pin id="162" dir="0" index="0" bw="11" slack="0"/>
<pin id="163" dir="1" index="1" bw="11" slack="0"/>
</pin_list>
<bind>
<opcode="load(27) " fcode="load"/>
<opset="indvar_flatten171_load/1 "/>
</bind>
</comp>

<comp id="164" class="1004" name="icmp_ln167_fu_164">
<pin_list>
<pin id="165" dir="0" index="0" bw="11" slack="0"/>
<pin id="166" dir="0" index="1" bw="10" slack="0"/>
<pin id="167" dir="1" index="2" bw="1" slack="2147483647"/>
</pin_list>
<bind>
<opcode="icmp(45) " fcode="icmp"/>
<opset="icmp_ln167/1 "/>
</bind>
</comp>

<comp id="170" class="1004" name="add_ln167_2_fu_170">
<pin_list>
<pin id="171" dir="0" index="0" bw="11" slack="0"/>
<pin id="172" dir="0" index="1" bw="1" slack="0"/>
<pin id="173" dir="1" index="2" bw="11" slack="0"/>
</pin_list>
<bind>
<opcode="add(8) " fcode="add"/>
<opset="add_ln167_2/1 "/>
</bind>
</comp>

<comp id="176" class="1004" name="f_load_load_fu_176">
<pin_list>
<pin id="177" dir="0" index="0" bw="4" slack="0"/>
<pin id="178" dir="1" index="1" bw="4" slack="0"/>
</pin_list>
<bind>
<opcode="load(27) " fcode="load"/>
<opset="f_load/1 "/>
</bind>
</comp>

<comp id="179" class="1004" name="c_load_load_fu_179">
<pin_list>
<pin id="180" dir="0" index="0" bw="4" slack="0"/>
<pin id="181" dir="1" index="1" bw="4" slack="0"/>
</pin_list>
<bind>
<opcode="load(27) " fcode="load"/>
<opset="c_load/1 "/>
</bind>
</comp>

<comp id="182" class="1004" name="indvar_flatten155_load_load_fu_182">
<pin_list>
<pin id="183" dir="0" index="0" bw="8" slack="0"/>
<pin id="184" dir="1" index="1" bw="8" slack="0"/>
</pin_list>
<bind>
<opcode="load(27) " fcode="load"/>
<opset="indvar_flatten155_load/1 "/>
</bind>
</comp>

<comp id="185" class="1004" name="r_load_load_fu_185">
<pin_list>
<pin id="186" dir="0" index="0" bw="4" slack="0"/>
<pin id="187" dir="1" index="1" bw="4" slack="0"/>
</pin_list>
<bind>
<opcode="load(27) " fcode="load"/>
<opset="r_load/1 "/>
</bind>
</comp>

<comp id="188" class="1004" name="add_ln167_fu_188">
<pin_list>
<pin id="189" dir="0" index="0" bw="4" slack="0"/>
<pin id="190" dir="0" index="1" bw="1" slack="0"/>
<pin id="191" dir="1" index="2" bw="4" slack="0"/>
</pin_list>
<bind>
<opcode="add(8) " fcode="add"/>
<opset="add_ln167/1 "/>
</bind>
</comp>

<comp id="194" class="1004" name="icmp_ln168_fu_194">
<pin_list>
<pin id="195" dir="0" index="0" bw="8" slack="0"/>
<pin id="196" dir="0" index="1" bw="8" slack="0"/>
<pin id="197" dir="1" index="2" bw="1" slack="0"/>
</pin_list>
<bind>
<opcode="icmp(45) " fcode="icmp"/>
<opset="icmp_ln168/1 "/>
</bind>
</comp>

<comp id="200" class="1004" name="select_ln167_1_fu_200">
<pin_list>
<pin id="201" dir="0" index="0" bw="1" slack="0"/>
<pin id="202" dir="0" index="1" bw="1" slack="0"/>
<pin id="203" dir="0" index="2" bw="4" slack="0"/>
<pin id="204" dir="1" index="3" bw="4" slack="0"/>
</pin_list>
<bind>
<opcode="select(49) " fcode="select"/>
<opset="select_ln167_1/1 "/>
</bind>
</comp>

<comp id="208" class="1004" name="select_ln167_3_fu_208">
<pin_list>
<pin id="209" dir="0" index="0" bw="1" slack="0"/>
<pin id="210" dir="0" index="1" bw="4" slack="0"/>
<pin id="211" dir="0" index="2" bw="4" slack="0"/>
<pin id="212" dir="1" index="3" bw="4" slack="0"/>
</pin_list>
<bind>
<opcode="select(49) " fcode="select"/>
<opset="select_ln167_3/1 "/>
</bind>
</comp>

<comp id="216" class="1004" name="tmp_s_fu_216">
<pin_list>
<pin id="217" dir="0" index="0" bw="8" slack="0"/>
<pin id="218" dir="0" index="1" bw="4" slack="0"/>
<pin id="219" dir="0" index="2" bw="1" slack="0"/>
<pin id="220" dir="1" index="3" bw="8" slack="0"/>
</pin_list>
<bind>
<opcode="bitconcatenate(1004) " fcode="bitconcatenate"/>
<opset="tmp_s/1 "/>
</bind>
</comp>

<comp id="224" class="1004" name="tmp_5_fu_224">
<pin_list>
<pin id="225" dir="0" index="0" bw="5" slack="0"/>
<pin id="226" dir="0" index="1" bw="4" slack="0"/>
<pin id="227" dir="0" index="2" bw="1" slack="0"/>
<pin id="228" dir="1" index="3" bw="5" slack="0"/>
</pin_list>
<bind>
<opcode="bitconcatenate(1004) " fcode="bitconcatenate"/>
<opset="tmp_5/1 "/>
</bind>
</comp>

<comp id="232" class="1004" name="zext_ln170_fu_232">
<pin_list>
<pin id="233" dir="0" index="0" bw="5" slack="0"/>
<pin id="234" dir="1" index="1" bw="8" slack="0"/>
</pin_list>
<bind>
<opcode="zext(34) " fcode="zext"/>
<opset="zext_ln170/1 "/>
</bind>
</comp>

<comp id="236" class="1004" name="sub_ln170_fu_236">
<pin_list>
<pin id="237" dir="0" index="0" bw="8" slack="0"/>
<pin id="238" dir="0" index="1" bw="5" slack="0"/>
<pin id="239" dir="1" index="2" bw="8" slack="0"/>
</pin_list>
<bind>
<opcode="sub(10) " fcode="sub"/>
<opset="sub_ln170/1 "/>
</bind>
</comp>

<comp id="242" class="1004" name="xor_ln167_fu_242">
<pin_list>
<pin id="243" dir="0" index="0" bw="1" slack="0"/>
<pin id="244" dir="0" index="1" bw="1" slack="0"/>
<pin id="245" dir="1" index="2" bw="1" slack="0"/>
</pin_list>
<bind>
<opcode="xor(25) " fcode="xor"/>
<opset="xor_ln167/1 "/>
</bind>
</comp>

<comp id="248" class="1004" name="icmp_ln169_fu_248">
<pin_list>
<pin id="249" dir="0" index="0" bw="4" slack="0"/>
<pin id="250" dir="0" index="1" bw="4" slack="0"/>
<pin id="251" dir="1" index="2" bw="1" slack="0"/>
</pin_list>
<bind>
<opcode="icmp(45) " fcode="icmp"/>
<opset="icmp_ln169/1 "/>
</bind>
</comp>

<comp id="254" class="1004" name="and_ln167_fu_254">
<pin_list>
<pin id="255" dir="0" index="0" bw="1" slack="0"/>
<pin id="256" dir="0" index="1" bw="1" slack="0"/>
<pin id="257" dir="1" index="2" bw="1" slack="0"/>
</pin_list>
<bind>
<opcode="and(23) " fcode="and"/>
<opset="and_ln167/1 "/>
</bind>
</comp>

<comp id="260" class="1004" name="add_ln168_fu_260">
<pin_list>
<pin id="261" dir="0" index="0" bw="4" slack="0"/>
<pin id="262" dir="0" index="1" bw="1" slack="0"/>
<pin id="263" dir="1" index="2" bw="4" slack="0"/>
</pin_list>
<bind>
<opcode="add(8) " fcode="add"/>
<opset="add_ln168/1 "/>
</bind>
</comp>

<comp id="266" class="1004" name="or_ln168_fu_266">
<pin_list>
<pin id="267" dir="0" index="0" bw="1" slack="0"/>
<pin id="268" dir="0" index="1" bw="1" slack="0"/>
<pin id="269" dir="1" index="2" bw="1" slack="0"/>
</pin_list>
<bind>
<opcode="or(24) " fcode="or"/>
<opset="or_ln168/1 "/>
</bind>
</comp>

<comp id="272" class="1004" name="select_ln168_1_fu_272">
<pin_list>
<pin id="273" dir="0" index="0" bw="1" slack="0"/>
<pin id="274" dir="0" index="1" bw="1" slack="0"/>
<pin id="275" dir="0" index="2" bw="4" slack="0"/>
<pin id="276" dir="1" index="3" bw="4" slack="0"/>
</pin_list>
<bind>
<opcode="select(49) " fcode="select"/>
<opset="select_ln168_1/1 "/>
</bind>
</comp>

<comp id="280" class="1004" name="select_ln168_2_fu_280">
<pin_list>
<pin id="281" dir="0" index="0" bw="1" slack="0"/>
<pin id="282" dir="0" index="1" bw="4" slack="0"/>
<pin id="283" dir="0" index="2" bw="4" slack="0"/>
<pin id="284" dir="1" index="3" bw="4" slack="0"/>
</pin_list>
<bind>
<opcode="select(49) " fcode="select"/>
<opset="select_ln168_2/1 "/>
</bind>
</comp>

<comp id="288" class="1004" name="zext_ln170_1_fu_288">
<pin_list>
<pin id="289" dir="0" index="0" bw="4" slack="0"/>
<pin id="290" dir="1" index="1" bw="8" slack="0"/>
</pin_list>
<bind>
<opcode="zext(34) " fcode="zext"/>
<opset="zext_ln170_1/1 "/>
</bind>
</comp>

<comp id="292" class="1004" name="add_ln170_1_fu_292">
<pin_list>
<pin id="293" dir="0" index="0" bw="8" slack="0"/>
<pin id="294" dir="0" index="1" bw="4" slack="0"/>
<pin id="295" dir="1" index="2" bw="8" slack="0"/>
</pin_list>
<bind>
<opcode="add(8) " fcode="add"/>
<opset="add_ln170_1/1 "/>
</bind>
</comp>

<comp id="298" class="1004" name="tmp_6_fu_298">
<pin_list>
<pin id="299" dir="0" index="0" bw="11" slack="0"/>
<pin id="300" dir="0" index="1" bw="8" slack="0"/>
<pin id="301" dir="0" index="2" bw="1" slack="0"/>
<pin id="302" dir="1" index="3" bw="11" slack="0"/>
</pin_list>
<bind>
<opcode="bitconcatenate(1004) " fcode="bitconcatenate"/>
<opset="tmp_6/1 "/>
</bind>
</comp>

<comp id="306" class="1004" name="zext_ln170_2_fu_306">
<pin_list>
<pin id="307" dir="0" index="0" bw="4" slack="0"/>
<pin id="308" dir="1" index="1" bw="11" slack="0"/>
</pin_list>
<bind>
<opcode="zext(34) " fcode="zext"/>
<opset="zext_ln170_2/1 "/>
</bind>
</comp>

<comp id="310" class="1004" name="add_ln170_2_fu_310">
<pin_list>
<pin id="311" dir="0" index="0" bw="11" slack="0"/>
<pin id="312" dir="0" index="1" bw="4" slack="0"/>
<pin id="313" dir="1" index="2" bw="11" slack="0"/>
</pin_list>
<bind>
<opcode="add(8) " fcode="add"/>
<opset="add_ln170_2/1 "/>
</bind>
</comp>

<comp id="316" class="1004" name="zext_ln170_3_fu_316">
<pin_list>
<pin id="317" dir="0" index="0" bw="11" slack="0"/>
<pin id="318" dir="1" index="1" bw="64" slack="0"/>
</pin_list>
<bind>
<opcode="zext(34) " fcode="zext"/>
<opset="zext_ln170_3/1 "/>
</bind>
</comp>

<comp id="321" class="1004" name="add_ln169_fu_321">
<pin_list>
<pin id="322" dir="0" index="0" bw="4" slack="0"/>
<pin id="323" dir="0" index="1" bw="1" slack="0"/>
<pin id="324" dir="1" index="2" bw="4" slack="0"/>
</pin_list>
<bind>
<opcode="add(8) " fcode="add"/>
<opset="add_ln169/1 "/>
</bind>
</comp>

<comp id="327" class="1004" name="add_ln168_2_fu_327">
<pin_list>
<pin id="328" dir="0" index="0" bw="8" slack="0"/>
<pin id="329" dir="0" index="1" bw="1" slack="0"/>
<pin id="330" dir="1" index="2" bw="8" slack="0"/>
</pin_list>
<bind>
<opcode="add(8) " fcode="add"/>
<opset="add_ln168_2/1 "/>
</bind>
</comp>

<comp id="333" class="1004" name="select_ln168_4_fu_333">
<pin_list>
<pin id="334" dir="0" index="0" bw="1" slack="0"/>
<pin id="335" dir="0" index="1" bw="1" slack="0"/>
<pin id="336" dir="0" index="2" bw="8" slack="0"/>
<pin id="337" dir="1" index="3" bw="8" slack="0"/>
</pin_list>
<bind>
<opcode="select(49) " fcode="select"/>
<opset="select_ln168_4/1 "/>
</bind>
</comp>

<comp id="341" class="1004" name="store_ln169_store_fu_341">
<pin_list>
<pin id="342" dir="0" index="0" bw="11" slack="0"/>
<pin id="343" dir="0" index="1" bw="11" slack="0"/>
<pin id="344" dir="1" index="2" bw="0" slack="2147483647"/>
</pin_list>
<bind>
<opcode="store(28) " fcode="store"/>
<opset="store_ln169/1 "/>
</bind>
</comp>

<comp id="346" class="1004" name="store_ln169_store_fu_346">
<pin_list>
<pin id="347" dir="0" index="0" bw="4" slack="0"/>
<pin id="348" dir="0" index="1" bw="4" slack="0"/>
<pin id="349" dir="1" index="2" bw="0" slack="2147483647"/>
</pin_list>
<bind>
<opcode="store(28) " fcode="store"/>
<opset="store_ln169/1 "/>
</bind>
</comp>

<comp id="351" class="1004" name="store_ln169_store_fu_351">
<pin_list>
<pin id="352" dir="0" index="0" bw="8" slack="0"/>
<pin id="353" dir="0" index="1" bw="8" slack="0"/>
<pin id="354" dir="1" index="2" bw="0" slack="2147483647"/>
</pin_list>
<bind>
<opcode="store(28) " fcode="store"/>
<opset="store_ln169/1 "/>
</bind>
</comp>

<comp id="356" class="1004" name="store_ln169_store_fu_356">
<pin_list>
<pin id="357" dir="0" index="0" bw="4" slack="0"/>
<pin id="358" dir="0" index="1" bw="4" slack="0"/>
<pin id="359" dir="1" index="2" bw="0" slack="2147483647"/>
</pin_list>
<bind>
<opcode="store(28) " fcode="store"/>
<opset="store_ln169/1 "/>
</bind>
</comp>

<comp id="361" class="1004" name="store_ln169_store_fu_361">
<pin_list>
<pin id="362" dir="0" index="0" bw="4" slack="0"/>
<pin id="363" dir="0" index="1" bw="4" slack="0"/>
<pin id="364" dir="1" index="2" bw="0" slack="2147483647"/>
</pin_list>
<bind>
<opcode="store(28) " fcode="store"/>
<opset="store_ln169/1 "/>
</bind>
</comp>

<comp id="366" class="1004" name="idx_1_load_load_fu_366">
<pin_list>
<pin id="367" dir="0" index="0" bw="11" slack="1"/>
<pin id="368" dir="1" index="1" bw="11" slack="0"/>
</pin_list>
<bind>
<opcode="load(27) " fcode="load"/>
<opset="idx_1_load/2 "/>
</bind>
</comp>

<comp id="369" class="1004" name="idx_load_load_fu_369">
<pin_list>
<pin id="370" dir="0" index="0" bw="11" slack="1"/>
<pin id="371" dir="1" index="1" bw="11" slack="0"/>
</pin_list>
<bind>
<opcode="load(27) " fcode="load"/>
<opset="idx_load/2 "/>
</bind>
</comp>

<comp id="372" class="1004" name="indvars_iv189_load_load_fu_372">
<pin_list>
<pin id="373" dir="0" index="0" bw="11" slack="1"/>
<pin id="374" dir="1" index="1" bw="11" slack="0"/>
</pin_list>
<bind>
<opcode="load(27) " fcode="load"/>
<opset="indvars_iv189_load/2 "/>
</bind>
</comp>

<comp id="375" class="1004" name="add_ln167_1_fu_375">
<pin_list>
<pin id="376" dir="0" index="0" bw="11" slack="0"/>
<pin id="377" dir="0" index="1" bw="8" slack="0"/>
<pin id="378" dir="1" index="2" bw="11" slack="0"/>
</pin_list>
<bind>
<opcode="add(8) " fcode="add"/>
<opset="add_ln167_1/2 "/>
</bind>
</comp>

<comp id="381" class="1004" name="select_ln167_fu_381">
<pin_list>
<pin id="382" dir="0" index="0" bw="1" slack="1"/>
<pin id="383" dir="0" index="1" bw="11" slack="0"/>
<pin id="384" dir="0" index="2" bw="11" slack="0"/>
<pin id="385" dir="1" index="3" bw="11" slack="0"/>
</pin_list>
<bind>
<opcode="select(49) " fcode="select"/>
<opset="select_ln167/2 "/>
</bind>
</comp>

<comp id="388" class="1004" name="select_ln167_2_fu_388">
<pin_list>
<pin id="389" dir="0" index="0" bw="1" slack="1"/>
<pin id="390" dir="0" index="1" bw="11" slack="0"/>
<pin id="391" dir="0" index="2" bw="11" slack="0"/>
<pin id="392" dir="1" index="3" bw="11" slack="0"/>
</pin_list>
<bind>
<opcode="select(49) " fcode="select"/>
<opset="select_ln167_2/2 "/>
</bind>
</comp>

<comp id="395" class="1004" name="select_ln167_4_fu_395">
<pin_list>
<pin id="396" dir="0" index="0" bw="1" slack="1"/>
<pin id="397" dir="0" index="1" bw="11" slack="0"/>
<pin id="398" dir="0" index="2" bw="11" slack="0"/>
<pin id="399" dir="1" index="3" bw="11" slack="0"/>
</pin_list>
<bind>
<opcode="select(49) " fcode="select"/>
<opset="select_ln167_4/2 "/>
</bind>
</comp>

<comp id="402" class="1004" name="add_ln168_1_fu_402">
<pin_list>
<pin id="403" dir="0" index="0" bw="11" slack="0"/>
<pin id="404" dir="0" index="1" bw="5" slack="0"/>
<pin id="405" dir="1" index="2" bw="11" slack="0"/>
</pin_list>
<bind>
<opcode="add(8) " fcode="add"/>
<opset="add_ln168_1/2 "/>
</bind>
</comp>

<comp id="408" class="1004" name="select_ln168_fu_408">
<pin_list>
<pin id="409" dir="0" index="0" bw="1" slack="1"/>
<pin id="410" dir="0" index="1" bw="11" slack="0"/>
<pin id="411" dir="0" index="2" bw="11" slack="0"/>
<pin id="412" dir="1" index="3" bw="11" slack="0"/>
</pin_list>
<bind>
<opcode="select(49) " fcode="select"/>
<opset="select_ln168/2 "/>
</bind>
</comp>

<comp id="415" class="1004" name="select_ln168_3_fu_415">
<pin_list>
<pin id="416" dir="0" index="0" bw="1" slack="1"/>
<pin id="417" dir="0" index="1" bw="11" slack="0"/>
<pin id="418" dir="0" index="2" bw="11" slack="0"/>
<pin id="419" dir="1" index="3" bw="11" slack="0"/>
</pin_list>
<bind>
<opcode="select(49) " fcode="select"/>
<opset="select_ln168_3/2 "/>
</bind>
</comp>

<comp id="422" class="1004" name="idx_1_cast_fu_422">
<pin_list>
<pin id="423" dir="0" index="0" bw="11" slack="0"/>
<pin id="424" dir="1" index="1" bw="64" slack="0"/>
</pin_list>
<bind>
<opcode="zext(34) " fcode="zext"/>
<opset="idx_1_cast/2 "/>
</bind>
</comp>

<comp id="427" class="1004" name="add_ln170_fu_427">
<pin_list>
<pin id="428" dir="0" index="0" bw="11" slack="0"/>
<pin id="429" dir="0" index="1" bw="1" slack="0"/>
<pin id="430" dir="1" index="2" bw="11" slack="0"/>
</pin_list>
<bind>
<opcode="add(8) " fcode="add"/>
<opset="add_ln170/2 "/>
</bind>
</comp>

<comp id="433" class="1004" name="store_ln169_store_fu_433">
<pin_list>
<pin id="434" dir="0" index="0" bw="11" slack="0"/>
<pin id="435" dir="0" index="1" bw="11" slack="1"/>
<pin id="436" dir="1" index="2" bw="0" slack="2147483647"/>
</pin_list>
<bind>
<opcode="store(28) " fcode="store"/>
<opset="store_ln169/2 "/>
</bind>
</comp>

<comp id="438" class="1004" name="store_ln169_store_fu_438">
<pin_list>
<pin id="439" dir="0" index="0" bw="11" slack="0"/>
<pin id="440" dir="0" index="1" bw="11" slack="1"/>
<pin id="441" dir="1" index="2" bw="0" slack="2147483647"/>
</pin_list>
<bind>
<opcode="store(28) " fcode="store"/>
<opset="store_ln169/2 "/>
</bind>
</comp>

<comp id="443" class="1004" name="store_ln169_store_fu_443">
<pin_list>
<pin id="444" dir="0" index="0" bw="11" slack="0"/>
<pin id="445" dir="0" index="1" bw="11" slack="1"/>
<pin id="446" dir="1" index="2" bw="0" slack="2147483647"/>
</pin_list>
<bind>
<opcode="store(28) " fcode="store"/>
<opset="store_ln169/2 "/>
</bind>
</comp>

<comp id="448" class="1005" name="f_reg_448">
<pin_list>
<pin id="449" dir="0" index="0" bw="4" slack="0"/>
<pin id="450" dir="1" index="1" bw="4" slack="0"/>
</pin_list>
<bind>
<opset="f "/>
</bind>
</comp>

<comp id="455" class="1005" name="idx_1_reg_455">
<pin_list>
<pin id="456" dir="0" index="0" bw="11" slack="0"/>
<pin id="457" dir="1" index="1" bw="11" slack="0"/>
</pin_list>
<bind>
<opset="idx_1 "/>
</bind>
</comp>

<comp id="462" class="1005" name="c_reg_462">
<pin_list>
<pin id="463" dir="0" index="0" bw="4" slack="0"/>
<pin id="464" dir="1" index="1" bw="4" slack="0"/>
</pin_list>
<bind>
<opset="c "/>
</bind>
</comp>

<comp id="469" class="1005" name="idx_reg_469">
<pin_list>
<pin id="470" dir="0" index="0" bw="11" slack="0"/>
<pin id="471" dir="1" index="1" bw="11" slack="0"/>
</pin_list>
<bind>
<opset="idx "/>
</bind>
</comp>

<comp id="476" class="1005" name="indvar_flatten155_reg_476">
<pin_list>
<pin id="477" dir="0" index="0" bw="8" slack="0"/>
<pin id="478" dir="1" index="1" bw="8" slack="0"/>
</pin_list>
<bind>
<opset="indvar_flatten155 "/>
</bind>
</comp>

<comp id="483" class="1005" name="r_reg_483">
<pin_list>
<pin id="484" dir="0" index="0" bw="4" slack="0"/>
<pin id="485" dir="1" index="1" bw="4" slack="0"/>
</pin_list>
<bind>
<opset="r "/>
</bind>
</comp>

<comp id="490" class="1005" name="indvars_iv189_reg_490">
<pin_list>
<pin id="491" dir="0" index="0" bw="11" slack="0"/>
<pin id="492" dir="1" index="1" bw="11" slack="0"/>
</pin_list>
<bind>
<opset="indvars_iv189 "/>
</bind>
</comp>

<comp id="497" class="1005" name="indvar_flatten171_reg_497">
<pin_list>
<pin id="498" dir="0" index="0" bw="11" slack="0"/>
<pin id="499" dir="1" index="1" bw="11" slack="0"/>
</pin_list>
<bind>
<opset="indvar_flatten171 "/>
</bind>
</comp>

<comp id="507" class="1005" name="icmp_ln168_reg_507">
<pin_list>
<pin id="508" dir="0" index="0" bw="1" slack="1"/>
<pin id="509" dir="1" index="1" bw="1" slack="1"/>
</pin_list>
<bind>
<opset="icmp_ln168 "/>
</bind>
</comp>

<comp id="514" class="1005" name="and_ln167_reg_514">
<pin_list>
<pin id="515" dir="0" index="0" bw="1" slack="1"/>
<pin id="516" dir="1" index="1" bw="1" slack="1"/>
</pin_list>
<bind>
<opset="and_ln167 "/>
</bind>
</comp>

<comp id="520" class="1005" name="layer2_pool_addr_reg_520">
<pin_list>
<pin id="521" dir="0" index="0" bw="11" slack="1"/>
<pin id="522" dir="1" index="1" bw="11" slack="1"/>
</pin_list>
<bind>
<opset="layer2_pool_addr "/>
</bind>
</comp>

</comp_list>

<net_list>
<net id="65"><net_src comp="4" pin="0"/><net_sink comp="62" pin=0"/></net>

<net id="69"><net_src comp="4" pin="0"/><net_sink comp="66" pin=0"/></net>

<net id="73"><net_src comp="4" pin="0"/><net_sink comp="70" pin=0"/></net>

<net id="77"><net_src comp="4" pin="0"/><net_sink comp="74" pin=0"/></net>

<net id="81"><net_src comp="4" pin="0"/><net_sink comp="78" pin=0"/></net>

<net id="85"><net_src comp="4" pin="0"/><net_sink comp="82" pin=0"/></net>

<net id="89"><net_src comp="4" pin="0"/><net_sink comp="86" pin=0"/></net>

<net id="93"><net_src comp="4" pin="0"/><net_sink comp="90" pin=0"/></net>

<net id="99"><net_src comp="0" pin="0"/><net_sink comp="94" pin=0"/></net>

<net id="100"><net_src comp="42" pin="0"/><net_sink comp="94" pin=1"/></net>

<net id="106"><net_src comp="94" pin="3"/><net_sink comp="101" pin=0"/></net>

<net id="112"><net_src comp="2" pin="0"/><net_sink comp="107" pin=0"/></net>

<net id="113"><net_src comp="42" pin="0"/><net_sink comp="107" pin=1"/></net>

<net id="119"><net_src comp="101" pin="3"/><net_sink comp="114" pin=1"/></net>

<net id="120"><net_src comp="107" pin="3"/><net_sink comp="114" pin=0"/></net>

<net id="125"><net_src comp="6" pin="0"/><net_sink comp="121" pin=0"/></net>

<net id="130"><net_src comp="6" pin="0"/><net_sink comp="126" pin=0"/></net>

<net id="135"><net_src comp="8" pin="0"/><net_sink comp="131" pin=0"/></net>

<net id="140"><net_src comp="10" pin="0"/><net_sink comp="136" pin=0"/></net>

<net id="145"><net_src comp="6" pin="0"/><net_sink comp="141" pin=0"/></net>

<net id="150"><net_src comp="8" pin="0"/><net_sink comp="146" pin=0"/></net>

<net id="155"><net_src comp="6" pin="0"/><net_sink comp="151" pin=0"/></net>

<net id="160"><net_src comp="8" pin="0"/><net_sink comp="156" pin=0"/></net>

<net id="168"><net_src comp="161" pin="1"/><net_sink comp="164" pin=0"/></net>

<net id="169"><net_src comp="20" pin="0"/><net_sink comp="164" pin=1"/></net>

<net id="174"><net_src comp="161" pin="1"/><net_sink comp="170" pin=0"/></net>

<net id="175"><net_src comp="22" pin="0"/><net_sink comp="170" pin=1"/></net>

<net id="192"><net_src comp="185" pin="1"/><net_sink comp="188" pin=0"/></net>

<net id="193"><net_src comp="24" pin="0"/><net_sink comp="188" pin=1"/></net>

<net id="198"><net_src comp="182" pin="1"/><net_sink comp="194" pin=0"/></net>

<net id="199"><net_src comp="26" pin="0"/><net_sink comp="194" pin=1"/></net>

<net id="205"><net_src comp="194" pin="2"/><net_sink comp="200" pin=0"/></net>

<net id="206"><net_src comp="8" pin="0"/><net_sink comp="200" pin=1"/></net>

<net id="207"><net_src comp="179" pin="1"/><net_sink comp="200" pin=2"/></net>

<net id="213"><net_src comp="194" pin="2"/><net_sink comp="208" pin=0"/></net>

<net id="214"><net_src comp="188" pin="2"/><net_sink comp="208" pin=1"/></net>

<net id="215"><net_src comp="185" pin="1"/><net_sink comp="208" pin=2"/></net>

<net id="221"><net_src comp="28" pin="0"/><net_sink comp="216" pin=0"/></net>

<net id="222"><net_src comp="208" pin="3"/><net_sink comp="216" pin=1"/></net>

<net id="223"><net_src comp="8" pin="0"/><net_sink comp="216" pin=2"/></net>

<net id="229"><net_src comp="30" pin="0"/><net_sink comp="224" pin=0"/></net>

<net id="230"><net_src comp="208" pin="3"/><net_sink comp="224" pin=1"/></net>

<net id="231"><net_src comp="32" pin="0"/><net_sink comp="224" pin=2"/></net>

<net id="235"><net_src comp="224" pin="3"/><net_sink comp="232" pin=0"/></net>

<net id="240"><net_src comp="216" pin="3"/><net_sink comp="236" pin=0"/></net>

<net id="241"><net_src comp="232" pin="1"/><net_sink comp="236" pin=1"/></net>

<net id="246"><net_src comp="194" pin="2"/><net_sink comp="242" pin=0"/></net>

<net id="247"><net_src comp="34" pin="0"/><net_sink comp="242" pin=1"/></net>

<net id="252"><net_src comp="176" pin="1"/><net_sink comp="248" pin=0"/></net>

<net id="253"><net_src comp="36" pin="0"/><net_sink comp="248" pin=1"/></net>

<net id="258"><net_src comp="248" pin="2"/><net_sink comp="254" pin=0"/></net>

<net id="259"><net_src comp="242" pin="2"/><net_sink comp="254" pin=1"/></net>

<net id="264"><net_src comp="200" pin="3"/><net_sink comp="260" pin=0"/></net>

<net id="265"><net_src comp="24" pin="0"/><net_sink comp="260" pin=1"/></net>

<net id="270"><net_src comp="254" pin="2"/><net_sink comp="266" pin=0"/></net>

<net id="271"><net_src comp="194" pin="2"/><net_sink comp="266" pin=1"/></net>

<net id="277"><net_src comp="266" pin="2"/><net_sink comp="272" pin=0"/></net>

<net id="278"><net_src comp="8" pin="0"/><net_sink comp="272" pin=1"/></net>

<net id="279"><net_src comp="176" pin="1"/><net_sink comp="272" pin=2"/></net>

<net id="285"><net_src comp="254" pin="2"/><net_sink comp="280" pin=0"/></net>

<net id="286"><net_src comp="260" pin="2"/><net_sink comp="280" pin=1"/></net>

<net id="287"><net_src comp="200" pin="3"/><net_sink comp="280" pin=2"/></net>

<net id="291"><net_src comp="280" pin="3"/><net_sink comp="288" pin=0"/></net>

<net id="296"><net_src comp="236" pin="2"/><net_sink comp="292" pin=0"/></net>

<net id="297"><net_src comp="288" pin="1"/><net_sink comp="292" pin=1"/></net>

<net id="303"><net_src comp="38" pin="0"/><net_sink comp="298" pin=0"/></net>

<net id="304"><net_src comp="292" pin="2"/><net_sink comp="298" pin=1"/></net>

<net id="305"><net_src comp="40" pin="0"/><net_sink comp="298" pin=2"/></net>

<net id="309"><net_src comp="272" pin="3"/><net_sink comp="306" pin=0"/></net>

<net id="314"><net_src comp="298" pin="3"/><net_sink comp="310" pin=0"/></net>

<net id="315"><net_src comp="306" pin="1"/><net_sink comp="310" pin=1"/></net>

<net id="319"><net_src comp="310" pin="2"/><net_sink comp="316" pin=0"/></net>

<net id="320"><net_src comp="316" pin="1"/><net_sink comp="94" pin=2"/></net>

<net id="325"><net_src comp="272" pin="3"/><net_sink comp="321" pin=0"/></net>

<net id="326"><net_src comp="24" pin="0"/><net_sink comp="321" pin=1"/></net>

<net id="331"><net_src comp="182" pin="1"/><net_sink comp="327" pin=0"/></net>

<net id="332"><net_src comp="44" pin="0"/><net_sink comp="327" pin=1"/></net>

<net id="338"><net_src comp="194" pin="2"/><net_sink comp="333" pin=0"/></net>

<net id="339"><net_src comp="44" pin="0"/><net_sink comp="333" pin=1"/></net>

<net id="340"><net_src comp="327" pin="2"/><net_sink comp="333" pin=2"/></net>

<net id="345"><net_src comp="170" pin="2"/><net_sink comp="341" pin=0"/></net>

<net id="350"><net_src comp="208" pin="3"/><net_sink comp="346" pin=0"/></net>

<net id="355"><net_src comp="333" pin="3"/><net_sink comp="351" pin=0"/></net>

<net id="360"><net_src comp="280" pin="3"/><net_sink comp="356" pin=0"/></net>

<net id="365"><net_src comp="321" pin="2"/><net_sink comp="361" pin=0"/></net>

<net id="379"><net_src comp="372" pin="1"/><net_sink comp="375" pin=0"/></net>

<net id="380"><net_src comp="46" pin="0"/><net_sink comp="375" pin=1"/></net>

<net id="386"><net_src comp="375" pin="2"/><net_sink comp="381" pin=1"/></net>

<net id="387"><net_src comp="369" pin="1"/><net_sink comp="381" pin=2"/></net>

<net id="393"><net_src comp="375" pin="2"/><net_sink comp="388" pin=1"/></net>

<net id="394"><net_src comp="366" pin="1"/><net_sink comp="388" pin=2"/></net>

<net id="400"><net_src comp="375" pin="2"/><net_sink comp="395" pin=1"/></net>

<net id="401"><net_src comp="372" pin="1"/><net_sink comp="395" pin=2"/></net>

<net id="406"><net_src comp="381" pin="3"/><net_sink comp="402" pin=0"/></net>

<net id="407"><net_src comp="56" pin="0"/><net_sink comp="402" pin=1"/></net>

<net id="413"><net_src comp="402" pin="2"/><net_sink comp="408" pin=1"/></net>

<net id="414"><net_src comp="388" pin="3"/><net_sink comp="408" pin=2"/></net>

<net id="420"><net_src comp="402" pin="2"/><net_sink comp="415" pin=1"/></net>

<net id="421"><net_src comp="381" pin="3"/><net_sink comp="415" pin=2"/></net>

<net id="425"><net_src comp="408" pin="3"/><net_sink comp="422" pin=0"/></net>

<net id="426"><net_src comp="422" pin="1"/><net_sink comp="107" pin=2"/></net>

<net id="431"><net_src comp="408" pin="3"/><net_sink comp="427" pin=0"/></net>

<net id="432"><net_src comp="22" pin="0"/><net_sink comp="427" pin=1"/></net>

<net id="437"><net_src comp="395" pin="3"/><net_sink comp="433" pin=0"/></net>

<net id="442"><net_src comp="415" pin="3"/><net_sink comp="438" pin=0"/></net>

<net id="447"><net_src comp="427" pin="2"/><net_sink comp="443" pin=0"/></net>

<net id="451"><net_src comp="62" pin="1"/><net_sink comp="448" pin=0"/></net>

<net id="452"><net_src comp="448" pin="1"/><net_sink comp="156" pin=1"/></net>

<net id="453"><net_src comp="448" pin="1"/><net_sink comp="176" pin=0"/></net>

<net id="454"><net_src comp="448" pin="1"/><net_sink comp="361" pin=1"/></net>

<net id="458"><net_src comp="66" pin="1"/><net_sink comp="455" pin=0"/></net>

<net id="459"><net_src comp="455" pin="1"/><net_sink comp="151" pin=1"/></net>

<net id="460"><net_src comp="455" pin="1"/><net_sink comp="366" pin=0"/></net>

<net id="461"><net_src comp="455" pin="1"/><net_sink comp="443" pin=1"/></net>

<net id="465"><net_src comp="70" pin="1"/><net_sink comp="462" pin=0"/></net>

<net id="466"><net_src comp="462" pin="1"/><net_sink comp="146" pin=1"/></net>

<net id="467"><net_src comp="462" pin="1"/><net_sink comp="179" pin=0"/></net>

<net id="468"><net_src comp="462" pin="1"/><net_sink comp="356" pin=1"/></net>

<net id="472"><net_src comp="74" pin="1"/><net_sink comp="469" pin=0"/></net>

<net id="473"><net_src comp="469" pin="1"/><net_sink comp="141" pin=1"/></net>

<net id="474"><net_src comp="469" pin="1"/><net_sink comp="369" pin=0"/></net>

<net id="475"><net_src comp="469" pin="1"/><net_sink comp="438" pin=1"/></net>

<net id="479"><net_src comp="78" pin="1"/><net_sink comp="476" pin=0"/></net>

<net id="480"><net_src comp="476" pin="1"/><net_sink comp="136" pin=1"/></net>

<net id="481"><net_src comp="476" pin="1"/><net_sink comp="182" pin=0"/></net>

<net id="482"><net_src comp="476" pin="1"/><net_sink comp="351" pin=1"/></net>

<net id="486"><net_src comp="82" pin="1"/><net_sink comp="483" pin=0"/></net>

<net id="487"><net_src comp="483" pin="1"/><net_sink comp="131" pin=1"/></net>

<net id="488"><net_src comp="483" pin="1"/><net_sink comp="185" pin=0"/></net>

<net id="489"><net_src comp="483" pin="1"/><net_sink comp="346" pin=1"/></net>

<net id="493"><net_src comp="86" pin="1"/><net_sink comp="490" pin=0"/></net>

<net id="494"><net_src comp="490" pin="1"/><net_sink comp="126" pin=1"/></net>

<net id="495"><net_src comp="490" pin="1"/><net_sink comp="372" pin=0"/></net>

<net id="496"><net_src comp="490" pin="1"/><net_sink comp="433" pin=1"/></net>

<net id="500"><net_src comp="90" pin="1"/><net_sink comp="497" pin=0"/></net>

<net id="501"><net_src comp="497" pin="1"/><net_sink comp="121" pin=1"/></net>

<net id="502"><net_src comp="497" pin="1"/><net_sink comp="161" pin=0"/></net>

<net id="503"><net_src comp="497" pin="1"/><net_sink comp="341" pin=1"/></net>

<net id="510"><net_src comp="194" pin="2"/><net_sink comp="507" pin=0"/></net>

<net id="511"><net_src comp="507" pin="1"/><net_sink comp="381" pin=0"/></net>

<net id="512"><net_src comp="507" pin="1"/><net_sink comp="388" pin=0"/></net>

<net id="513"><net_src comp="507" pin="1"/><net_sink comp="395" pin=0"/></net>

<net id="517"><net_src comp="254" pin="2"/><net_sink comp="514" pin=0"/></net>

<net id="518"><net_src comp="514" pin="1"/><net_sink comp="408" pin=0"/></net>

<net id="519"><net_src comp="514" pin="1"/><net_sink comp="415" pin=0"/></net>

<net id="523"><net_src comp="94" pin="3"/><net_sink comp="520" pin=0"/></net>

<net id="524"><net_src comp="520" pin="1"/><net_sink comp="101" pin=0"/></net>

</net_list>

</model> 
---------------- Datapath Model END ------------------

* FSMD analyzer results:
  - Output states:
	Port: flat | {2 }
 - Input state : 
	Port: cnn_predict_Pipeline_VITIS_LOOP_167_22_VITIS_LOOP_168_23_VITIS_LOOP_169_24 : layer2_pool | {1 2 }
  - Chain level:
	State 1
		store_ln0 : 1
		store_ln0 : 1
		store_ln0 : 1
		store_ln0 : 1
		store_ln0 : 1
		store_ln0 : 1
		store_ln0 : 1
		store_ln0 : 1
		indvar_flatten171_load : 1
		icmp_ln167 : 2
		add_ln167_2 : 2
		br_ln167 : 3
		f_load : 1
		c_load : 1
		indvar_flatten155_load : 1
		r_load : 1
		add_ln167 : 2
		icmp_ln168 : 2
		select_ln167_1 : 3
		select_ln167_3 : 3
		tmp_s : 4
		tmp_5 : 4
		zext_ln170 : 5
		sub_ln170 : 6
		xor_ln167 : 3
		icmp_ln169 : 2
		and_ln167 : 3
		add_ln168 : 4
		or_ln168 : 3
		select_ln168_1 : 3
		select_ln168_2 : 3
		zext_ln170_1 : 4
		add_ln170_1 : 7
		tmp_6 : 8
		zext_ln170_2 : 4
		add_ln170_2 : 9
		zext_ln170_3 : 10
		layer2_pool_addr : 11
		layer2_pool_load : 12
		add_ln169 : 4
		add_ln168_2 : 2
		select_ln168_4 : 3
		store_ln169 : 3
		store_ln169 : 4
		store_ln169 : 4
		store_ln169 : 4
		store_ln169 : 5
	State 2
		add_ln167_1 : 1
		select_ln167 : 2
		select_ln167_2 : 2
		select_ln167_4 : 2
		add_ln168_1 : 3
		select_ln168 : 4
		select_ln168_3 : 4
		idx_1_cast : 5
		add_ln170 : 5
		flat_addr : 6
		store_ln170 : 7
		store_ln169 : 3
		store_ln169 : 5
		store_ln169 : 6


============================================================
+ Verbose Summary: Datapath Resource usage 
============================================================

* Functional unit list:
|----------|-----------------------|---------|---------|
| Operation|    Functional Unit    |    FF   |   LUT   |
|----------|-----------------------|---------|---------|
|          |   add_ln167_2_fu_170  |    0    |    18   |
|          |    add_ln167_fu_188   |    0    |    12   |
|          |    add_ln168_fu_260   |    0    |    12   |
|          |   add_ln170_1_fu_292  |    0    |    19   |
|    add   |   add_ln170_2_fu_310  |    0    |    18   |
|          |    add_ln169_fu_321   |    0    |    12   |
|          |   add_ln168_2_fu_327  |    0    |    15   |
|          |   add_ln167_1_fu_375  |    0    |    18   |
|          |   add_ln168_1_fu_402  |    0    |    18   |
|          |    add_ln170_fu_427   |    0    |    18   |
|----------|-----------------------|---------|---------|
|          | select_ln167_1_fu_200 |    0    |    4    |
|          | select_ln167_3_fu_208 |    0    |    4    |
|          | select_ln168_1_fu_272 |    0    |    4    |
|          | select_ln168_2_fu_280 |    0    |    4    |
|  select  | select_ln168_4_fu_333 |    0    |    8    |
|          |  select_ln167_fu_381  |    0    |    10   |
|          | select_ln167_2_fu_388 |    0    |    10   |
|          | select_ln167_4_fu_395 |    0    |    10   |
|          |  select_ln168_fu_408  |    0    |    10   |
|          | select_ln168_3_fu_415 |    0    |    10   |
|----------|-----------------------|---------|---------|
|          |   icmp_ln167_fu_164   |    0    |    11   |
|   icmp   |   icmp_ln168_fu_194   |    0    |    11   |
|          |   icmp_ln169_fu_248   |    0    |    9    |
|----------|-----------------------|---------|---------|
|    sub   |    sub_ln170_fu_236   |    0    |    19   |
|----------|-----------------------|---------|---------|
|    xor   |    xor_ln167_fu_242   |    0    |    2    |
|----------|-----------------------|---------|---------|
|    and   |    and_ln167_fu_254   |    0    |    2    |
|----------|-----------------------|---------|---------|
|    or    |    or_ln168_fu_266    |    0    |    2    |
|----------|-----------------------|---------|---------|
|          |      tmp_s_fu_216     |    0    |    0    |
|bitconcatenate|      tmp_5_fu_224     |    0    |    0    |
|          |      tmp_6_fu_298     |    0    |    0    |
|----------|-----------------------|---------|---------|
|          |   zext_ln170_fu_232   |    0    |    0    |
|          |  zext_ln170_1_fu_288  |    0    |    0    |
|   zext   |  zext_ln170_2_fu_306  |    0    |    0    |
|          |  zext_ln170_3_fu_316  |    0    |    0    |
|          |   idx_1_cast_fu_422   |    0    |    0    |
|----------|-----------------------|---------|---------|
|   Total  |                       |    0    |   290   |
|----------|-----------------------|---------|---------|

Memories:
N/A

* Register list:
+-------------------------+--------+
|                         |   FF   |
+-------------------------+--------+
|    and_ln167_reg_514    |    1   |
|        c_reg_462        |    4   |
|        f_reg_448        |    4   |
|    icmp_ln168_reg_507   |    1   |
|      idx_1_reg_455      |   11   |
|       idx_reg_469       |   11   |
|indvar_flatten155_reg_476|    8   |
|indvar_flatten171_reg_497|   11   |
|  indvars_iv189_reg_490  |   11   |
| layer2_pool_addr_reg_520|   11   |
|        r_reg_483        |    4   |
+-------------------------+--------+
|          Total          |   77   |
+-------------------------+--------+

* Multiplexer (MUX) list: 
|-------------------|------|------|------|--------||---------||---------|
|        Comp       |  Pin | Size |  BW  | S x BW ||  Delay  ||   LUT   |
|-------------------|------|------|------|--------||---------||---------|
| grp_access_fu_101 |  p0  |   2  |  11  |   22   ||    9    |
|-------------------|------|------|------|--------||---------||---------|
|       Total       |      |      |      |   22   ||  0.489  ||    9    |
|-------------------|------|------|------|--------||---------||---------|



* Summary:
+-----------+--------+--------+--------+
|           |  Delay |   FF   |   LUT  |
+-----------+--------+--------+--------+
|  Function |    -   |    0   |   290  |
|   Memory  |    -   |    -   |    -   |
|Multiplexer|    0   |    -   |    9   |
|  Register |    -   |   77   |    -   |
+-----------+--------+--------+--------+
|   Total   |    0   |   77   |   299  |
+-----------+--------+--------+--------+
