

================================================================
== Vitis HLS Report for 'cnn_predict_Pipeline_VITIS_LOOP_180_26'
================================================================
* Date:           Tue Nov 25 13:54:36 2025

* Version:        2022.2 (Build 3670227 on Oct 13 2022)
* Project:        cnn_hls
* Solution:       solution1 (Vivado IP Flow Target)
* Product family: zynquplus
* Target device:  xczu3eg-sbva484-1-i


================================================================
== Performance Estimates
================================================================
+ Timing: 
    * Summary: 
    +--------+----------+----------+------------+
    |  Clock |  Target  | Estimated| Uncertainty|
    +--------+----------+----------+------------+
    |ap_clk  |  10.00 ns|  6.507 ns|     2.70 ns|
    +--------+----------+----------+------------+

+ Latency: 
    * Summary: 
    +---------+---------+-----------+-----------+------+------+---------+
    |  Latency (cycles) |   Latency (absolute)  |   Interval  | Pipeline|
    |   min   |   max   |    min    |    max    |  min |  max |   Type  |
    +---------+---------+-----------+-----------+------+------+---------+
    |     6281|     6281|  62.810 us|  62.810 us|  6281|  6281|       no|
    +---------+---------+-----------+-----------+------+------+---------+

    + Detail: 
        * Instance: 
        N/A

        * Loop: 
        +---------------------+---------+---------+----------+-----------+-----------+------+----------+
        |                     |  Latency (cycles) | Iteration|  Initiation Interval  | Trip |          |
        |      Loop Name      |   min   |   max   |  Latency |  achieved |   target  | Count| Pipelined|
        +---------------------+---------+---------+----------+-----------+-----------+------+----------+
        |- VITIS_LOOP_180_26  |     6279|     6279|        12|          4|          1|  1568|       yes|
        +---------------------+---------+---------+----------+-----------+-----------+------+----------+



================================================================
== Utilization Estimates
================================================================
* Summary: 
+-----------------+---------+-----+--------+-------+-----+
|       Name      | BRAM_18K| DSP |   FF   |  LUT  | URAM|
+-----------------+---------+-----+--------+-------+-----+
|DSP              |        -|    -|       -|      -|    -|
|Expression       |        -|    -|       0|    105|    -|
|FIFO             |        -|    -|       -|      -|    -|
|Instance         |        -|    -|       -|      -|    -|
|Memory           |       50|    -|       0|      0|    -|
|Multiplexer      |        -|    -|       -|     89|    -|
|Register         |        -|    -|     250|     64|    -|
+-----------------+---------+-----+--------+-------+-----+
|Total            |       50|    0|     250|    258|    0|
+-----------------+---------+-----+--------+-------+-----+
|Available        |      432|  360|  141120|  70560|    0|
+-----------------+---------+-----+--------+-------+-----+
|Utilization (%)  |       11|    0|      ~0|     ~0|    0|
+-----------------+---------+-----+--------+-------+-----+

+ Detail: 
    * Instance: 
    N/A

    * DSP: 
    N/A

    * Memory: 
    +------------+-------------------------------------------------------------+---------+---+----+-----+-------+-----+------+-------------+
    |   Memory   |                            Module                           | BRAM_18K| FF| LUT| URAM| Words | Bits| Banks| W*Bits*Banks|
    +------------+-------------------------------------------------------------+---------+---+----+-----+-------+-----+------+-------------+
    |dense1_w_U  |cnn_predict_Pipeline_VITIS_LOOP_180_26_dense1_w_ROM_AUTO_1R  |       50|  0|   0|    0|  25088|   32|     1|       802816|
    +------------+-------------------------------------------------------------+---------+---+----+-----+-------+-----+------+-------------+
    |Total       |                                                             |       50|  0|   0|    0|  25088|   32|     1|       802816|
    +------------+-------------------------------------------------------------+---------+---+----+-----+-------+-----+------+-------------+

    * FIFO: 
    N/A

    * Expression: 
    +-----------------------+----------+----+---+----+------------+------------+
    |     Variable Name     | Operation| DSP| FF| LUT| Bitwidth P0| Bitwidth P1|
    +-----------------------+----------+----+---+----+------------+------------+
    |add_ln180_fu_159_p2    |         +|   0|  0|  18|          11|           1|
    |and_ln29_fu_238_p2     |       and|   0|  0|   2|           1|           1|
    |icmp_ln180_fu_153_p2   |      icmp|   0|  0|  11|          11|          10|
    |icmp_ln29_2_fu_226_p2  |      icmp|   0|  0|  16|          23|           1|
    |icmp_ln29_fu_220_p2    |      icmp|   0|  0|  11|           8|           2|
    |ifzero_fu_183_p2       |      icmp|   0|  0|  11|          11|          10|
    |or_ln29_fu_232_p2      |        or|   0|  0|   2|           1|           1|
    |dense_d0               |    select|   0|  0|  32|           1|          32|
    |ap_enable_pp0          |       xor|   0|  0|   2|           1|           2|
    +-----------------------+----------+----+---+----+------------+------------+
    |Total                  |          |   0|  0| 105|          68|          60|
    +-----------------------+----------+----+---+----+------------+------------+

    * Multiplexer: 
    +---------------------------+----+-----------+-----+-----------+
    |            Name           | LUT| Input Size| Bits| Total Bits|
    +---------------------------+----+-----------+-----+-----------+
    |ap_NS_fsm                  |  26|          5|    1|          5|
    |ap_done_int                |   9|          2|    1|          2|
    |ap_enable_reg_pp0_iter0    |   9|          2|    1|          2|
    |ap_enable_reg_pp0_iter1    |   9|          2|    1|          2|
    |ap_sig_allocacmp_j         |   9|          2|   11|         22|
    |ap_sig_allocacmp_sum_load  |   9|          2|   32|         64|
    |j_1_fu_60                  |   9|          2|   11|         22|
    |sum_fu_56                  |   9|          2|   32|         64|
    +---------------------------+----+-----------+-----+-----------+
    |Total                      |  89|         19|   90|        183|
    +---------------------------+----+-----------+-----+-----------+

    * Register: 
    +----------------------------------+----+----+-----+-----------+
    |               Name               | FF | LUT| Bits| Const Bits|
    +----------------------------------+----+----+-----+-----------+
    |ap_CS_fsm                         |   4|   0|    4|          0|
    |ap_done_reg                       |   1|   0|    1|          0|
    |ap_enable_reg_pp0_iter0_reg       |   1|   0|    1|          0|
    |ap_enable_reg_pp0_iter1           |   1|   0|    1|          0|
    |ap_enable_reg_pp0_iter2           |   1|   0|    1|          0|
    |ap_loop_exit_ready_pp0_iter1_reg  |   1|   0|    1|          0|
    |dense_addr_reg_266                |   4|   0|    4|          0|
    |icmp_ln180_reg_271                |   1|   0|    1|          0|
    |ifzero_reg_285                    |   1|   0|    1|          0|
    |j_1_fu_60                         |  11|   0|   11|          0|
    |mul2_reg_299                      |  32|   0|   32|          0|
    |sum_2_reg_309                     |  32|   0|   32|          0|
    |sum_fu_56                         |  32|   0|   32|          0|
    |dense_addr_reg_266                |  64|  32|    4|          0|
    |ifzero_reg_285                    |  64|  32|    1|          0|
    +----------------------------------+----+----+-----+-----------+
    |Total                             | 250|  64|  127|          0|
    +----------------------------------+----+----+-----+-----------+



================================================================
== Interface
================================================================
* Summary: 
+---------------------+-----+-----+------------+----------------------------------------+--------------+
|      RTL Ports      | Dir | Bits|  Protocol  |              Source Object             |    C Type    |
+---------------------+-----+-----+------------+----------------------------------------+--------------+
|ap_clk               |   in|    1|  ap_ctrl_hs|  cnn_predict_Pipeline_VITIS_LOOP_180_26|  return value|
|ap_rst               |   in|    1|  ap_ctrl_hs|  cnn_predict_Pipeline_VITIS_LOOP_180_26|  return value|
|ap_start             |   in|    1|  ap_ctrl_hs|  cnn_predict_Pipeline_VITIS_LOOP_180_26|  return value|
|ap_done              |  out|    1|  ap_ctrl_hs|  cnn_predict_Pipeline_VITIS_LOOP_180_26|  return value|
|ap_idle              |  out|    1|  ap_ctrl_hs|  cnn_predict_Pipeline_VITIS_LOOP_180_26|  return value|
|ap_ready             |  out|    1|  ap_ctrl_hs|  cnn_predict_Pipeline_VITIS_LOOP_180_26|  return value|
|grp_fu_414_p_din0    |  out|   32|  ap_ctrl_hs|  cnn_predict_Pipeline_VITIS_LOOP_180_26|  return value|
|grp_fu_414_p_din1    |  out|   32|  ap_ctrl_hs|  cnn_predict_Pipeline_VITIS_LOOP_180_26|  return value|
|grp_fu_414_p_opcode  |  out|    2|  ap_ctrl_hs|  cnn_predict_Pipeline_VITIS_LOOP_180_26|  return value|
|grp_fu_414_p_dout0   |   in|   32|  ap_ctrl_hs|  cnn_predict_Pipeline_VITIS_LOOP_180_26|  return value|
|grp_fu_414_p_ce      |  out|    1|  ap_ctrl_hs|  cnn_predict_Pipeline_VITIS_LOOP_180_26|  return value|
|grp_fu_857_p_din0    |  out|   32|  ap_ctrl_hs|  cnn_predict_Pipeline_VITIS_LOOP_180_26|  return value|
|grp_fu_857_p_din1    |  out|   32|  ap_ctrl_hs|  cnn_predict_Pipeline_VITIS_LOOP_180_26|  return value|
|grp_fu_857_p_dout0   |   in|   32|  ap_ctrl_hs|  cnn_predict_Pipeline_VITIS_LOOP_180_26|  return value|
|grp_fu_857_p_ce      |  out|    1|  ap_ctrl_hs|  cnn_predict_Pipeline_VITIS_LOOP_180_26|  return value|
|grp_fu_865_p_din0    |  out|   32|  ap_ctrl_hs|  cnn_predict_Pipeline_VITIS_LOOP_180_26|  return value|
|grp_fu_865_p_din1    |  out|   32|  ap_ctrl_hs|  cnn_predict_Pipeline_VITIS_LOOP_180_26|  return value|
|grp_fu_865_p_opcode  |  out|    5|  ap_ctrl_hs|  cnn_predict_Pipeline_VITIS_LOOP_180_26|  return value|
|grp_fu_865_p_dout0   |   in|    1|  ap_ctrl_hs|  cnn_predict_Pipeline_VITIS_LOOP_180_26|  return value|
|grp_fu_865_p_ce      |  out|    1|  ap_ctrl_hs|  cnn_predict_Pipeline_VITIS_LOOP_180_26|  return value|
|sum_1                |   in|   32|     ap_none|                                   sum_1|        scalar|
|dense_address0       |  out|    4|   ap_memory|                                   dense|         array|
|dense_ce0            |  out|    1|   ap_memory|                                   dense|         array|
|dense_we0            |  out|    1|   ap_memory|                                   dense|         array|
|dense_d0             |  out|   32|   ap_memory|                                   dense|         array|
|zext_ln178           |   in|    4|     ap_none|                              zext_ln178|        scalar|
|zext_ln178_1         |   in|    4|     ap_none|                            zext_ln178_1|        scalar|
|flat_address0        |  out|   11|   ap_memory|                                    flat|         array|
|flat_ce0             |  out|    1|   ap_memory|                                    flat|         array|
|flat_q0              |   in|   32|   ap_memory|                                    flat|         array|
+---------------------+-----+-----+------------+----------------------------------------+--------------+

============================================================
+ Verbose Summary: Synthesis Manager
============================================================
InlineROM: 1
ExposeGlobal: 0
============================================================
+ Verbose Summary: CDFG Model
============================================================
IsTopModel: 0
ResetActiveHigh: 1
IsCombinational: 2
IsDatapathOnly: 2
HasWiredReturn: 1
HasMFsm: 2
HasVarLatency: 1
IsPipeline: 0
IsRtlPipelined: 0
IsInstanceOverlapped: 0
IsDontTouch: 0
HasImplIP: 0
IsGatedGlobalClock: 0

+ Individual pipeline summary: 
  * Pipeline-0: initiation interval (II) = 4, depth = 12


============================================================
+ Verbose Summary: Schedule
============================================================
* Number of FSM states : 12
* Pipeline : 1
  Pipeline-0 : II = 4, D = 12, States = { 1 2 3 4 5 6 7 8 9 10 11 12 }
* Dataflow Pipeline: 0

* FSM state transitions: 
1 --> 2 
2 --> 3 
3 --> 4 
4 --> 5 
5 --> 6 
6 --> 7 
7 --> 8 
8 --> 9 
9 --> 10 
10 --> 11 
11 --> 12 
12 --> 

* FSM state operations: 

State 1 <SV = 0> <Delay = 1.80>
ST_1 : Operation 15 [1/1] (0.00ns)   --->   "%sum = alloca i32 1"   --->   Operation 15 'alloca' 'sum' <Predicate = true> <Delay = 0.00>
ST_1 : Operation 16 [1/1] (0.00ns)   --->   "%j_1 = alloca i32 1"   --->   Operation 16 'alloca' 'j_1' <Predicate = true> <Delay = 0.00>
ST_1 : Operation 17 [1/1] (0.00ns)   --->   "%zext_ln178_1_read = read i4 @_ssdm_op_Read.ap_auto.i4, i4 %zext_ln178_1"   --->   Operation 17 'read' 'zext_ln178_1_read' <Predicate = true> <Delay = 0.00>
ST_1 : Operation 18 [1/1] (0.00ns)   --->   "%zext_ln178_read = read i4 @_ssdm_op_Read.ap_auto.i4, i4 %zext_ln178"   --->   Operation 18 'read' 'zext_ln178_read' <Predicate = true> <Delay = 0.00>
ST_1 : Operation 19 [1/1] (0.00ns)   --->   "%sum_1_read = read i32 @_ssdm_op_Read.ap_auto.float, i32 %sum_1"   --->   Operation 19 'read' 'sum_1_read' <Predicate = true> <Delay = 0.00>
ST_1 : Operation 20 [1/1] (0.00ns)   --->   "%zext_ln178_cast = zext i4 %zext_ln178_read"   --->   Operation 20 'zext' 'zext_ln178_cast' <Predicate = true> <Delay = 0.00>
ST_1 : Operation 21 [1/1] (0.48ns)   --->   "%store_ln0 = store i11 0, i11 %j_1"   --->   Operation 21 'store' 'store_ln0' <Predicate = true> <Delay = 0.48>
ST_1 : Operation 22 [1/1] (0.48ns)   --->   "%store_ln0 = store i32 %sum_1_read, i32 %sum"   --->   Operation 22 'store' 'store_ln0' <Predicate = true> <Delay = 0.48>
ST_1 : Operation 23 [1/1] (0.00ns)   --->   "%br_ln0 = br void %for.inc298"   --->   Operation 23 'br' 'br_ln0' <Predicate = true> <Delay = 0.00>
ST_1 : Operation 24 [1/1] (0.00ns)   --->   "%j = load i11 %j_1" [cnn.cpp:182]   --->   Operation 24 'load' 'j' <Predicate = true> <Delay = 0.00>
ST_1 : Operation 25 [1/1] (0.00ns)   --->   "%dense_addr = getelementptr i32 %dense, i64 0, i64 %zext_ln178_cast" [cnn.cpp:185]   --->   Operation 25 'getelementptr' 'dense_addr' <Predicate = true> <Delay = 0.00>
ST_1 : Operation 26 [1/1] (0.00ns)   --->   "%specpipeline_ln0 = specpipeline void @_ssdm_op_SpecPipeline, i32 4294967295, i32 0, i32 1, i32 0, void @p_str"   --->   Operation 26 'specpipeline' 'specpipeline_ln0' <Predicate = true> <Delay = 0.00>
ST_1 : Operation 27 [1/1] (0.85ns)   --->   "%icmp_ln180 = icmp_eq  i11 %j, i11 1568" [cnn.cpp:180]   --->   Operation 27 'icmp' 'icmp_ln180' <Predicate = true> <Delay = 0.85> <CoreInst = "Cmp">   --->   Core 9 'Cmp' <Latency = 0> <II = 1> <Delay = 0.85> <FuncUnit> <Opcode : 'icmp'> <InPorts = 2> <OutPorts = 1>
ST_1 : Operation 28 [1/1] (0.00ns)   --->   "%empty = speclooptripcount i32 @_ssdm_op_SpecLoopTripCount, i64 1568, i64 1568, i64 1568"   --->   Operation 28 'speclooptripcount' 'empty' <Predicate = true> <Delay = 0.00>
ST_1 : Operation 29 [1/1] (0.94ns)   --->   "%add_ln180 = add i11 %j, i11 1" [cnn.cpp:180]   --->   Operation 29 'add' 'add_ln180' <Predicate = true> <Delay = 0.94> <CoreInst = "Adder">   --->   Core 1 'Adder' <Latency = 0> <II = 1> <Delay = 0.94> <FuncUnit> <Opcode : 'add' 'sub'> <InPorts = 2> <OutPorts = 1>
ST_1 : Operation 30 [1/1] (0.00ns)   --->   "%br_ln180 = br i1 %icmp_ln180, void %for.inc298.split, void %for.inc304.exitStub" [cnn.cpp:180]   --->   Operation 30 'br' 'br_ln180' <Predicate = true> <Delay = 0.00>
ST_1 : Operation 31 [1/1] (0.00ns)   --->   "%j_1_cast25 = zext i11 %j" [cnn.cpp:182]   --->   Operation 31 'zext' 'j_1_cast25' <Predicate = (!icmp_ln180)> <Delay = 0.00>
ST_1 : Operation 32 [1/1] (0.00ns)   --->   "%add_ln = bitconcatenate i15 @_ssdm_op_BitConcatenate.i15.i11.i4, i11 %j, i4 %zext_ln178_1_read" [cnn.cpp:182]   --->   Operation 32 'bitconcatenate' 'add_ln' <Predicate = (!icmp_ln180)> <Delay = 0.00>
ST_1 : Operation 33 [1/1] (0.00ns)   --->   "%zext_ln183 = zext i15 %add_ln" [cnn.cpp:183]   --->   Operation 33 'zext' 'zext_ln183' <Predicate = (!icmp_ln180)> <Delay = 0.00>
ST_1 : Operation 34 [1/1] (0.00ns)   --->   "%flat_addr = getelementptr i32 %flat, i64 0, i64 %j_1_cast25" [cnn.cpp:183]   --->   Operation 34 'getelementptr' 'flat_addr' <Predicate = (!icmp_ln180)> <Delay = 0.00>
ST_1 : Operation 35 [2/2] (1.35ns)   --->   "%flat_load = load i11 %flat_addr" [cnn.cpp:183]   --->   Operation 35 'load' 'flat_load' <Predicate = (!icmp_ln180)> <Delay = 1.35> <CoreInst = "RAM">   --->   Core 83 'RAM' <Latency = 1> <II = 1> <Delay = 1.35> <Storage> <Opcode : 'load' 'store'> <Ports = 2> <Width = 32> <Depth = 1568> <RAM>
ST_1 : Operation 36 [1/1] (0.00ns)   --->   "%dense1_w_addr = getelementptr i32 %dense1_w, i64 0, i64 %zext_ln183" [cnn.cpp:183]   --->   Operation 36 'getelementptr' 'dense1_w_addr' <Predicate = (!icmp_ln180)> <Delay = 0.00>
ST_1 : Operation 37 [2/2] (1.35ns)   --->   "%dense1_w_load = load i15 %dense1_w_addr" [cnn.cpp:183]   --->   Operation 37 'load' 'dense1_w_load' <Predicate = (!icmp_ln180)> <Delay = 1.35> <CoreInst = "ROM">   --->   Core 101 'ROM' <Latency = 1> <II = 1> <Delay = 1.35> <Storage> <Opcode : 'load'> <Ports = 0> <Width = 32> <Depth = 25088> <ROM>
ST_1 : Operation 38 [1/1] (0.85ns)   --->   "%ifzero = icmp_eq  i11 %add_ln180, i11 1568" [cnn.cpp:180]   --->   Operation 38 'icmp' 'ifzero' <Predicate = (!icmp_ln180)> <Delay = 0.85> <CoreInst = "Cmp">   --->   Core 9 'Cmp' <Latency = 0> <II = 1> <Delay = 0.85> <FuncUnit> <Opcode : 'icmp'> <InPorts = 2> <OutPorts = 1>
ST_1 : Operation 39 [1/1] (0.00ns)   --->   "%br_ln180 = br i1 %ifzero, void %ifFalse, void %ifTrue" [cnn.cpp:180]   --->   Operation 39 'br' 'br_ln180' <Predicate = (!icmp_ln180)> <Delay = 0.00>
ST_1 : Operation 40 [1/1] (0.48ns)   --->   "%store_ln180 = store i11 %add_ln180, i11 %j_1" [cnn.cpp:180]   --->   Operation 40 'store' 'store_ln180' <Predicate = (!icmp_ln180)> <Delay = 0.48>

State 2 <SV = 1> <Delay = 6.02>
ST_2 : Operation 41 [1/2] (1.35ns)   --->   "%flat_load = load i11 %flat_addr" [cnn.cpp:183]   --->   Operation 41 'load' 'flat_load' <Predicate = (!icmp_ln180)> <Delay = 1.35> <CoreInst = "RAM">   --->   Core 83 'RAM' <Latency = 1> <II = 1> <Delay = 1.35> <Storage> <Opcode : 'load' 'store'> <Ports = 2> <Width = 32> <Depth = 1568> <RAM>
ST_2 : Operation 42 [1/2] (1.35ns)   --->   "%dense1_w_load = load i15 %dense1_w_addr" [cnn.cpp:183]   --->   Operation 42 'load' 'dense1_w_load' <Predicate = (!icmp_ln180)> <Delay = 1.35> <CoreInst = "ROM">   --->   Core 101 'ROM' <Latency = 1> <II = 1> <Delay = 1.35> <Storage> <Opcode : 'load'> <Ports = 0> <Width = 32> <Depth = 25088> <ROM>
ST_2 : Operation 43 [4/4] (4.67ns)   --->   "%mul2 = fmul i32 %flat_load, i32 %dense1_w_load" [cnn.cpp:183]   --->   Operation 43 'fmul' 'mul2' <Predicate = (!icmp_ln180)> <Delay = 4.67> <CoreInst = "FMul_maxdsp">   --->   Core 30 'FMul_maxdsp' <Latency = 3> <II = 1> <Delay = 4.67> <FuncUnit> <Opcode : 'fmul'> <InPorts = 2> <OutPorts = 1>

State 3 <SV = 2> <Delay = 4.67>
ST_3 : Operation 44 [3/4] (4.67ns)   --->   "%mul2 = fmul i32 %flat_load, i32 %dense1_w_load" [cnn.cpp:183]   --->   Operation 44 'fmul' 'mul2' <Predicate = (!icmp_ln180)> <Delay = 4.67> <CoreInst = "FMul_maxdsp">   --->   Core 30 'FMul_maxdsp' <Latency = 3> <II = 1> <Delay = 4.67> <FuncUnit> <Opcode : 'fmul'> <InPorts = 2> <OutPorts = 1>

State 4 <SV = 3> <Delay = 4.67>
ST_4 : Operation 45 [2/4] (4.67ns)   --->   "%mul2 = fmul i32 %flat_load, i32 %dense1_w_load" [cnn.cpp:183]   --->   Operation 45 'fmul' 'mul2' <Predicate = (!icmp_ln180)> <Delay = 4.67> <CoreInst = "FMul_maxdsp">   --->   Core 30 'FMul_maxdsp' <Latency = 3> <II = 1> <Delay = 4.67> <FuncUnit> <Opcode : 'fmul'> <InPorts = 2> <OutPorts = 1>

State 5 <SV = 4> <Delay = 4.67>
ST_5 : Operation 46 [1/4] (4.67ns)   --->   "%mul2 = fmul i32 %flat_load, i32 %dense1_w_load" [cnn.cpp:183]   --->   Operation 46 'fmul' 'mul2' <Predicate = true> <Delay = 4.67> <CoreInst = "FMul_maxdsp">   --->   Core 30 'FMul_maxdsp' <Latency = 3> <II = 1> <Delay = 4.67> <FuncUnit> <Opcode : 'fmul'> <InPorts = 2> <OutPorts = 1>

State 6 <SV = 5> <Delay = 6.01>
ST_6 : Operation 47 [1/1] (0.00ns)   --->   "%sum_load = load i32 %sum" [cnn.cpp:183]   --->   Operation 47 'load' 'sum_load' <Predicate = true> <Delay = 0.00>
ST_6 : Operation 48 [5/5] (6.01ns)   --->   "%sum_2 = fadd i32 %sum_load, i32 %mul2" [cnn.cpp:183]   --->   Operation 48 'fadd' 'sum_2' <Predicate = true> <Delay = 6.01> <CoreInst = "FAddSub_fulldsp">   --->   Core 18 'FAddSub_fulldsp' <Latency = 4> <II = 1> <Delay = 6.01> <FuncUnit> <Opcode : 'fadd' 'fsub'> <InPorts = 2> <OutPorts = 1>

State 7 <SV = 6> <Delay = 6.01>
ST_7 : Operation 49 [4/5] (6.01ns)   --->   "%sum_2 = fadd i32 %sum_load, i32 %mul2" [cnn.cpp:183]   --->   Operation 49 'fadd' 'sum_2' <Predicate = true> <Delay = 6.01> <CoreInst = "FAddSub_fulldsp">   --->   Core 18 'FAddSub_fulldsp' <Latency = 4> <II = 1> <Delay = 6.01> <FuncUnit> <Opcode : 'fadd' 'fsub'> <InPorts = 2> <OutPorts = 1>

State 8 <SV = 7> <Delay = 6.01>
ST_8 : Operation 50 [3/5] (6.01ns)   --->   "%sum_2 = fadd i32 %sum_load, i32 %mul2" [cnn.cpp:183]   --->   Operation 50 'fadd' 'sum_2' <Predicate = true> <Delay = 6.01> <CoreInst = "FAddSub_fulldsp">   --->   Core 18 'FAddSub_fulldsp' <Latency = 4> <II = 1> <Delay = 6.01> <FuncUnit> <Opcode : 'fadd' 'fsub'> <InPorts = 2> <OutPorts = 1>
ST_8 : Operation 68 [1/1] (0.00ns)   --->   "%ret_ln0 = ret"   --->   Operation 68 'ret' 'ret_ln0' <Predicate = (icmp_ln180)> <Delay = 0.00>

State 9 <SV = 8> <Delay = 6.01>
ST_9 : Operation 51 [2/5] (6.01ns)   --->   "%sum_2 = fadd i32 %sum_load, i32 %mul2" [cnn.cpp:183]   --->   Operation 51 'fadd' 'sum_2' <Predicate = true> <Delay = 6.01> <CoreInst = "FAddSub_fulldsp">   --->   Core 18 'FAddSub_fulldsp' <Latency = 4> <II = 1> <Delay = 6.01> <FuncUnit> <Opcode : 'fadd' 'fsub'> <InPorts = 2> <OutPorts = 1>

State 10 <SV = 9> <Delay = 6.50>
ST_10 : Operation 52 [1/1] (0.00ns)   --->   "%specloopname_ln179 = specloopname void @_ssdm_op_SpecLoopName, void @empty_12" [cnn.cpp:179]   --->   Operation 52 'specloopname' 'specloopname_ln179' <Predicate = true> <Delay = 0.00>
ST_10 : Operation 53 [1/5] (6.01ns)   --->   "%sum_2 = fadd i32 %sum_load, i32 %mul2" [cnn.cpp:183]   --->   Operation 53 'fadd' 'sum_2' <Predicate = true> <Delay = 6.01> <CoreInst = "FAddSub_fulldsp">   --->   Core 18 'FAddSub_fulldsp' <Latency = 4> <II = 1> <Delay = 6.01> <FuncUnit> <Opcode : 'fadd' 'fsub'> <InPorts = 2> <OutPorts = 1>
ST_10 : Operation 54 [1/1] (0.48ns)   --->   "%store_ln183 = store i32 %sum_2, i32 %sum" [cnn.cpp:183]   --->   Operation 54 'store' 'store_ln183' <Predicate = true> <Delay = 0.48>
ST_10 : Operation 55 [1/1] (0.00ns)   --->   "%br_ln0 = br void %for.inc298"   --->   Operation 55 'br' 'br_ln0' <Predicate = true> <Delay = 0.00>

State 11 <SV = 10> <Delay = 3.34>
ST_11 : Operation 56 [2/2] (3.34ns)   --->   "%tmp_4 = fcmp_ogt  i32 %sum_2, i32 0" [cnn.cpp:29]   --->   Operation 56 'fcmp' 'tmp_4' <Predicate = (ifzero)> <Delay = 3.34> <CoreInst = "FCompare">   --->   Core 19 'FCompare' <Latency = 1> <II = 1> <Delay = 3.34> <FuncUnit> <Opcode : 'fcmp'> <InPorts = 2> <OutPorts = 1>

State 12 <SV = 11> <Delay = 4.66>
ST_12 : Operation 57 [1/1] (0.00ns)   --->   "%bitcast_ln29 = bitcast i32 %sum_2" [cnn.cpp:29]   --->   Operation 57 'bitcast' 'bitcast_ln29' <Predicate = (ifzero)> <Delay = 0.00>
ST_12 : Operation 58 [1/1] (0.00ns)   --->   "%tmp_s = partselect i8 @_ssdm_op_PartSelect.i8.i32.i32.i32, i32 %bitcast_ln29, i32 23, i32 30" [cnn.cpp:29]   --->   Operation 58 'partselect' 'tmp_s' <Predicate = (ifzero)> <Delay = 0.00>
ST_12 : Operation 59 [1/1] (0.00ns)   --->   "%trunc_ln29 = trunc i32 %bitcast_ln29" [cnn.cpp:29]   --->   Operation 59 'trunc' 'trunc_ln29' <Predicate = (ifzero)> <Delay = 0.00>
ST_12 : Operation 60 [1/1] (0.85ns)   --->   "%icmp_ln29 = icmp_ne  i8 %tmp_s, i8 255" [cnn.cpp:29]   --->   Operation 60 'icmp' 'icmp_ln29' <Predicate = (ifzero)> <Delay = 0.85> <CoreInst = "Cmp">   --->   Core 9 'Cmp' <Latency = 0> <II = 1> <Delay = 0.85> <FuncUnit> <Opcode : 'icmp'> <InPorts = 2> <OutPorts = 1>
ST_12 : Operation 61 [1/1] (0.97ns)   --->   "%icmp_ln29_2 = icmp_eq  i23 %trunc_ln29, i23 0" [cnn.cpp:29]   --->   Operation 61 'icmp' 'icmp_ln29_2' <Predicate = (ifzero)> <Delay = 0.97> <CoreInst = "Cmp">   --->   Core 9 'Cmp' <Latency = 0> <II = 1> <Delay = 0.97> <FuncUnit> <Opcode : 'icmp'> <InPorts = 2> <OutPorts = 1>
ST_12 : Operation 62 [1/1] (0.00ns) (grouped into LUT with out node select_ln29)   --->   "%or_ln29 = or i1 %icmp_ln29_2, i1 %icmp_ln29" [cnn.cpp:29]   --->   Operation 62 'or' 'or_ln29' <Predicate = (ifzero)> <Delay = 0.00> <CoreInst = "LogicGate">   --->   Core 74 'LogicGate' <Latency = 0> <II = 1> <Delay = 0.33> <FuncUnit> <Opcode : 'and' 'or' 'xor'> <InPorts = 2> <OutPorts = 1>
ST_12 : Operation 63 [1/2] (3.34ns)   --->   "%tmp_4 = fcmp_ogt  i32 %sum_2, i32 0" [cnn.cpp:29]   --->   Operation 63 'fcmp' 'tmp_4' <Predicate = (ifzero)> <Delay = 3.34> <CoreInst = "FCompare">   --->   Core 19 'FCompare' <Latency = 1> <II = 1> <Delay = 3.34> <FuncUnit> <Opcode : 'fcmp'> <InPorts = 2> <OutPorts = 1>
ST_12 : Operation 64 [1/1] (0.00ns) (grouped into LUT with out node select_ln29)   --->   "%and_ln29 = and i1 %or_ln29, i1 %tmp_4" [cnn.cpp:29]   --->   Operation 64 'and' 'and_ln29' <Predicate = (ifzero)> <Delay = 0.00> <CoreInst = "LogicGate">   --->   Core 74 'LogicGate' <Latency = 0> <II = 1> <Delay = 0.33> <FuncUnit> <Opcode : 'and' 'or' 'xor'> <InPorts = 2> <OutPorts = 1>
ST_12 : Operation 65 [1/1] (0.52ns) (out node of the LUT)   --->   "%select_ln29 = select i1 %and_ln29, i32 %sum_2, i32 0" [cnn.cpp:29]   --->   Operation 65 'select' 'select_ln29' <Predicate = (ifzero)> <Delay = 0.52> <CoreInst = "Sel">   --->   Core 73 'Sel' <Latency = 0> <II = 1> <Delay = 0.52> <FuncUnit> <Opcode : 'select'> <InPorts = 3> <OutPorts = 1>
ST_12 : Operation 66 [1/1] (0.79ns)   --->   "%store_ln185 = store i32 %select_ln29, i4 %dense_addr" [cnn.cpp:185]   --->   Operation 66 'store' 'store_ln185' <Predicate = (ifzero)> <Delay = 0.79> <CoreInst = "RAM">   --->   Core 83 'RAM' <Latency = 1> <II = 1> <Delay = 0.79> <Storage> <Opcode : 'load' 'store'> <Ports = 2> <Width = 32> <Depth = 16> <RAM>
ST_12 : Operation 67 [1/1] (0.00ns)   --->   "%br_ln0 = br void %ifFalse"   --->   Operation 67 'br' 'br_ln0' <Predicate = (ifzero)> <Delay = 0.00>


============================================================
+ Verbose Summary: Binding
============================================================
STG Binding: 
---------------- STG Properties BEGIN ----------------
- Is combinational: 0
- Is one-state seq: 0
- Is datapath-only: 0
- Is pipelined: 0
- Is top level: 0
Port [ Return ] is wired: 1; IO mode=ap_ctrl_hs:ce=0
Port [ sum_1]:  wired=1; compound=0; hidden=0; nouse=0; global=0; static=0; extern=0; dir=0; type=0; pingpong=0; private_global=0; IO mode=ap_none:ce=0
Port [ dense]:  wired=1; compound=1; hidden=0; nouse=0; global=0; static=0; extern=0; dir=1; type=1; pingpong=0; private_global=0; MemPort=[03]; IO mode=ap_memory:ce=0
Port [ zext_ln178]:  wired=1; compound=0; hidden=0; nouse=0; global=0; static=0; extern=0; dir=0; type=0; pingpong=0; private_global=0; IO mode=ap_none:ce=0
Port [ zext_ln178_1]:  wired=1; compound=0; hidden=0; nouse=0; global=0; static=0; extern=0; dir=0; type=0; pingpong=0; private_global=0; IO mode=ap_none:ce=0
Port [ flat]:  wired=1; compound=1; hidden=0; nouse=0; global=0; static=0; extern=0; dir=0; type=1; pingpong=0; private_global=0; MemPort=[13]; IO mode=ap_memory:ce=0
Port [ dense1_w]:  wired=0; compound=1; hidden=1; nouse=0; global=1; static=1; extern=0; dir=0; type=1; pingpong=0; private_global=1; MemPort=[1]; IO mode=ap_memory:ce=0
---------------- STG Properties END ------------------

---------------- Datapath Model BEGIN ----------------

<LifeTime>
<method=bitvector/>
sum                (alloca           ) [ 0111111111100]
j_1                (alloca           ) [ 0100000000000]
zext_ln178_1_read  (read             ) [ 0000000000000]
zext_ln178_read    (read             ) [ 0000000000000]
sum_1_read         (read             ) [ 0000000000000]
zext_ln178_cast    (zext             ) [ 0000000000000]
store_ln0          (store            ) [ 0000000000000]
store_ln0          (store            ) [ 0000000000000]
br_ln0             (br               ) [ 0000000000000]
j                  (load             ) [ 0000000000000]
dense_addr         (getelementptr    ) [ 0111111111111]
specpipeline_ln0   (specpipeline     ) [ 0000000000000]
icmp_ln180         (icmp             ) [ 0111111110000]
empty              (speclooptripcount) [ 0000000000000]
add_ln180          (add              ) [ 0000000000000]
br_ln180           (br               ) [ 0000000000000]
j_1_cast25         (zext             ) [ 0000000000000]
add_ln             (bitconcatenate   ) [ 0000000000000]
zext_ln183         (zext             ) [ 0000000000000]
flat_addr          (getelementptr    ) [ 0010000000000]
dense1_w_addr      (getelementptr    ) [ 0010000000000]
ifzero             (icmp             ) [ 0111111111111]
br_ln180           (br               ) [ 0000000000000]
store_ln180        (store            ) [ 0000000000000]
flat_load          (load             ) [ 0101110000000]
dense1_w_load      (load             ) [ 0101110000000]
mul2               (fmul             ) [ 0111101111100]
sum_load           (load             ) [ 0111100111100]
specloopname_ln179 (specloopname     ) [ 0000000000000]
sum_2              (fadd             ) [ 0001100000011]
store_ln183        (store            ) [ 0000000000000]
br_ln0             (br               ) [ 0000000000000]
bitcast_ln29       (bitcast          ) [ 0000000000000]
tmp_s              (partselect       ) [ 0000000000000]
trunc_ln29         (trunc            ) [ 0000000000000]
icmp_ln29          (icmp             ) [ 0000000000000]
icmp_ln29_2        (icmp             ) [ 0000000000000]
or_ln29            (or               ) [ 0000000000000]
tmp_4              (fcmp             ) [ 0000000000000]
and_ln29           (and              ) [ 0000000000000]
select_ln29        (select           ) [ 0000000000000]
store_ln185        (store            ) [ 0000000000000]
br_ln0             (br               ) [ 0000000000000]
ret_ln0            (ret              ) [ 0000000000000]
</LifeTime>

<model>

<comp_list>
<comp id="0" class="1000" name="sum_1">
<pin_list>
<pin id="1" dir="1" index="0" bw="1" slack="0"/>
</pin_list>
<bind>
<StgValue><ssdm name="sum_1"/></StgValue>
</bind>
</comp>

<comp id="2" class="1000" name="dense">
<pin_list>
<pin id="3" dir="1" index="0" bw="1" slack="0"/>
</pin_list>
<bind>
<StgValue><ssdm name="dense"/><MemPortTyVec>0 3 </MemPortTyVec>
</StgValue>
</bind>
</comp>

<comp id="4" class="1000" name="zext_ln178">
<pin_list>
<pin id="5" dir="1" index="0" bw="1" slack="0"/>
</pin_list>
<bind>
<StgValue><ssdm name="zext_ln178"/></StgValue>
</bind>
</comp>

<comp id="6" class="1000" name="zext_ln178_1">
<pin_list>
<pin id="7" dir="1" index="0" bw="1" slack="0"/>
</pin_list>
<bind>
<StgValue><ssdm name="zext_ln178_1"/></StgValue>
</bind>
</comp>

<comp id="8" class="1000" name="flat">
<pin_list>
<pin id="9" dir="1" index="0" bw="1" slack="0"/>
</pin_list>
<bind>
<StgValue><ssdm name="flat"/><MemPortTyVec>1 3 </MemPortTyVec>
</StgValue>
</bind>
</comp>

<comp id="10" class="1000" name="dense1_w">
<pin_list>
<pin id="11" dir="1" index="0" bw="1" slack="0"/>
</pin_list>
<bind>
<StgValue><ssdm name="dense1_w"/><MemPortTyVec>1 </MemPortTyVec>
</StgValue>
</bind>
</comp>

<comp id="12" class="1001" name="const_12">
<pin_list>
<pin id="13" dir="1" index="0" bw="1" slack="0"/>
</pin_list>
<bind>
<StgValue><ssdm name=""/></StgValue>
</bind>
</comp>

<comp id="14" class="1001" name="const_14">
<pin_list>
<pin id="15" dir="1" index="0" bw="1" slack="0"/>
</pin_list>
<bind>
<StgValue><ssdm name="_ssdm_op_Read.ap_auto.i4"/></StgValue>
</bind>
</comp>

<comp id="16" class="1001" name="const_16">
<pin_list>
<pin id="17" dir="1" index="0" bw="1" slack="0"/>
</pin_list>
<bind>
<StgValue><ssdm name="_ssdm_op_Read.ap_auto.float"/></StgValue>
</bind>
</comp>

<comp id="18" class="1001" name="const_18">
<pin_list>
<pin id="19" dir="1" index="0" bw="1" slack="0"/>
</pin_list>
<bind>
<StgValue><ssdm name=""/></StgValue>
</bind>
</comp>

<comp id="20" class="1001" name="const_20">
<pin_list>
<pin id="21" dir="1" index="0" bw="1" slack="0"/>
</pin_list>
<bind>
<StgValue><ssdm name=""/></StgValue>
</bind>
</comp>

<comp id="22" class="1001" name="const_22">
<pin_list>
<pin id="23" dir="1" index="0" bw="1" slack="2147483647"/>
</pin_list>
<bind>
<StgValue><ssdm name="_ssdm_op_SpecPipeline"/></StgValue>
</bind>
</comp>

<comp id="24" class="1001" name="const_24">
<pin_list>
<pin id="25" dir="1" index="0" bw="1" slack="2147483647"/>
</pin_list>
<bind>
<StgValue><ssdm name=""/></StgValue>
</bind>
</comp>

<comp id="26" class="1001" name="const_26">
<pin_list>
<pin id="27" dir="1" index="0" bw="1" slack="2147483647"/>
</pin_list>
<bind>
<StgValue><ssdm name=""/></StgValue>
</bind>
</comp>

<comp id="28" class="1001" name="const_28">
<pin_list>
<pin id="29" dir="1" index="0" bw="1" slack="2147483647"/>
</pin_list>
<bind>
<StgValue><ssdm name="p_str"/></StgValue>
</bind>
</comp>

<comp id="30" class="1001" name="const_30">
<pin_list>
<pin id="31" dir="1" index="0" bw="1" slack="0"/>
</pin_list>
<bind>
<StgValue><ssdm name=""/></StgValue>
</bind>
</comp>

<comp id="32" class="1001" name="const_32">
<pin_list>
<pin id="33" dir="1" index="0" bw="1" slack="2147483647"/>
</pin_list>
<bind>
<StgValue><ssdm name="_ssdm_op_SpecLoopTripCount"/></StgValue>
</bind>
</comp>

<comp id="34" class="1001" name="const_34">
<pin_list>
<pin id="35" dir="1" index="0" bw="1" slack="2147483647"/>
</pin_list>
<bind>
<StgValue><ssdm name=""/></StgValue>
</bind>
</comp>

<comp id="36" class="1001" name="const_36">
<pin_list>
<pin id="37" dir="1" index="0" bw="1" slack="0"/>
</pin_list>
<bind>
<StgValue><ssdm name=""/></StgValue>
</bind>
</comp>

<comp id="38" class="1001" name="const_38">
<pin_list>
<pin id="39" dir="1" index="0" bw="1" slack="0"/>
</pin_list>
<bind>
<StgValue><ssdm name="_ssdm_op_BitConcatenate.i15.i11.i4"/></StgValue>
</bind>
</comp>

<comp id="40" class="1001" name="const_40">
<pin_list>
<pin id="41" dir="1" index="0" bw="1" slack="2147483647"/>
</pin_list>
<bind>
<StgValue><ssdm name="_ssdm_op_SpecLoopName"/></StgValue>
</bind>
</comp>

<comp id="42" class="1001" name="const_42">
<pin_list>
<pin id="43" dir="1" index="0" bw="1" slack="2147483647"/>
</pin_list>
<bind>
<StgValue><ssdm name="empty_12"/></StgValue>
</bind>
</comp>

<comp id="44" class="1001" name="const_44">
<pin_list>
<pin id="45" dir="1" index="0" bw="1" slack="0"/>
</pin_list>
<bind>
<StgValue><ssdm name=""/></StgValue>
</bind>
</comp>

<comp id="46" class="1001" name="const_46">
<pin_list>
<pin id="47" dir="1" index="0" bw="1" slack="0"/>
</pin_list>
<bind>
<StgValue><ssdm name="_ssdm_op_PartSelect.i8.i32.i32.i32"/></StgValue>
</bind>
</comp>

<comp id="48" class="1001" name="const_48">
<pin_list>
<pin id="49" dir="1" index="0" bw="1" slack="0"/>
</pin_list>
<bind>
<StgValue><ssdm name=""/></StgValue>
</bind>
</comp>

<comp id="50" class="1001" name="const_50">
<pin_list>
<pin id="51" dir="1" index="0" bw="1" slack="0"/>
</pin_list>
<bind>
<StgValue><ssdm name=""/></StgValue>
</bind>
</comp>

<comp id="52" class="1001" name="const_52">
<pin_list>
<pin id="53" dir="1" index="0" bw="1" slack="0"/>
</pin_list>
<bind>
<StgValue><ssdm name=""/></StgValue>
</bind>
</comp>

<comp id="54" class="1001" name="const_54">
<pin_list>
<pin id="55" dir="1" index="0" bw="1" slack="0"/>
</pin_list>
<bind>
<StgValue><ssdm name=""/></StgValue>
</bind>
</comp>

<comp id="56" class="1004" name="sum_fu_56">
<pin_list>
<pin id="57" dir="0" index="0" bw="1" slack="0"/>
<pin id="58" dir="1" index="1" bw="32" slack="0"/>
</pin_list>
<bind>
<opcode="alloca(26) " fcode="alloca"/>
<opset="sum/1 "/>
</bind>
</comp>

<comp id="60" class="1004" name="j_1_fu_60">
<pin_list>
<pin id="61" dir="0" index="0" bw="1" slack="0"/>
<pin id="62" dir="1" index="1" bw="11" slack="0"/>
</pin_list>
<bind>
<opcode="alloca(26) " fcode="alloca"/>
<opset="j_1/1 "/>
</bind>
</comp>

<comp id="64" class="1004" name="zext_ln178_1_read_read_fu_64">
<pin_list>
<pin id="65" dir="0" index="0" bw="4" slack="0"/>
<pin id="66" dir="0" index="1" bw="4" slack="0"/>
<pin id="67" dir="1" index="2" bw="4" slack="0"/>
</pin_list>
<bind>
<opcode="read(1150) " fcode="read"/>
<opset="zext_ln178_1_read/1 "/>
</bind>
</comp>

<comp id="70" class="1004" name="zext_ln178_read_read_fu_70">
<pin_list>
<pin id="71" dir="0" index="0" bw="4" slack="0"/>
<pin id="72" dir="0" index="1" bw="4" slack="0"/>
<pin id="73" dir="1" index="2" bw="4" slack="0"/>
</pin_list>
<bind>
<opcode="read(1150) " fcode="read"/>
<opset="zext_ln178_read/1 "/>
</bind>
</comp>

<comp id="76" class="1004" name="sum_1_read_read_fu_76">
<pin_list>
<pin id="77" dir="0" index="0" bw="32" slack="0"/>
<pin id="78" dir="0" index="1" bw="32" slack="0"/>
<pin id="79" dir="1" index="2" bw="32" slack="0"/>
</pin_list>
<bind>
<opcode="read(1150) " fcode="read"/>
<opset="sum_1_read/1 "/>
</bind>
</comp>

<comp id="82" class="1004" name="dense_addr_gep_fu_82">
<pin_list>
<pin id="83" dir="0" index="0" bw="32" slack="0"/>
<pin id="84" dir="0" index="1" bw="1" slack="0"/>
<pin id="85" dir="0" index="2" bw="4" slack="0"/>
<pin id="86" dir="1" index="3" bw="4" slack="11"/>
</pin_list>
<bind>
<opcode="getelementptr(29) " fcode="getelementptr"/>
<opset="dense_addr/1 "/>
</bind>
</comp>

<comp id="89" class="1004" name="flat_addr_gep_fu_89">
<pin_list>
<pin id="90" dir="0" index="0" bw="32" slack="0"/>
<pin id="91" dir="0" index="1" bw="1" slack="0"/>
<pin id="92" dir="0" index="2" bw="11" slack="0"/>
<pin id="93" dir="1" index="3" bw="11" slack="0"/>
</pin_list>
<bind>
<opcode="getelementptr(29) " fcode="getelementptr"/>
<opset="flat_addr/1 "/>
</bind>
</comp>

<comp id="96" class="1004" name="grp_access_fu_96">
<pin_list>
<pin id="97" dir="0" index="0" bw="11" slack="0"/>
<pin id="98" dir="0" index="1" bw="32" slack="2147483647"/>
<pin id="99" dir="0" index="2" bw="0" slack="2147483647"/>
<pin id="100" dir="1" index="3" bw="32" slack="0"/>
</pin_list>
<bind>
<opcode="load(27) " fcode="load"/>
<opset="flat_load/1 "/>
</bind>
</comp>

<comp id="102" class="1004" name="dense1_w_addr_gep_fu_102">
<pin_list>
<pin id="103" dir="0" index="0" bw="32" slack="0"/>
<pin id="104" dir="0" index="1" bw="1" slack="0"/>
<pin id="105" dir="0" index="2" bw="15" slack="0"/>
<pin id="106" dir="1" index="3" bw="15" slack="0"/>
</pin_list>
<bind>
<opcode="getelementptr(29) " fcode="getelementptr"/>
<opset="dense1_w_addr/1 "/>
</bind>
</comp>

<comp id="109" class="1004" name="grp_access_fu_109">
<pin_list>
<pin id="110" dir="0" index="0" bw="15" slack="0"/>
<pin id="111" dir="0" index="1" bw="32" slack="2147483647"/>
<pin id="112" dir="0" index="2" bw="0" slack="2147483647"/>
<pin id="113" dir="1" index="3" bw="32" slack="0"/>
</pin_list>
<bind>
<opcode="load(27) " fcode="load"/>
<opset="dense1_w_load/1 "/>
</bind>
</comp>

<comp id="115" class="1004" name="store_ln185_access_fu_115">
<pin_list>
<pin id="116" dir="0" index="0" bw="4" slack="11"/>
<pin id="117" dir="0" index="1" bw="32" slack="0"/>
<pin id="118" dir="0" index="2" bw="0" slack="2147483647"/>
<pin id="119" dir="1" index="3" bw="32" slack="2147483647"/>
</pin_list>
<bind>
<opcode="store(28) " fcode="store"/>
<opset="store_ln185/12 "/>
</bind>
</comp>

<comp id="120" class="1004" name="grp_fu_120">
<pin_list>
<pin id="121" dir="0" index="0" bw="32" slack="0"/>
<pin id="122" dir="0" index="1" bw="32" slack="1"/>
<pin id="123" dir="1" index="2" bw="32" slack="0"/>
</pin_list>
<bind>
<opcode="fadd(9) " fcode="fadd"/>
<opset="sum_2/6 "/>
</bind>
</comp>

<comp id="124" class="1004" name="grp_fu_124">
<pin_list>
<pin id="125" dir="0" index="0" bw="32" slack="0"/>
<pin id="126" dir="0" index="1" bw="32" slack="0"/>
<pin id="127" dir="1" index="2" bw="32" slack="1"/>
</pin_list>
<bind>
<opcode="fmul(13) " fcode="fmul"/>
<opset="mul2/2 "/>
</bind>
</comp>

<comp id="130" class="1004" name="grp_fu_130">
<pin_list>
<pin id="131" dir="0" index="0" bw="32" slack="1"/>
<pin id="132" dir="0" index="1" bw="32" slack="0"/>
<pin id="133" dir="1" index="2" bw="1" slack="0"/>
</pin_list>
<bind>
<opcode="fcmp(46) " fcode="fcmp"/>
<opset="tmp_4/11 "/>
</bind>
</comp>

<comp id="135" class="1004" name="zext_ln178_cast_fu_135">
<pin_list>
<pin id="136" dir="0" index="0" bw="4" slack="0"/>
<pin id="137" dir="1" index="1" bw="64" slack="0"/>
</pin_list>
<bind>
<opcode="zext(34) " fcode="zext"/>
<opset="zext_ln178_cast/1 "/>
</bind>
</comp>

<comp id="140" class="1004" name="store_ln0_store_fu_140">
<pin_list>
<pin id="141" dir="0" index="0" bw="1" slack="0"/>
<pin id="142" dir="0" index="1" bw="11" slack="0"/>
<pin id="143" dir="1" index="2" bw="0" slack="2147483647"/>
</pin_list>
<bind>
<opcode="store(28) " fcode="store"/>
<opset="store_ln0/1 "/>
</bind>
</comp>

<comp id="145" class="1004" name="store_ln0_store_fu_145">
<pin_list>
<pin id="146" dir="0" index="0" bw="32" slack="0"/>
<pin id="147" dir="0" index="1" bw="32" slack="0"/>
<pin id="148" dir="1" index="2" bw="0" slack="2147483647"/>
</pin_list>
<bind>
<opcode="store(28) " fcode="store"/>
<opset="store_ln0/1 "/>
</bind>
</comp>

<comp id="150" class="1004" name="j_load_fu_150">
<pin_list>
<pin id="151" dir="0" index="0" bw="11" slack="0"/>
<pin id="152" dir="1" index="1" bw="11" slack="0"/>
</pin_list>
<bind>
<opcode="load(27) " fcode="load"/>
<opset="j/1 "/>
</bind>
</comp>

<comp id="153" class="1004" name="icmp_ln180_fu_153">
<pin_list>
<pin id="154" dir="0" index="0" bw="11" slack="0"/>
<pin id="155" dir="0" index="1" bw="11" slack="0"/>
<pin id="156" dir="1" index="2" bw="1" slack="1"/>
</pin_list>
<bind>
<opcode="icmp(45) " fcode="icmp"/>
<opset="icmp_ln180/1 "/>
</bind>
</comp>

<comp id="159" class="1004" name="add_ln180_fu_159">
<pin_list>
<pin id="160" dir="0" index="0" bw="11" slack="0"/>
<pin id="161" dir="0" index="1" bw="1" slack="0"/>
<pin id="162" dir="1" index="2" bw="11" slack="0"/>
</pin_list>
<bind>
<opcode="add(8) " fcode="add"/>
<opset="add_ln180/1 "/>
</bind>
</comp>

<comp id="165" class="1004" name="j_1_cast25_fu_165">
<pin_list>
<pin id="166" dir="0" index="0" bw="11" slack="0"/>
<pin id="167" dir="1" index="1" bw="64" slack="0"/>
</pin_list>
<bind>
<opcode="zext(34) " fcode="zext"/>
<opset="j_1_cast25/1 "/>
</bind>
</comp>

<comp id="170" class="1004" name="add_ln_fu_170">
<pin_list>
<pin id="171" dir="0" index="0" bw="15" slack="0"/>
<pin id="172" dir="0" index="1" bw="11" slack="0"/>
<pin id="173" dir="0" index="2" bw="4" slack="0"/>
<pin id="174" dir="1" index="3" bw="15" slack="0"/>
</pin_list>
<bind>
<opcode="bitconcatenate(1004) " fcode="bitconcatenate"/>
<opset="add_ln/1 "/>
</bind>
</comp>

<comp id="178" class="1004" name="zext_ln183_fu_178">
<pin_list>
<pin id="179" dir="0" index="0" bw="15" slack="0"/>
<pin id="180" dir="1" index="1" bw="64" slack="0"/>
</pin_list>
<bind>
<opcode="zext(34) " fcode="zext"/>
<opset="zext_ln183/1 "/>
</bind>
</comp>

<comp id="183" class="1004" name="ifzero_fu_183">
<pin_list>
<pin id="184" dir="0" index="0" bw="11" slack="0"/>
<pin id="185" dir="0" index="1" bw="11" slack="0"/>
<pin id="186" dir="1" index="2" bw="1" slack="10"/>
</pin_list>
<bind>
<opcode="icmp(45) " fcode="icmp"/>
<opset="ifzero/1 "/>
</bind>
</comp>

<comp id="189" class="1004" name="store_ln180_store_fu_189">
<pin_list>
<pin id="190" dir="0" index="0" bw="11" slack="0"/>
<pin id="191" dir="0" index="1" bw="11" slack="0"/>
<pin id="192" dir="1" index="2" bw="0" slack="2147483647"/>
</pin_list>
<bind>
<opcode="store(28) " fcode="store"/>
<opset="store_ln180/1 "/>
</bind>
</comp>

<comp id="194" class="1004" name="sum_load_load_fu_194">
<pin_list>
<pin id="195" dir="0" index="0" bw="32" slack="5"/>
<pin id="196" dir="1" index="1" bw="32" slack="0"/>
</pin_list>
<bind>
<opcode="load(27) " fcode="load"/>
<opset="sum_load/6 "/>
</bind>
</comp>

<comp id="198" class="1004" name="store_ln183_store_fu_198">
<pin_list>
<pin id="199" dir="0" index="0" bw="32" slack="0"/>
<pin id="200" dir="0" index="1" bw="32" slack="9"/>
<pin id="201" dir="1" index="2" bw="0" slack="2147483647"/>
</pin_list>
<bind>
<opcode="store(28) " fcode="store"/>
<opset="store_ln183/10 "/>
</bind>
</comp>

<comp id="203" class="1004" name="bitcast_ln29_fu_203">
<pin_list>
<pin id="204" dir="0" index="0" bw="32" slack="2"/>
<pin id="205" dir="1" index="1" bw="32" slack="0"/>
</pin_list>
<bind>
<opcode="bitcast(44) " fcode="bitcast"/>
<opset="bitcast_ln29/12 "/>
</bind>
</comp>

<comp id="206" class="1004" name="tmp_s_fu_206">
<pin_list>
<pin id="207" dir="0" index="0" bw="8" slack="0"/>
<pin id="208" dir="0" index="1" bw="32" slack="0"/>
<pin id="209" dir="0" index="2" bw="6" slack="0"/>
<pin id="210" dir="0" index="3" bw="6" slack="0"/>
<pin id="211" dir="1" index="4" bw="8" slack="0"/>
</pin_list>
<bind>
<opcode="partselect(1002) " fcode="partselect"/>
<opset="tmp_s/12 "/>
</bind>
</comp>

<comp id="216" class="1004" name="trunc_ln29_fu_216">
<pin_list>
<pin id="217" dir="0" index="0" bw="32" slack="0"/>
<pin id="218" dir="1" index="1" bw="23" slack="0"/>
</pin_list>
<bind>
<opcode="trunc(33) " fcode="trunc"/>
<opset="trunc_ln29/12 "/>
</bind>
</comp>

<comp id="220" class="1004" name="icmp_ln29_fu_220">
<pin_list>
<pin id="221" dir="0" index="0" bw="8" slack="0"/>
<pin id="222" dir="0" index="1" bw="8" slack="0"/>
<pin id="223" dir="1" index="2" bw="1" slack="0"/>
</pin_list>
<bind>
<opcode="icmp(45) " fcode="icmp"/>
<opset="icmp_ln29/12 "/>
</bind>
</comp>

<comp id="226" class="1004" name="icmp_ln29_2_fu_226">
<pin_list>
<pin id="227" dir="0" index="0" bw="23" slack="0"/>
<pin id="228" dir="0" index="1" bw="23" slack="0"/>
<pin id="229" dir="1" index="2" bw="1" slack="0"/>
</pin_list>
<bind>
<opcode="icmp(45) " fcode="icmp"/>
<opset="icmp_ln29_2/12 "/>
</bind>
</comp>

<comp id="232" class="1004" name="or_ln29_fu_232">
<pin_list>
<pin id="233" dir="0" index="0" bw="1" slack="0"/>
<pin id="234" dir="0" index="1" bw="1" slack="0"/>
<pin id="235" dir="1" index="2" bw="1" slack="0"/>
</pin_list>
<bind>
<opcode="or(24) " fcode="or"/>
<opset="or_ln29/12 "/>
</bind>
</comp>

<comp id="238" class="1004" name="and_ln29_fu_238">
<pin_list>
<pin id="239" dir="0" index="0" bw="1" slack="0"/>
<pin id="240" dir="0" index="1" bw="1" slack="0"/>
<pin id="241" dir="1" index="2" bw="1" slack="0"/>
</pin_list>
<bind>
<opcode="and(23) " fcode="and"/>
<opset="and_ln29/12 "/>
</bind>
</comp>

<comp id="244" class="1004" name="select_ln29_fu_244">
<pin_list>
<pin id="245" dir="0" index="0" bw="1" slack="0"/>
<pin id="246" dir="0" index="1" bw="32" slack="2"/>
<pin id="247" dir="0" index="2" bw="32" slack="0"/>
<pin id="248" dir="1" index="3" bw="32" slack="0"/>
</pin_list>
<bind>
<opcode="select(49) " fcode="select"/>
<opset="select_ln29/12 "/>
</bind>
</comp>

<comp id="252" class="1005" name="sum_reg_252">
<pin_list>
<pin id="253" dir="0" index="0" bw="32" slack="0"/>
<pin id="254" dir="1" index="1" bw="32" slack="0"/>
</pin_list>
<bind>
<opset="sum "/>
</bind>
</comp>

<comp id="259" class="1005" name="j_1_reg_259">
<pin_list>
<pin id="260" dir="0" index="0" bw="11" slack="0"/>
<pin id="261" dir="1" index="1" bw="11" slack="0"/>
</pin_list>
<bind>
<opset="j_1 "/>
</bind>
</comp>

<comp id="266" class="1005" name="dense_addr_reg_266">
<pin_list>
<pin id="267" dir="0" index="0" bw="4" slack="11"/>
<pin id="268" dir="1" index="1" bw="4" slack="11"/>
</pin_list>
<bind>
<opset="dense_addr "/>
</bind>
</comp>

<comp id="271" class="1005" name="icmp_ln180_reg_271">
<pin_list>
<pin id="272" dir="0" index="0" bw="1" slack="1"/>
<pin id="273" dir="1" index="1" bw="1" slack="2147483647"/>
</pin_list>
<bind>
<opset="icmp_ln180 "/>
</bind>
</comp>

<comp id="275" class="1005" name="flat_addr_reg_275">
<pin_list>
<pin id="276" dir="0" index="0" bw="11" slack="1"/>
<pin id="277" dir="1" index="1" bw="11" slack="1"/>
</pin_list>
<bind>
<opset="flat_addr "/>
</bind>
</comp>

<comp id="280" class="1005" name="dense1_w_addr_reg_280">
<pin_list>
<pin id="281" dir="0" index="0" bw="15" slack="1"/>
<pin id="282" dir="1" index="1" bw="15" slack="1"/>
</pin_list>
<bind>
<opset="dense1_w_addr "/>
</bind>
</comp>

<comp id="285" class="1005" name="ifzero_reg_285">
<pin_list>
<pin id="286" dir="0" index="0" bw="1" slack="10"/>
<pin id="287" dir="1" index="1" bw="1" slack="2147483647"/>
</pin_list>
<bind>
<opset="ifzero "/>
</bind>
</comp>

<comp id="289" class="1005" name="flat_load_reg_289">
<pin_list>
<pin id="290" dir="0" index="0" bw="32" slack="1"/>
<pin id="291" dir="1" index="1" bw="32" slack="1"/>
</pin_list>
<bind>
<opset="flat_load "/>
</bind>
</comp>

<comp id="294" class="1005" name="dense1_w_load_reg_294">
<pin_list>
<pin id="295" dir="0" index="0" bw="32" slack="1"/>
<pin id="296" dir="1" index="1" bw="32" slack="1"/>
</pin_list>
<bind>
<opset="dense1_w_load "/>
</bind>
</comp>

<comp id="299" class="1005" name="mul2_reg_299">
<pin_list>
<pin id="300" dir="0" index="0" bw="32" slack="1"/>
<pin id="301" dir="1" index="1" bw="32" slack="1"/>
</pin_list>
<bind>
<opset="mul2 "/>
</bind>
</comp>

<comp id="304" class="1005" name="sum_load_reg_304">
<pin_list>
<pin id="305" dir="0" index="0" bw="32" slack="1"/>
<pin id="306" dir="1" index="1" bw="32" slack="1"/>
</pin_list>
<bind>
<opset="sum_load "/>
</bind>
</comp>

<comp id="309" class="1005" name="sum_2_reg_309">
<pin_list>
<pin id="310" dir="0" index="0" bw="32" slack="1"/>
<pin id="311" dir="1" index="1" bw="32" slack="1"/>
</pin_list>
<bind>
<opset="sum_2 "/>
</bind>
</comp>

</comp_list>

<net_list>
<net id="59"><net_src comp="12" pin="0"/><net_sink comp="56" pin=0"/></net>

<net id="63"><net_src comp="12" pin="0"/><net_sink comp="60" pin=0"/></net>

<net id="68"><net_src comp="14" pin="0"/><net_sink comp="64" pin=0"/></net>

<net id="69"><net_src comp="6" pin="0"/><net_sink comp="64" pin=1"/></net>

<net id="74"><net_src comp="14" pin="0"/><net_sink comp="70" pin=0"/></net>

<net id="75"><net_src comp="4" pin="0"/><net_sink comp="70" pin=1"/></net>

<net id="80"><net_src comp="16" pin="0"/><net_sink comp="76" pin=0"/></net>

<net id="81"><net_src comp="0" pin="0"/><net_sink comp="76" pin=1"/></net>

<net id="87"><net_src comp="2" pin="0"/><net_sink comp="82" pin=0"/></net>

<net id="88"><net_src comp="20" pin="0"/><net_sink comp="82" pin=1"/></net>

<net id="94"><net_src comp="8" pin="0"/><net_sink comp="89" pin=0"/></net>

<net id="95"><net_src comp="20" pin="0"/><net_sink comp="89" pin=1"/></net>

<net id="101"><net_src comp="89" pin="3"/><net_sink comp="96" pin=0"/></net>

<net id="107"><net_src comp="10" pin="0"/><net_sink comp="102" pin=0"/></net>

<net id="108"><net_src comp="20" pin="0"/><net_sink comp="102" pin=1"/></net>

<net id="114"><net_src comp="102" pin="3"/><net_sink comp="109" pin=0"/></net>

<net id="128"><net_src comp="96" pin="3"/><net_sink comp="124" pin=0"/></net>

<net id="129"><net_src comp="109" pin="3"/><net_sink comp="124" pin=1"/></net>

<net id="134"><net_src comp="44" pin="0"/><net_sink comp="130" pin=1"/></net>

<net id="138"><net_src comp="70" pin="2"/><net_sink comp="135" pin=0"/></net>

<net id="139"><net_src comp="135" pin="1"/><net_sink comp="82" pin=2"/></net>

<net id="144"><net_src comp="18" pin="0"/><net_sink comp="140" pin=0"/></net>

<net id="149"><net_src comp="76" pin="2"/><net_sink comp="145" pin=0"/></net>

<net id="157"><net_src comp="150" pin="1"/><net_sink comp="153" pin=0"/></net>

<net id="158"><net_src comp="30" pin="0"/><net_sink comp="153" pin=1"/></net>

<net id="163"><net_src comp="150" pin="1"/><net_sink comp="159" pin=0"/></net>

<net id="164"><net_src comp="36" pin="0"/><net_sink comp="159" pin=1"/></net>

<net id="168"><net_src comp="150" pin="1"/><net_sink comp="165" pin=0"/></net>

<net id="169"><net_src comp="165" pin="1"/><net_sink comp="89" pin=2"/></net>

<net id="175"><net_src comp="38" pin="0"/><net_sink comp="170" pin=0"/></net>

<net id="176"><net_src comp="150" pin="1"/><net_sink comp="170" pin=1"/></net>

<net id="177"><net_src comp="64" pin="2"/><net_sink comp="170" pin=2"/></net>

<net id="181"><net_src comp="170" pin="3"/><net_sink comp="178" pin=0"/></net>

<net id="182"><net_src comp="178" pin="1"/><net_sink comp="102" pin=2"/></net>

<net id="187"><net_src comp="159" pin="2"/><net_sink comp="183" pin=0"/></net>

<net id="188"><net_src comp="30" pin="0"/><net_sink comp="183" pin=1"/></net>

<net id="193"><net_src comp="159" pin="2"/><net_sink comp="189" pin=0"/></net>

<net id="197"><net_src comp="194" pin="1"/><net_sink comp="120" pin=0"/></net>

<net id="202"><net_src comp="120" pin="2"/><net_sink comp="198" pin=0"/></net>

<net id="212"><net_src comp="46" pin="0"/><net_sink comp="206" pin=0"/></net>

<net id="213"><net_src comp="203" pin="1"/><net_sink comp="206" pin=1"/></net>

<net id="214"><net_src comp="48" pin="0"/><net_sink comp="206" pin=2"/></net>

<net id="215"><net_src comp="50" pin="0"/><net_sink comp="206" pin=3"/></net>

<net id="219"><net_src comp="203" pin="1"/><net_sink comp="216" pin=0"/></net>

<net id="224"><net_src comp="206" pin="4"/><net_sink comp="220" pin=0"/></net>

<net id="225"><net_src comp="52" pin="0"/><net_sink comp="220" pin=1"/></net>

<net id="230"><net_src comp="216" pin="1"/><net_sink comp="226" pin=0"/></net>

<net id="231"><net_src comp="54" pin="0"/><net_sink comp="226" pin=1"/></net>

<net id="236"><net_src comp="226" pin="2"/><net_sink comp="232" pin=0"/></net>

<net id="237"><net_src comp="220" pin="2"/><net_sink comp="232" pin=1"/></net>

<net id="242"><net_src comp="232" pin="2"/><net_sink comp="238" pin=0"/></net>

<net id="243"><net_src comp="130" pin="2"/><net_sink comp="238" pin=1"/></net>

<net id="249"><net_src comp="238" pin="2"/><net_sink comp="244" pin=0"/></net>

<net id="250"><net_src comp="44" pin="0"/><net_sink comp="244" pin=2"/></net>

<net id="251"><net_src comp="244" pin="3"/><net_sink comp="115" pin=1"/></net>

<net id="255"><net_src comp="56" pin="1"/><net_sink comp="252" pin=0"/></net>

<net id="256"><net_src comp="252" pin="1"/><net_sink comp="145" pin=1"/></net>

<net id="257"><net_src comp="252" pin="1"/><net_sink comp="194" pin=0"/></net>

<net id="258"><net_src comp="252" pin="1"/><net_sink comp="198" pin=1"/></net>

<net id="262"><net_src comp="60" pin="1"/><net_sink comp="259" pin=0"/></net>

<net id="263"><net_src comp="259" pin="1"/><net_sink comp="140" pin=1"/></net>

<net id="264"><net_src comp="259" pin="1"/><net_sink comp="150" pin=0"/></net>

<net id="265"><net_src comp="259" pin="1"/><net_sink comp="189" pin=1"/></net>

<net id="269"><net_src comp="82" pin="3"/><net_sink comp="266" pin=0"/></net>

<net id="270"><net_src comp="266" pin="1"/><net_sink comp="115" pin=0"/></net>

<net id="274"><net_src comp="153" pin="2"/><net_sink comp="271" pin=0"/></net>

<net id="278"><net_src comp="89" pin="3"/><net_sink comp="275" pin=0"/></net>

<net id="279"><net_src comp="275" pin="1"/><net_sink comp="96" pin=0"/></net>

<net id="283"><net_src comp="102" pin="3"/><net_sink comp="280" pin=0"/></net>

<net id="284"><net_src comp="280" pin="1"/><net_sink comp="109" pin=0"/></net>

<net id="288"><net_src comp="183" pin="2"/><net_sink comp="285" pin=0"/></net>

<net id="292"><net_src comp="96" pin="3"/><net_sink comp="289" pin=0"/></net>

<net id="293"><net_src comp="289" pin="1"/><net_sink comp="124" pin=0"/></net>

<net id="297"><net_src comp="109" pin="3"/><net_sink comp="294" pin=0"/></net>

<net id="298"><net_src comp="294" pin="1"/><net_sink comp="124" pin=1"/></net>

<net id="302"><net_src comp="124" pin="2"/><net_sink comp="299" pin=0"/></net>

<net id="303"><net_src comp="299" pin="1"/><net_sink comp="120" pin=1"/></net>

<net id="307"><net_src comp="194" pin="1"/><net_sink comp="304" pin=0"/></net>

<net id="308"><net_src comp="304" pin="1"/><net_sink comp="120" pin=0"/></net>

<net id="312"><net_src comp="120" pin="2"/><net_sink comp="309" pin=0"/></net>

<net id="313"><net_src comp="309" pin="1"/><net_sink comp="130" pin=0"/></net>

<net id="314"><net_src comp="309" pin="1"/><net_sink comp="203" pin=0"/></net>

<net id="315"><net_src comp="309" pin="1"/><net_sink comp="244" pin=1"/></net>

</net_list>

</model> 
---------------- Datapath Model END ------------------

* FSMD analyzer results:
  - Output states:
	Port: dense | {12 }
	Port: dense1_w | {}
 - Input state : 
	Port: cnn_predict_Pipeline_VITIS_LOOP_180_26 : sum_1 | {1 }
	Port: cnn_predict_Pipeline_VITIS_LOOP_180_26 : zext_ln178 | {1 }
	Port: cnn_predict_Pipeline_VITIS_LOOP_180_26 : zext_ln178_1 | {1 }
	Port: cnn_predict_Pipeline_VITIS_LOOP_180_26 : flat | {1 2 }
	Port: cnn_predict_Pipeline_VITIS_LOOP_180_26 : dense1_w | {1 2 }
  - Chain level:
	State 1
		store_ln0 : 1
		j : 1
		dense_addr : 1
		icmp_ln180 : 2
		add_ln180 : 2
		br_ln180 : 3
		j_1_cast25 : 2
		add_ln : 2
		zext_ln183 : 3
		flat_addr : 3
		flat_load : 4
		dense1_w_addr : 4
		dense1_w_load : 5
		ifzero : 3
		br_ln180 : 4
		store_ln180 : 3
	State 2
		mul2 : 1
	State 3
	State 4
	State 5
	State 6
		sum_2 : 1
	State 7
	State 8
	State 9
	State 10
		store_ln183 : 1
	State 11
	State 12
		tmp_s : 1
		trunc_ln29 : 1
		icmp_ln29 : 2
		icmp_ln29_2 : 2
		or_ln29 : 3
		and_ln29 : 3
		select_ln29 : 3
		store_ln185 : 4


============================================================
+ Verbose Summary: Datapath Resource usage 
============================================================

* Functional unit list:
|----------|------------------------------|---------|---------|---------|
| Operation|        Functional Unit       |   DSP   |    FF   |   LUT   |
|----------|------------------------------|---------|---------|---------|
|   fadd   |          grp_fu_120          |    2    |   205   |   206   |
|----------|------------------------------|---------|---------|---------|
|   fmul   |          grp_fu_124          |    3    |   143   |   140   |
|----------|------------------------------|---------|---------|---------|
|          |       icmp_ln180_fu_153      |    0    |    0    |    11   |
|   icmp   |         ifzero_fu_183        |    0    |    0    |    11   |
|          |       icmp_ln29_fu_220       |    0    |    0    |    11   |
|          |      icmp_ln29_2_fu_226      |    0    |    0    |    16   |
|----------|------------------------------|---------|---------|---------|
|  select  |      select_ln29_fu_244      |    0    |    0    |    32   |
|----------|------------------------------|---------|---------|---------|
|    add   |       add_ln180_fu_159       |    0    |    0    |    18   |
|----------|------------------------------|---------|---------|---------|
|    or    |        or_ln29_fu_232        |    0    |    0    |    2    |
|----------|------------------------------|---------|---------|---------|
|    and   |        and_ln29_fu_238       |    0    |    0    |    2    |
|----------|------------------------------|---------|---------|---------|
|          | zext_ln178_1_read_read_fu_64 |    0    |    0    |    0    |
|   read   |  zext_ln178_read_read_fu_70  |    0    |    0    |    0    |
|          |     sum_1_read_read_fu_76    |    0    |    0    |    0    |
|----------|------------------------------|---------|---------|---------|
|   fcmp   |          grp_fu_130          |    0    |    0    |    0    |
|----------|------------------------------|---------|---------|---------|
|          |    zext_ln178_cast_fu_135    |    0    |    0    |    0    |
|   zext   |       j_1_cast25_fu_165      |    0    |    0    |    0    |
|          |       zext_ln183_fu_178      |    0    |    0    |    0    |
|----------|------------------------------|---------|---------|---------|
|bitconcatenate|         add_ln_fu_170        |    0    |    0    |    0    |
|----------|------------------------------|---------|---------|---------|
|partselect|         tmp_s_fu_206         |    0    |    0    |    0    |
|----------|------------------------------|---------|---------|---------|
|   trunc  |       trunc_ln29_fu_216      |    0    |    0    |    0    |
|----------|------------------------------|---------|---------|---------|
|   Total  |                              |    5    |   348   |   449   |
|----------|------------------------------|---------|---------|---------|

Memories:
N/A

* Register list:
+---------------------+--------+
|                     |   FF   |
+---------------------+--------+
|dense1_w_addr_reg_280|   15   |
|dense1_w_load_reg_294|   32   |
|  dense_addr_reg_266 |    4   |
|  flat_addr_reg_275  |   11   |
|  flat_load_reg_289  |   32   |
|  icmp_ln180_reg_271 |    1   |
|    ifzero_reg_285   |    1   |
|     j_1_reg_259     |   11   |
|     mul2_reg_299    |   32   |
|    sum_2_reg_309    |   32   |
|   sum_load_reg_304  |   32   |
|     sum_reg_252     |   32   |
+---------------------+--------+
|        Total        |   235  |
+---------------------+--------+

* Multiplexer (MUX) list: 
|-------------------|------|------|------|--------||---------||---------|
|        Comp       |  Pin | Size |  BW  | S x BW ||  Delay  ||   LUT   |
|-------------------|------|------|------|--------||---------||---------|
|  grp_access_fu_96 |  p0  |   2  |  11  |   22   ||    9    |
| grp_access_fu_109 |  p0  |   2  |  15  |   30   ||    9    |
|     grp_fu_120    |  p0  |   2  |  32  |   64   ||    9    |
|     grp_fu_124    |  p0  |   2  |  32  |   64   ||    9    |
|     grp_fu_124    |  p1  |   2  |  32  |   64   ||    9    |
|-------------------|------|------|------|--------||---------||---------|
|       Total       |      |      |      |   244  ||  2.445  ||    45   |
|-------------------|------|------|------|--------||---------||---------|



* Summary:
+-----------+--------+--------+--------+--------+
|           |   DSP  |  Delay |   FF   |   LUT  |
+-----------+--------+--------+--------+--------+
|  Function |    5   |    -   |   348  |   449  |
|   Memory  |    -   |    -   |    -   |    -   |
|Multiplexer|    -   |    2   |    -   |   45   |
|  Register |    -   |    -   |   235  |    -   |
+-----------+--------+--------+--------+--------+
|   Total   |    5   |    2   |   583  |   494  |
+-----------+--------+--------+--------+--------+
