

================================================================
== Vitis HLS Report for 'cnn_predict_Pipeline_VITIS_LOOP_147_17_VITIS_LOOP_148_18_VITIS_LOOP_149_19'
================================================================
* Date:           Tue Nov 25 13:54:31 2025

* Version:        2022.2 (Build 3670227 on Oct 13 2022)
* Project:        cnn_hls
* Solution:       solution1 (Vivado IP Flow Target)
* Product family: zynquplus
* Target device:  xczu3eg-sbva484-1-i


================================================================
== Performance Estimates
================================================================
+ Timing: 
    * Summary: 
    +--------+----------+----------+------------+
    |  Clock |  Target  | Estimated| Uncertainty|
    +--------+----------+----------+------------+
    |ap_clk  |  10.00 ns|  7.221 ns|     2.70 ns|
    +--------+----------+----------+------------+

+ Latency: 
    * Summary: 
    +---------+---------+-----------+-----------+------+------+---------+
    |  Latency (cycles) |   Latency (absolute)  |   Interval  | Pipeline|
    |   min   |   max   |    min    |    max    |  min |  max |   Type  |
    +---------+---------+-----------+-----------+------+------+---------+
    |     1577|     1577|  15.770 us|  15.770 us|  1577|  1577|       no|
    +---------+---------+-----------+-----------+------+------+---------+

    + Detail: 
        * Instance: 
        N/A

        * Loop: 
        +---------------------------------------------------------+---------+---------+----------+-----------+-----------+------+----------+
        |                                                         |  Latency (cycles) | Iteration|  Initiation Interval  | Trip |          |
        |                        Loop Name                        |   min   |   max   |  Latency |  achieved |   target  | Count| Pipelined|
        +---------------------------------------------------------+---------+---------+----------+-----------+-----------+------+----------+
        |- VITIS_LOOP_147_17_VITIS_LOOP_148_18_VITIS_LOOP_149_19  |     1575|     1575|         9|          1|          1|  1568|       yes|
        +---------------------------------------------------------+---------+---------+----------+-----------+-----------+------+----------+

============================================================
+ Verbose Summary: Synthesis Manager
============================================================
InlineROM: 1
ExposeGlobal: 0
============================================================
+ Verbose Summary: CDFG Model
============================================================
IsTopModel: 0
ResetActiveHigh: 1
IsCombinational: 0
IsDatapathOnly: 0
HasWiredReturn: 1
HasMFsm: 2
HasVarLatency: 1
IsPipeline: 0
IsRtlPipelined: 0
IsInstanceOverlapped: 0
IsDontTouch: 0
HasImplIP: 0
IsGatedGlobalClock: 0

+ Individual pipeline summary: 
  * Pipeline-0: initiation interval (II) = 1, depth = 9


============================================================
+ Verbose Summary: Schedule
============================================================
* Number of FSM states : 9
* Pipeline : 1
  Pipeline-0 : II = 1, D = 9, States = { 1 2 3 4 5 6 7 8 9 }
* Dataflow Pipeline: 0

* FSM state transitions: 
1 --> 2 
2 --> 3 
3 --> 4 
4 --> 5 
5 --> 6 
6 --> 7 
7 --> 8 
8 --> 9 
9 --> 

* FSM state operations: 

State 1 <SV = 0> <Delay = 1.84>
ST_1 : Operation 12 [1/1] (0.00ns)   --->   "%c = alloca i32 1"   --->   Operation 12 'alloca' 'c' <Predicate = true> <Delay = 0.00>
ST_1 : Operation 13 [1/1] (0.00ns)   --->   "%r = alloca i32 1"   --->   Operation 13 'alloca' 'r' <Predicate = true> <Delay = 0.00>
ST_1 : Operation 14 [1/1] (0.00ns)   --->   "%indvar_flatten124 = alloca i32 1"   --->   Operation 14 'alloca' 'indvar_flatten124' <Predicate = true> <Delay = 0.00>
ST_1 : Operation 15 [1/1] (0.00ns)   --->   "%f = alloca i32 1"   --->   Operation 15 'alloca' 'f' <Predicate = true> <Delay = 0.00>
ST_1 : Operation 16 [1/1] (0.00ns)   --->   "%indvar_flatten148 = alloca i32 1"   --->   Operation 16 'alloca' 'indvar_flatten148' <Predicate = true> <Delay = 0.00>
ST_1 : Operation 17 [1/1] (0.48ns)   --->   "%store_ln0 = store i11 0, i11 %indvar_flatten148"   --->   Operation 17 'store' 'store_ln0' <Predicate = true> <Delay = 0.48>
ST_1 : Operation 18 [1/1] (0.48ns)   --->   "%store_ln0 = store i4 0, i4 %f"   --->   Operation 18 'store' 'store_ln0' <Predicate = true> <Delay = 0.48>
ST_1 : Operation 19 [1/1] (0.48ns)   --->   "%store_ln0 = store i8 0, i8 %indvar_flatten124"   --->   Operation 19 'store' 'store_ln0' <Predicate = true> <Delay = 0.48>
ST_1 : Operation 20 [1/1] (0.48ns)   --->   "%store_ln0 = store i4 0, i4 %r"   --->   Operation 20 'store' 'store_ln0' <Predicate = true> <Delay = 0.48>
ST_1 : Operation 21 [1/1] (0.48ns)   --->   "%store_ln0 = store i4 0, i4 %c"   --->   Operation 21 'store' 'store_ln0' <Predicate = true> <Delay = 0.48>
ST_1 : Operation 22 [1/1] (0.00ns)   --->   "%br_ln0 = br void %VITIS_LOOP_151_20"   --->   Operation 22 'br' 'br_ln0' <Predicate = true> <Delay = 0.00>
ST_1 : Operation 23 [1/1] (0.00ns)   --->   "%indvar_flatten148_load = load i11 %indvar_flatten148" [cnn.cpp:147]   --->   Operation 23 'load' 'indvar_flatten148_load' <Predicate = true> <Delay = 0.00>
ST_1 : Operation 24 [1/1] (0.85ns)   --->   "%icmp_ln147 = icmp_eq  i11 %indvar_flatten148_load, i11 1568" [cnn.cpp:147]   --->   Operation 24 'icmp' 'icmp_ln147' <Predicate = true> <Delay = 0.85> <CoreInst = "Cmp">   --->   Core 9 'Cmp' <Latency = 0> <II = 1> <Delay = 0.85> <FuncUnit> <Opcode : 'icmp'> <InPorts = 2> <OutPorts = 1>
ST_1 : Operation 25 [1/1] (0.94ns)   --->   "%add_ln147_1 = add i11 %indvar_flatten148_load, i11 1" [cnn.cpp:147]   --->   Operation 25 'add' 'add_ln147_1' <Predicate = true> <Delay = 0.94> <CoreInst = "Adder">   --->   Core 1 'Adder' <Latency = 0> <II = 1> <Delay = 0.94> <FuncUnit> <Opcode : 'add' 'sub'> <InPorts = 2> <OutPorts = 1>
ST_1 : Operation 26 [1/1] (0.00ns)   --->   "%br_ln147 = br i1 %icmp_ln147, void %for.inc242, void %for.inc269.preheader.exitStub" [cnn.cpp:147]   --->   Operation 26 'br' 'br_ln147' <Predicate = true> <Delay = 0.00>
ST_1 : Operation 27 [1/1] (0.00ns)   --->   "%indvar_flatten124_load = load i8 %indvar_flatten124" [cnn.cpp:148]   --->   Operation 27 'load' 'indvar_flatten124_load' <Predicate = (!icmp_ln147)> <Delay = 0.00>
ST_1 : Operation 28 [1/1] (0.85ns)   --->   "%icmp_ln148 = icmp_eq  i8 %indvar_flatten124_load, i8 196" [cnn.cpp:148]   --->   Operation 28 'icmp' 'icmp_ln148' <Predicate = (!icmp_ln147)> <Delay = 0.85> <CoreInst = "Cmp">   --->   Core 9 'Cmp' <Latency = 0> <II = 1> <Delay = 0.85> <FuncUnit> <Opcode : 'icmp'> <InPorts = 2> <OutPorts = 1>
ST_1 : Operation 29 [1/1] (0.90ns)   --->   "%add_ln148_1 = add i8 %indvar_flatten124_load, i8 1" [cnn.cpp:148]   --->   Operation 29 'add' 'add_ln148_1' <Predicate = (!icmp_ln147)> <Delay = 0.90> <CoreInst = "Adder">   --->   Core 1 'Adder' <Latency = 0> <II = 1> <Delay = 0.90> <FuncUnit> <Opcode : 'add' 'sub'> <InPorts = 2> <OutPorts = 1>
ST_1 : Operation 30 [1/1] (0.44ns)   --->   "%select_ln148_4 = select i1 %icmp_ln148, i8 1, i8 %add_ln148_1" [cnn.cpp:148]   --->   Operation 30 'select' 'select_ln148_4' <Predicate = (!icmp_ln147)> <Delay = 0.44> <CoreInst = "Sel">   --->   Core 73 'Sel' <Latency = 0> <II = 1> <Delay = 0.44> <FuncUnit> <Opcode : 'select'> <InPorts = 3> <OutPorts = 1>
ST_1 : Operation 31 [1/1] (0.48ns)   --->   "%store_ln149 = store i11 %add_ln147_1, i11 %indvar_flatten148" [cnn.cpp:149]   --->   Operation 31 'store' 'store_ln149' <Predicate = (!icmp_ln147)> <Delay = 0.48>
ST_1 : Operation 32 [1/1] (0.48ns)   --->   "%store_ln149 = store i8 %select_ln148_4, i8 %indvar_flatten124" [cnn.cpp:149]   --->   Operation 32 'store' 'store_ln149' <Predicate = (!icmp_ln147)> <Delay = 0.48>

State 2 <SV = 1> <Delay = 6.47>
ST_2 : Operation 33 [1/1] (0.00ns)   --->   "%r_1 = load i4 %r"   --->   Operation 33 'load' 'r_1' <Predicate = true> <Delay = 0.00>
ST_2 : Operation 34 [1/1] (0.00ns)   --->   "%tmp_s = bitconcatenate i5 @_ssdm_op_BitConcatenate.i5.i4.i1, i4 %r_1, i1 0"   --->   Operation 34 'bitconcatenate' 'tmp_s' <Predicate = true> <Delay = 0.00>
ST_2 : Operation 35 [1/1] (0.00ns)   --->   "%empty = or i5 %tmp_s, i5 1"   --->   Operation 35 'or' 'empty' <Predicate = (!icmp_ln148)> <Delay = 0.00>
ST_2 : Operation 36 [1/1] (0.00ns)   --->   "%specpipeline_ln0 = specpipeline void @_ssdm_op_SpecPipeline, i32 4294967295, i32 0, i32 1, i32 0, void @p_str"   --->   Operation 36 'specpipeline' 'specpipeline_ln0' <Predicate = true> <Delay = 0.00>
ST_2 : Operation 37 [1/1] (0.00ns)   --->   "%c_load = load i4 %c" [cnn.cpp:149]   --->   Operation 37 'load' 'c_load' <Predicate = (!icmp_ln147)> <Delay = 0.00>
ST_2 : Operation 38 [1/1] (0.00ns)   --->   "%f_load = load i4 %f" [cnn.cpp:147]   --->   Operation 38 'load' 'f_load' <Predicate = (!icmp_ln147)> <Delay = 0.00>
ST_2 : Operation 39 [1/1] (0.86ns)   --->   "%add_ln147 = add i4 %f_load, i4 1" [cnn.cpp:147]   --->   Operation 39 'add' 'add_ln147' <Predicate = (!icmp_ln147 & icmp_ln148)> <Delay = 0.86> <CoreInst = "Adder">   --->   Core 1 'Adder' <Latency = 0> <II = 1> <Delay = 0.86> <FuncUnit> <Opcode : 'add' 'sub'> <InPorts = 2> <OutPorts = 1>
ST_2 : Operation 40 [1/1] (0.45ns)   --->   "%select_ln147 = select i1 %icmp_ln148, i4 0, i4 %r_1" [cnn.cpp:147]   --->   Operation 40 'select' 'select_ln147' <Predicate = (!icmp_ln147)> <Delay = 0.45> <CoreInst = "Sel">   --->   Core 73 'Sel' <Latency = 0> <II = 1> <Delay = 0.45> <FuncUnit> <Opcode : 'select'> <InPorts = 3> <OutPorts = 1>
ST_2 : Operation 41 [1/1] (0.45ns)   --->   "%select_ln147_1 = select i1 %icmp_ln148, i4 %add_ln147, i4 %f_load" [cnn.cpp:147]   --->   Operation 41 'select' 'select_ln147_1' <Predicate = (!icmp_ln147)> <Delay = 0.45> <CoreInst = "Sel">   --->   Core 73 'Sel' <Latency = 0> <II = 1> <Delay = 0.45> <FuncUnit> <Opcode : 'select'> <InPorts = 3> <OutPorts = 1>
ST_2 : Operation 42 [1/1] (0.00ns)   --->   "%zext_ln147 = zext i4 %select_ln147_1" [cnn.cpp:147]   --->   Operation 42 'zext' 'zext_ln147' <Predicate = (!icmp_ln147)> <Delay = 0.00>
ST_2 : Operation 43 [1/1] (0.00ns)   --->   "%zext_ln147_1 = zext i4 %select_ln147_1" [cnn.cpp:147]   --->   Operation 43 'zext' 'zext_ln147_1' <Predicate = (!icmp_ln147)> <Delay = 0.00>
ST_2 : Operation 44 [1/1] (0.00ns) (grouped into LUT with out node select_ln148_2)   --->   "%select_ln147_2 = select i1 %icmp_ln148, i5 0, i5 %tmp_s" [cnn.cpp:147]   --->   Operation 44 'select' 'select_ln147_2' <Predicate = (!icmp_ln147)> <Delay = 0.00> <CoreInst = "Sel">   --->   Core 73 'Sel' <Latency = 0> <II = 1> <Delay = 0.48> <FuncUnit> <Opcode : 'select'> <InPorts = 3> <OutPorts = 1>
ST_2 : Operation 45 [1/1] (0.00ns) (grouped into LUT with out node select_ln148_3)   --->   "%select_ln147_3 = select i1 %icmp_ln148, i5 1, i5 %empty" [cnn.cpp:147]   --->   Operation 45 'select' 'select_ln147_3' <Predicate = (!icmp_ln147)> <Delay = 0.00> <CoreInst = "Sel">   --->   Core 73 'Sel' <Latency = 0> <II = 1> <Delay = 0.48> <FuncUnit> <Opcode : 'select'> <InPorts = 3> <OutPorts = 1>
ST_2 : Operation 46 [1/1] (0.00ns) (grouped into LUT with out node and_ln147)   --->   "%xor_ln147 = xor i1 %icmp_ln148, i1 1" [cnn.cpp:147]   --->   Operation 46 'xor' 'xor_ln147' <Predicate = (!icmp_ln147)> <Delay = 0.00> <CoreInst = "LogicGate">   --->   Core 74 'LogicGate' <Latency = 0> <II = 1> <Delay = 0.33> <FuncUnit> <Opcode : 'and' 'or' 'xor'> <InPorts = 2> <OutPorts = 1>
ST_2 : Operation 47 [1/1] (0.88ns)   --->   "%icmp_ln149 = icmp_eq  i4 %c_load, i4 14" [cnn.cpp:149]   --->   Operation 47 'icmp' 'icmp_ln149' <Predicate = (!icmp_ln147)> <Delay = 0.88> <CoreInst = "Cmp">   --->   Core 9 'Cmp' <Latency = 0> <II = 1> <Delay = 0.88> <FuncUnit> <Opcode : 'icmp'> <InPorts = 2> <OutPorts = 1>
ST_2 : Operation 48 [1/1] (0.33ns) (out node of the LUT)   --->   "%and_ln147 = and i1 %icmp_ln149, i1 %xor_ln147" [cnn.cpp:147]   --->   Operation 48 'and' 'and_ln147' <Predicate = (!icmp_ln147)> <Delay = 0.33> <CoreInst = "LogicGate">   --->   Core 74 'LogicGate' <Latency = 0> <II = 1> <Delay = 0.33> <FuncUnit> <Opcode : 'and' 'or' 'xor'> <InPorts = 2> <OutPorts = 1>
ST_2 : Operation 49 [1/1] (0.86ns)   --->   "%add_ln148 = add i4 %select_ln147, i4 1" [cnn.cpp:148]   --->   Operation 49 'add' 'add_ln148' <Predicate = (!icmp_ln147)> <Delay = 0.86> <CoreInst = "Adder">   --->   Core 1 'Adder' <Latency = 0> <II = 1> <Delay = 0.86> <FuncUnit> <Opcode : 'add' 'sub'> <InPorts = 2> <OutPorts = 1>
ST_2 : Operation 50 [1/1] (0.00ns) (grouped into LUT with out node select_ln148)   --->   "%or_ln148 = or i1 %and_ln147, i1 %icmp_ln148" [cnn.cpp:148]   --->   Operation 50 'or' 'or_ln148' <Predicate = (!icmp_ln147)> <Delay = 0.00> <CoreInst = "LogicGate">   --->   Core 74 'LogicGate' <Latency = 0> <II = 1> <Delay = 0.33> <FuncUnit> <Opcode : 'and' 'or' 'xor'> <InPorts = 2> <OutPorts = 1>
ST_2 : Operation 51 [1/1] (0.45ns) (out node of the LUT)   --->   "%select_ln148 = select i1 %or_ln148, i4 0, i4 %c_load" [cnn.cpp:148]   --->   Operation 51 'select' 'select_ln148' <Predicate = (!icmp_ln147)> <Delay = 0.45> <CoreInst = "Sel">   --->   Core 73 'Sel' <Latency = 0> <II = 1> <Delay = 0.45> <FuncUnit> <Opcode : 'select'> <InPorts = 3> <OutPorts = 1>
ST_2 : Operation 52 [1/1] (0.45ns)   --->   "%select_ln148_1 = select i1 %and_ln147, i4 %add_ln148, i4 %select_ln147" [cnn.cpp:148]   --->   Operation 52 'select' 'select_ln148_1' <Predicate = (!icmp_ln147)> <Delay = 0.45> <CoreInst = "Sel">   --->   Core 73 'Sel' <Latency = 0> <II = 1> <Delay = 0.45> <FuncUnit> <Opcode : 'select'> <InPorts = 3> <OutPorts = 1>
ST_2 : Operation 53 [1/1] (0.00ns)   --->   "%tmp = bitconcatenate i8 @_ssdm_op_BitConcatenate.i8.i4.i4, i4 %select_ln148_1, i4 0" [cnn.cpp:157]   --->   Operation 53 'bitconcatenate' 'tmp' <Predicate = (!icmp_ln147)> <Delay = 0.00>
ST_2 : Operation 54 [1/1] (0.00ns)   --->   "%tmp_1 = bitconcatenate i5 @_ssdm_op_BitConcatenate.i5.i4.i1, i4 %select_ln148_1, i1 0" [cnn.cpp:157]   --->   Operation 54 'bitconcatenate' 'tmp_1' <Predicate = (!icmp_ln147)> <Delay = 0.00>
ST_2 : Operation 55 [1/1] (0.00ns)   --->   "%zext_ln157 = zext i5 %tmp_1" [cnn.cpp:157]   --->   Operation 55 'zext' 'zext_ln157' <Predicate = (!icmp_ln147)> <Delay = 0.00>
ST_2 : Operation 56 [1/1] (0.00ns) (grouped into TernaryAdder)   --->   "%sub_ln157 = sub i8 %tmp, i8 %zext_ln157" [cnn.cpp:157]   --->   Operation 56 'sub' 'sub_ln157' <Predicate = (!icmp_ln147)> <Delay = 0.00> <CoreInst = "TAddSub">   --->   Core 10 'TAddSub' <Latency = 0> <II = 1> <Delay = 0.61> <IPBlock> <Opcode : 'add' 'sub'> <InPorts = 3> <OutPorts = 1> <Sync> <CReg>
ST_2 : Operation 57 [1/1] (0.00ns)   --->   "%p_mid2 = bitconcatenate i5 @_ssdm_op_BitConcatenate.i5.i4.i1, i4 %add_ln148, i1 0" [cnn.cpp:148]   --->   Operation 57 'bitconcatenate' 'p_mid2' <Predicate = (!icmp_ln147)> <Delay = 0.00>
ST_2 : Operation 58 [1/1] (0.48ns) (out node of the LUT)   --->   "%select_ln148_2 = select i1 %and_ln147, i5 %p_mid2, i5 %select_ln147_2" [cnn.cpp:148]   --->   Operation 58 'select' 'select_ln148_2' <Predicate = (!icmp_ln147)> <Delay = 0.48> <CoreInst = "Sel">   --->   Core 73 'Sel' <Latency = 0> <II = 1> <Delay = 0.48> <FuncUnit> <Opcode : 'select'> <InPorts = 3> <OutPorts = 1>
ST_2 : Operation 59 [1/1] (0.00ns)   --->   "%zext_ln153 = zext i5 %select_ln148_2" [cnn.cpp:153]   --->   Operation 59 'zext' 'zext_ln153' <Predicate = (!icmp_ln147)> <Delay = 0.00>
ST_2 : Operation 60 [1/1] (1.42ns)   --->   "%mul_ln153 = mul i10 %zext_ln153, i10 29" [cnn.cpp:153]   --->   Operation 60 'mul' 'mul_ln153' <Predicate = (!icmp_ln147)> <Delay = 1.42> <CoreInst = "Multiplier">   --->   Core 3 'Multiplier' <Latency = 0> <II = 1> <Delay = 1.42> <FuncUnit> <Opcode : 'mul'> <InPorts = 2> <OutPorts = 1>
ST_2 : Operation 61 [1/1] (0.00ns) (grouped into LUT with out node select_ln148_3)   --->   "%p_mid1122 = or i5 %p_mid2, i5 1" [cnn.cpp:148]   --->   Operation 61 'or' 'p_mid1122' <Predicate = (!icmp_ln147)> <Delay = 0.00>
ST_2 : Operation 62 [1/1] (0.48ns) (out node of the LUT)   --->   "%select_ln148_3 = select i1 %and_ln147, i5 %p_mid1122, i5 %select_ln147_3" [cnn.cpp:148]   --->   Operation 62 'select' 'select_ln148_3' <Predicate = (!icmp_ln147)> <Delay = 0.48> <CoreInst = "Sel">   --->   Core 73 'Sel' <Latency = 0> <II = 1> <Delay = 0.48> <FuncUnit> <Opcode : 'select'> <InPorts = 3> <OutPorts = 1>
ST_2 : Operation 63 [1/1] (0.00ns)   --->   "%zext_ln153_1 = zext i5 %select_ln148_3" [cnn.cpp:153]   --->   Operation 63 'zext' 'zext_ln153_1' <Predicate = (!icmp_ln147)> <Delay = 0.00>
ST_2 : Operation 64 [1/1] (1.42ns)   --->   "%mul_ln153_1 = mul i10 %zext_ln153_1, i10 29" [cnn.cpp:153]   --->   Operation 64 'mul' 'mul_ln153_1' <Predicate = (!icmp_ln147)> <Delay = 1.42> <CoreInst = "Multiplier">   --->   Core 3 'Multiplier' <Latency = 0> <II = 1> <Delay = 1.42> <FuncUnit> <Opcode : 'mul'> <InPorts = 2> <OutPorts = 1>
ST_2 : Operation 65 [1/1] (0.00ns)   --->   "%zext_ln157_1 = zext i4 %select_ln148" [cnn.cpp:157]   --->   Operation 65 'zext' 'zext_ln157_1' <Predicate = (!icmp_ln147)> <Delay = 0.00>
ST_2 : Operation 66 [1/1] (1.22ns) (root node of TernaryAdder)   --->   "%add_ln157 = add i8 %sub_ln157, i8 %zext_ln157_1" [cnn.cpp:157]   --->   Operation 66 'add' 'add_ln157' <Predicate = (!icmp_ln147)> <Delay = 1.22> <CoreInst = "TAddSub">   --->   Core 10 'TAddSub' <Latency = 0> <II = 1> <Delay = 0.61> <IPBlock> <Opcode : 'add' 'sub'> <InPorts = 3> <OutPorts = 1> <Sync> <CReg>
ST_2 : Operation 67 [1/1] (0.00ns)   --->   "%tmp_7 = bitconcatenate i11 @_ssdm_op_BitConcatenate.i11.i8.i3, i8 %add_ln157, i3 0" [cnn.cpp:157]   --->   Operation 67 'bitconcatenate' 'tmp_7' <Predicate = (!icmp_ln147)> <Delay = 0.00>
ST_2 : Operation 68 [1/1] (0.94ns)   --->   "%add_ln157_1 = add i11 %tmp_7, i11 %zext_ln147_1" [cnn.cpp:157]   --->   Operation 68 'add' 'add_ln157_1' <Predicate = (!icmp_ln147)> <Delay = 0.94> <CoreInst = "Adder">   --->   Core 1 'Adder' <Latency = 0> <II = 1> <Delay = 0.94> <FuncUnit> <Opcode : 'add' 'sub'> <InPorts = 2> <OutPorts = 1>
ST_2 : Operation 69 [1/1] (0.00ns)   --->   "%tmp_8 = bitconcatenate i5 @_ssdm_op_BitConcatenate.i5.i4.i1, i4 %select_ln148, i1 0" [cnn.cpp:148]   --->   Operation 69 'bitconcatenate' 'tmp_8' <Predicate = (!icmp_ln147)> <Delay = 0.00>
ST_2 : Operation 70 [1/1] (0.00ns)   --->   "%zext_ln153_2 = zext i5 %tmp_8" [cnn.cpp:153]   --->   Operation 70 'zext' 'zext_ln153_2' <Predicate = (!icmp_ln147)> <Delay = 0.00>
ST_2 : Operation 71 [1/1] (0.93ns)   --->   "%add_ln153 = add i10 %mul_ln153, i10 %zext_ln153_2" [cnn.cpp:153]   --->   Operation 71 'add' 'add_ln153' <Predicate = (!icmp_ln147)> <Delay = 0.93> <CoreInst = "Adder">   --->   Core 1 'Adder' <Latency = 0> <II = 1> <Delay = 0.93> <FuncUnit> <Opcode : 'add' 'sub'> <InPorts = 2> <OutPorts = 1>
ST_2 : Operation 72 [1/1] (0.00ns)   --->   "%tmp_9 = bitconcatenate i13 @_ssdm_op_BitConcatenate.i13.i10.i3, i10 %add_ln153, i3 0" [cnn.cpp:153]   --->   Operation 72 'bitconcatenate' 'tmp_9' <Predicate = (!icmp_ln147)> <Delay = 0.00>
ST_2 : Operation 73 [1/1] (0.97ns)   --->   "%add_ln153_1 = add i13 %tmp_9, i13 %zext_ln147" [cnn.cpp:153]   --->   Operation 73 'add' 'add_ln153_1' <Predicate = (!icmp_ln147)> <Delay = 0.97> <CoreInst = "Adder">   --->   Core 1 'Adder' <Latency = 0> <II = 1> <Delay = 0.97> <FuncUnit> <Opcode : 'add' 'sub'> <InPorts = 2> <OutPorts = 1>
ST_2 : Operation 74 [1/1] (0.00ns)   --->   "%zext_ln153_3 = zext i13 %add_ln153_1" [cnn.cpp:153]   --->   Operation 74 'zext' 'zext_ln153_3' <Predicate = (!icmp_ln147)> <Delay = 0.00>
ST_2 : Operation 75 [1/1] (0.00ns)   --->   "%layer2_conv_addr = getelementptr i32 %layer2_conv, i64 0, i64 %zext_ln153_3" [cnn.cpp:153]   --->   Operation 75 'getelementptr' 'layer2_conv_addr' <Predicate = (!icmp_ln147)> <Delay = 0.00>
ST_2 : Operation 76 [1/1] (0.93ns)   --->   "%add_ln153_2 = add i10 %mul_ln153_1, i10 %zext_ln153_2" [cnn.cpp:153]   --->   Operation 76 'add' 'add_ln153_2' <Predicate = (!icmp_ln147)> <Delay = 0.93> <CoreInst = "Adder">   --->   Core 1 'Adder' <Latency = 0> <II = 1> <Delay = 0.93> <FuncUnit> <Opcode : 'add' 'sub'> <InPorts = 2> <OutPorts = 1>
ST_2 : Operation 77 [1/1] (0.00ns)   --->   "%tmp_10 = bitconcatenate i13 @_ssdm_op_BitConcatenate.i13.i10.i3, i10 %add_ln153_2, i3 0" [cnn.cpp:153]   --->   Operation 77 'bitconcatenate' 'tmp_10' <Predicate = (!icmp_ln147)> <Delay = 0.00>
ST_2 : Operation 78 [1/1] (0.97ns)   --->   "%add_ln153_3 = add i13 %tmp_10, i13 %zext_ln147" [cnn.cpp:153]   --->   Operation 78 'add' 'add_ln153_3' <Predicate = (!icmp_ln147)> <Delay = 0.97> <CoreInst = "Adder">   --->   Core 1 'Adder' <Latency = 0> <II = 1> <Delay = 0.97> <FuncUnit> <Opcode : 'add' 'sub'> <InPorts = 2> <OutPorts = 1>
ST_2 : Operation 79 [1/1] (0.00ns)   --->   "%zext_ln153_4 = zext i13 %add_ln153_3" [cnn.cpp:153]   --->   Operation 79 'zext' 'zext_ln153_4' <Predicate = (!icmp_ln147)> <Delay = 0.00>
ST_2 : Operation 80 [1/1] (0.00ns)   --->   "%layer2_conv_addr_1 = getelementptr i32 %layer2_conv, i64 0, i64 %zext_ln153_4" [cnn.cpp:153]   --->   Operation 80 'getelementptr' 'layer2_conv_addr_1' <Predicate = (!icmp_ln147)> <Delay = 0.00>
ST_2 : Operation 81 [2/2] (1.35ns)   --->   "%layer2_conv_load = load i13 %layer2_conv_addr" [cnn.cpp:153]   --->   Operation 81 'load' 'layer2_conv_load' <Predicate = (!icmp_ln147)> <Delay = 1.35> <CoreInst = "RAM_1WnR">   --->   Core 84 'RAM_1WnR' <Latency = 1> <II = 1> <Delay = 1.35> <Storage> <Opcode : 'load' 'store'> <Ports = 17> <Width = 32> <Depth = 6728> <RAM>
ST_2 : Operation 82 [1/1] (0.00ns)   --->   "%or_ln153 = or i5 %tmp_8, i5 1" [cnn.cpp:153]   --->   Operation 82 'or' 'or_ln153' <Predicate = (!icmp_ln147)> <Delay = 0.00>
ST_2 : Operation 83 [1/1] (0.00ns)   --->   "%zext_ln153_5 = zext i5 %or_ln153" [cnn.cpp:153]   --->   Operation 83 'zext' 'zext_ln153_5' <Predicate = (!icmp_ln147)> <Delay = 0.00>
ST_2 : Operation 84 [1/1] (0.93ns)   --->   "%add_ln153_4 = add i10 %mul_ln153, i10 %zext_ln153_5" [cnn.cpp:153]   --->   Operation 84 'add' 'add_ln153_4' <Predicate = (!icmp_ln147)> <Delay = 0.93> <CoreInst = "Adder">   --->   Core 1 'Adder' <Latency = 0> <II = 1> <Delay = 0.93> <FuncUnit> <Opcode : 'add' 'sub'> <InPorts = 2> <OutPorts = 1>
ST_2 : Operation 85 [1/1] (0.00ns)   --->   "%tmp_13 = bitconcatenate i13 @_ssdm_op_BitConcatenate.i13.i10.i3, i10 %add_ln153_4, i3 0" [cnn.cpp:153]   --->   Operation 85 'bitconcatenate' 'tmp_13' <Predicate = (!icmp_ln147)> <Delay = 0.00>
ST_2 : Operation 86 [1/1] (0.97ns)   --->   "%add_ln153_5 = add i13 %tmp_13, i13 %zext_ln147" [cnn.cpp:153]   --->   Operation 86 'add' 'add_ln153_5' <Predicate = (!icmp_ln147)> <Delay = 0.97> <CoreInst = "Adder">   --->   Core 1 'Adder' <Latency = 0> <II = 1> <Delay = 0.97> <FuncUnit> <Opcode : 'add' 'sub'> <InPorts = 2> <OutPorts = 1>
ST_2 : Operation 87 [1/1] (0.00ns)   --->   "%zext_ln153_6 = zext i13 %add_ln153_5" [cnn.cpp:153]   --->   Operation 87 'zext' 'zext_ln153_6' <Predicate = (!icmp_ln147)> <Delay = 0.00>
ST_2 : Operation 88 [1/1] (0.00ns)   --->   "%layer2_conv_addr_2 = getelementptr i32 %layer2_conv, i64 0, i64 %zext_ln153_6" [cnn.cpp:153]   --->   Operation 88 'getelementptr' 'layer2_conv_addr_2' <Predicate = (!icmp_ln147)> <Delay = 0.00>
ST_2 : Operation 89 [1/1] (0.93ns)   --->   "%add_ln153_6 = add i10 %mul_ln153_1, i10 %zext_ln153_5" [cnn.cpp:153]   --->   Operation 89 'add' 'add_ln153_6' <Predicate = (!icmp_ln147)> <Delay = 0.93> <CoreInst = "Adder">   --->   Core 1 'Adder' <Latency = 0> <II = 1> <Delay = 0.93> <FuncUnit> <Opcode : 'add' 'sub'> <InPorts = 2> <OutPorts = 1>
ST_2 : Operation 90 [1/1] (0.00ns)   --->   "%tmp_14 = bitconcatenate i13 @_ssdm_op_BitConcatenate.i13.i10.i3, i10 %add_ln153_6, i3 0" [cnn.cpp:153]   --->   Operation 90 'bitconcatenate' 'tmp_14' <Predicate = (!icmp_ln147)> <Delay = 0.00>
ST_2 : Operation 91 [1/1] (0.97ns)   --->   "%add_ln153_7 = add i13 %tmp_14, i13 %zext_ln147" [cnn.cpp:153]   --->   Operation 91 'add' 'add_ln153_7' <Predicate = (!icmp_ln147)> <Delay = 0.97> <CoreInst = "Adder">   --->   Core 1 'Adder' <Latency = 0> <II = 1> <Delay = 0.97> <FuncUnit> <Opcode : 'add' 'sub'> <InPorts = 2> <OutPorts = 1>
ST_2 : Operation 92 [1/1] (0.00ns)   --->   "%zext_ln153_7 = zext i13 %add_ln153_7" [cnn.cpp:153]   --->   Operation 92 'zext' 'zext_ln153_7' <Predicate = (!icmp_ln147)> <Delay = 0.00>
ST_2 : Operation 93 [1/1] (0.00ns)   --->   "%layer2_conv_addr_3 = getelementptr i32 %layer2_conv, i64 0, i64 %zext_ln153_7" [cnn.cpp:153]   --->   Operation 93 'getelementptr' 'layer2_conv_addr_3' <Predicate = (!icmp_ln147)> <Delay = 0.00>
ST_2 : Operation 94 [2/2] (1.35ns)   --->   "%layer2_conv_load_1 = load i13 %layer2_conv_addr_2" [cnn.cpp:153]   --->   Operation 94 'load' 'layer2_conv_load_1' <Predicate = (!icmp_ln147)> <Delay = 1.35> <CoreInst = "RAM_1WnR">   --->   Core 84 'RAM_1WnR' <Latency = 1> <II = 1> <Delay = 1.35> <Storage> <Opcode : 'load' 'store'> <Ports = 17> <Width = 32> <Depth = 6728> <RAM>
ST_2 : Operation 95 [2/2] (1.35ns)   --->   "%layer2_conv_load_2 = load i13 %layer2_conv_addr_1" [cnn.cpp:153]   --->   Operation 95 'load' 'layer2_conv_load_2' <Predicate = (!icmp_ln147)> <Delay = 1.35> <CoreInst = "RAM_1WnR">   --->   Core 84 'RAM_1WnR' <Latency = 1> <II = 1> <Delay = 1.35> <Storage> <Opcode : 'load' 'store'> <Ports = 17> <Width = 32> <Depth = 6728> <RAM>
ST_2 : Operation 96 [2/2] (1.35ns)   --->   "%layer2_conv_load_3 = load i13 %layer2_conv_addr_3" [cnn.cpp:153]   --->   Operation 96 'load' 'layer2_conv_load_3' <Predicate = (!icmp_ln147)> <Delay = 1.35> <CoreInst = "RAM_1WnR">   --->   Core 84 'RAM_1WnR' <Latency = 1> <II = 1> <Delay = 1.35> <Storage> <Opcode : 'load' 'store'> <Ports = 17> <Width = 32> <Depth = 6728> <RAM>
ST_2 : Operation 97 [1/1] (0.86ns)   --->   "%add_ln149 = add i4 %select_ln148, i4 1" [cnn.cpp:149]   --->   Operation 97 'add' 'add_ln149' <Predicate = (!icmp_ln147)> <Delay = 0.86> <CoreInst = "Adder">   --->   Core 1 'Adder' <Latency = 0> <II = 1> <Delay = 0.86> <FuncUnit> <Opcode : 'add' 'sub'> <InPorts = 2> <OutPorts = 1>
ST_2 : Operation 98 [1/1] (0.48ns)   --->   "%store_ln149 = store i4 %select_ln147_1, i4 %f" [cnn.cpp:149]   --->   Operation 98 'store' 'store_ln149' <Predicate = (!icmp_ln147)> <Delay = 0.48>
ST_2 : Operation 99 [1/1] (0.48ns)   --->   "%store_ln149 = store i4 %select_ln148_1, i4 %r" [cnn.cpp:149]   --->   Operation 99 'store' 'store_ln149' <Predicate = (!icmp_ln147)> <Delay = 0.48>
ST_2 : Operation 100 [1/1] (0.48ns)   --->   "%store_ln149 = store i4 %add_ln149, i4 %c" [cnn.cpp:149]   --->   Operation 100 'store' 'store_ln149' <Predicate = (!icmp_ln147)> <Delay = 0.48>

State 3 <SV = 2> <Delay = 4.70>
ST_3 : Operation 101 [1/2] (1.35ns)   --->   "%layer2_conv_load = load i13 %layer2_conv_addr" [cnn.cpp:153]   --->   Operation 101 'load' 'layer2_conv_load' <Predicate = true> <Delay = 1.35> <CoreInst = "RAM_1WnR">   --->   Core 84 'RAM_1WnR' <Latency = 1> <II = 1> <Delay = 1.35> <Storage> <Opcode : 'load' 'store'> <Ports = 17> <Width = 32> <Depth = 6728> <RAM>
ST_3 : Operation 102 [2/2] (3.34ns)   --->   "%tmp_12 = fcmp_ogt  i32 %layer2_conv_load, i32 -1e+09" [cnn.cpp:154]   --->   Operation 102 'fcmp' 'tmp_12' <Predicate = true> <Delay = 3.34> <CoreInst = "FCompare">   --->   Core 19 'FCompare' <Latency = 1> <II = 1> <Delay = 3.34> <FuncUnit> <Opcode : 'fcmp'> <InPorts = 2> <OutPorts = 1>
ST_3 : Operation 103 [1/2] (1.35ns)   --->   "%layer2_conv_load_1 = load i13 %layer2_conv_addr_2" [cnn.cpp:153]   --->   Operation 103 'load' 'layer2_conv_load_1' <Predicate = true> <Delay = 1.35> <CoreInst = "RAM_1WnR">   --->   Core 84 'RAM_1WnR' <Latency = 1> <II = 1> <Delay = 1.35> <Storage> <Opcode : 'load' 'store'> <Ports = 17> <Width = 32> <Depth = 6728> <RAM>
ST_3 : Operation 104 [1/2] (1.35ns)   --->   "%layer2_conv_load_2 = load i13 %layer2_conv_addr_1" [cnn.cpp:153]   --->   Operation 104 'load' 'layer2_conv_load_2' <Predicate = true> <Delay = 1.35> <CoreInst = "RAM_1WnR">   --->   Core 84 'RAM_1WnR' <Latency = 1> <II = 1> <Delay = 1.35> <Storage> <Opcode : 'load' 'store'> <Ports = 17> <Width = 32> <Depth = 6728> <RAM>
ST_3 : Operation 105 [1/2] (1.35ns)   --->   "%layer2_conv_load_3 = load i13 %layer2_conv_addr_3" [cnn.cpp:153]   --->   Operation 105 'load' 'layer2_conv_load_3' <Predicate = true> <Delay = 1.35> <CoreInst = "RAM_1WnR">   --->   Core 84 'RAM_1WnR' <Latency = 1> <II = 1> <Delay = 1.35> <Storage> <Opcode : 'load' 'store'> <Ports = 17> <Width = 32> <Depth = 6728> <RAM>

State 4 <SV = 3> <Delay = 7.22>
ST_4 : Operation 106 [1/1] (0.00ns)   --->   "%bitcast_ln154 = bitcast i32 %layer2_conv_load" [cnn.cpp:154]   --->   Operation 106 'bitcast' 'bitcast_ln154' <Predicate = true> <Delay = 0.00>
ST_4 : Operation 107 [1/1] (0.00ns)   --->   "%tmp_11 = partselect i8 @_ssdm_op_PartSelect.i8.i32.i32.i32, i32 %bitcast_ln154, i32 23, i32 30" [cnn.cpp:154]   --->   Operation 107 'partselect' 'tmp_11' <Predicate = true> <Delay = 0.00>
ST_4 : Operation 108 [1/1] (0.00ns)   --->   "%trunc_ln154 = trunc i32 %bitcast_ln154" [cnn.cpp:154]   --->   Operation 108 'trunc' 'trunc_ln154' <Predicate = true> <Delay = 0.00>
ST_4 : Operation 109 [1/1] (0.85ns)   --->   "%icmp_ln154 = icmp_ne  i8 %tmp_11, i8 255" [cnn.cpp:154]   --->   Operation 109 'icmp' 'icmp_ln154' <Predicate = true> <Delay = 0.85> <CoreInst = "Cmp">   --->   Core 9 'Cmp' <Latency = 0> <II = 1> <Delay = 0.85> <FuncUnit> <Opcode : 'icmp'> <InPorts = 2> <OutPorts = 1>
ST_4 : Operation 110 [1/1] (0.97ns)   --->   "%icmp_ln154_1 = icmp_eq  i23 %trunc_ln154, i23 0" [cnn.cpp:154]   --->   Operation 110 'icmp' 'icmp_ln154_1' <Predicate = true> <Delay = 0.97> <CoreInst = "Cmp">   --->   Core 9 'Cmp' <Latency = 0> <II = 1> <Delay = 0.97> <FuncUnit> <Opcode : 'icmp'> <InPorts = 2> <OutPorts = 1>
ST_4 : Operation 111 [1/1] (0.00ns) (grouped into LUT with out node select_ln154)   --->   "%or_ln154 = or i1 %icmp_ln154_1, i1 %icmp_ln154" [cnn.cpp:154]   --->   Operation 111 'or' 'or_ln154' <Predicate = true> <Delay = 0.00> <CoreInst = "LogicGate">   --->   Core 74 'LogicGate' <Latency = 0> <II = 1> <Delay = 0.33> <FuncUnit> <Opcode : 'and' 'or' 'xor'> <InPorts = 2> <OutPorts = 1>
ST_4 : Operation 112 [1/2] (3.34ns)   --->   "%tmp_12 = fcmp_ogt  i32 %layer2_conv_load, i32 -1e+09" [cnn.cpp:154]   --->   Operation 112 'fcmp' 'tmp_12' <Predicate = true> <Delay = 3.34> <CoreInst = "FCompare">   --->   Core 19 'FCompare' <Latency = 1> <II = 1> <Delay = 3.34> <FuncUnit> <Opcode : 'fcmp'> <InPorts = 2> <OutPorts = 1>
ST_4 : Operation 113 [1/1] (0.00ns) (grouped into LUT with out node select_ln154)   --->   "%and_ln154 = and i1 %or_ln154, i1 %tmp_12" [cnn.cpp:154]   --->   Operation 113 'and' 'and_ln154' <Predicate = true> <Delay = 0.00> <CoreInst = "LogicGate">   --->   Core 74 'LogicGate' <Latency = 0> <II = 1> <Delay = 0.33> <FuncUnit> <Opcode : 'and' 'or' 'xor'> <InPorts = 2> <OutPorts = 1>
ST_4 : Operation 114 [1/1] (0.52ns) (out node of the LUT)   --->   "%select_ln154 = select i1 %and_ln154, i32 %layer2_conv_load, i32 -1e+09" [cnn.cpp:154]   --->   Operation 114 'select' 'select_ln154' <Predicate = true> <Delay = 0.52> <CoreInst = "Sel">   --->   Core 73 'Sel' <Latency = 0> <II = 1> <Delay = 0.52> <FuncUnit> <Opcode : 'select'> <InPorts = 3> <OutPorts = 1>
ST_4 : Operation 115 [2/2] (3.34ns)   --->   "%tmp_17 = fcmp_ogt  i32 %layer2_conv_load_1, i32 %select_ln154" [cnn.cpp:154]   --->   Operation 115 'fcmp' 'tmp_17' <Predicate = true> <Delay = 3.34> <CoreInst = "FCompare">   --->   Core 19 'FCompare' <Latency = 1> <II = 1> <Delay = 3.34> <FuncUnit> <Opcode : 'fcmp'> <InPorts = 2> <OutPorts = 1>

State 5 <SV = 4> <Delay = 4.20>
ST_5 : Operation 116 [1/1] (0.00ns)   --->   "%bitcast_ln154_1 = bitcast i32 %layer2_conv_load_1" [cnn.cpp:154]   --->   Operation 116 'bitcast' 'bitcast_ln154_1' <Predicate = true> <Delay = 0.00>
ST_5 : Operation 117 [1/1] (0.00ns)   --->   "%tmp_15 = partselect i8 @_ssdm_op_PartSelect.i8.i32.i32.i32, i32 %bitcast_ln154_1, i32 23, i32 30" [cnn.cpp:154]   --->   Operation 117 'partselect' 'tmp_15' <Predicate = true> <Delay = 0.00>
ST_5 : Operation 118 [1/1] (0.00ns)   --->   "%trunc_ln154_1 = trunc i32 %bitcast_ln154_1" [cnn.cpp:154]   --->   Operation 118 'trunc' 'trunc_ln154_1' <Predicate = true> <Delay = 0.00>
ST_5 : Operation 119 [1/1] (0.00ns)   --->   "%bitcast_ln154_2 = bitcast i32 %select_ln154" [cnn.cpp:154]   --->   Operation 119 'bitcast' 'bitcast_ln154_2' <Predicate = true> <Delay = 0.00>
ST_5 : Operation 120 [1/1] (0.00ns)   --->   "%tmp_16 = partselect i8 @_ssdm_op_PartSelect.i8.i32.i32.i32, i32 %bitcast_ln154_2, i32 23, i32 30" [cnn.cpp:154]   --->   Operation 120 'partselect' 'tmp_16' <Predicate = true> <Delay = 0.00>
ST_5 : Operation 121 [1/1] (0.00ns)   --->   "%trunc_ln154_2 = trunc i32 %bitcast_ln154_2" [cnn.cpp:154]   --->   Operation 121 'trunc' 'trunc_ln154_2' <Predicate = true> <Delay = 0.00>
ST_5 : Operation 122 [1/1] (0.85ns)   --->   "%icmp_ln154_2 = icmp_ne  i8 %tmp_15, i8 255" [cnn.cpp:154]   --->   Operation 122 'icmp' 'icmp_ln154_2' <Predicate = true> <Delay = 0.85> <CoreInst = "Cmp">   --->   Core 9 'Cmp' <Latency = 0> <II = 1> <Delay = 0.85> <FuncUnit> <Opcode : 'icmp'> <InPorts = 2> <OutPorts = 1>
ST_5 : Operation 123 [1/1] (0.97ns)   --->   "%icmp_ln154_3 = icmp_eq  i23 %trunc_ln154_1, i23 0" [cnn.cpp:154]   --->   Operation 123 'icmp' 'icmp_ln154_3' <Predicate = true> <Delay = 0.97> <CoreInst = "Cmp">   --->   Core 9 'Cmp' <Latency = 0> <II = 1> <Delay = 0.97> <FuncUnit> <Opcode : 'icmp'> <InPorts = 2> <OutPorts = 1>
ST_5 : Operation 124 [1/1] (0.00ns) (grouped into LUT with out node and_ln154_2)   --->   "%or_ln154_1 = or i1 %icmp_ln154_3, i1 %icmp_ln154_2" [cnn.cpp:154]   --->   Operation 124 'or' 'or_ln154_1' <Predicate = true> <Delay = 0.00> <CoreInst = "LogicGate">   --->   Core 74 'LogicGate' <Latency = 0> <II = 1> <Delay = 0.33> <FuncUnit> <Opcode : 'and' 'or' 'xor'> <InPorts = 2> <OutPorts = 1>
ST_5 : Operation 125 [1/1] (0.85ns)   --->   "%icmp_ln154_4 = icmp_ne  i8 %tmp_16, i8 255" [cnn.cpp:154]   --->   Operation 125 'icmp' 'icmp_ln154_4' <Predicate = true> <Delay = 0.85> <CoreInst = "Cmp">   --->   Core 9 'Cmp' <Latency = 0> <II = 1> <Delay = 0.85> <FuncUnit> <Opcode : 'icmp'> <InPorts = 2> <OutPorts = 1>
ST_5 : Operation 126 [1/1] (0.97ns)   --->   "%icmp_ln154_5 = icmp_eq  i23 %trunc_ln154_2, i23 0" [cnn.cpp:154]   --->   Operation 126 'icmp' 'icmp_ln154_5' <Predicate = true> <Delay = 0.97> <CoreInst = "Cmp">   --->   Core 9 'Cmp' <Latency = 0> <II = 1> <Delay = 0.97> <FuncUnit> <Opcode : 'icmp'> <InPorts = 2> <OutPorts = 1>
ST_5 : Operation 127 [1/1] (0.00ns) (grouped into LUT with out node and_ln154_2)   --->   "%or_ln154_2 = or i1 %icmp_ln154_5, i1 %icmp_ln154_4" [cnn.cpp:154]   --->   Operation 127 'or' 'or_ln154_2' <Predicate = true> <Delay = 0.00> <CoreInst = "LogicGate">   --->   Core 74 'LogicGate' <Latency = 0> <II = 1> <Delay = 0.33> <FuncUnit> <Opcode : 'and' 'or' 'xor'> <InPorts = 2> <OutPorts = 1>
ST_5 : Operation 128 [1/1] (0.00ns) (grouped into LUT with out node and_ln154_2)   --->   "%and_ln154_1 = and i1 %or_ln154_1, i1 %or_ln154_2" [cnn.cpp:154]   --->   Operation 128 'and' 'and_ln154_1' <Predicate = true> <Delay = 0.00> <CoreInst = "LogicGate">   --->   Core 74 'LogicGate' <Latency = 0> <II = 1> <Delay = 0.33> <FuncUnit> <Opcode : 'and' 'or' 'xor'> <InPorts = 2> <OutPorts = 1>
ST_5 : Operation 129 [1/2] (3.34ns)   --->   "%tmp_17 = fcmp_ogt  i32 %layer2_conv_load_1, i32 %select_ln154" [cnn.cpp:154]   --->   Operation 129 'fcmp' 'tmp_17' <Predicate = true> <Delay = 3.34> <CoreInst = "FCompare">   --->   Core 19 'FCompare' <Latency = 1> <II = 1> <Delay = 3.34> <FuncUnit> <Opcode : 'fcmp'> <InPorts = 2> <OutPorts = 1>
ST_5 : Operation 130 [1/1] (0.33ns) (out node of the LUT)   --->   "%and_ln154_2 = and i1 %and_ln154_1, i1 %tmp_17" [cnn.cpp:154]   --->   Operation 130 'and' 'and_ln154_2' <Predicate = true> <Delay = 0.33> <CoreInst = "LogicGate">   --->   Core 74 'LogicGate' <Latency = 0> <II = 1> <Delay = 0.33> <FuncUnit> <Opcode : 'and' 'or' 'xor'> <InPorts = 2> <OutPorts = 1>
ST_5 : Operation 131 [1/1] (0.52ns) (out node of the LUT)   --->   "%select_ln154_1 = select i1 %and_ln154_2, i32 %layer2_conv_load_1, i32 %select_ln154" [cnn.cpp:154]   --->   Operation 131 'select' 'select_ln154_1' <Predicate = true> <Delay = 0.52> <CoreInst = "Sel">   --->   Core 73 'Sel' <Latency = 0> <II = 1> <Delay = 0.52> <FuncUnit> <Opcode : 'select'> <InPorts = 3> <OutPorts = 1>

State 6 <SV = 5> <Delay = 3.34>
ST_6 : Operation 132 [2/2] (3.34ns)   --->   "%tmp_20 = fcmp_ogt  i32 %layer2_conv_load_2, i32 %select_ln154_1" [cnn.cpp:154]   --->   Operation 132 'fcmp' 'tmp_20' <Predicate = true> <Delay = 3.34> <CoreInst = "FCompare">   --->   Core 19 'FCompare' <Latency = 1> <II = 1> <Delay = 3.34> <FuncUnit> <Opcode : 'fcmp'> <InPorts = 2> <OutPorts = 1>

State 7 <SV = 6> <Delay = 4.20>
ST_7 : Operation 133 [1/1] (0.00ns)   --->   "%bitcast_ln154_3 = bitcast i32 %layer2_conv_load_2" [cnn.cpp:154]   --->   Operation 133 'bitcast' 'bitcast_ln154_3' <Predicate = true> <Delay = 0.00>
ST_7 : Operation 134 [1/1] (0.00ns)   --->   "%tmp_18 = partselect i8 @_ssdm_op_PartSelect.i8.i32.i32.i32, i32 %bitcast_ln154_3, i32 23, i32 30" [cnn.cpp:154]   --->   Operation 134 'partselect' 'tmp_18' <Predicate = true> <Delay = 0.00>
ST_7 : Operation 135 [1/1] (0.00ns)   --->   "%trunc_ln154_3 = trunc i32 %bitcast_ln154_3" [cnn.cpp:154]   --->   Operation 135 'trunc' 'trunc_ln154_3' <Predicate = true> <Delay = 0.00>
ST_7 : Operation 136 [1/1] (0.00ns)   --->   "%bitcast_ln154_4 = bitcast i32 %select_ln154_1" [cnn.cpp:154]   --->   Operation 136 'bitcast' 'bitcast_ln154_4' <Predicate = true> <Delay = 0.00>
ST_7 : Operation 137 [1/1] (0.00ns)   --->   "%tmp_19 = partselect i8 @_ssdm_op_PartSelect.i8.i32.i32.i32, i32 %bitcast_ln154_4, i32 23, i32 30" [cnn.cpp:154]   --->   Operation 137 'partselect' 'tmp_19' <Predicate = true> <Delay = 0.00>
ST_7 : Operation 138 [1/1] (0.00ns)   --->   "%trunc_ln154_4 = trunc i32 %bitcast_ln154_4" [cnn.cpp:154]   --->   Operation 138 'trunc' 'trunc_ln154_4' <Predicate = true> <Delay = 0.00>
ST_7 : Operation 139 [1/1] (0.85ns)   --->   "%icmp_ln154_6 = icmp_ne  i8 %tmp_18, i8 255" [cnn.cpp:154]   --->   Operation 139 'icmp' 'icmp_ln154_6' <Predicate = true> <Delay = 0.85> <CoreInst = "Cmp">   --->   Core 9 'Cmp' <Latency = 0> <II = 1> <Delay = 0.85> <FuncUnit> <Opcode : 'icmp'> <InPorts = 2> <OutPorts = 1>
ST_7 : Operation 140 [1/1] (0.97ns)   --->   "%icmp_ln154_7 = icmp_eq  i23 %trunc_ln154_3, i23 0" [cnn.cpp:154]   --->   Operation 140 'icmp' 'icmp_ln154_7' <Predicate = true> <Delay = 0.97> <CoreInst = "Cmp">   --->   Core 9 'Cmp' <Latency = 0> <II = 1> <Delay = 0.97> <FuncUnit> <Opcode : 'icmp'> <InPorts = 2> <OutPorts = 1>
ST_7 : Operation 141 [1/1] (0.00ns) (grouped into LUT with out node and_ln154_4)   --->   "%or_ln154_3 = or i1 %icmp_ln154_7, i1 %icmp_ln154_6" [cnn.cpp:154]   --->   Operation 141 'or' 'or_ln154_3' <Predicate = true> <Delay = 0.00> <CoreInst = "LogicGate">   --->   Core 74 'LogicGate' <Latency = 0> <II = 1> <Delay = 0.33> <FuncUnit> <Opcode : 'and' 'or' 'xor'> <InPorts = 2> <OutPorts = 1>
ST_7 : Operation 142 [1/1] (0.85ns)   --->   "%icmp_ln154_8 = icmp_ne  i8 %tmp_19, i8 255" [cnn.cpp:154]   --->   Operation 142 'icmp' 'icmp_ln154_8' <Predicate = true> <Delay = 0.85> <CoreInst = "Cmp">   --->   Core 9 'Cmp' <Latency = 0> <II = 1> <Delay = 0.85> <FuncUnit> <Opcode : 'icmp'> <InPorts = 2> <OutPorts = 1>
ST_7 : Operation 143 [1/1] (0.97ns)   --->   "%icmp_ln154_9 = icmp_eq  i23 %trunc_ln154_4, i23 0" [cnn.cpp:154]   --->   Operation 143 'icmp' 'icmp_ln154_9' <Predicate = true> <Delay = 0.97> <CoreInst = "Cmp">   --->   Core 9 'Cmp' <Latency = 0> <II = 1> <Delay = 0.97> <FuncUnit> <Opcode : 'icmp'> <InPorts = 2> <OutPorts = 1>
ST_7 : Operation 144 [1/1] (0.00ns) (grouped into LUT with out node and_ln154_4)   --->   "%or_ln154_4 = or i1 %icmp_ln154_9, i1 %icmp_ln154_8" [cnn.cpp:154]   --->   Operation 144 'or' 'or_ln154_4' <Predicate = true> <Delay = 0.00> <CoreInst = "LogicGate">   --->   Core 74 'LogicGate' <Latency = 0> <II = 1> <Delay = 0.33> <FuncUnit> <Opcode : 'and' 'or' 'xor'> <InPorts = 2> <OutPorts = 1>
ST_7 : Operation 145 [1/1] (0.00ns) (grouped into LUT with out node and_ln154_4)   --->   "%and_ln154_3 = and i1 %or_ln154_3, i1 %or_ln154_4" [cnn.cpp:154]   --->   Operation 145 'and' 'and_ln154_3' <Predicate = true> <Delay = 0.00> <CoreInst = "LogicGate">   --->   Core 74 'LogicGate' <Latency = 0> <II = 1> <Delay = 0.33> <FuncUnit> <Opcode : 'and' 'or' 'xor'> <InPorts = 2> <OutPorts = 1>
ST_7 : Operation 146 [1/2] (3.34ns)   --->   "%tmp_20 = fcmp_ogt  i32 %layer2_conv_load_2, i32 %select_ln154_1" [cnn.cpp:154]   --->   Operation 146 'fcmp' 'tmp_20' <Predicate = true> <Delay = 3.34> <CoreInst = "FCompare">   --->   Core 19 'FCompare' <Latency = 1> <II = 1> <Delay = 3.34> <FuncUnit> <Opcode : 'fcmp'> <InPorts = 2> <OutPorts = 1>
ST_7 : Operation 147 [1/1] (0.33ns) (out node of the LUT)   --->   "%and_ln154_4 = and i1 %and_ln154_3, i1 %tmp_20" [cnn.cpp:154]   --->   Operation 147 'and' 'and_ln154_4' <Predicate = true> <Delay = 0.33> <CoreInst = "LogicGate">   --->   Core 74 'LogicGate' <Latency = 0> <II = 1> <Delay = 0.33> <FuncUnit> <Opcode : 'and' 'or' 'xor'> <InPorts = 2> <OutPorts = 1>
ST_7 : Operation 148 [1/1] (0.52ns) (out node of the LUT)   --->   "%select_ln154_2 = select i1 %and_ln154_4, i32 %layer2_conv_load_2, i32 %select_ln154_1" [cnn.cpp:154]   --->   Operation 148 'select' 'select_ln154_2' <Predicate = true> <Delay = 0.52> <CoreInst = "Sel">   --->   Core 73 'Sel' <Latency = 0> <II = 1> <Delay = 0.52> <FuncUnit> <Opcode : 'select'> <InPorts = 3> <OutPorts = 1>

State 8 <SV = 7> <Delay = 3.34>
ST_8 : Operation 149 [2/2] (3.34ns)   --->   "%tmp_23 = fcmp_ogt  i32 %layer2_conv_load_3, i32 %select_ln154_2" [cnn.cpp:154]   --->   Operation 149 'fcmp' 'tmp_23' <Predicate = true> <Delay = 3.34> <CoreInst = "FCompare">   --->   Core 19 'FCompare' <Latency = 1> <II = 1> <Delay = 3.34> <FuncUnit> <Opcode : 'fcmp'> <InPorts = 2> <OutPorts = 1>
ST_8 : Operation 176 [1/1] (0.00ns)   --->   "%ret_ln0 = ret"   --->   Operation 176 'ret' 'ret_ln0' <Predicate = (icmp_ln147)> <Delay = 0.00>

State 9 <SV = 8> <Delay = 5.55>
ST_9 : Operation 150 [1/1] (0.00ns)   --->   "%specloopname_ln0 = specloopname void @_ssdm_op_SpecLoopName, void @VITIS_LOOP_147_17_VITIS_LOOP_148_18_VITIS_LOOP_149_19_str"   --->   Operation 150 'specloopname' 'specloopname_ln0' <Predicate = true> <Delay = 0.00>
ST_9 : Operation 151 [1/1] (0.00ns)   --->   "%empty_31 = speclooptripcount i32 @_ssdm_op_SpecLoopTripCount, i64 1568, i64 1568, i64 1568"   --->   Operation 151 'speclooptripcount' 'empty_31' <Predicate = true> <Delay = 0.00>
ST_9 : Operation 152 [1/1] (0.00ns)   --->   "%specpipeline_ln0 = specpipeline void @_ssdm_op_SpecPipeline, i32 4294967295, i32 0, i32 1, i32 0, void @p_str"   --->   Operation 152 'specpipeline' 'specpipeline_ln0' <Predicate = true> <Delay = 0.00>
ST_9 : Operation 153 [1/1] (0.00ns)   --->   "%specloopname_ln0 = specloopname void @_ssdm_op_SpecLoopName, void @VITIS_LOOP_148_18_VITIS_LOOP_149_19_str"   --->   Operation 153 'specloopname' 'specloopname_ln0' <Predicate = true> <Delay = 0.00>
ST_9 : Operation 154 [1/1] (0.00ns)   --->   "%specpipeline_ln0 = specpipeline void @_ssdm_op_SpecPipeline, i32 4294967295, i32 0, i32 1, i32 0, void @p_str"   --->   Operation 154 'specpipeline' 'specpipeline_ln0' <Predicate = true> <Delay = 0.00>
ST_9 : Operation 155 [1/1] (0.00ns)   --->   "%zext_ln157_2 = zext i11 %add_ln157_1" [cnn.cpp:157]   --->   Operation 155 'zext' 'zext_ln157_2' <Predicate = true> <Delay = 0.00>
ST_9 : Operation 156 [1/1] (0.00ns)   --->   "%layer2_pool_addr = getelementptr i32 %layer2_pool, i64 0, i64 %zext_ln157_2" [cnn.cpp:157]   --->   Operation 156 'getelementptr' 'layer2_pool_addr' <Predicate = true> <Delay = 0.00>
ST_9 : Operation 157 [1/1] (0.00ns)   --->   "%specloopname_ln150 = specloopname void @_ssdm_op_SpecLoopName, void @empty_9" [cnn.cpp:150]   --->   Operation 157 'specloopname' 'specloopname_ln150' <Predicate = true> <Delay = 0.00>
ST_9 : Operation 158 [1/1] (0.00ns)   --->   "%bitcast_ln154_5 = bitcast i32 %layer2_conv_load_3" [cnn.cpp:154]   --->   Operation 158 'bitcast' 'bitcast_ln154_5' <Predicate = true> <Delay = 0.00>
ST_9 : Operation 159 [1/1] (0.00ns)   --->   "%tmp_21 = partselect i8 @_ssdm_op_PartSelect.i8.i32.i32.i32, i32 %bitcast_ln154_5, i32 23, i32 30" [cnn.cpp:154]   --->   Operation 159 'partselect' 'tmp_21' <Predicate = true> <Delay = 0.00>
ST_9 : Operation 160 [1/1] (0.00ns)   --->   "%trunc_ln154_5 = trunc i32 %bitcast_ln154_5" [cnn.cpp:154]   --->   Operation 160 'trunc' 'trunc_ln154_5' <Predicate = true> <Delay = 0.00>
ST_9 : Operation 161 [1/1] (0.00ns)   --->   "%bitcast_ln154_6 = bitcast i32 %select_ln154_2" [cnn.cpp:154]   --->   Operation 161 'bitcast' 'bitcast_ln154_6' <Predicate = true> <Delay = 0.00>
ST_9 : Operation 162 [1/1] (0.00ns)   --->   "%tmp_22 = partselect i8 @_ssdm_op_PartSelect.i8.i32.i32.i32, i32 %bitcast_ln154_6, i32 23, i32 30" [cnn.cpp:154]   --->   Operation 162 'partselect' 'tmp_22' <Predicate = true> <Delay = 0.00>
ST_9 : Operation 163 [1/1] (0.00ns)   --->   "%trunc_ln154_6 = trunc i32 %bitcast_ln154_6" [cnn.cpp:154]   --->   Operation 163 'trunc' 'trunc_ln154_6' <Predicate = true> <Delay = 0.00>
ST_9 : Operation 164 [1/1] (0.85ns)   --->   "%icmp_ln154_10 = icmp_ne  i8 %tmp_21, i8 255" [cnn.cpp:154]   --->   Operation 164 'icmp' 'icmp_ln154_10' <Predicate = true> <Delay = 0.85> <CoreInst = "Cmp">   --->   Core 9 'Cmp' <Latency = 0> <II = 1> <Delay = 0.85> <FuncUnit> <Opcode : 'icmp'> <InPorts = 2> <OutPorts = 1>
ST_9 : Operation 165 [1/1] (0.97ns)   --->   "%icmp_ln154_11 = icmp_eq  i23 %trunc_ln154_5, i23 0" [cnn.cpp:154]   --->   Operation 165 'icmp' 'icmp_ln154_11' <Predicate = true> <Delay = 0.97> <CoreInst = "Cmp">   --->   Core 9 'Cmp' <Latency = 0> <II = 1> <Delay = 0.97> <FuncUnit> <Opcode : 'icmp'> <InPorts = 2> <OutPorts = 1>
ST_9 : Operation 166 [1/1] (0.00ns) (grouped into LUT with out node and_ln154_6)   --->   "%or_ln154_5 = or i1 %icmp_ln154_11, i1 %icmp_ln154_10" [cnn.cpp:154]   --->   Operation 166 'or' 'or_ln154_5' <Predicate = true> <Delay = 0.00> <CoreInst = "LogicGate">   --->   Core 74 'LogicGate' <Latency = 0> <II = 1> <Delay = 0.33> <FuncUnit> <Opcode : 'and' 'or' 'xor'> <InPorts = 2> <OutPorts = 1>
ST_9 : Operation 167 [1/1] (0.85ns)   --->   "%icmp_ln154_12 = icmp_ne  i8 %tmp_22, i8 255" [cnn.cpp:154]   --->   Operation 167 'icmp' 'icmp_ln154_12' <Predicate = true> <Delay = 0.85> <CoreInst = "Cmp">   --->   Core 9 'Cmp' <Latency = 0> <II = 1> <Delay = 0.85> <FuncUnit> <Opcode : 'icmp'> <InPorts = 2> <OutPorts = 1>
ST_9 : Operation 168 [1/1] (0.97ns)   --->   "%icmp_ln154_13 = icmp_eq  i23 %trunc_ln154_6, i23 0" [cnn.cpp:154]   --->   Operation 168 'icmp' 'icmp_ln154_13' <Predicate = true> <Delay = 0.97> <CoreInst = "Cmp">   --->   Core 9 'Cmp' <Latency = 0> <II = 1> <Delay = 0.97> <FuncUnit> <Opcode : 'icmp'> <InPorts = 2> <OutPorts = 1>
ST_9 : Operation 169 [1/1] (0.00ns) (grouped into LUT with out node and_ln154_6)   --->   "%or_ln154_6 = or i1 %icmp_ln154_13, i1 %icmp_ln154_12" [cnn.cpp:154]   --->   Operation 169 'or' 'or_ln154_6' <Predicate = true> <Delay = 0.00> <CoreInst = "LogicGate">   --->   Core 74 'LogicGate' <Latency = 0> <II = 1> <Delay = 0.33> <FuncUnit> <Opcode : 'and' 'or' 'xor'> <InPorts = 2> <OutPorts = 1>
ST_9 : Operation 170 [1/1] (0.00ns) (grouped into LUT with out node and_ln154_6)   --->   "%and_ln154_5 = and i1 %or_ln154_5, i1 %or_ln154_6" [cnn.cpp:154]   --->   Operation 170 'and' 'and_ln154_5' <Predicate = true> <Delay = 0.00> <CoreInst = "LogicGate">   --->   Core 74 'LogicGate' <Latency = 0> <II = 1> <Delay = 0.33> <FuncUnit> <Opcode : 'and' 'or' 'xor'> <InPorts = 2> <OutPorts = 1>
ST_9 : Operation 171 [1/2] (3.34ns)   --->   "%tmp_23 = fcmp_ogt  i32 %layer2_conv_load_3, i32 %select_ln154_2" [cnn.cpp:154]   --->   Operation 171 'fcmp' 'tmp_23' <Predicate = true> <Delay = 3.34> <CoreInst = "FCompare">   --->   Core 19 'FCompare' <Latency = 1> <II = 1> <Delay = 3.34> <FuncUnit> <Opcode : 'fcmp'> <InPorts = 2> <OutPorts = 1>
ST_9 : Operation 172 [1/1] (0.33ns) (out node of the LUT)   --->   "%and_ln154_6 = and i1 %and_ln154_5, i1 %tmp_23" [cnn.cpp:154]   --->   Operation 172 'and' 'and_ln154_6' <Predicate = true> <Delay = 0.33> <CoreInst = "LogicGate">   --->   Core 74 'LogicGate' <Latency = 0> <II = 1> <Delay = 0.33> <FuncUnit> <Opcode : 'and' 'or' 'xor'> <InPorts = 2> <OutPorts = 1>
ST_9 : Operation 173 [1/1] (0.52ns) (out node of the LUT)   --->   "%select_ln154_3 = select i1 %and_ln154_6, i32 %layer2_conv_load_3, i32 %select_ln154_2" [cnn.cpp:154]   --->   Operation 173 'select' 'select_ln154_3' <Predicate = true> <Delay = 0.52> <CoreInst = "Sel">   --->   Core 73 'Sel' <Latency = 0> <II = 1> <Delay = 0.52> <FuncUnit> <Opcode : 'select'> <InPorts = 3> <OutPorts = 1>
ST_9 : Operation 174 [1/1] (1.35ns)   --->   "%store_ln157 = store i32 %select_ln154_3, i11 %layer2_pool_addr" [cnn.cpp:157]   --->   Operation 174 'store' 'store_ln157' <Predicate = true> <Delay = 1.35> <CoreInst = "RAM">   --->   Core 83 'RAM' <Latency = 1> <II = 1> <Delay = 1.35> <Storage> <Opcode : 'load' 'store'> <Ports = 2> <Width = 32> <Depth = 1568> <RAM>
ST_9 : Operation 175 [1/1] (0.00ns)   --->   "%br_ln149 = br void %VITIS_LOOP_151_20" [cnn.cpp:149]   --->   Operation 175 'br' 'br_ln149' <Predicate = true> <Delay = 0.00>


============================================================
+ Verbose Summary: Timing violations
============================================================
Target clock period: 10ns, clock uncertainty: 2.7ns.

 <State 1>: 1.84ns
The critical path consists of the following:
	'alloca' operation ('indvar_flatten124') [5]  (0 ns)
	'load' operation ('indvar_flatten124_load', cnn.cpp:148) on local variable 'indvar_flatten124' [25]  (0 ns)
	'add' operation ('add_ln148_1', cnn.cpp:148) [153]  (0.907 ns)
	'select' operation ('select_ln148_4', cnn.cpp:148) [154]  (0.445 ns)
	'store' operation ('store_ln149', cnn.cpp:149) of variable 'select_ln148_4', cnn.cpp:148 on local variable 'indvar_flatten124' [157]  (0.489 ns)

 <State 2>: 6.48ns
The critical path consists of the following:
	'load' operation ('r') on local variable 'r' [15]  (0 ns)
	'select' operation ('select_ln147', cnn.cpp:147) [31]  (0.45 ns)
	'add' operation ('add_ln148', cnn.cpp:148) [41]  (0.868 ns)
	'select' operation ('select_ln148_2', cnn.cpp:148) [51]  (0.48 ns)
	'mul' operation ('mul_ln153', cnn.cpp:153) [53]  (1.42 ns)
	'add' operation ('add_ln153', cnn.cpp:153) [68]  (0.934 ns)
	'add' operation ('add_ln153_1', cnn.cpp:153) [70]  (0.975 ns)
	'getelementptr' operation ('layer2_conv_addr', cnn.cpp:153) [72]  (0 ns)
	'load' operation ('layer2_conv_load', cnn.cpp:153) on array 'layer2_conv' [78]  (1.35 ns)

 <State 3>: 4.7ns
The critical path consists of the following:
	'load' operation ('layer2_conv_load', cnn.cpp:153) on array 'layer2_conv' [78]  (1.35 ns)
	'fcmp' operation ('tmp_12', cnn.cpp:154) [85]  (3.35 ns)

 <State 4>: 7.22ns
The critical path consists of the following:
	'fcmp' operation ('tmp_12', cnn.cpp:154) [85]  (3.35 ns)
	'and' operation ('and_ln154', cnn.cpp:154) [86]  (0 ns)
	'select' operation ('select_ln154', cnn.cpp:154) [87]  (0.525 ns)
	'fcmp' operation ('tmp_17', cnn.cpp:154) [114]  (3.35 ns)

 <State 5>: 4.2ns
The critical path consists of the following:
	'fcmp' operation ('tmp_17', cnn.cpp:154) [114]  (3.35 ns)
	'and' operation ('and_ln154_2', cnn.cpp:154) [115]  (0.331 ns)
	'select' operation ('select_ln154_1', cnn.cpp:154) [116]  (0.525 ns)

 <State 6>: 3.35ns
The critical path consists of the following:
	'fcmp' operation ('tmp_20', cnn.cpp:154) [131]  (3.35 ns)

 <State 7>: 4.2ns
The critical path consists of the following:
	'fcmp' operation ('tmp_20', cnn.cpp:154) [131]  (3.35 ns)
	'and' operation ('and_ln154_4', cnn.cpp:154) [132]  (0.331 ns)
	'select' operation ('select_ln154_2', cnn.cpp:154) [133]  (0.525 ns)

 <State 8>: 3.35ns
The critical path consists of the following:
	'fcmp' operation ('tmp_23', cnn.cpp:154) [148]  (3.35 ns)

 <State 9>: 5.56ns
The critical path consists of the following:
	'fcmp' operation ('tmp_23', cnn.cpp:154) [148]  (3.35 ns)
	'and' operation ('and_ln154_6', cnn.cpp:154) [149]  (0.331 ns)
	'select' operation ('select_ln154_3', cnn.cpp:154) [150]  (0.525 ns)
	'store' operation ('store_ln157', cnn.cpp:157) of variable 'select_ln154_3', cnn.cpp:154 on array 'layer2_pool' [151]  (1.35 ns)


============================================================
+ Verbose Summary: Binding
============================================================
N/A
* FSMD analyzer results:
  - Output states:
 - Input state : 
  - Chain level:
	State 1
	State 2
	State 3
	State 4
	State 5
	State 6
	State 7
	State 8
	State 9


============================================================
+ Verbose Summary: Datapath Resource usage 
============================================================
N/A
