Tue Nov 25 13:53:52 2025: Running xcd server. This server was built by gradle.
Tue Nov 25 13:53:52 2025: Server was asked to start on port: '42221'
Tue Nov 25 13:53:52 2025: Server is using token UUID: '8e4a1f49-6a07-4ea4-ae0c-7607608b2dec'
Tue Nov 25 13:53:52 2025: SESSION_MGR: creating session with session uuid: '6d04a3e9-ade5-4ab9-8d63-1f78fcd2ec76' and name 'default'
Tue Nov 25 13:53:52 2025: Attempting to start server on port '42221'
Tue Nov 25 13:53:52 2025: XCD main fifo: created main fifo '/tmp/xcdmain8e4a1f49-6a07-4ea4-ae0c-7607608b2dec', fd read = 13
Tue Nov 25 13:53:52 2025: Running Dispatch Server
Tue Nov 25 13:53:52 2025: Version 2.2.0
Tue Nov 25 13:54:02 2025: Dispatch Server: Accepted socket connection from client
Tue Nov 25 13:54:02 2025: Starting Socket connection
Tue Nov 25 13:54:02 2025: EXCHANGE_TOKEN received, server token: 8e4a1f49-6a07-4ea4-ae0c-7607608b2dec, passed token: 8e4a1f49-6a07-4ea4-ae0c-7607608b2dec
Tue Nov 25 13:54:02 2025: SESSION_MGR: creating session with session uuid: '58a2ad1e-210f-4ccd-b151-1870c8afee44' and name 'vitis_hls'
Tue Nov 25 13:54:02 2025: KERNEL_SVC: creating session with uuid: '58a2ad1e-210f-4ccd-b151-1870c8afee44' and name 'vitis_hls'
Tue Nov 25 13:54:02 2025: GUIDANCE_SMGR: creating guidance session with uuid: '58a2ad1e-210f-4ccd-b151-1870c8afee44' and name 'vitis_hls'
Tue Nov 25 13:54:38 2025: STOP_SERVER received, server token: 8e4a1f49-6a07-4ea4-ae0c-7607608b2dec, passed token: 8e4a1f49-6a07-4ea4-ae0c-7607608b2dec
Tue Nov 25 13:54:38 2025: Socket received request to stop server.
Tue Nov 25 13:54:38 2025: Dispatch Server: do_await_stop
Tue Nov 25 13:54:38 2025: Dispatch Server: stopping mainFifo_
Tue Nov 25 13:54:38 2025: XCD main fifo: Stopping
Tue Nov 25 13:54:38 2025: XCD main fifo: do_read error code: Operation canceled
Tue Nov 25 13:54:38 2025: XCD main fifo: bytes_transferred: 0
Tue Nov 25 13:54:38 2025: SERVER: destructor for server bound to port 42221
Tue Nov 25 13:54:38 2025: XCD main fifo: Good unlink of /tmp/xcdmain8e4a1f49-6a07-4ea4-ae0c-7607608b2dec
Tue Nov 25 13:54:38 2025: Server exiting with status 0.
Tue Nov 25 13:54:38 2025: Closing log file.
Tue Nov 25 13:55:00 2025: Running xcd server. This server was built by gradle.
Tue Nov 25 13:55:00 2025: Server was asked to start on port: '34405'
Tue Nov 25 13:55:00 2025: Server is using token UUID: '2a29ca1d-8e57-40d6-8489-fb6d9dbccf87'
Tue Nov 25 13:55:00 2025: SESSION_MGR: creating session with session uuid: '6d04a3e9-ade5-4ab9-8d63-1f78fcd2ec76' and name 'default'
Tue Nov 25 13:55:00 2025: Attempting to start server on port '34405'
Tue Nov 25 13:55:00 2025: XCD main fifo: created main fifo '/tmp/xcdmain2a29ca1d-8e57-40d6-8489-fb6d9dbccf87', fd read = 13
Tue Nov 25 13:55:00 2025: Running Dispatch Server
Tue Nov 25 13:55:00 2025: Version 2.2.0
Tue Nov 25 13:55:09 2025: Dispatch Server: Accepted socket connection from client
Tue Nov 25 13:55:09 2025: Starting Socket connection
Tue Nov 25 13:55:09 2025: EXCHANGE_TOKEN received, server token: 2a29ca1d-8e57-40d6-8489-fb6d9dbccf87, passed token: 2a29ca1d-8e57-40d6-8489-fb6d9dbccf87
Tue Nov 25 13:55:09 2025: SESSION_MGR: creating session with session uuid: '57fd4e62-6ef2-484b-b680-fad2571360f0' and name 'vitis_hls'
Tue Nov 25 13:55:09 2025: KERNEL_SVC: creating session with uuid: '57fd4e62-6ef2-484b-b680-fad2571360f0' and name 'vitis_hls'
Tue Nov 25 13:55:09 2025: GUIDANCE_SMGR: creating guidance session with uuid: '57fd4e62-6ef2-484b-b680-fad2571360f0' and name 'vitis_hls'
Tue Nov 25 13:55:26 2025: STOP_SERVER received, server token: 2a29ca1d-8e57-40d6-8489-fb6d9dbccf87, passed token: 2a29ca1d-8e57-40d6-8489-fb6d9dbccf87
Tue Nov 25 13:55:26 2025: Socket received request to stop server.
Tue Nov 25 13:55:26 2025: Dispatch Server: do_await_stop
Tue Nov 25 13:55:26 2025: Dispatch Server: stopping mainFifo_
Tue Nov 25 13:55:26 2025: XCD main fifo: Stopping
Tue Nov 25 13:55:26 2025: XCD main fifo: do_read error code: Operation canceled
Tue Nov 25 13:55:26 2025: XCD main fifo: bytes_transferred: 0
Tue Nov 25 13:55:26 2025: SERVER: destructor for server bound to port 34405
Tue Nov 25 13:55:26 2025: XCD main fifo: Good unlink of /tmp/xcdmain2a29ca1d-8e57-40d6-8489-fb6d9dbccf87
Tue Nov 25 13:55:26 2025: Server exiting with status 0.
Tue Nov 25 13:55:26 2025: Closing log file.
Tue Nov 25 13:56:11 2025: Running xcd server. This server was built by gradle.
Tue Nov 25 13:56:11 2025: Server was asked to start on port: '42697'
Tue Nov 25 13:56:11 2025: Server is using token UUID: '18498f02-7862-4a64-ac7f-a0c7b46a0323'
Tue Nov 25 13:56:11 2025: SESSION_MGR: creating session with session uuid: '6d04a3e9-ade5-4ab9-8d63-1f78fcd2ec76' and name 'default'
Tue Nov 25 13:56:11 2025: Attempting to start server on port '42697'
Tue Nov 25 13:56:11 2025: XCD main fifo: created main fifo '/tmp/xcdmain18498f02-7862-4a64-ac7f-a0c7b46a0323', fd read = 13
Tue Nov 25 13:56:11 2025: Running Dispatch Server
Tue Nov 25 13:56:11 2025: Version 2.2.0
Tue Nov 25 13:56:21 2025: Dispatch Server: Accepted socket connection from client
Tue Nov 25 13:56:21 2025: Starting Socket connection
Tue Nov 25 13:56:21 2025: EXCHANGE_TOKEN received, server token: 18498f02-7862-4a64-ac7f-a0c7b46a0323, passed token: 18498f02-7862-4a64-ac7f-a0c7b46a0323
Tue Nov 25 13:56:21 2025: SESSION_MGR: creating session with session uuid: 'a27c091c-a4cf-4a7c-8798-ce33239a9fd3' and name 'vitis_hls'
Tue Nov 25 13:56:21 2025: KERNEL_SVC: creating session with uuid: 'a27c091c-a4cf-4a7c-8798-ce33239a9fd3' and name 'vitis_hls'
Tue Nov 25 13:56:21 2025: GUIDANCE_SMGR: creating guidance session with uuid: 'a27c091c-a4cf-4a7c-8798-ce33239a9fd3' and name 'vitis_hls'
Tue Nov 25 13:56:45 2025: STOP_SERVER received, server token: 18498f02-7862-4a64-ac7f-a0c7b46a0323, passed token: 18498f02-7862-4a64-ac7f-a0c7b46a0323
Tue Nov 25 13:56:45 2025: Socket received request to stop server.
Tue Nov 25 13:56:45 2025: Dispatch Server: do_await_stop
Tue Nov 25 13:56:45 2025: Dispatch Server: stopping mainFifo_
Tue Nov 25 13:56:45 2025: XCD main fifo: Stopping
Tue Nov 25 13:56:45 2025: XCD main fifo: do_read error code: Operation canceled
Tue Nov 25 13:56:45 2025: XCD main fifo: bytes_transferred: 0
Tue Nov 25 13:56:45 2025: SERVER: destructor for server bound to port 42697
Tue Nov 25 13:56:45 2025: XCD main fifo: Good unlink of /tmp/xcdmain18498f02-7862-4a64-ac7f-a0c7b46a0323
Tue Nov 25 13:56:45 2025: Server exiting with status 0.
Tue Nov 25 13:56:45 2025: Closing log file.
Tue Nov 25 17:14:12 2025: Running xcd server. This server was built by gradle.
Tue Nov 25 17:14:12 2025: Server was asked to start on port: '46811'
Tue Nov 25 17:14:12 2025: Server is using token UUID: '199dc11c-1553-45ae-af2b-78f2e6e53777'
Tue Nov 25 17:14:12 2025: SESSION_MGR: creating session with session uuid: '6d04a3e9-ade5-4ab9-8d63-1f78fcd2ec76' and name 'default'
Tue Nov 25 17:14:12 2025: Attempting to start server on port '46811'
Tue Nov 25 17:14:12 2025: XCD main fifo: created main fifo '/tmp/xcdmain199dc11c-1553-45ae-af2b-78f2e6e53777', fd read = 13
Tue Nov 25 17:14:12 2025: Running Dispatch Server
Tue Nov 25 17:14:12 2025: Version 2.2.0
Tue Nov 25 17:14:22 2025: Dispatch Server: Accepted socket connection from client
Tue Nov 25 17:14:22 2025: Starting Socket connection
Tue Nov 25 17:14:22 2025: EXCHANGE_TOKEN received, server token: 199dc11c-1553-45ae-af2b-78f2e6e53777, passed token: 199dc11c-1553-45ae-af2b-78f2e6e53777
Tue Nov 25 17:14:22 2025: SESSION_MGR: creating session with session uuid: '4336c9da-b3bb-4a01-832a-151c111a2996' and name 'vitis_hls'
Tue Nov 25 17:14:22 2025: KERNEL_SVC: creating session with uuid: '4336c9da-b3bb-4a01-832a-151c111a2996' and name 'vitis_hls'
Tue Nov 25 17:14:22 2025: GUIDANCE_SMGR: creating guidance session with uuid: '4336c9da-b3bb-4a01-832a-151c111a2996' and name 'vitis_hls'
Tue Nov 25 17:14:22 2025: STOP_SERVER received, server token: 199dc11c-1553-45ae-af2b-78f2e6e53777, passed token: 199dc11c-1553-45ae-af2b-78f2e6e53777
Tue Nov 25 17:14:22 2025: Socket received request to stop server.
Tue Nov 25 17:14:22 2025: Dispatch Server: do_await_stop
Tue Nov 25 17:14:22 2025: Dispatch Server: stopping mainFifo_
Tue Nov 25 17:14:22 2025: XCD main fifo: Stopping
Tue Nov 25 17:14:22 2025: XCD main fifo: do_read error code: Operation canceled
Tue Nov 25 17:14:22 2025: XCD main fifo: bytes_transferred: 0
Tue Nov 25 17:14:22 2025: SERVER: destructor for server bound to port 46811
Tue Nov 25 17:14:22 2025: XCD main fifo: Good unlink of /tmp/xcdmain199dc11c-1553-45ae-af2b-78f2e6e53777
Tue Nov 25 17:14:22 2025: Server exiting with status 0.
Tue Nov 25 17:14:22 2025: Closing log file.
Tue Nov 25 17:14:41 2025: Running xcd server. This server was built by gradle.
Tue Nov 25 17:14:41 2025: Server was asked to start on port: '41809'
Tue Nov 25 17:14:41 2025: Server is using token UUID: '17afb536-ca9e-4a87-8c44-c8bd20217be6'
Tue Nov 25 17:14:41 2025: SESSION_MGR: creating session with session uuid: '6d04a3e9-ade5-4ab9-8d63-1f78fcd2ec76' and name 'default'
Tue Nov 25 17:14:41 2025: Attempting to start server on port '41809'
Tue Nov 25 17:14:41 2025: XCD main fifo: created main fifo '/tmp/xcdmain17afb536-ca9e-4a87-8c44-c8bd20217be6', fd read = 13
Tue Nov 25 17:14:41 2025: Running Dispatch Server
Tue Nov 25 17:14:41 2025: Version 2.2.0
Tue Nov 25 17:14:51 2025: Dispatch Server: Accepted socket connection from client
Tue Nov 25 17:14:51 2025: Starting Socket connection
Tue Nov 25 17:14:51 2025: EXCHANGE_TOKEN received, server token: 17afb536-ca9e-4a87-8c44-c8bd20217be6, passed token: 17afb536-ca9e-4a87-8c44-c8bd20217be6
Tue Nov 25 17:14:51 2025: SESSION_MGR: creating session with session uuid: '706c634c-d64c-49df-a2d3-c2e9cd23ec3c' and name 'vitis_hls'
Tue Nov 25 17:14:51 2025: KERNEL_SVC: creating session with uuid: '706c634c-d64c-49df-a2d3-c2e9cd23ec3c' and name 'vitis_hls'
Tue Nov 25 17:14:51 2025: GUIDANCE_SMGR: creating guidance session with uuid: '706c634c-d64c-49df-a2d3-c2e9cd23ec3c' and name 'vitis_hls'
Tue Nov 25 17:14:51 2025: STOP_SERVER received, server token: 17afb536-ca9e-4a87-8c44-c8bd20217be6, passed token: 17afb536-ca9e-4a87-8c44-c8bd20217be6
Tue Nov 25 17:14:51 2025: Socket received request to stop server.
Tue Nov 25 17:14:51 2025: Dispatch Server: do_await_stop
Tue Nov 25 17:14:51 2025: Dispatch Server: stopping mainFifo_
Tue Nov 25 17:14:51 2025: XCD main fifo: Stopping
Tue Nov 25 17:14:51 2025: XCD main fifo: do_read error code: Operation canceled
Tue Nov 25 17:14:51 2025: XCD main fifo: bytes_transferred: 0
Tue Nov 25 17:14:51 2025: SERVER: destructor for server bound to port 41809
Tue Nov 25 17:14:51 2025: XCD main fifo: Good unlink of /tmp/xcdmain17afb536-ca9e-4a87-8c44-c8bd20217be6
Tue Nov 25 17:14:51 2025: Server exiting with status 0.
Tue Nov 25 17:14:51 2025: Closing log file.
