

================================================================
== Vitis HLS Report for 'cnn_predict_Pipeline_VITIS_LOOP_38_1'
================================================================
* Date:           Tue Nov 25 13:54:33 2025

* Version:        2022.2 (Build 3670227 on Oct 13 2022)
* Project:        cnn_hls
* Solution:       solution1 (Vivado IP Flow Target)
* Product family: zynquplus
* Target device:  xczu3eg-sbva484-1-i


================================================================
== Performance Estimates
================================================================
+ Timing: 
    * Summary: 
    +--------+----------+----------+------------+
    |  Clock |  Target  | Estimated| Uncertainty|
    +--------+----------+----------+------------+
    |ap_clk  |  10.00 ns|  7.300 ns|     2.70 ns|
    +--------+----------+----------+------------+

+ Latency: 
    * Summary: 
    +---------+---------+-----------+-----------+------+------+---------+
    |  Latency (cycles) |   Latency (absolute)  |   Interval  | Pipeline|
    |   min   |   max   |    min    |    max    |  min |  max |   Type  |
    +---------+---------+-----------+-----------+------+------+---------+
    |     4099|     4099|  40.990 us|  40.990 us|  4099|  4099|       no|
    +---------+---------+-----------+-----------+------+------+---------+

    + Detail: 
        * Instance: 
        N/A

        * Loop: 
        +-------------------+---------+---------+----------+-----------+-----------+------+----------+
        |                   |  Latency (cycles) | Iteration|  Initiation Interval  | Trip |          |
        |     Loop Name     |   min   |   max   |  Latency |  achieved |   target  | Count| Pipelined|
        +-------------------+---------+---------+----------+-----------+-----------+------+----------+
        |- VITIS_LOOP_38_1  |     4097|     4097|        18|         16|          1|   256|       yes|
        +-------------------+---------+---------+----------+-----------+-----------+------+----------+



================================================================
== Utilization Estimates
================================================================
* Summary: 
+-----------------+---------+-----+--------+-------+-----+
|       Name      | BRAM_18K| DSP |   FF   |  LUT  | URAM|
+-----------------+---------+-----+--------+-------+-----+
|DSP              |        -|    -|       -|      -|    -|
|Expression       |        -|    -|       0|    208|    -|
|FIFO             |        -|    -|       -|      -|    -|
|Instance         |        -|    -|       -|      -|    -|
|Memory           |        -|    -|       -|      -|    -|
|Multiplexer      |        -|    -|       -|    306|    -|
|Register         |        -|    -|      90|      -|    -|
+-----------------+---------+-----+--------+-------+-----+
|Total            |        0|    0|      90|    514|    0|
+-----------------+---------+-----+--------+-------+-----+
|Available        |      432|  360|  141120|  70560|    0|
+-----------------+---------+-----+--------+-------+-----+
|Utilization (%)  |        0|    0|      ~0|     ~0|    0|
+-----------------+---------+-----+--------+-------+-----+

+ Detail: 
    * Instance: 
    N/A

    * DSP: 
    N/A

    * Memory: 
    N/A

    * FIFO: 
    N/A

    * Expression: 
    +-----------------------------------+----------+----+---+----+------------+------------+
    |           Variable Name           | Operation| DSP| FF| LUT| Bitwidth P0| Bitwidth P1|
    +-----------------------------------+----------+----+---+----+------------+------------+
    |add_ln38_fu_482_p2                 |         +|   0|  0|  20|          13|           5|
    |ap_block_pp0_stage0_11001          |       and|   0|  0|   2|           1|           1|
    |ap_block_pp0_stage10_11001         |       and|   0|  0|   2|           1|           1|
    |ap_block_state10_pp0_stage9_iter0  |       and|   0|  0|   2|           1|           1|
    |or_ln40_10_fu_437_p2               |        or|   0|  0|  12|          12|           4|
    |or_ln40_11_fu_452_p2               |        or|   0|  0|  12|          12|           4|
    |or_ln40_12_fu_467_p2               |        or|   0|  0|  12|          12|           4|
    |or_ln40_13_fu_492_p2               |        or|   0|  0|  12|          12|           4|
    |or_ln40_14_fu_507_p2               |        or|   0|  0|  12|          12|           4|
    |or_ln40_1_fu_302_p2                |        or|   0|  0|  12|          12|           2|
    |or_ln40_2_fu_317_p2                |        or|   0|  0|  12|          12|           2|
    |or_ln40_3_fu_332_p2                |        or|   0|  0|  12|          12|           3|
    |or_ln40_4_fu_347_p2                |        or|   0|  0|  12|          12|           3|
    |or_ln40_5_fu_362_p2                |        or|   0|  0|  12|          12|           3|
    |or_ln40_6_fu_377_p2                |        or|   0|  0|  12|          12|           3|
    |or_ln40_7_fu_392_p2                |        or|   0|  0|  12|          12|           4|
    |or_ln40_8_fu_407_p2                |        or|   0|  0|  12|          12|           4|
    |or_ln40_9_fu_422_p2                |        or|   0|  0|  12|          12|           4|
    |or_ln40_fu_286_p2                  |        or|   0|  0|  12|          12|           1|
    |ap_enable_pp0                      |       xor|   0|  0|   2|           1|           2|
    +-----------------------------------+----------+----+---+----+------------+------------+
    |Total                              |          |   0|  0| 208|         197|          59|
    +-----------------------------------+----------+----+---+----+------------+------------+

    * Multiplexer: 
    +-----------------------------+----+-----------+-----+-----------+
    |             Name            | LUT| Input Size| Bits| Total Bits|
    +-----------------------------+----+-----------+-----+-----------+
    |ap_NS_fsm                    |  81|         17|    1|         17|
    |ap_done_int                  |   9|          2|    1|          2|
    |ap_enable_reg_pp0_iter0      |   9|          2|    1|          2|
    |ap_enable_reg_pp0_iter0_reg  |   9|          2|    1|          2|
    |ap_enable_reg_pp0_iter1      |   9|          2|    1|          2|
    |ap_sig_allocacmp_i_1         |   9|          2|   13|         26|
    |gmem_blk_n_R                 |   9|          2|    1|          2|
    |i_fu_92                      |   9|          2|   13|         26|
    |img_read_address1            |  81|         17|   12|        204|
    |img_read_d1                  |  81|         17|   32|        544|
    +-----------------------------+----+-----------+-----+-----------+
    |Total                        | 306|         65|   76|        827|
    +-----------------------------+----+-----------+-----+-----------+

    * Register: 
    +-----------------------------+----+----+-----+-----------+
    |             Name            | FF | LUT| Bits| Const Bits|
    +-----------------------------+----+----+-----+-----------+
    |ap_CS_fsm                    |  16|   0|   16|          0|
    |ap_done_reg                  |   1|   0|    1|          0|
    |ap_enable_reg_pp0_iter0_reg  |   1|   0|    1|          0|
    |ap_enable_reg_pp0_iter1      |   1|   0|    1|          0|
    |empty_30_reg_545             |  12|   0|   12|          0|
    |i_1_reg_529                  |  13|   0|   13|          0|
    |i_fu_92                      |  13|   0|   13|          0|
    |reg_244                      |  32|   0|   32|          0|
    |tmp_reg_541                  |   1|   0|    1|          0|
    +-----------------------------+----+----+-----+-----------+
    |Total                        |  90|   0|   90|          0|
    +-----------------------------+----+----+-----+-----------+



================================================================
== Interface
================================================================
* Summary: 
+---------------------+-----+-----+------------+--------------------------------------+--------------+
|      RTL Ports      | Dir | Bits|  Protocol  |             Source Object            |    C Type    |
+---------------------+-----+-----+------------+--------------------------------------+--------------+
|ap_clk               |   in|    1|  ap_ctrl_hs|  cnn_predict_Pipeline_VITIS_LOOP_38_1|  return value|
|ap_rst               |   in|    1|  ap_ctrl_hs|  cnn_predict_Pipeline_VITIS_LOOP_38_1|  return value|
|ap_start             |   in|    1|  ap_ctrl_hs|  cnn_predict_Pipeline_VITIS_LOOP_38_1|  return value|
|ap_done              |  out|    1|  ap_ctrl_hs|  cnn_predict_Pipeline_VITIS_LOOP_38_1|  return value|
|ap_idle              |  out|    1|  ap_ctrl_hs|  cnn_predict_Pipeline_VITIS_LOOP_38_1|  return value|
|ap_ready             |  out|    1|  ap_ctrl_hs|  cnn_predict_Pipeline_VITIS_LOOP_38_1|  return value|
|m_axi_gmem_AWVALID   |  out|    1|       m_axi|                                  gmem|       pointer|
|m_axi_gmem_AWREADY   |   in|    1|       m_axi|                                  gmem|       pointer|
|m_axi_gmem_AWADDR    |  out|   64|       m_axi|                                  gmem|       pointer|
|m_axi_gmem_AWID      |  out|    1|       m_axi|                                  gmem|       pointer|
|m_axi_gmem_AWLEN     |  out|   32|       m_axi|                                  gmem|       pointer|
|m_axi_gmem_AWSIZE    |  out|    3|       m_axi|                                  gmem|       pointer|
|m_axi_gmem_AWBURST   |  out|    2|       m_axi|                                  gmem|       pointer|
|m_axi_gmem_AWLOCK    |  out|    2|       m_axi|                                  gmem|       pointer|
|m_axi_gmem_AWCACHE   |  out|    4|       m_axi|                                  gmem|       pointer|
|m_axi_gmem_AWPROT    |  out|    3|       m_axi|                                  gmem|       pointer|
|m_axi_gmem_AWQOS     |  out|    4|       m_axi|                                  gmem|       pointer|
|m_axi_gmem_AWREGION  |  out|    4|       m_axi|                                  gmem|       pointer|
|m_axi_gmem_AWUSER    |  out|    1|       m_axi|                                  gmem|       pointer|
|m_axi_gmem_WVALID    |  out|    1|       m_axi|                                  gmem|       pointer|
|m_axi_gmem_WREADY    |   in|    1|       m_axi|                                  gmem|       pointer|
|m_axi_gmem_WDATA     |  out|   32|       m_axi|                                  gmem|       pointer|
|m_axi_gmem_WSTRB     |  out|    4|       m_axi|                                  gmem|       pointer|
|m_axi_gmem_WLAST     |  out|    1|       m_axi|                                  gmem|       pointer|
|m_axi_gmem_WID       |  out|    1|       m_axi|                                  gmem|       pointer|
|m_axi_gmem_WUSER     |  out|    1|       m_axi|                                  gmem|       pointer|
|m_axi_gmem_ARVALID   |  out|    1|       m_axi|                                  gmem|       pointer|
|m_axi_gmem_ARREADY   |   in|    1|       m_axi|                                  gmem|       pointer|
|m_axi_gmem_ARADDR    |  out|   64|       m_axi|                                  gmem|       pointer|
|m_axi_gmem_ARID      |  out|    1|       m_axi|                                  gmem|       pointer|
|m_axi_gmem_ARLEN     |  out|   32|       m_axi|                                  gmem|       pointer|
|m_axi_gmem_ARSIZE    |  out|    3|       m_axi|                                  gmem|       pointer|
|m_axi_gmem_ARBURST   |  out|    2|       m_axi|                                  gmem|       pointer|
|m_axi_gmem_ARLOCK    |  out|    2|       m_axi|                                  gmem|       pointer|
|m_axi_gmem_ARCACHE   |  out|    4|       m_axi|                                  gmem|       pointer|
|m_axi_gmem_ARPROT    |  out|    3|       m_axi|                                  gmem|       pointer|
|m_axi_gmem_ARQOS     |  out|    4|       m_axi|                                  gmem|       pointer|
|m_axi_gmem_ARREGION  |  out|    4|       m_axi|                                  gmem|       pointer|
|m_axi_gmem_ARUSER    |  out|    1|       m_axi|                                  gmem|       pointer|
|m_axi_gmem_RVALID    |   in|    1|       m_axi|                                  gmem|       pointer|
|m_axi_gmem_RREADY    |  out|    1|       m_axi|                                  gmem|       pointer|
|m_axi_gmem_RDATA     |   in|   32|       m_axi|                                  gmem|       pointer|
|m_axi_gmem_RLAST     |   in|    1|       m_axi|                                  gmem|       pointer|
|m_axi_gmem_RID       |   in|    1|       m_axi|                                  gmem|       pointer|
|m_axi_gmem_RFIFONUM  |   in|    9|       m_axi|                                  gmem|       pointer|
|m_axi_gmem_RUSER     |   in|    1|       m_axi|                                  gmem|       pointer|
|m_axi_gmem_RRESP     |   in|    2|       m_axi|                                  gmem|       pointer|
|m_axi_gmem_BVALID    |   in|    1|       m_axi|                                  gmem|       pointer|
|m_axi_gmem_BREADY    |  out|    1|       m_axi|                                  gmem|       pointer|
|m_axi_gmem_BRESP     |   in|    2|       m_axi|                                  gmem|       pointer|
|m_axi_gmem_BID       |   in|    1|       m_axi|                                  gmem|       pointer|
|m_axi_gmem_BUSER     |   in|    1|       m_axi|                                  gmem|       pointer|
|sext_ln38            |   in|   62|     ap_none|                             sext_ln38|        scalar|
|img_read_address1    |  out|   12|   ap_memory|                              img_read|         array|
|img_read_ce1         |  out|    1|   ap_memory|                              img_read|         array|
|img_read_we1         |  out|    1|   ap_memory|                              img_read|         array|
|img_read_d1          |  out|   32|   ap_memory|                              img_read|         array|
+---------------------+-----+-----+------------+--------------------------------------+--------------+

