

================================================================
== Vitis HLS Report for 'cnn_predict_Pipeline_VITIS_LOOP_192_27'
================================================================
* Date:           Tue Nov 25 13:54:36 2025

* Version:        2022.2 (Build 3670227 on Oct 13 2022)
* Project:        cnn_hls
* Solution:       solution1 (Vivado IP Flow Target)
* Product family: zynquplus
* Target device:  xczu3eg-sbva484-1-i


================================================================
== Performance Estimates
================================================================
+ Timing: 
    * Summary: 
    +--------+----------+----------+------------+
    |  Clock |  Target  | Estimated| Uncertainty|
    +--------+----------+----------+------------+
    |ap_clk  |  10.00 ns|  6.507 ns|     2.70 ns|
    +--------+----------+----------+------------+

+ Latency: 
    * Summary: 
    +---------+---------+----------+----------+-----+-----+---------+
    |  Latency (cycles) |  Latency (absolute) |  Interval | Pipeline|
    |   min   |   max   |    min   |    max   | min | max |   Type  |
    +---------+---------+----------+----------+-----+-----+---------+
    |       71|       71|  0.710 us|  0.710 us|   71|   71|       no|
    +---------+---------+----------+----------+-----+-----+---------+

    + Detail: 
        * Instance: 
        N/A

        * Loop: 
        +---------------------+---------+---------+----------+-----------+-----------+------+----------+
        |                     |  Latency (cycles) | Iteration|  Initiation Interval  | Trip |          |
        |      Loop Name      |   min   |   max   |  Latency |  achieved |   target  | Count| Pipelined|
        +---------------------+---------+---------+----------+-----------+-----------+------+----------+
        |- VITIS_LOOP_192_27  |       69|       69|        10|          4|          1|    16|       yes|
        +---------------------+---------+---------+----------+-----------+-----------+------+----------+



================================================================
== Utilization Estimates
================================================================
* Summary: 
+-----------------+---------+-----+--------+-------+-----+
|       Name      | BRAM_18K| DSP |   FF   |  LUT  | URAM|
+-----------------+---------+-----+--------+-------+-----+
|DSP              |        -|    -|       -|      -|    -|
|Expression       |        -|    -|       0|     24|    -|
|FIFO             |        -|    -|       -|      -|    -|
|Instance         |        -|    -|       -|      -|    -|
|Memory           |        0|    -|      32|      8|    -|
|Multiplexer      |        -|    -|       -|    107|    -|
|Register         |        -|    -|      80|      -|    -|
+-----------------+---------+-----+--------+-------+-----+
|Total            |        0|    0|     112|    139|    0|
+-----------------+---------+-----+--------+-------+-----+
|Available        |      432|  360|  141120|  70560|    0|
+-----------------+---------+-----+--------+-------+-----+
|Utilization (%)  |        0|    0|      ~0|     ~0|    0|
+-----------------+---------+-----+--------+-------+-----+

+ Detail: 
    * Instance: 
    N/A

    * DSP: 
    N/A

    * Memory: 
    +------------+-------------------------------------------------------------+---------+----+----+-----+------+-----+------+-------------+
    |   Memory   |                            Module                           | BRAM_18K| FF | LUT| URAM| Words| Bits| Banks| W*Bits*Banks|
    +------------+-------------------------------------------------------------+---------+----+----+-----+------+-----+------+-------------+
    |output_w_U  |cnn_predict_Pipeline_VITIS_LOOP_192_27_output_w_ROM_AUTO_1R  |        0|  32|   8|    0|    16|   32|     1|          512|
    +------------+-------------------------------------------------------------+---------+----+----+-----+------+-----+------+-------------+
    |Total       |                                                             |        0|  32|   8|    0|    16|   32|     1|          512|
    +------------+-------------------------------------------------------------+---------+----+----+-----+------+-----+------+-------------+

    * FIFO: 
    N/A

    * Expression: 
    +----------------------+----------+----+---+----+------------+------------+
    |     Variable Name    | Operation| DSP| FF| LUT| Bitwidth P0| Bitwidth P1|
    +----------------------+----------+----+---+----+------------+------------+
    |add_ln192_fu_106_p2   |         +|   0|  0|  12|           5|           1|
    |icmp_ln192_fu_100_p2  |      icmp|   0|  0|  10|           5|           6|
    |ap_enable_pp0         |       xor|   0|  0|   2|           1|           2|
    +----------------------+----------+----+---+----+------------+------------+
    |Total                 |          |   0|  0|  24|          11|           9|
    +----------------------+----------+----+---+----+------------+------------+

    * Multiplexer: 
    +----------------------------------+----+-----------+-----+-----------+
    |               Name               | LUT| Input Size| Bits| Total Bits|
    +----------------------------------+----+-----------+-----+-----------+
    |ap_NS_fsm                         |  26|          5|    1|          5|
    |ap_done_int                       |   9|          2|    1|          2|
    |ap_enable_reg_pp0_iter0           |   9|          2|    1|          2|
    |ap_enable_reg_pp0_iter1           |   9|          2|    1|          2|
    |ap_enable_reg_pp0_iter2           |   9|          2|    1|          2|
    |ap_loop_exit_ready_pp0_iter1_reg  |   9|          2|    1|          2|
    |ap_sig_allocacmp_final_sum_load   |   9|          2|   32|         64|
    |ap_sig_allocacmp_w_idx            |   9|          2|    5|         10|
    |final_sum_fu_36                   |   9|          2|   32|         64|
    |j_fu_40                           |   9|          2|    5|         10|
    +----------------------------------+----+-----------+-----+-----------+
    |Total                             | 107|         23|   80|        163|
    +----------------------------------+----+-----------+-----+-----------+

    * Register: 
    +----------------------------------+----+----+-----+-----------+
    |               Name               | FF | LUT| Bits| Const Bits|
    +----------------------------------+----+----+-----+-----------+
    |ap_CS_fsm                         |   4|   0|    4|          0|
    |ap_done_reg                       |   1|   0|    1|          0|
    |ap_enable_reg_pp0_iter0_reg       |   1|   0|    1|          0|
    |ap_enable_reg_pp0_iter1           |   1|   0|    1|          0|
    |ap_enable_reg_pp0_iter2           |   1|   0|    1|          0|
    |ap_loop_exit_ready_pp0_iter1_reg  |   1|   0|    1|          0|
    |final_sum_fu_36                   |  32|   0|   32|          0|
    |icmp_ln192_reg_151                |   1|   0|    1|          0|
    |icmp_ln192_reg_151_pp0_iter1_reg  |   1|   0|    1|          0|
    |j_fu_40                           |   5|   0|    5|          0|
    |mul1_reg_175                      |  32|   0|   32|          0|
    +----------------------------------+----+----+-----+-----------+
    |Total                             |  80|   0|   80|          0|
    +----------------------------------+----+----+-----+-----------+



================================================================
== Interface
================================================================
* Summary: 
+----------------------+-----+-----+------------+----------------------------------------+--------------+
|       RTL Ports      | Dir | Bits|  Protocol  |              Source Object             |    C Type    |
+----------------------+-----+-----+------------+----------------------------------------+--------------+
|ap_clk                |   in|    1|  ap_ctrl_hs|  cnn_predict_Pipeline_VITIS_LOOP_192_27|  return value|
|ap_rst                |   in|    1|  ap_ctrl_hs|  cnn_predict_Pipeline_VITIS_LOOP_192_27|  return value|
|ap_start              |   in|    1|  ap_ctrl_hs|  cnn_predict_Pipeline_VITIS_LOOP_192_27|  return value|
|ap_done               |  out|    1|  ap_ctrl_hs|  cnn_predict_Pipeline_VITIS_LOOP_192_27|  return value|
|ap_idle               |  out|    1|  ap_ctrl_hs|  cnn_predict_Pipeline_VITIS_LOOP_192_27|  return value|
|ap_ready              |  out|    1|  ap_ctrl_hs|  cnn_predict_Pipeline_VITIS_LOOP_192_27|  return value|
|grp_fu_414_p_din0     |  out|   32|  ap_ctrl_hs|  cnn_predict_Pipeline_VITIS_LOOP_192_27|  return value|
|grp_fu_414_p_din1     |  out|   32|  ap_ctrl_hs|  cnn_predict_Pipeline_VITIS_LOOP_192_27|  return value|
|grp_fu_414_p_opcode   |  out|    2|  ap_ctrl_hs|  cnn_predict_Pipeline_VITIS_LOOP_192_27|  return value|
|grp_fu_414_p_dout0    |   in|   32|  ap_ctrl_hs|  cnn_predict_Pipeline_VITIS_LOOP_192_27|  return value|
|grp_fu_414_p_ce       |  out|    1|  ap_ctrl_hs|  cnn_predict_Pipeline_VITIS_LOOP_192_27|  return value|
|grp_fu_857_p_din0     |  out|   32|  ap_ctrl_hs|  cnn_predict_Pipeline_VITIS_LOOP_192_27|  return value|
|grp_fu_857_p_din1     |  out|   32|  ap_ctrl_hs|  cnn_predict_Pipeline_VITIS_LOOP_192_27|  return value|
|grp_fu_857_p_dout0    |   in|   32|  ap_ctrl_hs|  cnn_predict_Pipeline_VITIS_LOOP_192_27|  return value|
|grp_fu_857_p_ce       |  out|    1|  ap_ctrl_hs|  cnn_predict_Pipeline_VITIS_LOOP_192_27|  return value|
|dense_address0        |  out|    4|   ap_memory|                                   dense|         array|
|dense_ce0             |  out|    1|   ap_memory|                                   dense|         array|
|dense_q0              |   in|   32|   ap_memory|                                   dense|         array|
|final_sum_out         |  out|   32|      ap_vld|                           final_sum_out|       pointer|
|final_sum_out_ap_vld  |  out|    1|      ap_vld|                           final_sum_out|       pointer|
+----------------------+-----+-----+------------+----------------------------------------+--------------+

