

================================================================
== Vitis HLS Report for 'cnn_predict_Pipeline_VITIS_LOOP_180_26'
================================================================
* Date:           Tue Nov 25 13:54:36 2025

* Version:        2022.2 (Build 3670227 on Oct 13 2022)
* Project:        cnn_hls
* Solution:       solution1 (Vivado IP Flow Target)
* Product family: zynquplus
* Target device:  xczu3eg-sbva484-1-i


================================================================
== Performance Estimates
================================================================
+ Timing: 
    * Summary: 
    +--------+----------+----------+------------+
    |  Clock |  Target  | Estimated| Uncertainty|
    +--------+----------+----------+------------+
    |ap_clk  |  10.00 ns|  6.507 ns|     2.70 ns|
    +--------+----------+----------+------------+

+ Latency: 
    * Summary: 
    +---------+---------+-----------+-----------+------+------+---------+
    |  Latency (cycles) |   Latency (absolute)  |   Interval  | Pipeline|
    |   min   |   max   |    min    |    max    |  min |  max |   Type  |
    +---------+---------+-----------+-----------+------+------+---------+
    |     6281|     6281|  62.810 us|  62.810 us|  6281|  6281|       no|
    +---------+---------+-----------+-----------+------+------+---------+

    + Detail: 
        * Instance: 
        N/A

        * Loop: 
        +---------------------+---------+---------+----------+-----------+-----------+------+----------+
        |                     |  Latency (cycles) | Iteration|  Initiation Interval  | Trip |          |
        |      Loop Name      |   min   |   max   |  Latency |  achieved |   target  | Count| Pipelined|
        +---------------------+---------+---------+----------+-----------+-----------+------+----------+
        |- VITIS_LOOP_180_26  |     6279|     6279|        12|          4|          1|  1568|       yes|
        +---------------------+---------+---------+----------+-----------+-----------+------+----------+



================================================================
== Utilization Estimates
================================================================
* Summary: 
+-----------------+---------+-----+--------+-------+-----+
|       Name      | BRAM_18K| DSP |   FF   |  LUT  | URAM|
+-----------------+---------+-----+--------+-------+-----+
|DSP              |        -|    -|       -|      -|    -|
|Expression       |        -|    -|       0|    105|    -|
|FIFO             |        -|    -|       -|      -|    -|
|Instance         |        -|    -|       -|      -|    -|
|Memory           |       50|    -|       0|      0|    -|
|Multiplexer      |        -|    -|       -|     89|    -|
|Register         |        -|    -|     250|     64|    -|
+-----------------+---------+-----+--------+-------+-----+
|Total            |       50|    0|     250|    258|    0|
+-----------------+---------+-----+--------+-------+-----+
|Available        |      432|  360|  141120|  70560|    0|
+-----------------+---------+-----+--------+-------+-----+
|Utilization (%)  |       11|    0|      ~0|     ~0|    0|
+-----------------+---------+-----+--------+-------+-----+

+ Detail: 
    * Instance: 
    N/A

    * DSP: 
    N/A

    * Memory: 
    +------------+-------------------------------------------------------------+---------+---+----+-----+-------+-----+------+-------------+
    |   Memory   |                            Module                           | BRAM_18K| FF| LUT| URAM| Words | Bits| Banks| W*Bits*Banks|
    +------------+-------------------------------------------------------------+---------+---+----+-----+-------+-----+------+-------------+
    |dense1_w_U  |cnn_predict_Pipeline_VITIS_LOOP_180_26_dense1_w_ROM_AUTO_1R  |       50|  0|   0|    0|  25088|   32|     1|       802816|
    +------------+-------------------------------------------------------------+---------+---+----+-----+-------+-----+------+-------------+
    |Total       |                                                             |       50|  0|   0|    0|  25088|   32|     1|       802816|
    +------------+-------------------------------------------------------------+---------+---+----+-----+-------+-----+------+-------------+

    * FIFO: 
    N/A

    * Expression: 
    +-----------------------+----------+----+---+----+------------+------------+
    |     Variable Name     | Operation| DSP| FF| LUT| Bitwidth P0| Bitwidth P1|
    +-----------------------+----------+----+---+----+------------+------------+
    |add_ln180_fu_159_p2    |         +|   0|  0|  18|          11|           1|
    |and_ln29_fu_238_p2     |       and|   0|  0|   2|           1|           1|
    |icmp_ln180_fu_153_p2   |      icmp|   0|  0|  11|          11|          10|
    |icmp_ln29_2_fu_226_p2  |      icmp|   0|  0|  16|          23|           1|
    |icmp_ln29_fu_220_p2    |      icmp|   0|  0|  11|           8|           2|
    |ifzero_fu_183_p2       |      icmp|   0|  0|  11|          11|          10|
    |or_ln29_fu_232_p2      |        or|   0|  0|   2|           1|           1|
    |dense_d0               |    select|   0|  0|  32|           1|          32|
    |ap_enable_pp0          |       xor|   0|  0|   2|           1|           2|
    +-----------------------+----------+----+---+----+------------+------------+
    |Total                  |          |   0|  0| 105|          68|          60|
    +-----------------------+----------+----+---+----+------------+------------+

    * Multiplexer: 
    +---------------------------+----+-----------+-----+-----------+
    |            Name           | LUT| Input Size| Bits| Total Bits|
    +---------------------------+----+-----------+-----+-----------+
    |ap_NS_fsm                  |  26|          5|    1|          5|
    |ap_done_int                |   9|          2|    1|          2|
    |ap_enable_reg_pp0_iter0    |   9|          2|    1|          2|
    |ap_enable_reg_pp0_iter1    |   9|          2|    1|          2|
    |ap_sig_allocacmp_j         |   9|          2|   11|         22|
    |ap_sig_allocacmp_sum_load  |   9|          2|   32|         64|
    |j_1_fu_60                  |   9|          2|   11|         22|
    |sum_fu_56                  |   9|          2|   32|         64|
    +---------------------------+----+-----------+-----+-----------+
    |Total                      |  89|         19|   90|        183|
    +---------------------------+----+-----------+-----+-----------+

    * Register: 
    +----------------------------------+----+----+-----+-----------+
    |               Name               | FF | LUT| Bits| Const Bits|
    +----------------------------------+----+----+-----+-----------+
    |ap_CS_fsm                         |   4|   0|    4|          0|
    |ap_done_reg                       |   1|   0|    1|          0|
    |ap_enable_reg_pp0_iter0_reg       |   1|   0|    1|          0|
    |ap_enable_reg_pp0_iter1           |   1|   0|    1|          0|
    |ap_enable_reg_pp0_iter2           |   1|   0|    1|          0|
    |ap_loop_exit_ready_pp0_iter1_reg  |   1|   0|    1|          0|
    |dense_addr_reg_266                |   4|   0|    4|          0|
    |icmp_ln180_reg_271                |   1|   0|    1|          0|
    |ifzero_reg_285                    |   1|   0|    1|          0|
    |j_1_fu_60                         |  11|   0|   11|          0|
    |mul2_reg_299                      |  32|   0|   32|          0|
    |sum_2_reg_309                     |  32|   0|   32|          0|
    |sum_fu_56                         |  32|   0|   32|          0|
    |dense_addr_reg_266                |  64|  32|    4|          0|
    |ifzero_reg_285                    |  64|  32|    1|          0|
    +----------------------------------+----+----+-----+-----------+
    |Total                             | 250|  64|  127|          0|
    +----------------------------------+----+----+-----+-----------+



================================================================
== Interface
================================================================
* Summary: 
+---------------------+-----+-----+------------+----------------------------------------+--------------+
|      RTL Ports      | Dir | Bits|  Protocol  |              Source Object             |    C Type    |
+---------------------+-----+-----+------------+----------------------------------------+--------------+
|ap_clk               |   in|    1|  ap_ctrl_hs|  cnn_predict_Pipeline_VITIS_LOOP_180_26|  return value|
|ap_rst               |   in|    1|  ap_ctrl_hs|  cnn_predict_Pipeline_VITIS_LOOP_180_26|  return value|
|ap_start             |   in|    1|  ap_ctrl_hs|  cnn_predict_Pipeline_VITIS_LOOP_180_26|  return value|
|ap_done              |  out|    1|  ap_ctrl_hs|  cnn_predict_Pipeline_VITIS_LOOP_180_26|  return value|
|ap_idle              |  out|    1|  ap_ctrl_hs|  cnn_predict_Pipeline_VITIS_LOOP_180_26|  return value|
|ap_ready             |  out|    1|  ap_ctrl_hs|  cnn_predict_Pipeline_VITIS_LOOP_180_26|  return value|
|grp_fu_414_p_din0    |  out|   32|  ap_ctrl_hs|  cnn_predict_Pipeline_VITIS_LOOP_180_26|  return value|
|grp_fu_414_p_din1    |  out|   32|  ap_ctrl_hs|  cnn_predict_Pipeline_VITIS_LOOP_180_26|  return value|
|grp_fu_414_p_opcode  |  out|    2|  ap_ctrl_hs|  cnn_predict_Pipeline_VITIS_LOOP_180_26|  return value|
|grp_fu_414_p_dout0   |   in|   32|  ap_ctrl_hs|  cnn_predict_Pipeline_VITIS_LOOP_180_26|  return value|
|grp_fu_414_p_ce      |  out|    1|  ap_ctrl_hs|  cnn_predict_Pipeline_VITIS_LOOP_180_26|  return value|
|grp_fu_857_p_din0    |  out|   32|  ap_ctrl_hs|  cnn_predict_Pipeline_VITIS_LOOP_180_26|  return value|
|grp_fu_857_p_din1    |  out|   32|  ap_ctrl_hs|  cnn_predict_Pipeline_VITIS_LOOP_180_26|  return value|
|grp_fu_857_p_dout0   |   in|   32|  ap_ctrl_hs|  cnn_predict_Pipeline_VITIS_LOOP_180_26|  return value|
|grp_fu_857_p_ce      |  out|    1|  ap_ctrl_hs|  cnn_predict_Pipeline_VITIS_LOOP_180_26|  return value|
|grp_fu_865_p_din0    |  out|   32|  ap_ctrl_hs|  cnn_predict_Pipeline_VITIS_LOOP_180_26|  return value|
|grp_fu_865_p_din1    |  out|   32|  ap_ctrl_hs|  cnn_predict_Pipeline_VITIS_LOOP_180_26|  return value|
|grp_fu_865_p_opcode  |  out|    5|  ap_ctrl_hs|  cnn_predict_Pipeline_VITIS_LOOP_180_26|  return value|
|grp_fu_865_p_dout0   |   in|    1|  ap_ctrl_hs|  cnn_predict_Pipeline_VITIS_LOOP_180_26|  return value|
|grp_fu_865_p_ce      |  out|    1|  ap_ctrl_hs|  cnn_predict_Pipeline_VITIS_LOOP_180_26|  return value|
|sum_1                |   in|   32|     ap_none|                                   sum_1|        scalar|
|dense_address0       |  out|    4|   ap_memory|                                   dense|         array|
|dense_ce0            |  out|    1|   ap_memory|                                   dense|         array|
|dense_we0            |  out|    1|   ap_memory|                                   dense|         array|
|dense_d0             |  out|   32|   ap_memory|                                   dense|         array|
|zext_ln178           |   in|    4|     ap_none|                              zext_ln178|        scalar|
|zext_ln178_1         |   in|    4|     ap_none|                            zext_ln178_1|        scalar|
|flat_address0        |  out|   11|   ap_memory|                                    flat|         array|
|flat_ce0             |  out|    1|   ap_memory|                                    flat|         array|
|flat_q0              |   in|   32|   ap_memory|                                    flat|         array|
+---------------------+-----+-----+------------+----------------------------------------+--------------+

