

================================================================
== Vitis HLS Report for 'cnn_predict_Pipeline_VITIS_LOOP_167_22_VITIS_LOOP_168_23_VITIS_LOOP_169_24'
================================================================
* Date:           Tue Nov 25 13:54:35 2025

* Version:        2022.2 (Build 3670227 on Oct 13 2022)
* Project:        cnn_hls
* Solution:       solution1 (Vivado IP Flow Target)
* Product family: zynquplus
* Target device:  xczu3eg-sbva484-1-i


================================================================
== Performance Estimates
================================================================
+ Timing: 
    * Summary: 
    +--------+----------+----------+------------+
    |  Clock |  Target  | Estimated| Uncertainty|
    +--------+----------+----------+------------+
    |ap_clk  |  10.00 ns|  6.146 ns|     2.70 ns|
    +--------+----------+----------+------------+

+ Latency: 
    * Summary: 
    +---------+---------+-----------+-----------+------+------+---------+
    |  Latency (cycles) |   Latency (absolute)  |   Interval  | Pipeline|
    |   min   |   max   |    min    |    max    |  min |  max |   Type  |
    +---------+---------+-----------+-----------+------+------+---------+
    |     1570|     1570|  15.700 us|  15.700 us|  1570|  1570|       no|
    +---------+---------+-----------+-----------+------+------+---------+

    + Detail: 
        * Instance: 
        N/A

        * Loop: 
        +---------------------------------------------------------+---------+---------+----------+-----------+-----------+------+----------+
        |                                                         |  Latency (cycles) | Iteration|  Initiation Interval  | Trip |          |
        |                        Loop Name                        |   min   |   max   |  Latency |  achieved |   target  | Count| Pipelined|
        +---------------------------------------------------------+---------+---------+----------+-----------+-----------+------+----------+
        |- VITIS_LOOP_167_22_VITIS_LOOP_168_23_VITIS_LOOP_169_24  |     1568|     1568|         2|          1|          1|  1568|       yes|
        +---------------------------------------------------------+---------+---------+----------+-----------+-----------+------+----------+



================================================================
== Utilization Estimates
================================================================
* Summary: 
+-----------------+---------+-----+--------+-------+-----+
|       Name      | BRAM_18K| DSP |   FF   |  LUT  | URAM|
+-----------------+---------+-----+--------+-------+-----+
|DSP              |        -|    -|       -|      -|    -|
|Expression       |        -|    -|       0|    292|    -|
|FIFO             |        -|    -|       -|      -|    -|
|Instance         |        -|    -|       -|      -|    -|
|Memory           |        -|    -|       -|      -|    -|
|Multiplexer      |        -|    -|       -|    135|    -|
|Register         |        -|    -|      69|      -|    -|
+-----------------+---------+-----+--------+-------+-----+
|Total            |        0|    0|      69|    427|    0|
+-----------------+---------+-----+--------+-------+-----+
|Available        |      432|  360|  141120|  70560|    0|
+-----------------+---------+-----+--------+-------+-----+
|Utilization (%)  |        0|    0|      ~0|     ~0|    0|
+-----------------+---------+-----+--------+-------+-----+

+ Detail: 
    * Instance: 
    N/A

    * DSP: 
    N/A

    * Memory: 
    N/A

    * FIFO: 
    N/A

    * Expression: 
    +--------------------------+----------+----+---+----+------------+------------+
    |       Variable Name      | Operation| DSP| FF| LUT| Bitwidth P0| Bitwidth P1|
    +--------------------------+----------+----+---+----+------------+------------+
    |add_ln167_1_fu_375_p2     |         +|   0|  0|  18|          11|           7|
    |add_ln167_2_fu_170_p2     |         +|   0|  0|  18|          11|           1|
    |add_ln167_fu_188_p2       |         +|   0|  0|  12|           4|           1|
    |add_ln168_1_fu_402_p2     |         +|   0|  0|  18|          11|           4|
    |add_ln168_2_fu_327_p2     |         +|   0|  0|  15|           8|           1|
    |add_ln168_fu_260_p2       |         +|   0|  0|  12|           4|           1|
    |add_ln169_fu_321_p2       |         +|   0|  0|  12|           4|           1|
    |add_ln170_1_fu_292_p2     |         +|   0|  0|  19|           8|           8|
    |add_ln170_2_fu_310_p2     |         +|   0|  0|  18|          11|          11|
    |add_ln170_fu_427_p2       |         +|   0|  0|  18|          11|           1|
    |sub_ln170_fu_236_p2       |         -|   0|  0|  19|           8|           8|
    |and_ln167_fu_254_p2       |       and|   0|  0|   2|           1|           1|
    |icmp_ln167_fu_164_p2      |      icmp|   0|  0|  11|          11|          10|
    |icmp_ln168_fu_194_p2      |      icmp|   0|  0|  11|           8|           7|
    |icmp_ln169_fu_248_p2      |      icmp|   0|  0|   9|           4|           5|
    |or_ln168_fu_266_p2        |        or|   0|  0|   2|           1|           1|
    |select_ln167_1_fu_200_p3  |    select|   0|  0|   4|           1|           1|
    |select_ln167_2_fu_388_p3  |    select|   0|  0|  10|           1|          11|
    |select_ln167_3_fu_208_p3  |    select|   0|  0|   4|           1|           4|
    |select_ln167_4_fu_395_p3  |    select|   0|  0|  10|           1|          11|
    |select_ln167_fu_381_p3    |    select|   0|  0|  10|           1|          11|
    |select_ln168_1_fu_272_p3  |    select|   0|  0|   4|           1|           1|
    |select_ln168_2_fu_280_p3  |    select|   0|  0|   4|           1|           4|
    |select_ln168_3_fu_415_p3  |    select|   0|  0|  10|           1|          11|
    |select_ln168_4_fu_333_p3  |    select|   0|  0|   8|           1|           1|
    |select_ln168_fu_408_p3    |    select|   0|  0|  10|           1|          11|
    |ap_enable_pp0             |       xor|   0|  0|   2|           1|           2|
    |xor_ln167_fu_242_p2       |       xor|   0|  0|   2|           1|           2|
    +--------------------------+----------+----+---+----+------------+------------+
    |Total                     |          |   0|  0| 292|         128|         138|
    +--------------------------+----------+----+---+----+------------+------------+

    * Multiplexer: 
    +-----------------------------------------+----+-----------+-----+-----------+
    |                   Name                  | LUT| Input Size| Bits| Total Bits|
    +-----------------------------------------+----+-----------+-----+-----------+
    |ap_done_int                              |   9|          2|    1|          2|
    |ap_enable_reg_pp0_iter1                  |   9|          2|    1|          2|
    |ap_sig_allocacmp_c_load                  |   9|          2|    4|          8|
    |ap_sig_allocacmp_f_load                  |   9|          2|    4|          8|
    |ap_sig_allocacmp_indvar_flatten155_load  |   9|          2|    8|         16|
    |ap_sig_allocacmp_indvar_flatten171_load  |   9|          2|   11|         22|
    |ap_sig_allocacmp_r_load                  |   9|          2|    4|          8|
    |c_fu_70                                  |   9|          2|    4|          8|
    |f_fu_62                                  |   9|          2|    4|          8|
    |idx_1_fu_66                              |   9|          2|   11|         22|
    |idx_fu_74                                |   9|          2|   11|         22|
    |indvar_flatten155_fu_78                  |   9|          2|    8|         16|
    |indvar_flatten171_fu_90                  |   9|          2|   11|         22|
    |indvars_iv189_fu_86                      |   9|          2|   11|         22|
    |r_fu_82                                  |   9|          2|    4|          8|
    +-----------------------------------------+----+-----------+-----+-----------+
    |Total                                    | 135|         30|   97|        194|
    +-----------------------------------------+----+-----------+-----+-----------+

    * Register: 
    +-------------------------+----+----+-----+-----------+
    |           Name          | FF | LUT| Bits| Const Bits|
    +-------------------------+----+----+-----+-----------+
    |and_ln167_reg_514        |   1|   0|    1|          0|
    |ap_CS_fsm                |   1|   0|    1|          0|
    |ap_done_reg              |   1|   0|    1|          0|
    |ap_enable_reg_pp0_iter1  |   1|   0|    1|          0|
    |c_fu_70                  |   4|   0|    4|          0|
    |f_fu_62                  |   4|   0|    4|          0|
    |icmp_ln168_reg_507       |   1|   0|    1|          0|
    |idx_1_fu_66              |  11|   0|   11|          0|
    |idx_fu_74                |  11|   0|   11|          0|
    |indvar_flatten155_fu_78  |   8|   0|    8|          0|
    |indvar_flatten171_fu_90  |  11|   0|   11|          0|
    |indvars_iv189_fu_86      |  11|   0|   11|          0|
    |r_fu_82                  |   4|   0|    4|          0|
    +-------------------------+----+----+-----+-----------+
    |Total                    |  69|   0|   69|          0|
    +-------------------------+----+----+-----+-----------+



================================================================
== Interface
================================================================
* Summary: 
+----------------------+-----+-----+------------+----------------------------------------------------------------------------+--------------+
|       RTL Ports      | Dir | Bits|  Protocol  |                                Source Object                               |    C Type    |
+----------------------+-----+-----+------------+----------------------------------------------------------------------------+--------------+
|ap_clk                |   in|    1|  ap_ctrl_hs|  cnn_predict_Pipeline_VITIS_LOOP_167_22_VITIS_LOOP_168_23_VITIS_LOOP_169_24|  return value|
|ap_rst                |   in|    1|  ap_ctrl_hs|  cnn_predict_Pipeline_VITIS_LOOP_167_22_VITIS_LOOP_168_23_VITIS_LOOP_169_24|  return value|
|ap_start              |   in|    1|  ap_ctrl_hs|  cnn_predict_Pipeline_VITIS_LOOP_167_22_VITIS_LOOP_168_23_VITIS_LOOP_169_24|  return value|
|ap_done               |  out|    1|  ap_ctrl_hs|  cnn_predict_Pipeline_VITIS_LOOP_167_22_VITIS_LOOP_168_23_VITIS_LOOP_169_24|  return value|
|ap_idle               |  out|    1|  ap_ctrl_hs|  cnn_predict_Pipeline_VITIS_LOOP_167_22_VITIS_LOOP_168_23_VITIS_LOOP_169_24|  return value|
|ap_ready              |  out|    1|  ap_ctrl_hs|  cnn_predict_Pipeline_VITIS_LOOP_167_22_VITIS_LOOP_168_23_VITIS_LOOP_169_24|  return value|
|layer2_pool_address0  |  out|   11|   ap_memory|                                                                 layer2_pool|         array|
|layer2_pool_ce0       |  out|    1|   ap_memory|                                                                 layer2_pool|         array|
|layer2_pool_q0        |   in|   32|   ap_memory|                                                                 layer2_pool|         array|
|flat_address0         |  out|   11|   ap_memory|                                                                        flat|         array|
|flat_ce0              |  out|    1|   ap_memory|                                                                        flat|         array|
|flat_we0              |  out|    1|   ap_memory|                                                                        flat|         array|
|flat_d0               |  out|   32|   ap_memory|                                                                        flat|         array|
+----------------------+-----+-----+------------+----------------------------------------------------------------------------+--------------+

