

================================================================
== Vitis HLS Report for 'cnn_predict_Pipeline_VITIS_LOOP_121_11_VITIS_LOOP_122_12_VITIS_LOOP_123_13'
================================================================
* Date:           Tue Nov 25 13:54:34 2025

* Version:        2022.2 (Build 3670227 on Oct 13 2022)
* Project:        cnn_hls
* Solution:       solution1 (Vivado IP Flow Target)
* Product family: zynquplus
* Target device:  xczu3eg-sbva484-1-i


================================================================
== Performance Estimates
================================================================
+ Timing: 
    * Summary: 
    +--------+----------+----------+------------+
    |  Clock |  Target  | Estimated| Uncertainty|
    +--------+----------+----------+------------+
    |ap_clk  |  10.00 ns|  6.023 ns|     2.70 ns|
    +--------+----------+----------+------------+

+ Latency: 
    * Summary: 
    +---------+---------+----------+----------+-------+-------+---------+
    |  Latency (cycles) |  Latency (absolute) |    Interval   | Pipeline|
    |   min   |   max   |    min   |    max   |  min  |  max  |   Type  |
    +---------+---------+----------+----------+-------+-------+---------+
    |    20369|    20369|  0.204 ms|  0.204 ms|  20369|  20369|       no|
    +---------+---------+----------+----------+-------+-------+---------+

    + Detail: 
        * Instance: 
        N/A

        * Loop: 
        +---------------------------------------------------------+---------+---------+----------+-----------+-----------+------+----------+
        |                                                         |  Latency (cycles) | Iteration|  Initiation Interval  | Trip |          |
        |                        Loop Name                        |   min   |   max   |  Latency |  achieved |   target  | Count| Pipelined|
        +---------------------------------------------------------+---------+---------+----------+-----------+-----------+------+----------+
        |- VITIS_LOOP_121_11_VITIS_LOOP_122_12_VITIS_LOOP_123_13  |    20367|    20367|       187|          3|          1|  6728|       yes|
        +---------------------------------------------------------+---------+---------+----------+-----------+-----------+------+----------+



================================================================
== Utilization Estimates
================================================================
* Summary: 
+-----------------+---------+-----+--------+-------+-----+
|       Name      | BRAM_18K| DSP |   FF   |  LUT  | URAM|
+-----------------+---------+-----+--------+-------+-----+
|DSP              |        -|    1|       -|      -|    -|
|Expression       |        -|    -|       0|   1215|    -|
|FIFO             |        -|    -|       -|      -|    -|
|Instance         |        -|   50|    3480|   3460|    -|
|Memory           |       12|    -|      32|      4|    -|
|Multiplexer      |        -|    -|       -|   1610|    -|
|Register         |        -|    -|    4965|   1184|    -|
+-----------------+---------+-----+--------+-------+-----+
|Total            |       12|   51|    8477|   7473|    0|
+-----------------+---------+-----+--------+-------+-----+
|Available        |      432|  360|  141120|  70560|    0|
+-----------------+---------+-----+--------+-------+-----+
|Utilization (%)  |        2|   14|       6|     10|    0|
+-----------------+---------+-----+--------+-------+-----+

+ Detail: 
    * Instance: 
    +------------------------------------+--------------------------------+---------+----+-----+-----+-----+
    |              Instance              |             Module             | BRAM_18K| DSP|  FF | LUT | URAM|
    +------------------------------------+--------------------------------+---------+----+-----+-----+-----+
    |fadd_32ns_32ns_32_5_full_dsp_1_U30  |fadd_32ns_32ns_32_5_full_dsp_1  |        0|   2|  205|  206|    0|
    |fadd_32ns_32ns_32_5_full_dsp_1_U31  |fadd_32ns_32ns_32_5_full_dsp_1  |        0|   2|  205|  206|    0|
    |fadd_32ns_32ns_32_5_full_dsp_1_U32  |fadd_32ns_32ns_32_5_full_dsp_1  |        0|   2|  205|  206|    0|
    |fadd_32ns_32ns_32_5_full_dsp_1_U33  |fadd_32ns_32ns_32_5_full_dsp_1  |        0|   2|  205|  206|    0|
    |fadd_32ns_32ns_32_5_full_dsp_1_U34  |fadd_32ns_32ns_32_5_full_dsp_1  |        0|   2|  205|  206|    0|
    |fadd_32ns_32ns_32_5_full_dsp_1_U35  |fadd_32ns_32ns_32_5_full_dsp_1  |        0|   2|  205|  206|    0|
    |fadd_32ns_32ns_32_5_full_dsp_1_U36  |fadd_32ns_32ns_32_5_full_dsp_1  |        0|   2|  205|  206|    0|
    |fadd_32ns_32ns_32_5_full_dsp_1_U37  |fadd_32ns_32ns_32_5_full_dsp_1  |        0|   2|  205|  206|    0|
    |fadd_32ns_32ns_32_5_full_dsp_1_U38  |fadd_32ns_32ns_32_5_full_dsp_1  |        0|   2|  205|  206|    0|
    |fadd_32ns_32ns_32_5_full_dsp_1_U39  |fadd_32ns_32ns_32_5_full_dsp_1  |        0|   2|  205|  206|    0|
    |fmul_32ns_32ns_32_4_max_dsp_1_U42   |fmul_32ns_32ns_32_4_max_dsp_1   |        0|   3|  143|  140|    0|
    |fmul_32ns_32ns_32_4_max_dsp_1_U43   |fmul_32ns_32ns_32_4_max_dsp_1   |        0|   3|  143|  140|    0|
    |fmul_32ns_32ns_32_4_max_dsp_1_U44   |fmul_32ns_32ns_32_4_max_dsp_1   |        0|   3|  143|  140|    0|
    |fmul_32ns_32ns_32_4_max_dsp_1_U45   |fmul_32ns_32ns_32_4_max_dsp_1   |        0|   3|  143|  140|    0|
    |fmul_32ns_32ns_32_4_max_dsp_1_U46   |fmul_32ns_32ns_32_4_max_dsp_1   |        0|   3|  143|  140|    0|
    |fmul_32ns_32ns_32_4_max_dsp_1_U47   |fmul_32ns_32ns_32_4_max_dsp_1   |        0|   3|  143|  140|    0|
    |fmul_32ns_32ns_32_4_max_dsp_1_U48   |fmul_32ns_32ns_32_4_max_dsp_1   |        0|   3|  143|  140|    0|
    |fmul_32ns_32ns_32_4_max_dsp_1_U49   |fmul_32ns_32ns_32_4_max_dsp_1   |        0|   3|  143|  140|    0|
    |fmul_32ns_32ns_32_4_max_dsp_1_U50   |fmul_32ns_32ns_32_4_max_dsp_1   |        0|   3|  143|  140|    0|
    |fmul_32ns_32ns_32_4_max_dsp_1_U51   |fmul_32ns_32ns_32_4_max_dsp_1   |        0|   3|  143|  140|    0|
    +------------------------------------+--------------------------------+---------+----+-----+-----+-----+
    |Total                               |                                |        0|  50| 3480| 3460|    0|
    +------------------------------------+--------------------------------+---------+----+-----+-----+-----+

    * DSP: 
    +-----------------------------------+-------------------------------+--------------+
    |              Instance             |             Module            |  Expression  |
    +-----------------------------------+-------------------------------+--------------+
    |mac_muladd_5ns_5ns_5ns_10_4_1_U53  |mac_muladd_5ns_5ns_5ns_10_4_1  |  i0 * i1 + i2|
    +-----------------------------------+-------------------------------+--------------+

    * Memory: 
    +-----------+----------------------------------------------------------------------------------+---------+----+----+-----+------+-----+------+-------------+
    |   Memory  |                                      Module                                      | BRAM_18K| FF | LUT| URAM| Words| Bits| Banks| W*Bits*Banks|
    +-----------+----------------------------------------------------------------------------------+---------+----+----+-----+------+-----+------+-------------+
    |conv2_b_U  |cnn_predict_Pipeline_VITIS_LOOP_121_11_VITIS_LOOP_122_12_VITIS_LOOP_123_13_cobkb  |        0|  32|   4|    0|     8|   32|     1|          256|
    |conv2_w_U  |cnn_predict_Pipeline_VITIS_LOOP_121_11_VITIS_LOOP_122_12_VITIS_LOOP_123_13_cocud  |       12|   0|   0|    0|   288|   32|     1|         9216|
    +-----------+----------------------------------------------------------------------------------+---------+----+----+-----+------+-----+------+-------------+
    |Total      |                                                                                  |       12|  32|   4|    0|   296|   64|     2|         9472|
    +-----------+----------------------------------------------------------------------------------+---------+----+----+-----+------+-----+------+-------------+

    * FIFO: 
    N/A

    * Expression: 
    +----------------------------+----------+----+---+----+------------+------------+
    |        Variable Name       | Operation| DSP| FF| LUT| Bitwidth P0| Bitwidth P1|
    +----------------------------+----------+----+---+----+------------+------------+
    |add_ln121_10_fu_1276_p2     |         +|   0|  0|  14|           7|           7|
    |add_ln121_1_fu_1695_p2      |         +|   0|  0|  15|           8|           8|
    |add_ln121_2_fu_1732_p2      |         +|   0|  0|  15|           8|           8|
    |add_ln121_3_fu_1769_p2      |         +|   0|  0|  15|           8|           8|
    |add_ln121_4_fu_1806_p2      |         +|   0|  0|  15|           8|           8|
    |add_ln121_5_fu_2107_p2      |         +|   0|  0|  16|           9|           9|
    |add_ln121_6_fu_2144_p2      |         +|   0|  0|  16|           9|           9|
    |add_ln121_7_fu_1030_p2      |         +|   0|  0|  20|          13|           1|
    |add_ln121_8_fu_1174_p2      |         +|   0|  0|  13|           6|           6|
    |add_ln121_9_fu_1236_p2      |         +|   0|  0|  14|           7|           7|
    |add_ln121_fu_1045_p2        |         +|   0|  0|  12|           4|           1|
    |add_ln122_fu_1595_p2        |         +|   0|  0|  17|          10|           1|
    |add_ln133_fu_1078_p2        |         +|   0|  0|  12|           4|           4|
    |add_ln135_1_fu_1844_p2      |         +|   0|  0|  17|          10|          10|
    |add_ln135_2_fu_2185_p2      |         +|   0|  0|  17|          10|          10|
    |add_ln135_3_fu_1477_p2      |         +|   0|  0|  17|          10|          10|
    |add_ln135_4_fu_1903_p2      |         +|   0|  0|  17|          10|          10|
    |add_ln135_5_fu_2244_p2      |         +|   0|  0|  17|          10|          10|
    |add_ln135_6_fu_1543_p2      |         +|   0|  0|  17|          10|          10|
    |add_ln135_7_fu_1962_p2      |         +|   0|  0|  17|          10|          10|
    |add_ln135_8_fu_2303_p2      |         +|   0|  0|  17|          10|          10|
    |add_ln135_fu_1411_p2        |         +|   0|  0|  17|          10|          10|
    |add_ln139_1_fu_2365_p2      |         +|   0|  0|  20|          13|          13|
    |empty_32_fu_1018_p2         |         +|   0|  0|  12|           5|           2|
    |empty_34_fu_1463_p2         |         +|   0|  0|  12|           5|           1|
    |empty_35_fu_1529_p2         |         +|   0|  0|  12|           5|           2|
    |empty_fu_1012_p2            |         +|   0|  0|  12|           5|           1|
    |p_dup45_fu_1321_p2          |         +|   0|  0|  12|           5|           1|
    |p_mid148_fu_1375_p2         |         +|   0|  0|  12|           5|           2|
    |p_mid150_fu_1389_p2         |         +|   0|  0|  12|           5|           2|
    |sub_ln135_1_fu_1831_p2      |         -|   0|  0|  69|          62|          62|
    |sub_ln135_2_fu_2169_p2      |         -|   0|  0|  69|          62|          62|
    |sub_ln135_fu_1369_p2        |         -|   0|  0|  69|          62|          62|
    |and_ln121_fu_1315_p2        |       and|   0|  0|   2|           1|           1|
    |and_ln29_fu_2410_p2         |       and|   0|  0|   2|           1|           1|
    |icmp_ln121_fu_1024_p2       |      icmp|   0|  0|  12|          13|          12|
    |icmp_ln122_fu_1051_p2       |      icmp|   0|  0|  11|          10|           9|
    |icmp_ln123_fu_1309_p2       |      icmp|   0|  0|   9|           5|           3|
    |icmp_ln29_2_fu_2392_p2      |      icmp|   0|  0|  11|           8|           2|
    |icmp_ln29_fu_2398_p2        |      icmp|   0|  0|  16|          23|           1|
    |or_ln122_fu_1327_p2         |        or|   0|  0|   2|           1|           1|
    |or_ln135_10_fu_1507_p2      |        or|   0|  0|  12|          12|           2|
    |or_ln135_11_fu_1518_p2      |        or|   0|  0|  12|          12|           2|
    |or_ln135_12_fu_1922_p2      |        or|   0|  0|  12|          12|           1|
    |or_ln135_13_fu_1933_p2      |        or|   0|  0|  12|          12|           2|
    |or_ln135_14_fu_1944_p2      |        or|   0|  0|  12|          12|           2|
    |or_ln135_15_fu_2263_p2      |        or|   0|  0|  12|          12|           1|
    |or_ln135_16_fu_2274_p2      |        or|   0|  0|  12|          12|           2|
    |or_ln135_17_fu_2285_p2      |        or|   0|  0|  12|          12|           2|
    |or_ln135_18_fu_1562_p2      |        or|   0|  0|  12|          12|           1|
    |or_ln135_19_fu_1573_p2      |        or|   0|  0|  12|          12|           2|
    |or_ln135_1_fu_1441_p2       |        or|   0|  0|  12|          12|           2|
    |or_ln135_20_fu_1584_p2      |        or|   0|  0|  12|          12|           2|
    |or_ln135_21_fu_1981_p2      |        or|   0|  0|  12|          12|           1|
    |or_ln135_22_fu_1992_p2      |        or|   0|  0|  12|          12|           2|
    |or_ln135_23_fu_2003_p2      |        or|   0|  0|  12|          12|           2|
    |or_ln135_24_fu_2322_p2      |        or|   0|  0|  12|          12|           1|
    |or_ln135_25_fu_2333_p2      |        or|   0|  0|  12|          12|           2|
    |or_ln135_26_fu_2344_p2      |        or|   0|  0|  12|          12|           2|
    |or_ln135_2_fu_1452_p2       |        or|   0|  0|  12|          12|           2|
    |or_ln135_3_fu_1863_p2       |        or|   0|  0|  12|          12|           1|
    |or_ln135_4_fu_1874_p2       |        or|   0|  0|  12|          12|           2|
    |or_ln135_5_fu_1885_p2       |        or|   0|  0|  12|          12|           2|
    |or_ln135_6_fu_2204_p2       |        or|   0|  0|  12|          12|           1|
    |or_ln135_7_fu_2215_p2       |        or|   0|  0|  12|          12|           2|
    |or_ln135_8_fu_2226_p2       |        or|   0|  0|  12|          12|           2|
    |or_ln135_9_fu_1496_p2       |        or|   0|  0|  12|          12|           1|
    |or_ln135_fu_1430_p2         |        or|   0|  0|  12|          12|           1|
    |or_ln29_fu_2404_p2          |        or|   0|  0|   2|           1|           1|
    |layer2_conv_d0              |    select|   0|  0|  32|           1|          32|
    |select_ln121_10_fu_1794_p3  |    select|   0|  0|   8|           1|           8|
    |select_ln121_11_fu_2092_p3  |    select|   0|  0|   8|           1|           9|
    |select_ln121_12_fu_2132_p3  |    select|   0|  0|   8|           1|           9|
    |select_ln121_13_fu_1287_p3  |    select|   0|  0|   5|           1|           1|
    |select_ln121_14_fu_1295_p3  |    select|   0|  0|   5|           1|           2|
    |select_ln121_1_fu_1065_p3   |    select|   0|  0|   4|           1|           4|
    |select_ln121_2_fu_1090_p3   |    select|   0|  0|   4|           1|           4|
    |select_ln121_3_fu_1119_p3   |    select|   0|  0|   5|           1|           5|
    |select_ln121_4_fu_1157_p3   |    select|   0|  0|   6|           1|           6|
    |select_ln121_5_fu_1219_p3   |    select|   0|  0|   7|           1|           7|
    |select_ln121_6_fu_1263_p3   |    select|   0|  0|   7|           1|           7|
    |select_ln121_7_fu_1680_p3   |    select|   0|  0|   8|           1|           8|
    |select_ln121_8_fu_1720_p3   |    select|   0|  0|   8|           1|           8|
    |select_ln121_9_fu_1757_p3   |    select|   0|  0|   8|           1|           8|
    |select_ln121_fu_1057_p3     |    select|   0|  0|   5|           1|           1|
    |select_ln122_1_fu_1341_p3   |    select|   0|  0|   5|           1|           5|
    |select_ln122_2_fu_1381_p3   |    select|   0|  0|   5|           1|           5|
    |select_ln122_3_fu_1395_p3   |    select|   0|  0|   5|           1|           5|
    |select_ln122_4_fu_1601_p3   |    select|   0|  0|   9|           1|           1|
    |select_ln122_fu_1333_p3     |    select|   0|  0|   5|           1|           1|
    |ap_enable_pp0               |       xor|   0|  0|   2|           1|           2|
    |xor_ln121_fu_1303_p2        |       xor|   0|  0|   2|           1|           2|
    |xor_ln133_fu_1084_p2        |       xor|   0|  0|   5|           4|           5|
    +----------------------------+----------+----+---+----+------------+------------+
    |Total                       |          |   0|  0|1215|         839|         598|
    +----------------------------+----------+----+---+----+------------+------------+

    * Multiplexer: 
    +-----------------------------------+----+-----------+-----+-----------+
    |                Name               | LUT| Input Size| Bits| Total Bits|
    +-----------------------------------+----+-----------+-----+-----------+
    |ap_NS_fsm                          |  20|          4|    1|          4|
    |ap_done_int                        |   9|          2|    1|          2|
    |ap_enable_reg_pp0_iter0            |   9|          2|    1|          2|
    |ap_enable_reg_pp0_iter1            |   9|          2|    1|          2|
    |ap_enable_reg_pp0_iter62           |   9|          2|    1|          2|
    |ap_loop_exit_ready_pp0_iter10_reg  |   9|          2|    1|          2|
    |ap_loop_exit_ready_pp0_iter11_reg  |   9|          2|    1|          2|
    |ap_loop_exit_ready_pp0_iter12_reg  |   9|          2|    1|          2|
    |ap_loop_exit_ready_pp0_iter13_reg  |   9|          2|    1|          2|
    |ap_loop_exit_ready_pp0_iter14_reg  |   9|          2|    1|          2|
    |ap_loop_exit_ready_pp0_iter15_reg  |   9|          2|    1|          2|
    |ap_loop_exit_ready_pp0_iter16_reg  |   9|          2|    1|          2|
    |ap_loop_exit_ready_pp0_iter17_reg  |   9|          2|    1|          2|
    |ap_loop_exit_ready_pp0_iter18_reg  |   9|          2|    1|          2|
    |ap_loop_exit_ready_pp0_iter19_reg  |   9|          2|    1|          2|
    |ap_loop_exit_ready_pp0_iter1_reg   |   9|          2|    1|          2|
    |ap_loop_exit_ready_pp0_iter20_reg  |   9|          2|    1|          2|
    |ap_loop_exit_ready_pp0_iter21_reg  |   9|          2|    1|          2|
    |ap_loop_exit_ready_pp0_iter22_reg  |   9|          2|    1|          2|
    |ap_loop_exit_ready_pp0_iter23_reg  |   9|          2|    1|          2|
    |ap_loop_exit_ready_pp0_iter24_reg  |   9|          2|    1|          2|
    |ap_loop_exit_ready_pp0_iter25_reg  |   9|          2|    1|          2|
    |ap_loop_exit_ready_pp0_iter26_reg  |   9|          2|    1|          2|
    |ap_loop_exit_ready_pp0_iter27_reg  |   9|          2|    1|          2|
    |ap_loop_exit_ready_pp0_iter28_reg  |   9|          2|    1|          2|
    |ap_loop_exit_ready_pp0_iter29_reg  |   9|          2|    1|          2|
    |ap_loop_exit_ready_pp0_iter2_reg   |   9|          2|    1|          2|
    |ap_loop_exit_ready_pp0_iter30_reg  |   9|          2|    1|          2|
    |ap_loop_exit_ready_pp0_iter31_reg  |   9|          2|    1|          2|
    |ap_loop_exit_ready_pp0_iter32_reg  |   9|          2|    1|          2|
    |ap_loop_exit_ready_pp0_iter33_reg  |   9|          2|    1|          2|
    |ap_loop_exit_ready_pp0_iter34_reg  |   9|          2|    1|          2|
    |ap_loop_exit_ready_pp0_iter35_reg  |   9|          2|    1|          2|
    |ap_loop_exit_ready_pp0_iter36_reg  |   9|          2|    1|          2|
    |ap_loop_exit_ready_pp0_iter37_reg  |   9|          2|    1|          2|
    |ap_loop_exit_ready_pp0_iter38_reg  |   9|          2|    1|          2|
    |ap_loop_exit_ready_pp0_iter39_reg  |   9|          2|    1|          2|
    |ap_loop_exit_ready_pp0_iter3_reg   |   9|          2|    1|          2|
    |ap_loop_exit_ready_pp0_iter40_reg  |   9|          2|    1|          2|
    |ap_loop_exit_ready_pp0_iter41_reg  |   9|          2|    1|          2|
    |ap_loop_exit_ready_pp0_iter42_reg  |   9|          2|    1|          2|
    |ap_loop_exit_ready_pp0_iter43_reg  |   9|          2|    1|          2|
    |ap_loop_exit_ready_pp0_iter44_reg  |   9|          2|    1|          2|
    |ap_loop_exit_ready_pp0_iter45_reg  |   9|          2|    1|          2|
    |ap_loop_exit_ready_pp0_iter46_reg  |   9|          2|    1|          2|
    |ap_loop_exit_ready_pp0_iter47_reg  |   9|          2|    1|          2|
    |ap_loop_exit_ready_pp0_iter48_reg  |   9|          2|    1|          2|
    |ap_loop_exit_ready_pp0_iter49_reg  |   9|          2|    1|          2|
    |ap_loop_exit_ready_pp0_iter4_reg   |   9|          2|    1|          2|
    |ap_loop_exit_ready_pp0_iter50_reg  |   9|          2|    1|          2|
    |ap_loop_exit_ready_pp0_iter51_reg  |   9|          2|    1|          2|
    |ap_loop_exit_ready_pp0_iter52_reg  |   9|          2|    1|          2|
    |ap_loop_exit_ready_pp0_iter53_reg  |   9|          2|    1|          2|
    |ap_loop_exit_ready_pp0_iter54_reg  |   9|          2|    1|          2|
    |ap_loop_exit_ready_pp0_iter55_reg  |   9|          2|    1|          2|
    |ap_loop_exit_ready_pp0_iter56_reg  |   9|          2|    1|          2|
    |ap_loop_exit_ready_pp0_iter57_reg  |   9|          2|    1|          2|
    |ap_loop_exit_ready_pp0_iter58_reg  |   9|          2|    1|          2|
    |ap_loop_exit_ready_pp0_iter59_reg  |   9|          2|    1|          2|
    |ap_loop_exit_ready_pp0_iter5_reg   |   9|          2|    1|          2|
    |ap_loop_exit_ready_pp0_iter60_reg  |   9|          2|    1|          2|
    |ap_loop_exit_ready_pp0_iter61_reg  |   9|          2|    1|          2|
    |ap_loop_exit_ready_pp0_iter6_reg   |   9|          2|    1|          2|
    |ap_loop_exit_ready_pp0_iter7_reg   |   9|          2|    1|          2|
    |ap_loop_exit_ready_pp0_iter8_reg   |   9|          2|    1|          2|
    |ap_loop_exit_ready_pp0_iter9_reg   |   9|          2|    1|          2|
    |c_fu_136                           |   9|          2|    5|         10|
    |conv2_w_address0                   |  20|          4|    9|         36|
    |conv2_w_address1                   |  20|          4|    9|         36|
    |conv2_w_address10                  |  20|          4|    9|         36|
    |conv2_w_address11                  |  20|          4|    9|         36|
    |conv2_w_address2                   |  20|          4|    9|         36|
    |conv2_w_address3                   |  20|          4|    9|         36|
    |conv2_w_address4                   |  20|          4|    9|         36|
    |conv2_w_address5                   |  20|          4|    9|         36|
    |conv2_w_address6                   |  20|          4|    9|         36|
    |conv2_w_address7                   |  20|          4|    9|         36|
    |conv2_w_address8                   |  20|          4|    9|         36|
    |conv2_w_address9                   |  20|          4|    9|         36|
    |f_fu_148                           |   9|          2|    4|          8|
    |grp_fu_856_p0                      |  20|          4|   32|        128|
    |grp_fu_856_p1                      |  20|          4|   32|        128|
    |grp_fu_860_p0                      |  20|          4|   32|        128|
    |grp_fu_860_p1                      |  20|          4|   32|        128|
    |grp_fu_864_p0                      |  20|          4|   32|        128|
    |grp_fu_864_p1                      |  20|          4|   32|        128|
    |grp_fu_868_p0                      |  20|          4|   32|        128|
    |grp_fu_868_p1                      |  20|          4|   32|        128|
    |grp_fu_872_p0                      |  20|          4|   32|        128|
    |grp_fu_872_p1                      |  20|          4|   32|        128|
    |grp_fu_876_p0                      |  20|          4|   32|        128|
    |grp_fu_876_p1                      |  20|          4|   32|        128|
    |grp_fu_880_p0                      |  20|          4|   32|        128|
    |grp_fu_880_p1                      |  20|          4|   32|        128|
    |grp_fu_884_p0                      |  20|          4|   32|        128|
    |grp_fu_884_p1                      |  20|          4|   32|        128|
    |grp_fu_888_p0                      |  20|          4|   32|        128|
    |grp_fu_888_p1                      |  20|          4|   32|        128|
    |grp_fu_892_p0                      |  20|          4|   32|        128|
    |grp_fu_892_p1                      |  20|          4|   32|        128|
    |grp_fu_896_p0                      |  20|          4|   32|        128|
    |grp_fu_896_p1                      |  20|          4|   32|        128|
    |grp_fu_900_p0                      |  20|          4|   32|        128|
    |grp_fu_900_p1                      |  20|          4|   32|        128|
    |indvar_flatten111_fu_152           |   9|          2|   13|         26|
    |indvar_flatten52_fu_144            |   9|          2|   10|         20|
    |layer1_pool_address0               |  20|          4|   12|         48|
    |layer1_pool_address1               |  20|          4|   12|         48|
    |layer1_pool_address10              |  20|          4|   12|         48|
    |layer1_pool_address11              |  20|          4|   12|         48|
    |layer1_pool_address2               |  20|          4|   12|         48|
    |layer1_pool_address3               |  20|          4|   12|         48|
    |layer1_pool_address4               |  20|          4|   12|         48|
    |layer1_pool_address5               |  20|          4|   12|         48|
    |layer1_pool_address6               |  20|          4|   12|         48|
    |layer1_pool_address7               |  20|          4|   12|         48|
    |layer1_pool_address8               |  20|          4|   12|         48|
    |layer1_pool_address9               |  20|          4|   12|         48|
    |r_fu_140                           |   9|          2|    5|         10|
    +-----------------------------------+----+-----------+-----+-----------+
    |Total                              |1610|        336| 1123|       4288|
    +-----------------------------------+----+-----------+-----+-----------+

    * Register: 
    +-----------------------------------+----+----+-----+-----------+
    |                Name               | FF | LUT| Bits| Const Bits|
    +-----------------------------------+----+----+-----+-----------+
    |add_ln121_10_reg_2608              |   7|   0|    7|          0|
    |add_ln121_8_reg_2557               |   6|   0|    6|          0|
    |add_ln121_9_reg_2588               |   7|   0|    7|          0|
    |add_ln121_reg_2482                 |   4|   0|    4|          0|
    |add_ln139_1_reg_3264               |  13|   0|   13|          0|
    |ap_CS_fsm                          |   3|   0|    3|          0|
    |ap_done_reg                        |   1|   0|    1|          0|
    |ap_enable_reg_pp0_iter0_reg        |   1|   0|    1|          0|
    |ap_enable_reg_pp0_iter1            |   1|   0|    1|          0|
    |ap_enable_reg_pp0_iter10           |   1|   0|    1|          0|
    |ap_enable_reg_pp0_iter11           |   1|   0|    1|          0|
    |ap_enable_reg_pp0_iter12           |   1|   0|    1|          0|
    |ap_enable_reg_pp0_iter13           |   1|   0|    1|          0|
    |ap_enable_reg_pp0_iter14           |   1|   0|    1|          0|
    |ap_enable_reg_pp0_iter15           |   1|   0|    1|          0|
    |ap_enable_reg_pp0_iter16           |   1|   0|    1|          0|
    |ap_enable_reg_pp0_iter17           |   1|   0|    1|          0|
    |ap_enable_reg_pp0_iter18           |   1|   0|    1|          0|
    |ap_enable_reg_pp0_iter19           |   1|   0|    1|          0|
    |ap_enable_reg_pp0_iter2            |   1|   0|    1|          0|
    |ap_enable_reg_pp0_iter20           |   1|   0|    1|          0|
    |ap_enable_reg_pp0_iter21           |   1|   0|    1|          0|
    |ap_enable_reg_pp0_iter22           |   1|   0|    1|          0|
    |ap_enable_reg_pp0_iter23           |   1|   0|    1|          0|
    |ap_enable_reg_pp0_iter24           |   1|   0|    1|          0|
    |ap_enable_reg_pp0_iter25           |   1|   0|    1|          0|
    |ap_enable_reg_pp0_iter26           |   1|   0|    1|          0|
    |ap_enable_reg_pp0_iter27           |   1|   0|    1|          0|
    |ap_enable_reg_pp0_iter28           |   1|   0|    1|          0|
    |ap_enable_reg_pp0_iter29           |   1|   0|    1|          0|
    |ap_enable_reg_pp0_iter3            |   1|   0|    1|          0|
    |ap_enable_reg_pp0_iter30           |   1|   0|    1|          0|
    |ap_enable_reg_pp0_iter31           |   1|   0|    1|          0|
    |ap_enable_reg_pp0_iter32           |   1|   0|    1|          0|
    |ap_enable_reg_pp0_iter33           |   1|   0|    1|          0|
    |ap_enable_reg_pp0_iter34           |   1|   0|    1|          0|
    |ap_enable_reg_pp0_iter35           |   1|   0|    1|          0|
    |ap_enable_reg_pp0_iter36           |   1|   0|    1|          0|
    |ap_enable_reg_pp0_iter37           |   1|   0|    1|          0|
    |ap_enable_reg_pp0_iter38           |   1|   0|    1|          0|
    |ap_enable_reg_pp0_iter39           |   1|   0|    1|          0|
    |ap_enable_reg_pp0_iter4            |   1|   0|    1|          0|
    |ap_enable_reg_pp0_iter40           |   1|   0|    1|          0|
    |ap_enable_reg_pp0_iter41           |   1|   0|    1|          0|
    |ap_enable_reg_pp0_iter42           |   1|   0|    1|          0|
    |ap_enable_reg_pp0_iter43           |   1|   0|    1|          0|
    |ap_enable_reg_pp0_iter44           |   1|   0|    1|          0|
    |ap_enable_reg_pp0_iter45           |   1|   0|    1|          0|
    |ap_enable_reg_pp0_iter46           |   1|   0|    1|          0|
    |ap_enable_reg_pp0_iter47           |   1|   0|    1|          0|
    |ap_enable_reg_pp0_iter48           |   1|   0|    1|          0|
    |ap_enable_reg_pp0_iter49           |   1|   0|    1|          0|
    |ap_enable_reg_pp0_iter5            |   1|   0|    1|          0|
    |ap_enable_reg_pp0_iter50           |   1|   0|    1|          0|
    |ap_enable_reg_pp0_iter51           |   1|   0|    1|          0|
    |ap_enable_reg_pp0_iter52           |   1|   0|    1|          0|
    |ap_enable_reg_pp0_iter53           |   1|   0|    1|          0|
    |ap_enable_reg_pp0_iter54           |   1|   0|    1|          0|
    |ap_enable_reg_pp0_iter55           |   1|   0|    1|          0|
    |ap_enable_reg_pp0_iter56           |   1|   0|    1|          0|
    |ap_enable_reg_pp0_iter57           |   1|   0|    1|          0|
    |ap_enable_reg_pp0_iter58           |   1|   0|    1|          0|
    |ap_enable_reg_pp0_iter59           |   1|   0|    1|          0|
    |ap_enable_reg_pp0_iter6            |   1|   0|    1|          0|
    |ap_enable_reg_pp0_iter60           |   1|   0|    1|          0|
    |ap_enable_reg_pp0_iter61           |   1|   0|    1|          0|
    |ap_enable_reg_pp0_iter62           |   1|   0|    1|          0|
    |ap_enable_reg_pp0_iter7            |   1|   0|    1|          0|
    |ap_enable_reg_pp0_iter8            |   1|   0|    1|          0|
    |ap_enable_reg_pp0_iter9            |   1|   0|    1|          0|
    |ap_loop_exit_ready_pp0_iter10_reg  |   1|   0|    1|          0|
    |ap_loop_exit_ready_pp0_iter11_reg  |   1|   0|    1|          0|
    |ap_loop_exit_ready_pp0_iter12_reg  |   1|   0|    1|          0|
    |ap_loop_exit_ready_pp0_iter13_reg  |   1|   0|    1|          0|
    |ap_loop_exit_ready_pp0_iter14_reg  |   1|   0|    1|          0|
    |ap_loop_exit_ready_pp0_iter15_reg  |   1|   0|    1|          0|
    |ap_loop_exit_ready_pp0_iter16_reg  |   1|   0|    1|          0|
    |ap_loop_exit_ready_pp0_iter17_reg  |   1|   0|    1|          0|
    |ap_loop_exit_ready_pp0_iter18_reg  |   1|   0|    1|          0|
    |ap_loop_exit_ready_pp0_iter19_reg  |   1|   0|    1|          0|
    |ap_loop_exit_ready_pp0_iter1_reg   |   1|   0|    1|          0|
    |ap_loop_exit_ready_pp0_iter20_reg  |   1|   0|    1|          0|
    |ap_loop_exit_ready_pp0_iter21_reg  |   1|   0|    1|          0|
    |ap_loop_exit_ready_pp0_iter22_reg  |   1|   0|    1|          0|
    |ap_loop_exit_ready_pp0_iter23_reg  |   1|   0|    1|          0|
    |ap_loop_exit_ready_pp0_iter24_reg  |   1|   0|    1|          0|
    |ap_loop_exit_ready_pp0_iter25_reg  |   1|   0|    1|          0|
    |ap_loop_exit_ready_pp0_iter26_reg  |   1|   0|    1|          0|
    |ap_loop_exit_ready_pp0_iter27_reg  |   1|   0|    1|          0|
    |ap_loop_exit_ready_pp0_iter28_reg  |   1|   0|    1|          0|
    |ap_loop_exit_ready_pp0_iter29_reg  |   1|   0|    1|          0|
    |ap_loop_exit_ready_pp0_iter2_reg   |   1|   0|    1|          0|
    |ap_loop_exit_ready_pp0_iter30_reg  |   1|   0|    1|          0|
    |ap_loop_exit_ready_pp0_iter31_reg  |   1|   0|    1|          0|
    |ap_loop_exit_ready_pp0_iter32_reg  |   1|   0|    1|          0|
    |ap_loop_exit_ready_pp0_iter33_reg  |   1|   0|    1|          0|
    |ap_loop_exit_ready_pp0_iter34_reg  |   1|   0|    1|          0|
    |ap_loop_exit_ready_pp0_iter35_reg  |   1|   0|    1|          0|
    |ap_loop_exit_ready_pp0_iter36_reg  |   1|   0|    1|          0|
    |ap_loop_exit_ready_pp0_iter37_reg  |   1|   0|    1|          0|
    |ap_loop_exit_ready_pp0_iter38_reg  |   1|   0|    1|          0|
    |ap_loop_exit_ready_pp0_iter39_reg  |   1|   0|    1|          0|
    |ap_loop_exit_ready_pp0_iter3_reg   |   1|   0|    1|          0|
    |ap_loop_exit_ready_pp0_iter40_reg  |   1|   0|    1|          0|
    |ap_loop_exit_ready_pp0_iter41_reg  |   1|   0|    1|          0|
    |ap_loop_exit_ready_pp0_iter42_reg  |   1|   0|    1|          0|
    |ap_loop_exit_ready_pp0_iter43_reg  |   1|   0|    1|          0|
    |ap_loop_exit_ready_pp0_iter44_reg  |   1|   0|    1|          0|
    |ap_loop_exit_ready_pp0_iter45_reg  |   1|   0|    1|          0|
    |ap_loop_exit_ready_pp0_iter46_reg  |   1|   0|    1|          0|
    |ap_loop_exit_ready_pp0_iter47_reg  |   1|   0|    1|          0|
    |ap_loop_exit_ready_pp0_iter48_reg  |   1|   0|    1|          0|
    |ap_loop_exit_ready_pp0_iter49_reg  |   1|   0|    1|          0|
    |ap_loop_exit_ready_pp0_iter4_reg   |   1|   0|    1|          0|
    |ap_loop_exit_ready_pp0_iter50_reg  |   1|   0|    1|          0|
    |ap_loop_exit_ready_pp0_iter51_reg  |   1|   0|    1|          0|
    |ap_loop_exit_ready_pp0_iter52_reg  |   1|   0|    1|          0|
    |ap_loop_exit_ready_pp0_iter53_reg  |   1|   0|    1|          0|
    |ap_loop_exit_ready_pp0_iter54_reg  |   1|   0|    1|          0|
    |ap_loop_exit_ready_pp0_iter55_reg  |   1|   0|    1|          0|
    |ap_loop_exit_ready_pp0_iter56_reg  |   1|   0|    1|          0|
    |ap_loop_exit_ready_pp0_iter57_reg  |   1|   0|    1|          0|
    |ap_loop_exit_ready_pp0_iter58_reg  |   1|   0|    1|          0|
    |ap_loop_exit_ready_pp0_iter59_reg  |   1|   0|    1|          0|
    |ap_loop_exit_ready_pp0_iter5_reg   |   1|   0|    1|          0|
    |ap_loop_exit_ready_pp0_iter60_reg  |   1|   0|    1|          0|
    |ap_loop_exit_ready_pp0_iter61_reg  |   1|   0|    1|          0|
    |ap_loop_exit_ready_pp0_iter6_reg   |   1|   0|    1|          0|
    |ap_loop_exit_ready_pp0_iter7_reg   |   1|   0|    1|          0|
    |ap_loop_exit_ready_pp0_iter8_reg   |   1|   0|    1|          0|
    |ap_loop_exit_ready_pp0_iter9_reg   |   1|   0|    1|          0|
    |c_fu_136                           |   5|   0|    5|          0|
    |conv2_b_load_reg_3329              |  32|   0|   32|          0|
    |empty_34_reg_2662                  |   5|   0|    5|          0|
    |empty_35_reg_2688                  |   5|   0|    5|          0|
    |f_fu_148                           |   4|   0|    4|          0|
    |f_load_reg_2472                    |   4|   0|    4|          0|
    |icmp_ln121_reg_2468                |   1|   0|    1|          0|
    |icmp_ln122_reg_2492                |   1|   0|    1|          0|
    |indvar_flatten111_fu_152           |  13|   0|   13|          0|
    |indvar_flatten52_fu_144            |  10|   0|   10|          0|
    |mul3_0_0_1_reg_3339                |  32|   0|   32|          0|
    |mul3_0_0_2_reg_3344                |  32|   0|   32|          0|
    |mul3_0_0_3_reg_3349                |  32|   0|   32|          0|
    |mul3_0_1_1_reg_3359                |  32|   0|   32|          0|
    |mul3_0_1_2_reg_3364                |  32|   0|   32|          0|
    |mul3_0_1_3_reg_3369                |  32|   0|   32|          0|
    |mul3_0_1_reg_3354                  |  32|   0|   32|          0|
    |mul3_0_2_1_reg_3379                |  32|   0|   32|          0|
    |mul3_0_2_2_reg_3384                |  32|   0|   32|          0|
    |mul3_0_2_3_reg_3389                |  32|   0|   32|          0|
    |mul3_0_2_reg_3374                  |  32|   0|   32|          0|
    |mul3_1_0_1_reg_3399                |  32|   0|   32|          0|
    |mul3_1_0_2_reg_3404                |  32|   0|   32|          0|
    |mul3_1_0_3_reg_3409                |  32|   0|   32|          0|
    |mul3_1_1_1_reg_3419                |  32|   0|   32|          0|
    |mul3_1_1_2_reg_3424                |  32|   0|   32|          0|
    |mul3_1_1_3_reg_3429                |  32|   0|   32|          0|
    |mul3_1_1_reg_3414                  |  32|   0|   32|          0|
    |mul3_1_2_1_reg_3439                |  32|   0|   32|          0|
    |mul3_1_2_2_reg_3444                |  32|   0|   32|          0|
    |mul3_1_2_3_reg_3449                |  32|   0|   32|          0|
    |mul3_1_2_reg_3434                  |  32|   0|   32|          0|
    |mul3_1_reg_3394                    |  32|   0|   32|          0|
    |mul3_2_0_1_reg_3459                |  32|   0|   32|          0|
    |mul3_2_0_2_reg_3464                |  32|   0|   32|          0|
    |mul3_2_0_3_reg_3469                |  32|   0|   32|          0|
    |mul3_2_1_1_reg_3479                |  32|   0|   32|          0|
    |mul3_2_1_2_reg_3484                |  32|   0|   32|          0|
    |mul3_2_1_3_reg_3489                |  32|   0|   32|          0|
    |mul3_2_1_reg_3474                  |  32|   0|   32|          0|
    |mul3_2_2_1_reg_3499                |  32|   0|   32|          0|
    |mul3_2_2_2_reg_3504                |  32|   0|   32|          0|
    |mul3_2_2_3_reg_3509                |  32|   0|   32|          0|
    |mul3_2_2_reg_3494                  |  32|   0|   32|          0|
    |mul3_2_reg_3454                    |  32|   0|   32|          0|
    |mul3_reg_3334                      |  32|   0|   32|          0|
    |r_fu_140                           |   5|   0|    5|          0|
    |select_ln121_1_reg_2502            |   4|   0|    4|          0|
    |select_ln121_2_reg_2519            |   4|   0|    4|          0|
    |select_ln121_3_reg_2530            |   4|   0|    5|          1|
    |select_ln121_4_reg_2546            |   4|   0|    6|          2|
    |select_ln121_5_reg_2578            |   4|   0|    7|          3|
    |select_ln121_6_reg_2598            |   4|   0|    7|          3|
    |select_ln122_2_reg_2630            |   5|   0|    5|          0|
    |select_ln122_3_reg_2636            |   5|   0|    5|          0|
    |select_ln122_reg_2618              |   5|   0|    5|          0|
    |sum_9_0_0_1_reg_3519               |  32|   0|   32|          0|
    |sum_9_0_0_2_reg_3524               |  32|   0|   32|          0|
    |sum_9_0_0_3_reg_3529               |  32|   0|   32|          0|
    |sum_9_0_1_1_reg_3539               |  32|   0|   32|          0|
    |sum_9_0_1_2_reg_3544               |  32|   0|   32|          0|
    |sum_9_0_1_3_reg_3549               |  32|   0|   32|          0|
    |sum_9_0_1_reg_3534                 |  32|   0|   32|          0|
    |sum_9_0_2_1_reg_3559               |  32|   0|   32|          0|
    |sum_9_0_2_2_reg_3564               |  32|   0|   32|          0|
    |sum_9_0_2_3_reg_3569               |  32|   0|   32|          0|
    |sum_9_0_2_reg_3554                 |  32|   0|   32|          0|
    |sum_9_1_0_1_reg_3579               |  32|   0|   32|          0|
    |sum_9_1_0_2_reg_3584               |  32|   0|   32|          0|
    |sum_9_1_0_3_reg_3589               |  32|   0|   32|          0|
    |sum_9_1_1_1_reg_3599               |  32|   0|   32|          0|
    |sum_9_1_1_2_reg_3604               |  32|   0|   32|          0|
    |sum_9_1_1_3_reg_3609               |  32|   0|   32|          0|
    |sum_9_1_1_reg_3594                 |  32|   0|   32|          0|
    |sum_9_1_2_1_reg_3619               |  32|   0|   32|          0|
    |sum_9_1_2_2_reg_3624               |  32|   0|   32|          0|
    |sum_9_1_2_3_reg_3629               |  32|   0|   32|          0|
    |sum_9_1_2_reg_3614                 |  32|   0|   32|          0|
    |sum_9_1_reg_3574                   |  32|   0|   32|          0|
    |sum_9_2_0_1_reg_3639               |  32|   0|   32|          0|
    |sum_9_2_0_2_reg_3644               |  32|   0|   32|          0|
    |sum_9_2_0_3_reg_3649               |  32|   0|   32|          0|
    |sum_9_2_1_1_reg_3659               |  32|   0|   32|          0|
    |sum_9_2_1_2_reg_3664               |  32|   0|   32|          0|
    |sum_9_2_1_3_reg_3669               |  32|   0|   32|          0|
    |sum_9_2_1_reg_3654                 |  32|   0|   32|          0|
    |sum_9_2_2_1_reg_3679               |  32|   0|   32|          0|
    |sum_9_2_2_2_reg_3684               |  32|   0|   32|          0|
    |sum_9_2_2_3_reg_3689               |  32|   0|   32|          0|
    |sum_9_2_2_reg_3674                 |  32|   0|   32|          0|
    |sum_9_2_reg_3634                   |  32|   0|   32|          0|
    |sum_9_reg_3514                     |  32|   0|   32|          0|
    |zext_ln121_reg_2509                |   4|   0|   64|         60|
    |add_ln139_1_reg_3264               |  64|  32|   13|          0|
    |icmp_ln121_reg_2468                |  64|  32|    1|          0|
    |mul3_0_0_1_reg_3339                |  64|  32|   32|          0|
    |mul3_0_0_2_reg_3344                |  64|  32|   32|          0|
    |mul3_0_0_3_reg_3349                |  64|  32|   32|          0|
    |mul3_0_1_1_reg_3359                |  64|  32|   32|          0|
    |mul3_0_1_2_reg_3364                |  64|  32|   32|          0|
    |mul3_0_1_3_reg_3369                |  64|  32|   32|          0|
    |mul3_0_1_reg_3354                  |  64|  32|   32|          0|
    |mul3_0_2_1_reg_3379                |  64|  32|   32|          0|
    |mul3_0_2_2_reg_3384                |  64|  32|   32|          0|
    |mul3_0_2_3_reg_3389                |  64|  32|   32|          0|
    |mul3_0_2_reg_3374                  |  64|  32|   32|          0|
    |mul3_1_0_1_reg_3399                |  64|  32|   32|          0|
    |mul3_1_0_2_reg_3404                |  64|  32|   32|          0|
    |mul3_1_0_3_reg_3409                |  64|  32|   32|          0|
    |mul3_1_1_1_reg_3419                |  64|  32|   32|          0|
    |mul3_1_1_2_reg_3424                |  64|  32|   32|          0|
    |mul3_1_1_3_reg_3429                |  64|  32|   32|          0|
    |mul3_1_1_reg_3414                  |  64|  32|   32|          0|
    |mul3_1_2_1_reg_3439                |  64|  32|   32|          0|
    |mul3_1_2_2_reg_3444                |  64|  32|   32|          0|
    |mul3_1_2_3_reg_3449                |  64|  32|   32|          0|
    |mul3_1_2_reg_3434                  |  64|  32|   32|          0|
    |mul3_1_reg_3394                    |  64|  32|   32|          0|
    |mul3_2_0_1_reg_3459                |  64|  32|   32|          0|
    |mul3_2_0_2_reg_3464                |  64|  32|   32|          0|
    |mul3_2_0_3_reg_3469                |  64|  32|   32|          0|
    |mul3_2_1_1_reg_3479                |  64|  32|   32|          0|
    |mul3_2_1_2_reg_3484                |  64|  32|   32|          0|
    |mul3_2_1_3_reg_3489                |  64|  32|   32|          0|
    |mul3_2_1_reg_3474                  |  64|  32|   32|          0|
    |mul3_2_2_1_reg_3499                |  64|  32|   32|          0|
    |mul3_2_2_2_reg_3504                |  64|  32|   32|          0|
    |mul3_2_2_3_reg_3509                |  64|  32|   32|          0|
    |mul3_2_2_reg_3494                  |  64|  32|   32|          0|
    |mul3_2_reg_3454                    |  64|  32|   32|          0|
    +-----------------------------------+----+----+-----+-----------+
    |Total                              |4965|1184| 3800|         69|
    +-----------------------------------+----+----+-----+-----------+



================================================================
== Interface
================================================================
* Summary: 
+-----------------------+-----+-----+------------+----------------------------------------------------------------------------+--------------+
|       RTL Ports       | Dir | Bits|  Protocol  |                                Source Object                               |    C Type    |
+-----------------------+-----+-----+------------+----------------------------------------------------------------------------+--------------+
|ap_clk                 |   in|    1|  ap_ctrl_hs|  cnn_predict_Pipeline_VITIS_LOOP_121_11_VITIS_LOOP_122_12_VITIS_LOOP_123_13|  return value|
|ap_rst                 |   in|    1|  ap_ctrl_hs|  cnn_predict_Pipeline_VITIS_LOOP_121_11_VITIS_LOOP_122_12_VITIS_LOOP_123_13|  return value|
|ap_start               |   in|    1|  ap_ctrl_hs|  cnn_predict_Pipeline_VITIS_LOOP_121_11_VITIS_LOOP_122_12_VITIS_LOOP_123_13|  return value|
|ap_done                |  out|    1|  ap_ctrl_hs|  cnn_predict_Pipeline_VITIS_LOOP_121_11_VITIS_LOOP_122_12_VITIS_LOOP_123_13|  return value|
|ap_idle                |  out|    1|  ap_ctrl_hs|  cnn_predict_Pipeline_VITIS_LOOP_121_11_VITIS_LOOP_122_12_VITIS_LOOP_123_13|  return value|
|ap_ready               |  out|    1|  ap_ctrl_hs|  cnn_predict_Pipeline_VITIS_LOOP_121_11_VITIS_LOOP_122_12_VITIS_LOOP_123_13|  return value|
|grp_fu_414_p_din0      |  out|   32|  ap_ctrl_hs|  cnn_predict_Pipeline_VITIS_LOOP_121_11_VITIS_LOOP_122_12_VITIS_LOOP_123_13|  return value|
|grp_fu_414_p_din1      |  out|   32|  ap_ctrl_hs|  cnn_predict_Pipeline_VITIS_LOOP_121_11_VITIS_LOOP_122_12_VITIS_LOOP_123_13|  return value|
|grp_fu_414_p_opcode    |  out|    2|  ap_ctrl_hs|  cnn_predict_Pipeline_VITIS_LOOP_121_11_VITIS_LOOP_122_12_VITIS_LOOP_123_13|  return value|
|grp_fu_414_p_dout0     |   in|   32|  ap_ctrl_hs|  cnn_predict_Pipeline_VITIS_LOOP_121_11_VITIS_LOOP_122_12_VITIS_LOOP_123_13|  return value|
|grp_fu_414_p_ce        |  out|    1|  ap_ctrl_hs|  cnn_predict_Pipeline_VITIS_LOOP_121_11_VITIS_LOOP_122_12_VITIS_LOOP_123_13|  return value|
|grp_fu_853_p_din0      |  out|   32|  ap_ctrl_hs|  cnn_predict_Pipeline_VITIS_LOOP_121_11_VITIS_LOOP_122_12_VITIS_LOOP_123_13|  return value|
|grp_fu_853_p_din1      |  out|   32|  ap_ctrl_hs|  cnn_predict_Pipeline_VITIS_LOOP_121_11_VITIS_LOOP_122_12_VITIS_LOOP_123_13|  return value|
|grp_fu_853_p_opcode    |  out|    2|  ap_ctrl_hs|  cnn_predict_Pipeline_VITIS_LOOP_121_11_VITIS_LOOP_122_12_VITIS_LOOP_123_13|  return value|
|grp_fu_853_p_dout0     |   in|   32|  ap_ctrl_hs|  cnn_predict_Pipeline_VITIS_LOOP_121_11_VITIS_LOOP_122_12_VITIS_LOOP_123_13|  return value|
|grp_fu_853_p_ce        |  out|    1|  ap_ctrl_hs|  cnn_predict_Pipeline_VITIS_LOOP_121_11_VITIS_LOOP_122_12_VITIS_LOOP_123_13|  return value|
|grp_fu_857_p_din0      |  out|   32|  ap_ctrl_hs|  cnn_predict_Pipeline_VITIS_LOOP_121_11_VITIS_LOOP_122_12_VITIS_LOOP_123_13|  return value|
|grp_fu_857_p_din1      |  out|   32|  ap_ctrl_hs|  cnn_predict_Pipeline_VITIS_LOOP_121_11_VITIS_LOOP_122_12_VITIS_LOOP_123_13|  return value|
|grp_fu_857_p_dout0     |   in|   32|  ap_ctrl_hs|  cnn_predict_Pipeline_VITIS_LOOP_121_11_VITIS_LOOP_122_12_VITIS_LOOP_123_13|  return value|
|grp_fu_857_p_ce        |  out|    1|  ap_ctrl_hs|  cnn_predict_Pipeline_VITIS_LOOP_121_11_VITIS_LOOP_122_12_VITIS_LOOP_123_13|  return value|
|grp_fu_861_p_din0      |  out|   32|  ap_ctrl_hs|  cnn_predict_Pipeline_VITIS_LOOP_121_11_VITIS_LOOP_122_12_VITIS_LOOP_123_13|  return value|
|grp_fu_861_p_din1      |  out|   32|  ap_ctrl_hs|  cnn_predict_Pipeline_VITIS_LOOP_121_11_VITIS_LOOP_122_12_VITIS_LOOP_123_13|  return value|
|grp_fu_861_p_dout0     |   in|   32|  ap_ctrl_hs|  cnn_predict_Pipeline_VITIS_LOOP_121_11_VITIS_LOOP_122_12_VITIS_LOOP_123_13|  return value|
|grp_fu_861_p_ce        |  out|    1|  ap_ctrl_hs|  cnn_predict_Pipeline_VITIS_LOOP_121_11_VITIS_LOOP_122_12_VITIS_LOOP_123_13|  return value|
|grp_fu_865_p_din0      |  out|   32|  ap_ctrl_hs|  cnn_predict_Pipeline_VITIS_LOOP_121_11_VITIS_LOOP_122_12_VITIS_LOOP_123_13|  return value|
|grp_fu_865_p_din1      |  out|   32|  ap_ctrl_hs|  cnn_predict_Pipeline_VITIS_LOOP_121_11_VITIS_LOOP_122_12_VITIS_LOOP_123_13|  return value|
|grp_fu_865_p_opcode    |  out|    5|  ap_ctrl_hs|  cnn_predict_Pipeline_VITIS_LOOP_121_11_VITIS_LOOP_122_12_VITIS_LOOP_123_13|  return value|
|grp_fu_865_p_dout0     |   in|    1|  ap_ctrl_hs|  cnn_predict_Pipeline_VITIS_LOOP_121_11_VITIS_LOOP_122_12_VITIS_LOOP_123_13|  return value|
|grp_fu_865_p_ce        |  out|    1|  ap_ctrl_hs|  cnn_predict_Pipeline_VITIS_LOOP_121_11_VITIS_LOOP_122_12_VITIS_LOOP_123_13|  return value|
|layer1_pool_address0   |  out|   12|   ap_memory|                                                                 layer1_pool|         array|
|layer1_pool_ce0        |  out|    1|   ap_memory|                                                                 layer1_pool|         array|
|layer1_pool_q0         |   in|   32|   ap_memory|                                                                 layer1_pool|         array|
|layer1_pool_address1   |  out|   12|   ap_memory|                                                                 layer1_pool|         array|
|layer1_pool_ce1        |  out|    1|   ap_memory|                                                                 layer1_pool|         array|
|layer1_pool_q1         |   in|   32|   ap_memory|                                                                 layer1_pool|         array|
|layer1_pool_address2   |  out|   12|   ap_memory|                                                                 layer1_pool|         array|
|layer1_pool_ce2        |  out|    1|   ap_memory|                                                                 layer1_pool|         array|
|layer1_pool_q2         |   in|   32|   ap_memory|                                                                 layer1_pool|         array|
|layer1_pool_address3   |  out|   12|   ap_memory|                                                                 layer1_pool|         array|
|layer1_pool_ce3        |  out|    1|   ap_memory|                                                                 layer1_pool|         array|
|layer1_pool_q3         |   in|   32|   ap_memory|                                                                 layer1_pool|         array|
|layer1_pool_address4   |  out|   12|   ap_memory|                                                                 layer1_pool|         array|
|layer1_pool_ce4        |  out|    1|   ap_memory|                                                                 layer1_pool|         array|
|layer1_pool_q4         |   in|   32|   ap_memory|                                                                 layer1_pool|         array|
|layer1_pool_address5   |  out|   12|   ap_memory|                                                                 layer1_pool|         array|
|layer1_pool_ce5        |  out|    1|   ap_memory|                                                                 layer1_pool|         array|
|layer1_pool_q5         |   in|   32|   ap_memory|                                                                 layer1_pool|         array|
|layer1_pool_address6   |  out|   12|   ap_memory|                                                                 layer1_pool|         array|
|layer1_pool_ce6        |  out|    1|   ap_memory|                                                                 layer1_pool|         array|
|layer1_pool_q6         |   in|   32|   ap_memory|                                                                 layer1_pool|         array|
|layer1_pool_address7   |  out|   12|   ap_memory|                                                                 layer1_pool|         array|
|layer1_pool_ce7        |  out|    1|   ap_memory|                                                                 layer1_pool|         array|
|layer1_pool_q7         |   in|   32|   ap_memory|                                                                 layer1_pool|         array|
|layer1_pool_address8   |  out|   12|   ap_memory|                                                                 layer1_pool|         array|
|layer1_pool_ce8        |  out|    1|   ap_memory|                                                                 layer1_pool|         array|
|layer1_pool_q8         |   in|   32|   ap_memory|                                                                 layer1_pool|         array|
|layer1_pool_address9   |  out|   12|   ap_memory|                                                                 layer1_pool|         array|
|layer1_pool_ce9        |  out|    1|   ap_memory|                                                                 layer1_pool|         array|
|layer1_pool_q9         |   in|   32|   ap_memory|                                                                 layer1_pool|         array|
|layer1_pool_address10  |  out|   12|   ap_memory|                                                                 layer1_pool|         array|
|layer1_pool_ce10       |  out|    1|   ap_memory|                                                                 layer1_pool|         array|
|layer1_pool_q10        |   in|   32|   ap_memory|                                                                 layer1_pool|         array|
|layer1_pool_address11  |  out|   12|   ap_memory|                                                                 layer1_pool|         array|
|layer1_pool_ce11       |  out|    1|   ap_memory|                                                                 layer1_pool|         array|
|layer1_pool_q11        |   in|   32|   ap_memory|                                                                 layer1_pool|         array|
|layer2_conv_address0   |  out|   13|   ap_memory|                                                                 layer2_conv|         array|
|layer2_conv_ce0        |  out|    1|   ap_memory|                                                                 layer2_conv|         array|
|layer2_conv_we0        |  out|    1|   ap_memory|                                                                 layer2_conv|         array|
|layer2_conv_d0         |  out|   32|   ap_memory|                                                                 layer2_conv|         array|
+-----------------------+-----+-----+------------+----------------------------------------------------------------------------+--------------+

