

================================================================
== Vitis HLS Report for 'cnn_predict_Pipeline_VITIS_LOOP_103_6_VITIS_LOOP_104_7_VITIS_LOOP_105_8'
================================================================
* Date:           Tue Nov 25 13:54:33 2025

* Version:        2022.2 (Build 3670227 on Oct 13 2022)
* Project:        cnn_hls
* Solution:       solution1 (Vivado IP Flow Target)
* Product family: zynquplus
* Target device:  xczu3eg-sbva484-1-i


================================================================
== Performance Estimates
================================================================
+ Timing: 
    * Summary: 
    +--------+----------+----------+------------+
    |  Clock |  Target  | Estimated| Uncertainty|
    +--------+----------+----------+------------+
    |ap_clk  |  10.00 ns|  7.221 ns|     2.70 ns|
    +--------+----------+----------+------------+

+ Latency: 
    * Summary: 
    +---------+---------+-----------+-----------+------+------+---------+
    |  Latency (cycles) |   Latency (absolute)  |   Interval  | Pipeline|
    |   min   |   max   |    min    |    max    |  min |  max |   Type  |
    +---------+---------+-----------+-----------+------+------+---------+
    |     3852|     3852|  38.520 us|  38.520 us|  3852|  3852|       no|
    +---------+---------+-----------+-----------+------+------+---------+

    + Detail: 
        * Instance: 
        N/A

        * Loop: 
        +------------------------------------------------------+---------+---------+----------+-----------+-----------+------+----------+
        |                                                      |  Latency (cycles) | Iteration|  Initiation Interval  | Trip |          |
        |                       Loop Name                      |   min   |   max   |  Latency |  achieved |   target  | Count| Pipelined|
        +------------------------------------------------------+---------+---------+----------+-----------+-----------+------+----------+
        |- VITIS_LOOP_103_6_VITIS_LOOP_104_7_VITIS_LOOP_105_8  |     3850|     3850|         8|          1|          1|  3844|       yes|
        +------------------------------------------------------+---------+---------+----------+-----------+-----------+------+----------+



================================================================
== Utilization Estimates
================================================================
* Summary: 
+-----------------+---------+-----+--------+-------+-----+
|       Name      | BRAM_18K| DSP |   FF   |  LUT  | URAM|
+-----------------+---------+-----+--------+-------+-----+
|DSP              |        -|    -|       -|      -|    -|
|Expression       |        -|    -|       0|    935|    -|
|FIFO             |        -|    -|       -|      -|    -|
|Instance         |        -|    -|       -|      -|    -|
|Memory           |        -|    -|       -|      -|    -|
|Multiplexer      |        -|    -|       -|     72|    -|
|Register         |        -|    -|     575|     96|    -|
+-----------------+---------+-----+--------+-------+-----+
|Total            |        0|    0|     575|   1103|    0|
+-----------------+---------+-----+--------+-------+-----+
|Available        |      432|  360|  141120|  70560|    0|
+-----------------+---------+-----+--------+-------+-----+
|Utilization (%)  |        0|    0|      ~0|      1|    0|
+-----------------+---------+-----+--------+-------+-----+

+ Detail: 
    * Instance: 
    N/A

    * DSP: 
    N/A

    * Memory: 
    N/A

    * FIFO: 
    N/A

    * Expression: 
    +--------------------------+----------+----+---+----+------------+------------+
    |       Variable Name      | Operation| DSP| FF| LUT| Bitwidth P0| Bitwidth P1|
    +--------------------------+----------+----+---+----+------------+------------+
    |add_ln103_1_fu_241_p2     |         +|   0|  0|  19|          12|           1|
    |add_ln103_fu_256_p2       |         +|   0|  0|  10|           3|           1|
    |add_ln104_1_fu_634_p2     |         +|   0|  0|  17|          10|           1|
    |add_ln104_fu_326_p2       |         +|   0|  0|  12|           5|           1|
    |add_ln105_fu_628_p2       |         +|   0|  0|  12|           5|           1|
    |add_ln109_1_fu_527_p2     |         +|   0|  0|  69|          62|          62|
    |add_ln109_2_fu_570_p2     |         +|   0|  0|  19|          12|          12|
    |add_ln109_3_fu_584_p2     |         +|   0|  0|  21|          14|          14|
    |add_ln109_4_fu_603_p2     |         +|   0|  0|  19|          12|          12|
    |add_ln109_5_fu_617_p2     |         +|   0|  0|  21|          14|          14|
    |add_ln109_fu_498_p2       |         +|   0|  0|  69|          62|          62|
    |add_ln113_1_fu_480_p2     |         +|   0|  0|  19|          12|          12|
    |add_ln113_fu_466_p2       |         +|   0|  0|  18|          10|          10|
    |sub_ln109_1_fu_456_p2     |         -|   0|  0|  69|          62|          62|
    |sub_ln109_fu_412_p2       |         -|   0|  0|  69|          62|          62|
    |sub_ln113_fu_366_p2       |         -|   0|  0|  18|          10|          10|
    |and_ln103_fu_320_p2       |       and|   0|  0|   2|           1|           1|
    |and_ln110_1_fu_792_p2     |       and|   0|  0|   2|           1|           1|
    |and_ln110_2_fu_798_p2     |       and|   0|  0|   2|           1|           1|
    |and_ln110_3_fu_880_p2     |       and|   0|  0|   2|           1|           1|
    |and_ln110_4_fu_886_p2     |       and|   0|  0|   2|           1|           1|
    |and_ln110_5_fu_972_p2     |       and|   0|  0|   2|           1|           1|
    |and_ln110_6_fu_978_p2     |       and|   0|  0|   2|           1|           1|
    |and_ln110_fu_708_p2       |       and|   0|  0|   2|           1|           1|
    |icmp_ln103_fu_235_p2      |      icmp|   0|  0|  12|          12|           9|
    |icmp_ln104_fu_262_p2      |      icmp|   0|  0|  11|          10|           7|
    |icmp_ln105_fu_314_p2      |      icmp|   0|  0|   9|           5|           2|
    |icmp_ln110_10_fu_936_p2   |      icmp|   0|  0|  11|           8|           2|
    |icmp_ln110_11_fu_942_p2   |      icmp|   0|  0|  16|          23|           1|
    |icmp_ln110_12_fu_954_p2   |      icmp|   0|  0|  11|           8|           2|
    |icmp_ln110_13_fu_960_p2   |      icmp|   0|  0|  16|          23|           1|
    |icmp_ln110_1_fu_696_p2    |      icmp|   0|  0|  16|          23|           1|
    |icmp_ln110_2_fu_756_p2    |      icmp|   0|  0|  11|           8|           2|
    |icmp_ln110_3_fu_762_p2    |      icmp|   0|  0|  16|          23|           1|
    |icmp_ln110_4_fu_774_p2    |      icmp|   0|  0|  11|           8|           2|
    |icmp_ln110_5_fu_780_p2    |      icmp|   0|  0|  16|          23|           1|
    |icmp_ln110_6_fu_844_p2    |      icmp|   0|  0|  11|           8|           2|
    |icmp_ln110_7_fu_850_p2    |      icmp|   0|  0|  16|          23|           1|
    |icmp_ln110_8_fu_862_p2    |      icmp|   0|  0|  11|           8|           2|
    |icmp_ln110_9_fu_868_p2    |      icmp|   0|  0|  16|          23|           1|
    |icmp_ln110_fu_690_p2      |      icmp|   0|  0|  11|           8|           2|
    |empty_fu_229_p2           |        or|   0|  0|   6|           6|           1|
    |or_ln104_fu_332_p2        |        or|   0|  0|   2|           1|           1|
    |or_ln109_fu_556_p2        |        or|   0|  0|   6|           6|           1|
    |or_ln110_1_fu_768_p2      |        or|   0|  0|   2|           1|           1|
    |or_ln110_2_fu_786_p2      |        or|   0|  0|   2|           1|           1|
    |or_ln110_3_fu_856_p2      |        or|   0|  0|   2|           1|           1|
    |or_ln110_4_fu_874_p2      |        or|   0|  0|   2|           1|           1|
    |or_ln110_5_fu_948_p2      |        or|   0|  0|   2|           1|           1|
    |or_ln110_6_fu_966_p2      |        or|   0|  0|   2|           1|           1|
    |or_ln110_fu_702_p2        |        or|   0|  0|   2|           1|           1|
    |p_mid113_fu_418_p2        |        or|   0|  0|   6|           6|           1|
    |layer1_pool_d0            |    select|   0|  0|  32|           1|          32|
    |select_ln103_1_fu_276_p3  |    select|   0|  0|   3|           1|           3|
    |select_ln103_2_fu_292_p3  |    select|   0|  0|   6|           1|           1|
    |select_ln103_3_fu_300_p3  |    select|   0|  0|   6|           1|           1|
    |select_ln103_fu_268_p3    |    select|   0|  0|   5|           1|           1|
    |select_ln104_1_fu_346_p3  |    select|   0|  0|   5|           1|           5|
    |select_ln104_2_fu_380_p3  |    select|   0|  0|   6|           1|           6|
    |select_ln104_3_fu_424_p3  |    select|   0|  0|   6|           1|           6|
    |select_ln104_4_fu_640_p3  |    select|   0|  0|   9|           1|           1|
    |select_ln104_fu_338_p3    |    select|   0|  0|   5|           1|           1|
    |select_ln110_1_fu_804_p3  |    select|   0|  0|  32|           1|          32|
    |select_ln110_2_fu_892_p3  |    select|   0|  0|  32|           1|          32|
    |select_ln110_fu_714_p3    |    select|   0|  0|  32|           1|          32|
    |ap_enable_pp0             |       xor|   0|  0|   2|           1|           2|
    |xor_ln103_fu_308_p2       |       xor|   0|  0|   2|           1|           2|
    +--------------------------+----------+----+---+----+------------+------------+
    |Total                     |          |   0|  0| 935|         660|         552|
    +--------------------------+----------+----+---+----+------------+------------+

    * Multiplexer: 
    +-------------------------+----+-----------+-----+-----------+
    |           Name          | LUT| Input Size| Bits| Total Bits|
    +-------------------------+----+-----------+-----+-----------+
    |ap_done_int              |   9|          2|    1|          2|
    |ap_enable_reg_pp0_iter1  |   9|          2|    1|          2|
    |ap_enable_reg_pp0_iter2  |   9|          2|    1|          2|
    |c_fu_90                  |   9|          2|    5|         10|
    |f_fu_102                 |   9|          2|    3|          6|
    |indvar_flatten15_fu_98   |   9|          2|   10|         20|
    |indvar_flatten39_fu_106  |   9|          2|   12|         24|
    |r_1_fu_94                |   9|          2|    5|         10|
    +-------------------------+----+-----------+-----+-----------+
    |Total                    |  72|         16|   38|         76|
    +-------------------------+----+-----------+-----+-----------+

    * Register: 
    +-------------------------------------------+----+----+-----+-----------+
    |                    Name                   | FF | LUT| Bits| Const Bits|
    +-------------------------------------------+----+----+-----+-----------+
    |add_ln113_1_reg_1030                       |  12|   0|   12|          0|
    |ap_CS_fsm                                  |   1|   0|    1|          0|
    |ap_done_reg                                |   1|   0|    1|          0|
    |ap_enable_reg_pp0_iter1                    |   1|   0|    1|          0|
    |ap_enable_reg_pp0_iter2                    |   1|   0|    1|          0|
    |ap_enable_reg_pp0_iter3                    |   1|   0|    1|          0|
    |ap_enable_reg_pp0_iter4                    |   1|   0|    1|          0|
    |ap_enable_reg_pp0_iter5                    |   1|   0|    1|          0|
    |ap_enable_reg_pp0_iter6                    |   1|   0|    1|          0|
    |ap_enable_reg_pp0_iter7                    |   1|   0|    1|          0|
    |ap_enable_reg_pp0_iter8                    |   1|   0|    1|          0|
    |ap_loop_exit_ready_pp0_iter2_reg           |   1|   0|    1|          0|
    |ap_loop_exit_ready_pp0_iter3_reg           |   1|   0|    1|          0|
    |ap_loop_exit_ready_pp0_iter4_reg           |   1|   0|    1|          0|
    |ap_loop_exit_ready_pp0_iter5_reg           |   1|   0|    1|          0|
    |ap_loop_exit_ready_pp0_iter6_reg           |   1|   0|    1|          0|
    |ap_loop_exit_ready_pp0_iter7_reg           |   1|   0|    1|          0|
    |c_fu_90                                    |   5|   0|    5|          0|
    |f_fu_102                                   |   3|   0|    3|          0|
    |indvar_flatten15_fu_98                     |  10|   0|   10|          0|
    |indvar_flatten39_fu_106                    |  12|   0|   12|          0|
    |layer1_conv_load_1_reg_1062                |  32|   0|   32|          0|
    |layer1_conv_load_1_reg_1062_pp0_iter3_reg  |  32|   0|   32|          0|
    |layer1_conv_load_2_reg_1069                |  32|   0|   32|          0|
    |layer1_conv_load_3_reg_1076                |  32|   0|   32|          0|
    |layer1_conv_load_reg_1055                  |  32|   0|   32|          0|
    |r_1_fu_94                                  |   5|   0|    5|          0|
    |select_ln110_1_reg_1090                    |  32|   0|   32|          0|
    |select_ln110_1_reg_1090_pp0_iter5_reg      |  32|   0|   32|          0|
    |select_ln110_2_reg_1097                    |  32|   0|   32|          0|
    |select_ln110_2_reg_1097_pp0_iter7_reg      |  32|   0|   32|          0|
    |select_ln110_reg_1083                      |  32|   0|   32|          0|
    |add_ln113_1_reg_1030                       |  64|  32|   12|          0|
    |layer1_conv_load_2_reg_1069                |  64|  32|   32|          0|
    |layer1_conv_load_3_reg_1076                |  64|  32|   32|          0|
    +-------------------------------------------+----+----+-----+-----------+
    |Total                                      | 575|  96|  459|          0|
    +-------------------------------------------+----+----+-----+-----------+



================================================================
== Interface
================================================================
* Summary: 
+----------------------+-----+-----+------------+-------------------------------------------------------------------------+--------------+
|       RTL Ports      | Dir | Bits|  Protocol  |                              Source Object                              |    C Type    |
+----------------------+-----+-----+------------+-------------------------------------------------------------------------+--------------+
|ap_clk                |   in|    1|  ap_ctrl_hs|  cnn_predict_Pipeline_VITIS_LOOP_103_6_VITIS_LOOP_104_7_VITIS_LOOP_105_8|  return value|
|ap_rst                |   in|    1|  ap_ctrl_hs|  cnn_predict_Pipeline_VITIS_LOOP_103_6_VITIS_LOOP_104_7_VITIS_LOOP_105_8|  return value|
|ap_start              |   in|    1|  ap_ctrl_hs|  cnn_predict_Pipeline_VITIS_LOOP_103_6_VITIS_LOOP_104_7_VITIS_LOOP_105_8|  return value|
|ap_done               |  out|    1|  ap_ctrl_hs|  cnn_predict_Pipeline_VITIS_LOOP_103_6_VITIS_LOOP_104_7_VITIS_LOOP_105_8|  return value|
|ap_idle               |  out|    1|  ap_ctrl_hs|  cnn_predict_Pipeline_VITIS_LOOP_103_6_VITIS_LOOP_104_7_VITIS_LOOP_105_8|  return value|
|ap_ready              |  out|    1|  ap_ctrl_hs|  cnn_predict_Pipeline_VITIS_LOOP_103_6_VITIS_LOOP_104_7_VITIS_LOOP_105_8|  return value|
|grp_fu_865_p_din0     |  out|   32|  ap_ctrl_hs|  cnn_predict_Pipeline_VITIS_LOOP_103_6_VITIS_LOOP_104_7_VITIS_LOOP_105_8|  return value|
|grp_fu_865_p_din1     |  out|   32|  ap_ctrl_hs|  cnn_predict_Pipeline_VITIS_LOOP_103_6_VITIS_LOOP_104_7_VITIS_LOOP_105_8|  return value|
|grp_fu_865_p_opcode   |  out|    5|  ap_ctrl_hs|  cnn_predict_Pipeline_VITIS_LOOP_103_6_VITIS_LOOP_104_7_VITIS_LOOP_105_8|  return value|
|grp_fu_865_p_dout0    |   in|    1|  ap_ctrl_hs|  cnn_predict_Pipeline_VITIS_LOOP_103_6_VITIS_LOOP_104_7_VITIS_LOOP_105_8|  return value|
|grp_fu_865_p_ce       |  out|    1|  ap_ctrl_hs|  cnn_predict_Pipeline_VITIS_LOOP_103_6_VITIS_LOOP_104_7_VITIS_LOOP_105_8|  return value|
|grp_fu_869_p_din0     |  out|   32|  ap_ctrl_hs|  cnn_predict_Pipeline_VITIS_LOOP_103_6_VITIS_LOOP_104_7_VITIS_LOOP_105_8|  return value|
|grp_fu_869_p_din1     |  out|   32|  ap_ctrl_hs|  cnn_predict_Pipeline_VITIS_LOOP_103_6_VITIS_LOOP_104_7_VITIS_LOOP_105_8|  return value|
|grp_fu_869_p_opcode   |  out|    5|  ap_ctrl_hs|  cnn_predict_Pipeline_VITIS_LOOP_103_6_VITIS_LOOP_104_7_VITIS_LOOP_105_8|  return value|
|grp_fu_869_p_dout0    |   in|    1|  ap_ctrl_hs|  cnn_predict_Pipeline_VITIS_LOOP_103_6_VITIS_LOOP_104_7_VITIS_LOOP_105_8|  return value|
|grp_fu_869_p_ce       |  out|    1|  ap_ctrl_hs|  cnn_predict_Pipeline_VITIS_LOOP_103_6_VITIS_LOOP_104_7_VITIS_LOOP_105_8|  return value|
|grp_fu_873_p_din0     |  out|   32|  ap_ctrl_hs|  cnn_predict_Pipeline_VITIS_LOOP_103_6_VITIS_LOOP_104_7_VITIS_LOOP_105_8|  return value|
|grp_fu_873_p_din1     |  out|   32|  ap_ctrl_hs|  cnn_predict_Pipeline_VITIS_LOOP_103_6_VITIS_LOOP_104_7_VITIS_LOOP_105_8|  return value|
|grp_fu_873_p_opcode   |  out|    5|  ap_ctrl_hs|  cnn_predict_Pipeline_VITIS_LOOP_103_6_VITIS_LOOP_104_7_VITIS_LOOP_105_8|  return value|
|grp_fu_873_p_dout0    |   in|    1|  ap_ctrl_hs|  cnn_predict_Pipeline_VITIS_LOOP_103_6_VITIS_LOOP_104_7_VITIS_LOOP_105_8|  return value|
|grp_fu_873_p_ce       |  out|    1|  ap_ctrl_hs|  cnn_predict_Pipeline_VITIS_LOOP_103_6_VITIS_LOOP_104_7_VITIS_LOOP_105_8|  return value|
|grp_fu_877_p_din0     |  out|   32|  ap_ctrl_hs|  cnn_predict_Pipeline_VITIS_LOOP_103_6_VITIS_LOOP_104_7_VITIS_LOOP_105_8|  return value|
|grp_fu_877_p_din1     |  out|   32|  ap_ctrl_hs|  cnn_predict_Pipeline_VITIS_LOOP_103_6_VITIS_LOOP_104_7_VITIS_LOOP_105_8|  return value|
|grp_fu_877_p_opcode   |  out|    5|  ap_ctrl_hs|  cnn_predict_Pipeline_VITIS_LOOP_103_6_VITIS_LOOP_104_7_VITIS_LOOP_105_8|  return value|
|grp_fu_877_p_dout0    |   in|    1|  ap_ctrl_hs|  cnn_predict_Pipeline_VITIS_LOOP_103_6_VITIS_LOOP_104_7_VITIS_LOOP_105_8|  return value|
|grp_fu_877_p_ce       |  out|    1|  ap_ctrl_hs|  cnn_predict_Pipeline_VITIS_LOOP_103_6_VITIS_LOOP_104_7_VITIS_LOOP_105_8|  return value|
|layer1_pool_address0  |  out|   12|   ap_memory|                                                              layer1_pool|         array|
|layer1_pool_ce0       |  out|    1|   ap_memory|                                                              layer1_pool|         array|
|layer1_pool_we0       |  out|    1|   ap_memory|                                                              layer1_pool|         array|
|layer1_pool_d0        |  out|   32|   ap_memory|                                                              layer1_pool|         array|
|layer1_conv_address0  |  out|   14|   ap_memory|                                                              layer1_conv|         array|
|layer1_conv_ce0       |  out|    1|   ap_memory|                                                              layer1_conv|         array|
|layer1_conv_q0        |   in|   32|   ap_memory|                                                              layer1_conv|         array|
|layer1_conv_address1  |  out|   14|   ap_memory|                                                              layer1_conv|         array|
|layer1_conv_ce1       |  out|    1|   ap_memory|                                                              layer1_conv|         array|
|layer1_conv_q1        |   in|   32|   ap_memory|                                                              layer1_conv|         array|
|layer1_conv_address2  |  out|   14|   ap_memory|                                                              layer1_conv|         array|
|layer1_conv_ce2       |  out|    1|   ap_memory|                                                              layer1_conv|         array|
|layer1_conv_q2        |   in|   32|   ap_memory|                                                              layer1_conv|         array|
|layer1_conv_address3  |  out|   14|   ap_memory|                                                              layer1_conv|         array|
|layer1_conv_ce3       |  out|    1|   ap_memory|                                                              layer1_conv|         array|
|layer1_conv_q3        |   in|   32|   ap_memory|                                                              layer1_conv|         array|
+----------------------+-----+-----+------------+-------------------------------------------------------------------------+--------------+

