Nothing to build in platform 'cnn_project'

10:40:50 **** Clean-only build of configuration Debug for project images_uart_application ****
make clean 
rm -rf ./src/helloworld.o ./src/platform.o ./src/helloworld.d ./src/platform.d images_uart_application.elf.size  images_uart_application.elf
 
10:40:54 **** Incremental Build of configuration Debug for project images_uart_application ****
make all 
Building file: ../src/main.c
Invoking: ARM v8 gcc compiler
aarch64-none-elf-gcc -Wall -O0 -g3 -c -fmessage-length=0 -MT"src/main.o" -I/home/dani/Desktop/SDU_Master/EmbeddedSystems/final_assignment/vitis_ide/cnn_project/export/cnn_project/sw/cnn_project/standalone_domain/bspinclude/include -MMD -MP -MF"src/main.d" -MT"src/main.o" -o "src/main.o" "../src/main.c"
Finished building: ../src/main.c
 
Building file: ../src/platform.c
Invoking: ARM v8 gcc compiler
aarch64-none-elf-gcc -Wall -O0 -g3 -c -fmessage-length=0 -MT"src/platform.o" -I/home/dani/Desktop/SDU_Master/EmbeddedSystems/final_assignment/vitis_ide/cnn_project/export/cnn_project/sw/cnn_project/standalone_domain/bspinclude/include -MMD -MP -MF"src/platform.d" -MT"src/platform.o" -o "src/platform.o" "../src/platform.c"
Finished building: ../src/platform.c
 
Building target: images_uart_application.elf
Invoking: ARM v8 gcc linker
aarch64-none-elf-gcc -Wl,-T -Wl,../src/lscript.ld -L/home/dani/Desktop/SDU_Master/EmbeddedSystems/final_assignment/vitis_ide/cnn_project/export/cnn_project/sw/cnn_project/standalone_domain/bsplib/lib -o "images_uart_application.elf" ./src/main.o ./src/platform.o   -Wl,--start-group,-lxil,-lgcc,-lc,--end-group -Wl,--start-group,-lxilffs,-lxil,-lgcc,-lc,--end-group
Finished building target: images_uart_application.elf
 
Invoking: ARM v8 Print Size
aarch64-none-elf-size images_uart_application.elf  |tee "images_uart_application.elf.size"
   text	   data	    bss	    dec	    hex	filename
  76047	   4584	  37221	 117852	  1cc5c	images_uart_application.elf
Finished building: images_uart_application.elf.size
 
10:40:56 **** Incremental Build of configuration Debug for project images_uart_application_system ****
make all 
Generating bif file for the system project
Executing command '::scw::generate_bif -xpfm /home/dani/Desktop/SDU_Master/EmbeddedSystems/final_assignment/vitis_ide/cnn_project/export/cnn_project/cnn_project.xpfm -domains standalone_domain -bifpath /home/dani/Desktop/SDU_Master/EmbeddedSystems/final_assignment/vitis_ide/images_uart_application_system/Debug/system.bif' on XSCT
sdcard_gen --xpfm /home/dani/Desktop/SDU_Master/EmbeddedSystems/final_assignment/vitis_ide/cnn_project/export/cnn_project/cnn_project.xpfm --sys_config cnn_project --bif /home/dani/Desktop/SDU_Master/EmbeddedSystems/final_assignment/vitis_ide/images_uart_application_system/Debug/system.bif --bitstream /home/dani/Desktop/SDU_Master/EmbeddedSystems/final_assignment/vitis_ide/images_uart_application/_ide/bitstream/final_bitstream.bit --elf /home/dani/Desktop/SDU_Master/EmbeddedSystems/final_assignment/vitis_ide/images_uart_application/Debug/images_uart_application.elf,psu_cortexa53_0
creating BOOT.BIN using /home/dani/Desktop/SDU_Master/EmbeddedSystems/final_assignment/vitis_ide/images_uart_application/_ide/bitstream/final_bitstream.bit
Running /home/dani/Xilinx/Vitis/2022.2/bin/bootgen -arch zynqmp -image /home/dani/Desktop/SDU_Master/EmbeddedSystems/final_assignment/vitis_ide/images_uart_application_system/Debug/sd_card_temp/boot.bif -w -o i BOOT.BIN
