Copyright 1986-2022 Xilinx, Inc. All Rights Reserved.
-------------------------------------------------------------------------------------------------------------------------------------------
| Tool Version : Vivado v.2022.2 (lin64) Build 3671981 Fri Oct 14 04:59:54 MDT 2022
| Date         : Tue Nov 25 14:01:55 2025
| Host         : dani-ASUS-TUF-Gaming-A15 running 64-bit Ubuntu 22.04.5 LTS
| Command      : report_utilization -file design_1_cnn_predict_0_1_utilization_synth.rpt -pb design_1_cnn_predict_0_1_utilization_synth.pb
| Design       : design_1_cnn_predict_0_1
| Device       : xczu3eg-sbva484-1-i
| Speed File   : -1
| Design State : Synthesized
-------------------------------------------------------------------------------------------------------------------------------------------

Utilization Design Information

Table of Contents
-----------------
1. CLB Logic
1.1 Summary of Registers by Type
2. BLOCKRAM
3. ARITHMETIC
4. I/O
5. CLOCK
6. ADVANCED
7. CONFIGURATION
8. Primitives
9. Black Boxes
10. Instantiated Netlists

1. CLB Logic
------------

+----------------------------+-------+-------+------------+-----------+-------+
|          Site Type         |  Used | Fixed | Prohibited | Available | Util% |
+----------------------------+-------+-------+------------+-----------+-------+
| CLB LUTs*                  | 11030 |     0 |          0 |     70560 | 15.63 |
|   LUT as Logic             |  8994 |     0 |          0 |     70560 | 12.75 |
|   LUT as Memory            |  2036 |     0 |          0 |     28800 |  7.07 |
|     LUT as Distributed RAM |    32 |     0 |            |           |       |
|     LUT as Shift Register  |  2004 |     0 |            |           |       |
| CLB Registers              | 10928 |     0 |          0 |    141120 |  7.74 |
|   Register as Flip Flop    | 10928 |     0 |          0 |    141120 |  7.74 |
|   Register as Latch        |     0 |     0 |          0 |    141120 |  0.00 |
| CARRY8                     |   354 |     0 |          0 |      8820 |  4.01 |
| F7 Muxes                   |   193 |     0 |          0 |     35280 |  0.55 |
| F8 Muxes                   |     2 |     0 |          0 |     17640 |  0.01 |
| F9 Muxes                   |     0 |     0 |          0 |      8820 |  0.00 |
+----------------------------+-------+-------+------------+-----------+-------+
* Warning! The Final LUT count, after physical optimizations and full implementation, is typically lower. Run opt_design after synthesis, if not already completed, for a more realistic count.
Warning! LUT value is adjusted to account for LUT combining.


1.1 Summary of Registers by Type
--------------------------------

+-------+--------------+-------------+--------------+
| Total | Clock Enable | Synchronous | Asynchronous |
+-------+--------------+-------------+--------------+
| 0     |            _ |           - |            - |
| 0     |            _ |           - |          Set |
| 0     |            _ |           - |        Reset |
| 0     |            _ |         Set |            - |
| 0     |            _ |       Reset |            - |
| 0     |          Yes |           - |            - |
| 0     |          Yes |           - |          Set |
| 0     |          Yes |           - |        Reset |
| 64    |          Yes |         Set |            - |
| 10864 |          Yes |       Reset |            - |
+-------+--------------+-------------+--------------+


2. BLOCKRAM
-----------

+-------------------+------+-------+------------+-----------+-------+
|     Site Type     | Used | Fixed | Prohibited | Available | Util% |
+-------------------+------+-------+------------+-----------+-------+
| Block RAM Tile    |  160 |     0 |          0 |       216 | 74.07 |
|   RAMB36/FIFO*    |  146 |     0 |          0 |       216 | 67.59 |
|     RAMB36E2 only |  146 |       |            |           |       |
|   RAMB18          |   28 |     0 |          0 |       432 |  6.48 |
|     RAMB18E2 only |   28 |       |            |           |       |
+-------------------+------+-------+------------+-----------+-------+
* Note: Each Block RAM Tile only has one FIFO logic available and therefore can accommodate only one FIFO36E2 or one FIFO18E2. However, if a FIFO18E2 occupies a Block RAM Tile, that tile can still accommodate a RAMB18E2


3. ARITHMETIC
-------------

+----------------+------+-------+------------+-----------+-------+
|    Site Type   | Used | Fixed | Prohibited | Available | Util% |
+----------------+------+-------+------------+-----------+-------+
| DSPs           |   68 |     0 |          0 |       360 | 18.89 |
|   DSP48E2 only |   68 |       |            |           |       |
+----------------+------+-------+------------+-----------+-------+


4. I/O
------

+------------+------+-------+------------+-----------+-------+
|  Site Type | Used | Fixed | Prohibited | Available | Util% |
+------------+------+-------+------------+-----------+-------+
| Bonded IOB |    0 |     0 |          0 |        82 |  0.00 |
+------------+------+-------+------------+-----------+-------+


5. CLOCK
--------

+----------------------+------+-------+------------+-----------+-------+
|       Site Type      | Used | Fixed | Prohibited | Available | Util% |
+----------------------+------+-------+------------+-----------+-------+
| GLOBAL CLOCK BUFFERs |    0 |     0 |          0 |       196 |  0.00 |
|   BUFGCE             |    0 |     0 |          0 |        88 |  0.00 |
|   BUFGCE_DIV         |    0 |     0 |          0 |        12 |  0.00 |
|   BUFG_PS            |    0 |     0 |          0 |        72 |  0.00 |
|   BUFGCTRL*          |    0 |     0 |          0 |        24 |  0.00 |
| PLL                  |    0 |     0 |          0 |         6 |  0.00 |
| MMCM                 |    0 |     0 |          0 |         3 |  0.00 |
+----------------------+------+-------+------------+-----------+-------+
* Note: Each used BUFGCTRL counts as two GLOBAL CLOCK BUFFERs. This table does not include global clocking resources, only buffer cell usage. See the Clock Utilization Report (report_clock_utilization) for detailed accounting of global clocking resource availability.


6. ADVANCED
-----------

+-----------+------+-------+------------+-----------+-------+
| Site Type | Used | Fixed | Prohibited | Available | Util% |
+-----------+------+-------+------------+-----------+-------+
| PS8       |    0 |     0 |          0 |         1 |  0.00 |
| SYSMONE4  |    0 |     0 |          0 |         1 |  0.00 |
+-----------+------+-------+------------+-----------+-------+


7. CONFIGURATION
----------------

+-------------+------+-------+------------+-----------+-------+
|  Site Type  | Used | Fixed | Prohibited | Available | Util% |
+-------------+------+-------+------------+-----------+-------+
| BSCANE2     |    0 |     0 |          0 |         4 |  0.00 |
| DNA_PORTE2  |    0 |     0 |          0 |         1 |  0.00 |
| EFUSE_USR   |    0 |     0 |          0 |         1 |  0.00 |
| FRAME_ECCE4 |    0 |     0 |          0 |         1 |  0.00 |
| ICAPE3      |    0 |     0 |          0 |         2 |  0.00 |
| MASTER_JTAG |    0 |     0 |          0 |         1 |  0.00 |
| STARTUPE3   |    0 |     0 |          0 |         1 |  0.00 |
+-------------+------+-------+------------+-----------+-------+


8. Primitives
-------------

+----------+-------+---------------------+
| Ref Name |  Used | Functional Category |
+----------+-------+---------------------+
| FDRE     | 10864 |            Register |
| LUT6     |  3512 |                 CLB |
| LUT3     |  2761 |                 CLB |
| LUT5     |  1814 |                 CLB |
| LUT4     |  1398 |                 CLB |
| SRLC32E  |  1308 |                 CLB |
| LUT2     |   818 |                 CLB |
| SRL16E   |   696 |                 CLB |
| CARRY8   |   354 |                 CLB |
| MUXF7    |   193 |                 CLB |
| RAMB36E2 |   146 |            BLOCKRAM |
| LUT1     |   121 |                 CLB |
| DSP48E2  |    68 |          Arithmetic |
| FDSE     |    64 |            Register |
| RAMS32   |    32 |                 CLB |
| RAMB18E2 |    28 |            BLOCKRAM |
| MUXF8    |     2 |                 CLB |
+----------+-------+---------------------+


9. Black Boxes
--------------

+----------+------+
| Ref Name | Used |
+----------+------+


10. Instantiated Netlists
-------------------------

+----------+------+
| Ref Name | Used |
+----------+------+


