
*** Running vivado
    with args -log design_1_wrapper.vds -m64 -product Vivado -mode batch -messageDb vivado.pb -notrace -source design_1_wrapper.tcl


****** Vivado v2022.2 (64-bit)
  **** SW Build 3671981 on Fri Oct 14 04:59:54 MDT 2022
  **** IP Build 3669848 on Fri Oct 14 08:30:02 MDT 2022
    ** Copyright 1986-2022 Xilinx, Inc. All Rights Reserved.

source design_1_wrapper.tcl -notrace
create_project: Time (s): cpu = 00:00:07 ; elapsed = 00:00:08 . Memory (MB): peak = 1441.340 ; gain = 110.023 ; free physical = 17505 ; free virtual = 38834
INFO: [IP_Flow 19-234] Refreshing IP repositories
INFO: [IP_Flow 19-1700] Loaded user IP repository '/home/dani/Desktop/SDU_Master/EmbeddedSystems/final_assignment/export_improved'.
INFO: [IP_Flow 19-2313] Loaded Vivado IP repository '/home/dani/Xilinx/Vivado/2022.2/data/ip'.
Command: synth_design -top design_1_wrapper -part xczu3eg-sbva484-1-i
Starting synth_design
Attempting to get a license for feature 'Synthesis' and/or device 'xczu3eg'
INFO: [Common 17-349] Got license for feature 'Synthesis' and/or device 'xczu3eg'
INFO: [Device 21-403] Loading part xczu3eg-sbva484-1-i
INFO: [Synth 8-7079] Multithreading enabled for synth_design using a maximum of 4 processes.
INFO: [Synth 8-7078] Launching helper process for spawning children vivado processes
INFO: [Synth 8-7075] Helper process launched with PID 19077
INFO: [Synth 8-11241] undeclared symbol 'REGCCE', assumed default net type 'wire' [/home/dani/Xilinx/Vivado/2022.2/data/verilog/src/unimacro/BRAM_SINGLE_MACRO.v:2170]
---------------------------------------------------------------------------------
Starting RTL Elaboration : Time (s): cpu = 00:00:02 ; elapsed = 00:00:03 . Memory (MB): peak = 3205.922 ; gain = 234.801 ; free physical = 15508 ; free virtual = 36840
Synthesis current peak Physical Memory [PSS] (MB): peak = 2632.243; parent = 2427.369; children = 204.874
Synthesis current peak Virtual Memory [VSS] (MB): peak = 4178.270; parent = 3209.895; children = 968.375
---------------------------------------------------------------------------------
INFO: [Synth 8-6157] synthesizing module 'design_1_wrapper' [/home/dani/Desktop/SDU_Master/EmbeddedSystems/final_assignment/vivado_final/cnn_project/cnn_project.gen/sources_1/bd/design_1/hdl/design_1_wrapper.v:12]
INFO: [Synth 8-6157] synthesizing module 'design_1' [/home/dani/Desktop/SDU_Master/EmbeddedSystems/final_assignment/vivado_final/cnn_project/cnn_project.gen/sources_1/bd/design_1/synth/design_1.v:12]
INFO: [Synth 8-6157] synthesizing module 'design_1_axi_smc_1' [/home/dani/Desktop/SDU_Master/EmbeddedSystems/final_assignment/vivado_final/cnn_project/cnn_project.runs/synth_1/.Xil/Vivado-18963-dani-ASUS-TUF-Gaming-A15/realtime/design_1_axi_smc_1_stub.v:5]
INFO: [Synth 8-6155] done synthesizing module 'design_1_axi_smc_1' (0#1) [/home/dani/Desktop/SDU_Master/EmbeddedSystems/final_assignment/vivado_final/cnn_project/cnn_project.runs/synth_1/.Xil/Vivado-18963-dani-ASUS-TUF-Gaming-A15/realtime/design_1_axi_smc_1_stub.v:5]
INFO: [Synth 8-6157] synthesizing module 'design_1_cnn_predict_0_1' [/home/dani/Desktop/SDU_Master/EmbeddedSystems/final_assignment/vivado_final/cnn_project/cnn_project.runs/synth_1/.Xil/Vivado-18963-dani-ASUS-TUF-Gaming-A15/realtime/design_1_cnn_predict_0_1_stub.v:5]
INFO: [Synth 8-6155] done synthesizing module 'design_1_cnn_predict_0_1' (0#1) [/home/dani/Desktop/SDU_Master/EmbeddedSystems/final_assignment/vivado_final/cnn_project/cnn_project.runs/synth_1/.Xil/Vivado-18963-dani-ASUS-TUF-Gaming-A15/realtime/design_1_cnn_predict_0_1_stub.v:5]
WARNING: [Synth 8-7071] port 'interrupt' of module 'design_1_cnn_predict_0_1' is unconnected for instance 'cnn_predict_0' [/home/dani/Desktop/SDU_Master/EmbeddedSystems/final_assignment/vivado_final/cnn_project/cnn_project.gen/sources_1/bd/design_1/synth/design_1.v:141]
WARNING: [Synth 8-7071] port 'm_axi_gmem_AWID' of module 'design_1_cnn_predict_0_1' is unconnected for instance 'cnn_predict_0' [/home/dani/Desktop/SDU_Master/EmbeddedSystems/final_assignment/vivado_final/cnn_project/cnn_project.gen/sources_1/bd/design_1/synth/design_1.v:141]
WARNING: [Synth 8-7071] port 'm_axi_gmem_AWADDR' of module 'design_1_cnn_predict_0_1' is unconnected for instance 'cnn_predict_0' [/home/dani/Desktop/SDU_Master/EmbeddedSystems/final_assignment/vivado_final/cnn_project/cnn_project.gen/sources_1/bd/design_1/synth/design_1.v:141]
WARNING: [Synth 8-7071] port 'm_axi_gmem_AWLEN' of module 'design_1_cnn_predict_0_1' is unconnected for instance 'cnn_predict_0' [/home/dani/Desktop/SDU_Master/EmbeddedSystems/final_assignment/vivado_final/cnn_project/cnn_project.gen/sources_1/bd/design_1/synth/design_1.v:141]
WARNING: [Synth 8-7071] port 'm_axi_gmem_AWSIZE' of module 'design_1_cnn_predict_0_1' is unconnected for instance 'cnn_predict_0' [/home/dani/Desktop/SDU_Master/EmbeddedSystems/final_assignment/vivado_final/cnn_project/cnn_project.gen/sources_1/bd/design_1/synth/design_1.v:141]
WARNING: [Synth 8-7071] port 'm_axi_gmem_AWBURST' of module 'design_1_cnn_predict_0_1' is unconnected for instance 'cnn_predict_0' [/home/dani/Desktop/SDU_Master/EmbeddedSystems/final_assignment/vivado_final/cnn_project/cnn_project.gen/sources_1/bd/design_1/synth/design_1.v:141]
WARNING: [Synth 8-7071] port 'm_axi_gmem_AWLOCK' of module 'design_1_cnn_predict_0_1' is unconnected for instance 'cnn_predict_0' [/home/dani/Desktop/SDU_Master/EmbeddedSystems/final_assignment/vivado_final/cnn_project/cnn_project.gen/sources_1/bd/design_1/synth/design_1.v:141]
WARNING: [Synth 8-7071] port 'm_axi_gmem_AWREGION' of module 'design_1_cnn_predict_0_1' is unconnected for instance 'cnn_predict_0' [/home/dani/Desktop/SDU_Master/EmbeddedSystems/final_assignment/vivado_final/cnn_project/cnn_project.gen/sources_1/bd/design_1/synth/design_1.v:141]
WARNING: [Synth 8-7071] port 'm_axi_gmem_AWCACHE' of module 'design_1_cnn_predict_0_1' is unconnected for instance 'cnn_predict_0' [/home/dani/Desktop/SDU_Master/EmbeddedSystems/final_assignment/vivado_final/cnn_project/cnn_project.gen/sources_1/bd/design_1/synth/design_1.v:141]
WARNING: [Synth 8-7071] port 'm_axi_gmem_AWPROT' of module 'design_1_cnn_predict_0_1' is unconnected for instance 'cnn_predict_0' [/home/dani/Desktop/SDU_Master/EmbeddedSystems/final_assignment/vivado_final/cnn_project/cnn_project.gen/sources_1/bd/design_1/synth/design_1.v:141]
WARNING: [Synth 8-7071] port 'm_axi_gmem_AWQOS' of module 'design_1_cnn_predict_0_1' is unconnected for instance 'cnn_predict_0' [/home/dani/Desktop/SDU_Master/EmbeddedSystems/final_assignment/vivado_final/cnn_project/cnn_project.gen/sources_1/bd/design_1/synth/design_1.v:141]
WARNING: [Synth 8-7071] port 'm_axi_gmem_AWVALID' of module 'design_1_cnn_predict_0_1' is unconnected for instance 'cnn_predict_0' [/home/dani/Desktop/SDU_Master/EmbeddedSystems/final_assignment/vivado_final/cnn_project/cnn_project.gen/sources_1/bd/design_1/synth/design_1.v:141]
WARNING: [Synth 8-7071] port 'm_axi_gmem_WID' of module 'design_1_cnn_predict_0_1' is unconnected for instance 'cnn_predict_0' [/home/dani/Desktop/SDU_Master/EmbeddedSystems/final_assignment/vivado_final/cnn_project/cnn_project.gen/sources_1/bd/design_1/synth/design_1.v:141]
WARNING: [Synth 8-7071] port 'm_axi_gmem_WDATA' of module 'design_1_cnn_predict_0_1' is unconnected for instance 'cnn_predict_0' [/home/dani/Desktop/SDU_Master/EmbeddedSystems/final_assignment/vivado_final/cnn_project/cnn_project.gen/sources_1/bd/design_1/synth/design_1.v:141]
WARNING: [Synth 8-7071] port 'm_axi_gmem_WSTRB' of module 'design_1_cnn_predict_0_1' is unconnected for instance 'cnn_predict_0' [/home/dani/Desktop/SDU_Master/EmbeddedSystems/final_assignment/vivado_final/cnn_project/cnn_project.gen/sources_1/bd/design_1/synth/design_1.v:141]
WARNING: [Synth 8-7071] port 'm_axi_gmem_WLAST' of module 'design_1_cnn_predict_0_1' is unconnected for instance 'cnn_predict_0' [/home/dani/Desktop/SDU_Master/EmbeddedSystems/final_assignment/vivado_final/cnn_project/cnn_project.gen/sources_1/bd/design_1/synth/design_1.v:141]
WARNING: [Synth 8-7071] port 'm_axi_gmem_WVALID' of module 'design_1_cnn_predict_0_1' is unconnected for instance 'cnn_predict_0' [/home/dani/Desktop/SDU_Master/EmbeddedSystems/final_assignment/vivado_final/cnn_project/cnn_project.gen/sources_1/bd/design_1/synth/design_1.v:141]
WARNING: [Synth 8-7071] port 'm_axi_gmem_BREADY' of module 'design_1_cnn_predict_0_1' is unconnected for instance 'cnn_predict_0' [/home/dani/Desktop/SDU_Master/EmbeddedSystems/final_assignment/vivado_final/cnn_project/cnn_project.gen/sources_1/bd/design_1/synth/design_1.v:141]
WARNING: [Synth 8-7071] port 'm_axi_gmem_ARREGION' of module 'design_1_cnn_predict_0_1' is unconnected for instance 'cnn_predict_0' [/home/dani/Desktop/SDU_Master/EmbeddedSystems/final_assignment/vivado_final/cnn_project/cnn_project.gen/sources_1/bd/design_1/synth/design_1.v:141]
WARNING: [Synth 8-7023] instance 'cnn_predict_0' of module 'design_1_cnn_predict_0_1' has 60 connections declared, but only 41 given [/home/dani/Desktop/SDU_Master/EmbeddedSystems/final_assignment/vivado_final/cnn_project/cnn_project.gen/sources_1/bd/design_1/synth/design_1.v:141]
INFO: [Synth 8-6157] synthesizing module 'design_1_ps8_0_axi_periph_1' [/home/dani/Desktop/SDU_Master/EmbeddedSystems/final_assignment/vivado_final/cnn_project/cnn_project.gen/sources_1/bd/design_1/synth/design_1.v:329]
INFO: [Synth 8-6157] synthesizing module 's00_couplers_imp_1A7ZMW4' [/home/dani/Desktop/SDU_Master/EmbeddedSystems/final_assignment/vivado_final/cnn_project/cnn_project.gen/sources_1/bd/design_1/synth/design_1.v:629]
INFO: [Synth 8-6157] synthesizing module 'design_1_auto_ds_0' [/home/dani/Desktop/SDU_Master/EmbeddedSystems/final_assignment/vivado_final/cnn_project/cnn_project.runs/synth_1/.Xil/Vivado-18963-dani-ASUS-TUF-Gaming-A15/realtime/design_1_auto_ds_0_stub.v:5]
INFO: [Synth 8-6155] done synthesizing module 'design_1_auto_ds_0' (0#1) [/home/dani/Desktop/SDU_Master/EmbeddedSystems/final_assignment/vivado_final/cnn_project/cnn_project.runs/synth_1/.Xil/Vivado-18963-dani-ASUS-TUF-Gaming-A15/realtime/design_1_auto_ds_0_stub.v:5]
INFO: [Synth 8-6157] synthesizing module 'design_1_auto_pc_0' [/home/dani/Desktop/SDU_Master/EmbeddedSystems/final_assignment/vivado_final/cnn_project/cnn_project.runs/synth_1/.Xil/Vivado-18963-dani-ASUS-TUF-Gaming-A15/realtime/design_1_auto_pc_0_stub.v:5]
INFO: [Synth 8-6155] done synthesizing module 'design_1_auto_pc_0' (0#1) [/home/dani/Desktop/SDU_Master/EmbeddedSystems/final_assignment/vivado_final/cnn_project/cnn_project.runs/synth_1/.Xil/Vivado-18963-dani-ASUS-TUF-Gaming-A15/realtime/design_1_auto_pc_0_stub.v:5]
WARNING: [Synth 8-7071] port 'm_axi_awprot' of module 'design_1_auto_pc_0' is unconnected for instance 'auto_pc' [/home/dani/Desktop/SDU_Master/EmbeddedSystems/final_assignment/vivado_final/cnn_project/cnn_project.gen/sources_1/bd/design_1/synth/design_1.v:972]
WARNING: [Synth 8-7071] port 'm_axi_arprot' of module 'design_1_auto_pc_0' is unconnected for instance 'auto_pc' [/home/dani/Desktop/SDU_Master/EmbeddedSystems/final_assignment/vivado_final/cnn_project/cnn_project.gen/sources_1/bd/design_1/synth/design_1.v:972]
WARNING: [Synth 8-7023] instance 'auto_pc' of module 'design_1_auto_pc_0' has 56 connections declared, but only 54 given [/home/dani/Desktop/SDU_Master/EmbeddedSystems/final_assignment/vivado_final/cnn_project/cnn_project.gen/sources_1/bd/design_1/synth/design_1.v:972]
INFO: [Synth 8-6155] done synthesizing module 's00_couplers_imp_1A7ZMW4' (0#1) [/home/dani/Desktop/SDU_Master/EmbeddedSystems/final_assignment/vivado_final/cnn_project/cnn_project.gen/sources_1/bd/design_1/synth/design_1.v:629]
INFO: [Synth 8-6155] done synthesizing module 'design_1_ps8_0_axi_periph_1' (0#1) [/home/dani/Desktop/SDU_Master/EmbeddedSystems/final_assignment/vivado_final/cnn_project/cnn_project.gen/sources_1/bd/design_1/synth/design_1.v:329]
INFO: [Synth 8-6157] synthesizing module 'design_1_rst_ps8_0_100M_1' [/home/dani/Desktop/SDU_Master/EmbeddedSystems/final_assignment/vivado_final/cnn_project/cnn_project.runs/synth_1/.Xil/Vivado-18963-dani-ASUS-TUF-Gaming-A15/realtime/design_1_rst_ps8_0_100M_1_stub.v:5]
INFO: [Synth 8-6155] done synthesizing module 'design_1_rst_ps8_0_100M_1' (0#1) [/home/dani/Desktop/SDU_Master/EmbeddedSystems/final_assignment/vivado_final/cnn_project/cnn_project.runs/synth_1/.Xil/Vivado-18963-dani-ASUS-TUF-Gaming-A15/realtime/design_1_rst_ps8_0_100M_1_stub.v:5]
WARNING: [Synth 8-7071] port 'mb_reset' of module 'design_1_rst_ps8_0_100M_1' is unconnected for instance 'rst_ps8_0_100M' [/home/dani/Desktop/SDU_Master/EmbeddedSystems/final_assignment/vivado_final/cnn_project/cnn_project.gen/sources_1/bd/design_1/synth/design_1.v:244]
WARNING: [Synth 8-7071] port 'bus_struct_reset' of module 'design_1_rst_ps8_0_100M_1' is unconnected for instance 'rst_ps8_0_100M' [/home/dani/Desktop/SDU_Master/EmbeddedSystems/final_assignment/vivado_final/cnn_project/cnn_project.gen/sources_1/bd/design_1/synth/design_1.v:244]
WARNING: [Synth 8-7071] port 'peripheral_reset' of module 'design_1_rst_ps8_0_100M_1' is unconnected for instance 'rst_ps8_0_100M' [/home/dani/Desktop/SDU_Master/EmbeddedSystems/final_assignment/vivado_final/cnn_project/cnn_project.gen/sources_1/bd/design_1/synth/design_1.v:244]
WARNING: [Synth 8-7071] port 'interconnect_aresetn' of module 'design_1_rst_ps8_0_100M_1' is unconnected for instance 'rst_ps8_0_100M' [/home/dani/Desktop/SDU_Master/EmbeddedSystems/final_assignment/vivado_final/cnn_project/cnn_project.gen/sources_1/bd/design_1/synth/design_1.v:244]
WARNING: [Synth 8-7023] instance 'rst_ps8_0_100M' of module 'design_1_rst_ps8_0_100M_1' has 10 connections declared, but only 6 given [/home/dani/Desktop/SDU_Master/EmbeddedSystems/final_assignment/vivado_final/cnn_project/cnn_project.gen/sources_1/bd/design_1/synth/design_1.v:244]
INFO: [Synth 8-6157] synthesizing module 'design_1_zynq_ultra_ps_e_0_1' [/home/dani/Desktop/SDU_Master/EmbeddedSystems/final_assignment/vivado_final/cnn_project/cnn_project.runs/synth_1/.Xil/Vivado-18963-dani-ASUS-TUF-Gaming-A15/realtime/design_1_zynq_ultra_ps_e_0_1_stub.v:5]
INFO: [Synth 8-6155] done synthesizing module 'design_1_zynq_ultra_ps_e_0_1' (0#1) [/home/dani/Desktop/SDU_Master/EmbeddedSystems/final_assignment/vivado_final/cnn_project/cnn_project.runs/synth_1/.Xil/Vivado-18963-dani-ASUS-TUF-Gaming-A15/realtime/design_1_zynq_ultra_ps_e_0_1_stub.v:5]
WARNING: [Synth 8-7071] port 'maxigp0_awuser' of module 'design_1_zynq_ultra_ps_e_0_1' is unconnected for instance 'zynq_ultra_ps_e_0' [/home/dani/Desktop/SDU_Master/EmbeddedSystems/final_assignment/vivado_final/cnn_project/cnn_project.gen/sources_1/bd/design_1/synth/design_1.v:251]
WARNING: [Synth 8-7071] port 'maxigp0_aruser' of module 'design_1_zynq_ultra_ps_e_0_1' is unconnected for instance 'zynq_ultra_ps_e_0' [/home/dani/Desktop/SDU_Master/EmbeddedSystems/final_assignment/vivado_final/cnn_project/cnn_project.gen/sources_1/bd/design_1/synth/design_1.v:251]
WARNING: [Synth 8-7071] port 'saxigp2_awready' of module 'design_1_zynq_ultra_ps_e_0_1' is unconnected for instance 'zynq_ultra_ps_e_0' [/home/dani/Desktop/SDU_Master/EmbeddedSystems/final_assignment/vivado_final/cnn_project/cnn_project.gen/sources_1/bd/design_1/synth/design_1.v:251]
WARNING: [Synth 8-7071] port 'saxigp2_wready' of module 'design_1_zynq_ultra_ps_e_0_1' is unconnected for instance 'zynq_ultra_ps_e_0' [/home/dani/Desktop/SDU_Master/EmbeddedSystems/final_assignment/vivado_final/cnn_project/cnn_project.gen/sources_1/bd/design_1/synth/design_1.v:251]
WARNING: [Synth 8-7071] port 'saxigp2_bid' of module 'design_1_zynq_ultra_ps_e_0_1' is unconnected for instance 'zynq_ultra_ps_e_0' [/home/dani/Desktop/SDU_Master/EmbeddedSystems/final_assignment/vivado_final/cnn_project/cnn_project.gen/sources_1/bd/design_1/synth/design_1.v:251]
WARNING: [Synth 8-7071] port 'saxigp2_bresp' of module 'design_1_zynq_ultra_ps_e_0_1' is unconnected for instance 'zynq_ultra_ps_e_0' [/home/dani/Desktop/SDU_Master/EmbeddedSystems/final_assignment/vivado_final/cnn_project/cnn_project.gen/sources_1/bd/design_1/synth/design_1.v:251]
WARNING: [Synth 8-7071] port 'saxigp2_bvalid' of module 'design_1_zynq_ultra_ps_e_0_1' is unconnected for instance 'zynq_ultra_ps_e_0' [/home/dani/Desktop/SDU_Master/EmbeddedSystems/final_assignment/vivado_final/cnn_project/cnn_project.gen/sources_1/bd/design_1/synth/design_1.v:251]
WARNING: [Synth 8-7071] port 'saxigp2_rid' of module 'design_1_zynq_ultra_ps_e_0_1' is unconnected for instance 'zynq_ultra_ps_e_0' [/home/dani/Desktop/SDU_Master/EmbeddedSystems/final_assignment/vivado_final/cnn_project/cnn_project.gen/sources_1/bd/design_1/synth/design_1.v:251]
WARNING: [Synth 8-7023] instance 'zynq_ultra_ps_e_0' of module 'design_1_zynq_ultra_ps_e_0_1' has 83 connections declared, but only 75 given [/home/dani/Desktop/SDU_Master/EmbeddedSystems/final_assignment/vivado_final/cnn_project/cnn_project.gen/sources_1/bd/design_1/synth/design_1.v:251]
INFO: [Synth 8-6155] done synthesizing module 'design_1' (0#1) [/home/dani/Desktop/SDU_Master/EmbeddedSystems/final_assignment/vivado_final/cnn_project/cnn_project.gen/sources_1/bd/design_1/synth/design_1.v:12]
INFO: [Synth 8-6155] done synthesizing module 'design_1_wrapper' (0#1) [/home/dani/Desktop/SDU_Master/EmbeddedSystems/final_assignment/vivado_final/cnn_project/cnn_project.gen/sources_1/bd/design_1/hdl/design_1_wrapper.v:12]
WARNING: [Synth 8-7129] Port M_ACLK in module s00_couplers_imp_1A7ZMW4 is either unconnected or has no load
WARNING: [Synth 8-7129] Port M_ARESETN in module s00_couplers_imp_1A7ZMW4 is either unconnected or has no load
WARNING: [Synth 8-7129] Port ACLK in module design_1_ps8_0_axi_periph_1 is either unconnected or has no load
WARNING: [Synth 8-7129] Port ARESETN in module design_1_ps8_0_axi_periph_1 is either unconnected or has no load
---------------------------------------------------------------------------------
Finished RTL Elaboration : Time (s): cpu = 00:00:03 ; elapsed = 00:00:04 . Memory (MB): peak = 3278.859 ; gain = 307.738 ; free physical = 15419 ; free virtual = 36751
Synthesis current peak Physical Memory [PSS] (MB): peak = 2632.243; parent = 2427.369; children = 204.874
Synthesis current peak Virtual Memory [VSS] (MB): peak = 4247.238; parent = 3278.863; children = 968.375
---------------------------------------------------------------------------------
---------------------------------------------------------------------------------
Start Handling Custom Attributes
---------------------------------------------------------------------------------
---------------------------------------------------------------------------------
Finished Handling Custom Attributes : Time (s): cpu = 00:00:03 ; elapsed = 00:00:04 . Memory (MB): peak = 3296.672 ; gain = 325.551 ; free physical = 15419 ; free virtual = 36751
Synthesis current peak Physical Memory [PSS] (MB): peak = 2632.243; parent = 2427.369; children = 204.874
Synthesis current peak Virtual Memory [VSS] (MB): peak = 4265.051; parent = 3296.676; children = 968.375
---------------------------------------------------------------------------------
---------------------------------------------------------------------------------
Finished RTL Optimization Phase 1 : Time (s): cpu = 00:00:03 ; elapsed = 00:00:04 . Memory (MB): peak = 3296.672 ; gain = 325.551 ; free physical = 15419 ; free virtual = 36751
Synthesis current peak Physical Memory [PSS] (MB): peak = 2632.243; parent = 2427.369; children = 204.874
Synthesis current peak Virtual Memory [VSS] (MB): peak = 4265.051; parent = 3296.676; children = 968.375
---------------------------------------------------------------------------------
Netlist sorting complete. Time (s): cpu = 00:00:00 ; elapsed = 00:00:00.01 . Memory (MB): peak = 3296.672 ; gain = 0.000 ; free physical = 15419 ; free virtual = 36751
INFO: [Project 1-570] Preparing netlist for logic optimization

Processing XDC Constraints
Initializing timing engine
Parsing XDC File [/home/dani/Desktop/SDU_Master/EmbeddedSystems/final_assignment/vivado_final/cnn_project/cnn_project.gen/sources_1/bd/design_1/ip/design_1_zynq_ultra_ps_e_0_1/design_1_zynq_ultra_ps_e_0_1/design_1_zynq_ultra_ps_e_0_1_in_context.xdc] for cell 'design_1_i/zynq_ultra_ps_e_0'
Finished Parsing XDC File [/home/dani/Desktop/SDU_Master/EmbeddedSystems/final_assignment/vivado_final/cnn_project/cnn_project.gen/sources_1/bd/design_1/ip/design_1_zynq_ultra_ps_e_0_1/design_1_zynq_ultra_ps_e_0_1/design_1_zynq_ultra_ps_e_0_1_in_context.xdc] for cell 'design_1_i/zynq_ultra_ps_e_0'
Parsing XDC File [/home/dani/Desktop/SDU_Master/EmbeddedSystems/final_assignment/vivado_final/cnn_project/cnn_project.gen/sources_1/bd/design_1/ip/design_1_cnn_predict_0_1/design_1_cnn_predict_0_1/design_1_cnn_predict_0_1_in_context.xdc] for cell 'design_1_i/cnn_predict_0'
Finished Parsing XDC File [/home/dani/Desktop/SDU_Master/EmbeddedSystems/final_assignment/vivado_final/cnn_project/cnn_project.gen/sources_1/bd/design_1/ip/design_1_cnn_predict_0_1/design_1_cnn_predict_0_1/design_1_cnn_predict_0_1_in_context.xdc] for cell 'design_1_i/cnn_predict_0'
Parsing XDC File [/home/dani/Desktop/SDU_Master/EmbeddedSystems/final_assignment/vivado_final/cnn_project/cnn_project.gen/sources_1/bd/design_1/ip/design_1_auto_ds_0/design_1_auto_ds_0/design_1_auto_ds_0_in_context.xdc] for cell 'design_1_i/ps8_0_axi_periph/s00_couplers/auto_ds'
Finished Parsing XDC File [/home/dani/Desktop/SDU_Master/EmbeddedSystems/final_assignment/vivado_final/cnn_project/cnn_project.gen/sources_1/bd/design_1/ip/design_1_auto_ds_0/design_1_auto_ds_0/design_1_auto_ds_0_in_context.xdc] for cell 'design_1_i/ps8_0_axi_periph/s00_couplers/auto_ds'
Parsing XDC File [/home/dani/Desktop/SDU_Master/EmbeddedSystems/final_assignment/vivado_final/cnn_project/cnn_project.gen/sources_1/bd/design_1/ip/design_1_auto_pc_0/design_1_auto_pc_0/design_1_auto_pc_0_in_context.xdc] for cell 'design_1_i/ps8_0_axi_periph/s00_couplers/auto_pc'
Finished Parsing XDC File [/home/dani/Desktop/SDU_Master/EmbeddedSystems/final_assignment/vivado_final/cnn_project/cnn_project.gen/sources_1/bd/design_1/ip/design_1_auto_pc_0/design_1_auto_pc_0/design_1_auto_pc_0_in_context.xdc] for cell 'design_1_i/ps8_0_axi_periph/s00_couplers/auto_pc'
Parsing XDC File [/home/dani/Desktop/SDU_Master/EmbeddedSystems/final_assignment/vivado_final/cnn_project/cnn_project.gen/sources_1/bd/design_1/ip/design_1_rst_ps8_0_100M_1/design_1_rst_ps8_0_100M_1/design_1_rst_ps8_0_100M_1_in_context.xdc] for cell 'design_1_i/rst_ps8_0_100M'
Finished Parsing XDC File [/home/dani/Desktop/SDU_Master/EmbeddedSystems/final_assignment/vivado_final/cnn_project/cnn_project.gen/sources_1/bd/design_1/ip/design_1_rst_ps8_0_100M_1/design_1_rst_ps8_0_100M_1/design_1_rst_ps8_0_100M_1_in_context.xdc] for cell 'design_1_i/rst_ps8_0_100M'
Parsing XDC File [/home/dani/Desktop/SDU_Master/EmbeddedSystems/final_assignment/vivado_final/cnn_project/cnn_project.gen/sources_1/bd/design_1/ip/design_1_axi_smc_1/design_1_axi_smc_1/design_1_axi_smc_1_in_context.xdc] for cell 'design_1_i/axi_smc'
Finished Parsing XDC File [/home/dani/Desktop/SDU_Master/EmbeddedSystems/final_assignment/vivado_final/cnn_project/cnn_project.gen/sources_1/bd/design_1/ip/design_1_axi_smc_1/design_1_axi_smc_1/design_1_axi_smc_1_in_context.xdc] for cell 'design_1_i/axi_smc'
Parsing XDC File [/home/dani/Desktop/SDU_Master/EmbeddedSystems/final_assignment/vivado_final/cnn_project/cnn_project.runs/synth_1/dont_touch.xdc]
Finished Parsing XDC File [/home/dani/Desktop/SDU_Master/EmbeddedSystems/final_assignment/vivado_final/cnn_project/cnn_project.runs/synth_1/dont_touch.xdc]
Completed Processing XDC Constraints

Netlist sorting complete. Time (s): cpu = 00:00:00 ; elapsed = 00:00:00 . Memory (MB): peak = 3376.547 ; gain = 0.000 ; free physical = 15442 ; free virtual = 36774
INFO: [Project 1-111] Unisim Transformation Summary:
No Unisim elements were transformed.

Constraint Validation Runtime : Time (s): cpu = 00:00:00 ; elapsed = 00:00:00 . Memory (MB): peak = 3376.547 ; gain = 0.000 ; free physical = 15442 ; free virtual = 36774
INFO: [Synth 8-11241] undeclared symbol 'REGCCE', assumed default net type 'wire' [/home/dani/Xilinx/Vivado/2022.2/data/verilog/src/unimacro/BRAM_SINGLE_MACRO.v:2170]
---------------------------------------------------------------------------------
Finished Constraint Validation : Time (s): cpu = 00:00:09 ; elapsed = 00:00:10 . Memory (MB): peak = 3376.547 ; gain = 405.426 ; free physical = 15531 ; free virtual = 36863
Synthesis current peak Physical Memory [PSS] (MB): peak = 2632.243; parent = 2427.369; children = 204.874
Synthesis current peak Virtual Memory [VSS] (MB): peak = 4312.910; parent = 3344.535; children = 968.375
---------------------------------------------------------------------------------
---------------------------------------------------------------------------------
Start Loading Part and Timing Information
---------------------------------------------------------------------------------
Loading part: xczu3eg-sbva484-1-i
INFO: [Synth 8-6742] Reading net delay rules and data
---------------------------------------------------------------------------------
Finished Loading Part and Timing Information : Time (s): cpu = 00:00:09 ; elapsed = 00:00:10 . Memory (MB): peak = 3376.547 ; gain = 405.426 ; free physical = 15531 ; free virtual = 36863
Synthesis current peak Physical Memory [PSS] (MB): peak = 2632.243; parent = 2427.369; children = 204.874
Synthesis current peak Virtual Memory [VSS] (MB): peak = 4312.910; parent = 3344.535; children = 968.375
---------------------------------------------------------------------------------
---------------------------------------------------------------------------------
Start Applying 'set_property' XDC Constraints
---------------------------------------------------------------------------------
Applied set_property KEEP_HIERARCHY = SOFT for design_1_i. (constraint file  auto generated constraint).
Applied set_property KEEP_HIERARCHY = SOFT for design_1_i/zynq_ultra_ps_e_0. (constraint file  auto generated constraint).
Applied set_property KEEP_HIERARCHY = SOFT for design_1_i/cnn_predict_0. (constraint file  auto generated constraint).
Applied set_property KEEP_HIERARCHY = SOFT for design_1_i/ps8_0_axi_periph/s00_couplers/auto_ds. (constraint file  auto generated constraint).
Applied set_property KEEP_HIERARCHY = SOFT for design_1_i/ps8_0_axi_periph/s00_couplers/auto_pc. (constraint file  auto generated constraint).
Applied set_property KEEP_HIERARCHY = SOFT for design_1_i/ps8_0_axi_periph. (constraint file  auto generated constraint).
Applied set_property KEEP_HIERARCHY = SOFT for design_1_i/rst_ps8_0_100M. (constraint file  auto generated constraint).
Applied set_property KEEP_HIERARCHY = SOFT for design_1_i/axi_smc. (constraint file  auto generated constraint).
---------------------------------------------------------------------------------
Finished applying 'set_property' XDC Constraints : Time (s): cpu = 00:00:09 ; elapsed = 00:00:10 . Memory (MB): peak = 3376.547 ; gain = 405.426 ; free physical = 15531 ; free virtual = 36863
Synthesis current peak Physical Memory [PSS] (MB): peak = 2632.243; parent = 2427.369; children = 204.874
Synthesis current peak Virtual Memory [VSS] (MB): peak = 4312.910; parent = 3344.535; children = 968.375
---------------------------------------------------------------------------------
---------------------------------------------------------------------------------
Finished RTL Optimization Phase 2 : Time (s): cpu = 00:00:09 ; elapsed = 00:00:10 . Memory (MB): peak = 3376.547 ; gain = 405.426 ; free physical = 15531 ; free virtual = 36864
Synthesis current peak Physical Memory [PSS] (MB): peak = 2632.243; parent = 2427.369; children = 204.874
Synthesis current peak Virtual Memory [VSS] (MB): peak = 4312.910; parent = 3344.535; children = 968.375
---------------------------------------------------------------------------------
---------------------------------------------------------------------------------
Start RTL Component Statistics 
---------------------------------------------------------------------------------
Detailed RTL Component Info : 
---------------------------------------------------------------------------------
Finished RTL Component Statistics 
---------------------------------------------------------------------------------
---------------------------------------------------------------------------------
Start Part Resource Summary
---------------------------------------------------------------------------------
Part Resources:
DSPs: 360 (col length:72)
BRAMs: 432 (col length: RAMB18 72 RAMB36 36)
---------------------------------------------------------------------------------
Finished Part Resource Summary
---------------------------------------------------------------------------------
---------------------------------------------------------------------------------
Start Cross Boundary and Area Optimization
---------------------------------------------------------------------------------
WARNING: [Synth 8-7080] Parallel synthesis criteria is not met
WARNING: [Synth 8-7129] Port ACLK in module design_1_ps8_0_axi_periph_1 is either unconnected or has no load
WARNING: [Synth 8-7129] Port ARESETN in module design_1_ps8_0_axi_periph_1 is either unconnected or has no load
WARNING: [Synth 8-7129] Port M00_ACLK in module design_1_ps8_0_axi_periph_1 is either unconnected or has no load
WARNING: [Synth 8-7129] Port M00_ARESETN in module design_1_ps8_0_axi_periph_1 is either unconnected or has no load
---------------------------------------------------------------------------------
Finished Cross Boundary and Area Optimization : Time (s): cpu = 00:00:10 ; elapsed = 00:00:11 . Memory (MB): peak = 3376.547 ; gain = 405.426 ; free physical = 15538 ; free virtual = 36876
Synthesis current peak Physical Memory [PSS] (MB): peak = 2632.243; parent = 2427.369; children = 204.874
Synthesis current peak Virtual Memory [VSS] (MB): peak = 4312.910; parent = 3344.535; children = 968.375
---------------------------------------------------------------------------------
---------------------------------------------------------------------------------
Start Applying XDC Timing Constraints
---------------------------------------------------------------------------------
---------------------------------------------------------------------------------
Finished Applying XDC Timing Constraints : Time (s): cpu = 00:00:16 ; elapsed = 00:00:19 . Memory (MB): peak = 3816.609 ; gain = 845.488 ; free physical = 15079 ; free virtual = 36417
Synthesis current peak Physical Memory [PSS] (MB): peak = 3181.762; parent = 2976.919; children = 204.874
Synthesis current peak Virtual Memory [VSS] (MB): peak = 4784.988; parent = 3816.613; children = 968.375
---------------------------------------------------------------------------------
---------------------------------------------------------------------------------
Start Timing Optimization
---------------------------------------------------------------------------------
---------------------------------------------------------------------------------
Finished Timing Optimization : Time (s): cpu = 00:00:16 ; elapsed = 00:00:19 . Memory (MB): peak = 3816.609 ; gain = 845.488 ; free physical = 15079 ; free virtual = 36417
Synthesis current peak Physical Memory [PSS] (MB): peak = 3181.895; parent = 2977.052; children = 204.874
Synthesis current peak Virtual Memory [VSS] (MB): peak = 4784.988; parent = 3816.613; children = 968.375
---------------------------------------------------------------------------------
---------------------------------------------------------------------------------
Start Technology Mapping
---------------------------------------------------------------------------------
---------------------------------------------------------------------------------
Finished Technology Mapping : Time (s): cpu = 00:00:16 ; elapsed = 00:00:19 . Memory (MB): peak = 3836.648 ; gain = 865.527 ; free physical = 15056 ; free virtual = 36393
Synthesis current peak Physical Memory [PSS] (MB): peak = 3183.297; parent = 2978.454; children = 204.874
Synthesis current peak Virtual Memory [VSS] (MB): peak = 4805.027; parent = 3836.652; children = 968.375
---------------------------------------------------------------------------------
---------------------------------------------------------------------------------
Start IO Insertion
---------------------------------------------------------------------------------
---------------------------------------------------------------------------------
Start Flattening Before IO Insertion
---------------------------------------------------------------------------------
---------------------------------------------------------------------------------
Finished Flattening Before IO Insertion
---------------------------------------------------------------------------------
---------------------------------------------------------------------------------
Start Final Netlist Cleanup
---------------------------------------------------------------------------------
---------------------------------------------------------------------------------
Finished Final Netlist Cleanup
---------------------------------------------------------------------------------
---------------------------------------------------------------------------------
Finished IO Insertion : Time (s): cpu = 00:00:18 ; elapsed = 00:00:21 . Memory (MB): peak = 3842.586 ; gain = 871.465 ; free physical = 15063 ; free virtual = 36400
Synthesis current peak Physical Memory [PSS] (MB): peak = 3183.582; parent = 2978.739; children = 204.874
Synthesis current peak Virtual Memory [VSS] (MB): peak = 4810.965; parent = 3842.590; children = 968.375
---------------------------------------------------------------------------------
---------------------------------------------------------------------------------
Start Renaming Generated Instances
---------------------------------------------------------------------------------
---------------------------------------------------------------------------------
Finished Renaming Generated Instances : Time (s): cpu = 00:00:18 ; elapsed = 00:00:21 . Memory (MB): peak = 3842.586 ; gain = 871.465 ; free physical = 15063 ; free virtual = 36400
Synthesis current peak Physical Memory [PSS] (MB): peak = 3183.598; parent = 2978.755; children = 204.874
Synthesis current peak Virtual Memory [VSS] (MB): peak = 4810.965; parent = 3842.590; children = 968.375
---------------------------------------------------------------------------------
---------------------------------------------------------------------------------
Start Rebuilding User Hierarchy
---------------------------------------------------------------------------------
---------------------------------------------------------------------------------
Finished Rebuilding User Hierarchy : Time (s): cpu = 00:00:18 ; elapsed = 00:00:21 . Memory (MB): peak = 3842.586 ; gain = 871.465 ; free physical = 15063 ; free virtual = 36400
Synthesis current peak Physical Memory [PSS] (MB): peak = 3183.723; parent = 2978.880; children = 204.874
Synthesis current peak Virtual Memory [VSS] (MB): peak = 4810.965; parent = 3842.590; children = 968.375
---------------------------------------------------------------------------------
---------------------------------------------------------------------------------
Start Renaming Generated Ports
---------------------------------------------------------------------------------
---------------------------------------------------------------------------------
Finished Renaming Generated Ports : Time (s): cpu = 00:00:18 ; elapsed = 00:00:21 . Memory (MB): peak = 3842.586 ; gain = 871.465 ; free physical = 15063 ; free virtual = 36400
Synthesis current peak Physical Memory [PSS] (MB): peak = 3183.785; parent = 2978.942; children = 204.874
Synthesis current peak Virtual Memory [VSS] (MB): peak = 4810.965; parent = 3842.590; children = 968.375
---------------------------------------------------------------------------------
---------------------------------------------------------------------------------
Start Handling Custom Attributes
---------------------------------------------------------------------------------
---------------------------------------------------------------------------------
Finished Handling Custom Attributes : Time (s): cpu = 00:00:18 ; elapsed = 00:00:21 . Memory (MB): peak = 3842.586 ; gain = 871.465 ; free physical = 15063 ; free virtual = 36400
Synthesis current peak Physical Memory [PSS] (MB): peak = 3183.785; parent = 2978.942; children = 204.874
Synthesis current peak Virtual Memory [VSS] (MB): peak = 4810.965; parent = 3842.590; children = 968.375
---------------------------------------------------------------------------------
---------------------------------------------------------------------------------
Start Renaming Generated Nets
---------------------------------------------------------------------------------
---------------------------------------------------------------------------------
Finished Renaming Generated Nets : Time (s): cpu = 00:00:18 ; elapsed = 00:00:21 . Memory (MB): peak = 3842.586 ; gain = 871.465 ; free physical = 15063 ; free virtual = 36400
Synthesis current peak Physical Memory [PSS] (MB): peak = 3183.785; parent = 2978.942; children = 204.874
Synthesis current peak Virtual Memory [VSS] (MB): peak = 4810.965; parent = 3842.590; children = 968.375
---------------------------------------------------------------------------------
---------------------------------------------------------------------------------
Start Writing Synthesis Report
---------------------------------------------------------------------------------

Report BlackBoxes: 
+------+-----------------------------+----------+
|      |BlackBox name                |Instances |
+------+-----------------------------+----------+
|1     |design_1_auto_ds_0           |         1|
|2     |design_1_auto_pc_0           |         1|
|3     |design_1_axi_smc_1           |         1|
|4     |design_1_cnn_predict_0_1     |         1|
|5     |design_1_rst_ps8_0_100M_1    |         1|
|6     |design_1_zynq_ultra_ps_e_0_1 |         1|
+------+-----------------------------+----------+

Report Cell Usage: 
+------+---------------------------+------+
|      |Cell                       |Count |
+------+---------------------------+------+
|1     |design_1_auto_ds           |     1|
|2     |design_1_auto_pc           |     1|
|3     |design_1_axi_smc           |     1|
|4     |design_1_cnn_predict_0     |     1|
|5     |design_1_rst_ps8_0_100M    |     1|
|6     |design_1_zynq_ultra_ps_e_0 |     1|
+------+---------------------------+------+
---------------------------------------------------------------------------------
Finished Writing Synthesis Report : Time (s): cpu = 00:00:18 ; elapsed = 00:00:21 . Memory (MB): peak = 3842.586 ; gain = 871.465 ; free physical = 15063 ; free virtual = 36400
Synthesis current peak Physical Memory [PSS] (MB): peak = 3183.816; parent = 2978.974; children = 204.874
Synthesis current peak Virtual Memory [VSS] (MB): peak = 4810.965; parent = 3842.590; children = 968.375
---------------------------------------------------------------------------------
Synthesis finished with 0 errors, 0 critical warnings and 5 warnings.
Synthesis Optimization Runtime : Time (s): cpu = 00:00:15 ; elapsed = 00:00:18 . Memory (MB): peak = 3842.586 ; gain = 791.590 ; free physical = 15063 ; free virtual = 36400
Synthesis Optimization Complete : Time (s): cpu = 00:00:18 ; elapsed = 00:00:22 . Memory (MB): peak = 3842.594 ; gain = 871.465 ; free physical = 15063 ; free virtual = 36400
INFO: [Project 1-571] Translating synthesized netlist
Netlist sorting complete. Time (s): cpu = 00:00:00.01 ; elapsed = 00:00:00.01 . Memory (MB): peak = 3842.594 ; gain = 0.000 ; free physical = 15071 ; free virtual = 36408
INFO: [Project 1-570] Preparing netlist for logic optimization
INFO: [Opt 31-138] Pushed 0 inverter(s) to 0 load pin(s).
Netlist sorting complete. Time (s): cpu = 00:00:00 ; elapsed = 00:00:00 . Memory (MB): peak = 3872.336 ; gain = 0.000 ; free physical = 15060 ; free virtual = 36397
INFO: [Project 1-111] Unisim Transformation Summary:
No Unisim elements were transformed.

Synth Design complete, checksum: c2b842a
INFO: [Common 17-83] Releasing license: Synthesis
38 Infos, 46 Warnings, 0 Critical Warnings and 0 Errors encountered.
synth_design completed successfully
synth_design: Time (s): cpu = 00:00:23 ; elapsed = 00:00:26 . Memory (MB): peak = 3878.273 ; gain = 1754.270 ; free physical = 15127 ; free virtual = 36464
INFO: [Common 17-1381] The checkpoint '/home/dani/Desktop/SDU_Master/EmbeddedSystems/final_assignment/vivado_final/cnn_project/cnn_project.runs/synth_1/design_1_wrapper.dcp' has been generated.
INFO: [runtcl-4] Executing : report_utilization -file design_1_wrapper_utilization_synth.rpt -pb design_1_wrapper_utilization_synth.pb
INFO: [Common 17-206] Exiting Vivado at Tue Nov 25 14:03:03 2025...
